=== Held-Suarez fv_advection kernel-bundle CUDA 30-day run ===
start_timestamp=2026-06-18T21:09:03-04:00
CONTAINER=/lscratch/jli30/isca-sandbox
GFDL_BASE=/explore/nobackup/people/jli30/workspace/GFDL_atmos_cubed_sphere
GFDL_WORK=/explore/nobackup/people/jli30/SystemTesting/Isca/isca_work
GFDL_DATA=/explore/nobackup/people/jli30/SystemTesting/Isca/isca_data
FV_KERNELS_OVERWRITE=1
FV_KERNELS_PROFILE=1
executable=held_suarez_fv_kernels_cuda.x
experiment=held_suarez_fv_kernels_cuda_30day
INFO:    Environment variable SINGULARITY_TMPDIR is set, but APPTAINER_TMPDIR is preferred
2026-06-18 21:09:03,199 - isca - WARNING - Environment variable GFDL_SOC not set, but this is only required if using SocratesCodebase. Setting to None
2026-06-18 21:09:03,286 - isca - INFO - RRTM compilation disabled.
2026-06-18 21:09:03,286 - isca - INFO - SOCRATES compilation disabled.
2026-06-18 21:09:03,289 - isca - INFO - RRTM compilation disabled.
2026-06-18 21:09:03,289 - isca - INFO - SOCRATES compilation disabled.
2026-06-18 21:09:03,299 - isca - INFO - Emptied run directory '/explore/nobackup/people/jli30/SystemTesting/Isca/isca_work/experiment/held_suarez_fv_kernels_cuda_30day/run'
2026-06-18 21:09:03,300 - isca - WARNING - Data for run 1 already exists and overwrite_data is True. Overwriting.
2026-06-18 21:09:03,407 - isca - INFO - Writing namelist to '/explore/nobackup/people/jli30/SystemTesting/Isca/isca_work/experiment/held_suarez_fv_kernels_cuda_30day/run/input.nml'
2026-06-18 21:09:03,412 - isca - INFO - Writing field_table to '/explore/nobackup/people/jli30/SystemTesting/Isca/isca_work/experiment/held_suarez_fv_kernels_cuda_30day/run/field_table'
2026-06-18 21:09:03,418 - isca - INFO - Writing diag_table to '/explore/nobackup/people/jli30/SystemTesting/Isca/isca_work/experiment/held_suarez_fv_kernels_cuda_30day/run/diag_table'
2026-06-18 21:09:03,439 - isca - INFO - Running without restart file
2026-06-18 21:09:03,445 - isca - INFO - Beginning run 1
2026-06-18 21:09:03,447 - isca - INFO - process running as 447944
2026-06-18 21:09:03,447 - isca - DEBUG - Loading hybrid ubuntu-conda environment
2026-06-18 21:09:03,447 - isca - DEBUG - Loading basic ubuntu-conda environment
2026-06-18 21:09:04,247 - isca - DEBUG - NOTE from PE    0: MPP_DOMAINS_SET_STACK_SIZE: stack size set to    32768.
2026-06-18 21:09:04,247 - isca - DEBUG - &MPP_IO_NML
2026-06-18 21:09:04,247 - isca - DEBUG - HEADER_BUFFER_VAL=16384      ,
2026-06-18 21:09:04,247 - isca - DEBUG - GLOBAL_FIELD_ON_ROOT_PE=T,
2026-06-18 21:09:04,247 - isca - DEBUG - IO_CLOCKS_ON=F,
2026-06-18 21:09:04,247 - isca - DEBUG - SHUFFLE=0          ,
2026-06-18 21:09:04,247 - isca - DEBUG - DEFLATE_LEVEL=-1         ,
2026-06-18 21:09:04,247 - isca - DEBUG - /
2026-06-18 21:09:04,247 - isca - DEBUG - NOTE from PE    0: MPP_IO_SET_STACK_SIZE: stack size set to     131072.
2026-06-18 21:09:04,259 - isca - DEBUG - NOTE from PE    0: MPP_DOMAINS_SET_STACK_SIZE: stack size set to   600000.
2026-06-18 21:09:04,266 - isca - DEBUG - starting            1  OpenMP threads per MPI-task
2026-06-18 21:09:04,267 - isca - DEBUG - ATMOS MODEL DOMAIN DECOMPOSITION
2026-06-18 21:09:04,267 - isca - DEBUG - X-AXIS =  128
2026-06-18 21:09:04,267 - isca - DEBUG - Y-AXIS =    4   4   4   4   4   4   4   4   4   4   4   4   4   4   4   4
2026-06-18 21:09:04,271 - isca - DEBUG - mean surface pressure=1000.0000 mb
2026-06-18 21:09:10,441 - isca - DEBUG - Integration completed through 2000 Jan  2   0: 0: 0
2026-06-18 21:09:14,768 - isca - DEBUG - Integration completed through 2000 Jan  3   0: 0: 0
2026-06-18 21:09:19,130 - isca - DEBUG - Integration completed through 2000 Jan  4   0: 0: 0
2026-06-18 21:09:23,479 - isca - DEBUG - Integration completed through 2000 Jan  5   0: 0: 0
2026-06-18 21:09:27,821 - isca - DEBUG - Integration completed through 2000 Jan  6   0: 0: 0
2026-06-18 21:09:32,168 - isca - DEBUG - Integration completed through 2000 Jan  7   0: 0: 0
2026-06-18 21:09:36,494 - isca - DEBUG - Integration completed through 2000 Jan  8   0: 0: 0
2026-06-18 21:09:40,842 - isca - DEBUG - Integration completed through 2000 Jan  9   0: 0: 0
2026-06-18 21:09:45,176 - isca - DEBUG - Integration completed through 2000 Jan 10   0: 0: 0
2026-06-18 21:09:49,527 - isca - DEBUG - Integration completed through 2000 Jan 11   0: 0: 0
2026-06-18 21:09:53,867 - isca - DEBUG - Integration completed through 2000 Jan 12   0: 0: 0
2026-06-18 21:09:58,219 - isca - DEBUG - Integration completed through 2000 Jan 13   0: 0: 0
2026-06-18 21:10:02,556 - isca - DEBUG - Integration completed through 2000 Jan 14   0: 0: 0
2026-06-18 21:10:06,908 - isca - DEBUG - Integration completed through 2000 Jan 15   0: 0: 0
2026-06-18 21:10:11,257 - isca - DEBUG - Integration completed through 2000 Jan 16   0: 0: 0
2026-06-18 21:10:15,598 - isca - DEBUG - Integration completed through 2000 Jan 17   0: 0: 0
2026-06-18 21:10:19,925 - isca - DEBUG - Integration completed through 2000 Jan 18   0: 0: 0
2026-06-18 21:10:24,276 - isca - DEBUG - Integration completed through 2000 Jan 19   0: 0: 0
2026-06-18 21:10:28,630 - isca - DEBUG - Integration completed through 2000 Jan 20   0: 0: 0
2026-06-18 21:10:32,983 - isca - DEBUG - Integration completed through 2000 Jan 21   0: 0: 0
2026-06-18 21:10:37,321 - isca - DEBUG - Integration completed through 2000 Jan 22   0: 0: 0
2026-06-18 21:10:41,663 - isca - DEBUG - Integration completed through 2000 Jan 23   0: 0: 0
2026-06-18 21:10:45,996 - isca - DEBUG - Integration completed through 2000 Jan 24   0: 0: 0
2026-06-18 21:10:50,341 - isca - DEBUG - Integration completed through 2000 Jan 25   0: 0: 0
2026-06-18 21:10:54,687 - isca - DEBUG - Integration completed through 2000 Jan 26   0: 0: 0
2026-06-18 21:10:59,038 - isca - DEBUG - Integration completed through 2000 Jan 27   0: 0: 0
2026-06-18 21:11:03,387 - isca - DEBUG - Integration completed through 2000 Jan 28   0: 0: 0
2026-06-18 21:11:07,737 - isca - DEBUG - Integration completed through 2000 Jan 29   0: 0: 0
2026-06-18 21:11:12,088 - isca - DEBUG - Integration completed through 2000 Jan 30   0: 0: 0
2026-06-18 21:11:16,442 - isca - DEBUG - Integration completed through 2000 Feb  1   0: 0: 0
2026-06-18 21:11:16,525 - isca - DEBUG - NOTE from PE    0: MPP_IO_SET_STACK_SIZE: stack size set to     204800.
2026-06-18 21:11:16,602 - isca - DEBUG - MPP_DOMAINS_STACK high water mark=       25600
2026-06-18 21:11:16,602 - isca - DEBUG - 
2026-06-18 21:11:16,602 - isca - DEBUG - Tabulating mpp_clock statistics across     16 PEs...
2026-06-18 21:11:16,602 - isca - DEBUG - 
2026-06-18 21:11:16,602 - isca - DEBUG - tmin          tmax          tavg          tstd  tfrac grain pemin pemax
2026-06-18 21:11:16,602 - isca - DEBUG - Total runtime                       132.355123    132.355125    132.355124      0.000001  1.000     0     0    15
2026-06-18 21:11:16,602 - isca - DEBUG - MPP_STACK high water mark=           0
2026-06-18 21:11:16,679 - isca - DEBUG - PROFILE_FV_ADVECTION_KERNEL backend=cuda rank=8 name=semi_x_3d calls=4320 time=22.260651484 avg=5.152928584e-03
2026-06-18 21:11:16,679 - isca - DEBUG - PROFILE_FV_ADVECTION_KERNEL backend=cuda rank=8 name=vanleer_x_3d calls=4320 time=15.937925829 avg=3.689334683e-03
2026-06-18 21:11:16,679 - isca - DEBUG - PROFILE_FV_ADVECTION_KERNEL backend=cuda rank=8 name=vanleer_sphere_3d calls=4320 time=56.382604812 avg=1.305152889e-02
2026-06-18 21:11:16,679 - isca - DEBUG - PROFILE_FV_ADVECTION_KERNEL backend=cuda rank=14 name=semi_x_3d calls=4320 time=20.212136967 avg=4.678735409e-03
2026-06-18 21:11:16,679 - isca - DEBUG - PROFILE_FV_ADVECTION_KERNEL backend=cuda rank=14 name=vanleer_x_3d calls=4320 time=15.835702350 avg=3.665671840e-03
2026-06-18 21:11:16,679 - isca - DEBUG - PROFILE_FV_ADVECTION_KERNEL backend=cuda rank=0 name=semi_x_3d calls=4320 time=21.194692621 avg=4.906178847e-03
2026-06-18 21:11:16,679 - isca - DEBUG - PROFILE_FV_ADVECTION_KERNEL backend=cuda rank=0 name=vanleer_x_3d calls=4320 time=16.266079635 avg=3.765296212e-03
2026-06-18 21:11:16,679 - isca - DEBUG - PROFILE_FV_ADVECTION_KERNEL backend=cuda rank=11 name=semi_x_3d calls=4320 time=21.660569385 avg=5.014020691e-03
2026-06-18 21:11:16,679 - isca - DEBUG - PROFILE_FV_ADVECTION_KERNEL backend=cuda rank=11 name=vanleer_x_3d calls=4320 time=16.468684178 avg=3.812195412e-03
2026-06-18 21:11:16,679 - isca - DEBUG - PROFILE_FV_ADVECTION_KERNEL backend=cuda rank=14 name=vanleer_sphere_3d calls=4320 time=56.390497863 avg=1.305335599e-02
2026-06-18 21:11:16,679 - isca - DEBUG - PROFILE_FV_ADVECTION_KERNEL backend=cuda rank=11 name=vanleer_sphere_3d calls=4320 time=56.121014822 avg=1.299097565e-02
2026-06-18 21:11:16,679 - isca - DEBUG - PROFILE_FV_ADVECTION_KERNEL backend=cuda rank=0 name=vanleer_sphere_3d calls=4320 time=56.754478722 avg=1.313761082e-02
2026-06-18 21:11:16,679 - isca - DEBUG - PROFILE_FV_ADVECTION_KERNEL backend=cuda rank=1 name=semi_x_3d calls=4320 time=19.498112590 avg=4.513451988e-03
2026-06-18 21:11:16,679 - isca - DEBUG - PROFILE_FV_ADVECTION_KERNEL backend=cuda rank=1 name=vanleer_x_3d calls=4320 time=14.868471670 avg=3.441775850e-03
2026-06-18 21:11:16,679 - isca - DEBUG - PROFILE_FV_ADVECTION_KERNEL backend=cuda rank=1 name=vanleer_sphere_3d calls=4320 time=56.578188383 avg=1.309680287e-02
2026-06-18 21:11:16,679 - isca - DEBUG - PROFILE_FV_ADVECTION_KERNEL backend=cuda rank=13 name=semi_x_3d calls=4320 time=21.479808666 avg=4.972177932e-03
2026-06-18 21:11:16,679 - isca - DEBUG - PROFILE_FV_ADVECTION_KERNEL backend=cuda rank=13 name=vanleer_x_3d calls=4320 time=15.912246671 avg=3.683390433e-03
2026-06-18 21:11:16,679 - isca - DEBUG - PROFILE_FV_ADVECTION_KERNEL backend=cuda rank=9 name=semi_x_3d calls=4320 time=20.523681838 avg=4.750852277e-03
2026-06-18 21:11:16,679 - isca - DEBUG - PROFILE_FV_ADVECTION_KERNEL backend=cuda rank=9 name=vanleer_x_3d calls=4320 time=14.921909131 avg=3.454145632e-03
2026-06-18 21:11:16,679 - isca - DEBUG - PROFILE_FV_ADVECTION_KERNEL backend=cuda rank=9 name=vanleer_sphere_3d calls=4320 time=56.349513161 avg=1.304386879e-02
2026-06-18 21:11:16,679 - isca - DEBUG - PROFILE_FV_ADVECTION_KERNEL backend=cuda rank=10 name=semi_x_3d calls=4320 time=22.170324569 avg=5.132019576e-03
2026-06-18 21:11:16,679 - isca - DEBUG - PROFILE_FV_ADVECTION_KERNEL backend=cuda rank=10 name=vanleer_x_3d calls=4320 time=16.604724975 avg=3.843686337e-03
2026-06-18 21:11:16,679 - isca - DEBUG - PROFILE_FV_ADVECTION_KERNEL backend=cuda rank=13 name=vanleer_sphere_3d calls=4320 time=56.494611042 avg=1.307745626e-02
2026-06-18 21:11:16,679 - isca - DEBUG - PROFILE_FV_ADVECTION_KERNEL backend=cuda rank=10 name=vanleer_sphere_3d calls=4320 time=56.497535009 avg=1.307813310e-02
2026-06-18 21:11:16,679 - isca - DEBUG - PROFILE_FV_ADVECTION_KERNEL backend=cuda rank=4 name=semi_x_3d calls=4320 time=21.922267267 avg=5.074598904e-03
2026-06-18 21:11:16,679 - isca - DEBUG - PROFILE_FV_ADVECTION_KERNEL backend=cuda rank=4 name=vanleer_x_3d calls=4320 time=16.235151501 avg=3.758136922e-03
2026-06-18 21:11:16,679 - isca - DEBUG - PROFILE_FV_ADVECTION_KERNEL backend=cuda rank=4 name=vanleer_sphere_3d calls=4320 time=56.396951942 avg=1.305484999e-02
2026-06-18 21:11:16,679 - isca - DEBUG - PROFILE_FV_ADVECTION_KERNEL backend=cuda rank=12 name=semi_x_3d calls=4320 time=22.565611292 avg=5.223521132e-03
2026-06-18 21:11:16,679 - isca - DEBUG - PROFILE_FV_ADVECTION_KERNEL backend=cuda rank=12 name=vanleer_x_3d calls=4320 time=15.398047213 avg=3.564362781e-03
2026-06-18 21:11:16,679 - isca - DEBUG - PROFILE_FV_ADVECTION_KERNEL backend=cuda rank=12 name=vanleer_sphere_3d calls=4320 time=56.356231738 avg=1.304542401e-02
2026-06-18 21:11:16,679 - isca - DEBUG - PROFILE_FV_ADVECTION_KERNEL backend=cuda rank=6 name=semi_x_3d calls=4320 time=21.996622614 avg=5.091810790e-03
2026-06-18 21:11:16,679 - isca - DEBUG - PROFILE_FV_ADVECTION_KERNEL backend=cuda rank=6 name=vanleer_x_3d calls=4320 time=16.229366055 avg=3.756797698e-03
2026-06-18 21:11:16,679 - isca - DEBUG - PROFILE_FV_ADVECTION_KERNEL backend=cuda rank=6 name=vanleer_sphere_3d calls=4320 time=56.410261557 avg=1.305793092e-02
2026-06-18 21:11:16,679 - isca - DEBUG - PROFILE_FV_ADVECTION_KERNEL backend=cuda rank=3 name=semi_x_3d calls=4320 time=21.066492737 avg=4.876502948e-03
2026-06-18 21:11:16,679 - isca - DEBUG - PROFILE_FV_ADVECTION_KERNEL backend=cuda rank=3 name=vanleer_x_3d calls=4320 time=15.491342246 avg=3.585958853e-03
2026-06-18 21:11:16,679 - isca - DEBUG - PROFILE_FV_ADVECTION_KERNEL backend=cuda rank=3 name=vanleer_sphere_3d calls=4320 time=56.501025512 avg=1.307894109e-02
2026-06-18 21:11:16,679 - isca - DEBUG - PROFILE_FV_ADVECTION_KERNEL backend=cuda rank=2 name=semi_x_3d calls=4320 time=19.970540021 avg=4.622810190e-03
2026-06-18 21:11:16,679 - isca - DEBUG - PROFILE_FV_ADVECTION_KERNEL backend=cuda rank=2 name=vanleer_x_3d calls=4320 time=15.698425385 avg=3.633894765e-03
2026-06-18 21:11:16,679 - isca - DEBUG - PROFILE_FV_ADVECTION_KERNEL backend=cuda rank=2 name=vanleer_sphere_3d calls=4320 time=56.598400476 avg=1.310148159e-02
2026-06-18 21:11:16,679 - isca - DEBUG - PROFILE_FV_ADVECTION_KERNEL backend=cuda rank=5 name=semi_x_3d calls=4320 time=21.358939477 avg=4.944198953e-03
2026-06-18 21:11:16,679 - isca - DEBUG - PROFILE_FV_ADVECTION_KERNEL backend=cuda rank=5 name=vanleer_x_3d calls=4320 time=16.471441158 avg=3.812833601e-03
2026-06-18 21:11:16,680 - isca - DEBUG - PROFILE_FV_ADVECTION_KERNEL backend=cuda rank=5 name=vanleer_sphere_3d calls=4320 time=56.209882237 avg=1.301154681e-02
2026-06-18 21:11:16,680 - isca - DEBUG - PROFILE_FV_ADVECTION_KERNEL backend=cuda rank=15 name=semi_x_3d calls=4320 time=21.820748103 avg=5.051099098e-03
2026-06-18 21:11:16,680 - isca - DEBUG - PROFILE_FV_ADVECTION_KERNEL backend=cuda rank=15 name=vanleer_x_3d calls=4320 time=16.263688263 avg=3.764742653e-03
2026-06-18 21:11:16,680 - isca - DEBUG - PROFILE_FV_ADVECTION_KERNEL backend=cuda rank=15 name=vanleer_sphere_3d calls=4320 time=56.689943533 avg=1.312267211e-02
2026-06-18 21:11:16,681 - isca - DEBUG - PROFILE_FV_ADVECTION_KERNEL backend=cuda rank=7 name=semi_x_3d calls=4320 time=21.526005982 avg=4.982871755e-03
2026-06-18 21:11:16,681 - isca - DEBUG - PROFILE_FV_ADVECTION_KERNEL backend=cuda rank=7 name=vanleer_x_3d calls=4320 time=17.088989023 avg=3.955784496e-03
2026-06-18 21:11:16,681 - isca - DEBUG - PROFILE_FV_ADVECTION_KERNEL backend=cuda rank=7 name=vanleer_sphere_3d calls=4320 time=56.388718438 avg=1.305294408e-02
2026-06-18 21:11:17,669 - isca - INFO - Run 1 complete
2026-06-18 21:11:17,803 - isca - DEBUG - atmos_monthly.nc combined and copied to data directory
2026-06-18 21:11:19,092 - isca - INFO - Restart archive created at /explore/nobackup/people/jli30/SystemTesting/Isca/isca_data/held_suarez_fv_kernels_cuda_30day/restarts/res0001.tar.gz
2026-06-18 21:11:19,096 - isca - INFO - Writing namelist to '/explore/nobackup/people/jli30/SystemTesting/Isca/isca_data/held_suarez_fv_kernels_cuda_30day/run0001/input.nml'
2026-06-18 21:11:19,123 - isca - INFO - Writing field_table to '/explore/nobackup/people/jli30/SystemTesting/Isca/isca_data/held_suarez_fv_kernels_cuda_30day/run0001/field_table'
2026-06-18 21:11:19,140 - isca - INFO - Writing diag_table to '/explore/nobackup/people/jli30/SystemTesting/Isca/isca_data/held_suarez_fv_kernels_cuda_30day/run0001/diag_table'
2026-06-18 21:11:19,206 - isca - INFO - Emptied run directory '/explore/nobackup/people/jli30/SystemTesting/Isca/isca_work/experiment/held_suarez_fv_kernels_cuda_30day/run'
GFDL_BASE = /explore/nobackup/people/jli30/workspace/GFDL_atmos_cubed_sphere
GFDL_WORK = /explore/nobackup/people/jli30/SystemTesting/Isca/isca_work
GFDL_DATA = /explore/nobackup/people/jli30/SystemTesting/Isca/isca_data
Experiment = held_suarez_fv_kernels_cuda_30day
Data dir = /explore/nobackup/people/jli30/SystemTesting/Isca/isca_data/held_suarez_fv_kernels_cuda_30day
Run dir = /explore/nobackup/people/jli30/SystemTesting/Isca/isca_work/experiment/held_suarez_fv_kernels_cuda_30day/run
Executable = /explore/nobackup/people/jli30/SystemTesting/Isca/isca_work/codebase/_explore_nobackup_people_jli30_workspace_GFDL_atmos_cubed_sphere/build/held_suarez_fv_kernels_cuda/held_suarez_fv_kernels_cuda.x
Days = 30
dt_atmos = 600
num_cores = 16
production_diag = True

real	2m16.048s
user	30m13.280s
sys	4m10.269s
end_timestamp=2026-06-18T21:11:19-04:00
Log written to /explore/nobackup/people/jli30/workspace/GFDL_atmos_cubed_sphere/logs/fv_kernels_cuda_30day.log
