=== Held-Suarez fv_advection kernel-bundle CPU C++ 30-day run ===
start_timestamp=2026-06-18T21:08:34-04:00
CONTAINER=/lscratch/jli30/isca-sandbox
GFDL_BASE=/explore/nobackup/people/jli30/workspace/GFDL_atmos_cubed_sphere
GFDL_WORK=/explore/nobackup/people/jli30/SystemTesting/Isca/isca_work
GFDL_DATA=/explore/nobackup/people/jli30/SystemTesting/Isca/isca_data
FV_KERNELS_OVERWRITE=1
FV_KERNELS_PROFILE=1
executable=held_suarez_fv_kernels.x
experiment=held_suarez_fv_kernels_30day
INFO:    Environment variable SINGULARITY_TMPDIR is set, but APPTAINER_TMPDIR is preferred
2026-06-18 21:08:34,139 - isca - WARNING - Environment variable GFDL_SOC not set, but this is only required if using SocratesCodebase. Setting to None
2026-06-18 21:08:34,225 - isca - INFO - RRTM compilation disabled.
2026-06-18 21:08:34,225 - isca - INFO - SOCRATES compilation disabled.
2026-06-18 21:08:34,228 - isca - INFO - RRTM compilation disabled.
2026-06-18 21:08:34,228 - isca - INFO - SOCRATES compilation disabled.
2026-06-18 21:08:34,238 - isca - INFO - Emptied run directory '/explore/nobackup/people/jli30/SystemTesting/Isca/isca_work/experiment/held_suarez_fv_kernels_30day/run'
2026-06-18 21:08:34,238 - isca - WARNING - Data for run 1 already exists and overwrite_data is True. Overwriting.
2026-06-18 21:08:34,811 - isca - INFO - Writing namelist to '/explore/nobackup/people/jli30/SystemTesting/Isca/isca_work/experiment/held_suarez_fv_kernels_30day/run/input.nml'
2026-06-18 21:08:34,816 - isca - INFO - Writing field_table to '/explore/nobackup/people/jli30/SystemTesting/Isca/isca_work/experiment/held_suarez_fv_kernels_30day/run/field_table'
2026-06-18 21:08:34,827 - isca - INFO - Writing diag_table to '/explore/nobackup/people/jli30/SystemTesting/Isca/isca_work/experiment/held_suarez_fv_kernels_30day/run/diag_table'
2026-06-18 21:08:34,832 - isca - INFO - Running without restart file
2026-06-18 21:08:34,840 - isca - INFO - Beginning run 1
2026-06-18 21:08:34,842 - isca - INFO - process running as 447667
2026-06-18 21:08:34,842 - isca - DEBUG - Loading hybrid ubuntu-conda environment
2026-06-18 21:08:34,842 - isca - DEBUG - Loading basic ubuntu-conda environment
2026-06-18 21:08:35,709 - isca - DEBUG - NOTE from PE    0: MPP_DOMAINS_SET_STACK_SIZE: stack size set to    32768.
2026-06-18 21:08:35,710 - isca - DEBUG - &MPP_IO_NML
2026-06-18 21:08:35,710 - isca - DEBUG - HEADER_BUFFER_VAL=16384      ,
2026-06-18 21:08:35,710 - isca - DEBUG - GLOBAL_FIELD_ON_ROOT_PE=T,
2026-06-18 21:08:35,710 - isca - DEBUG - IO_CLOCKS_ON=F,
2026-06-18 21:08:35,710 - isca - DEBUG - SHUFFLE=0          ,
2026-06-18 21:08:35,710 - isca - DEBUG - DEFLATE_LEVEL=-1         ,
2026-06-18 21:08:35,710 - isca - DEBUG - /
2026-06-18 21:08:35,710 - isca - DEBUG - NOTE from PE    0: MPP_IO_SET_STACK_SIZE: stack size set to     131072.
2026-06-18 21:08:35,721 - isca - DEBUG - NOTE from PE    0: MPP_DOMAINS_SET_STACK_SIZE: stack size set to   600000.
2026-06-18 21:08:35,728 - isca - DEBUG - starting            1  OpenMP threads per MPI-task
2026-06-18 21:08:35,728 - isca - DEBUG - ATMOS MODEL DOMAIN DECOMPOSITION
2026-06-18 21:08:35,728 - isca - DEBUG - X-AXIS =  128
2026-06-18 21:08:35,728 - isca - DEBUG - Y-AXIS =    4   4   4   4   4   4   4   4   4   4   4   4   4   4   4   4
2026-06-18 21:08:35,732 - isca - DEBUG - mean surface pressure=1000.0000 mb
2026-06-18 21:08:36,576 - isca - DEBUG - Integration completed through 2000 Jan  2   0: 0: 0
2026-06-18 21:08:37,410 - isca - DEBUG - Integration completed through 2000 Jan  3   0: 0: 0
2026-06-18 21:08:38,247 - isca - DEBUG - Integration completed through 2000 Jan  4   0: 0: 0
2026-06-18 21:08:39,084 - isca - DEBUG - Integration completed through 2000 Jan  5   0: 0: 0
2026-06-18 21:08:39,923 - isca - DEBUG - Integration completed through 2000 Jan  6   0: 0: 0
2026-06-18 21:08:40,761 - isca - DEBUG - Integration completed through 2000 Jan  7   0: 0: 0
2026-06-18 21:08:41,596 - isca - DEBUG - Integration completed through 2000 Jan  8   0: 0: 0
2026-06-18 21:08:42,432 - isca - DEBUG - Integration completed through 2000 Jan  9   0: 0: 0
2026-06-18 21:08:43,267 - isca - DEBUG - Integration completed through 2000 Jan 10   0: 0: 0
2026-06-18 21:08:44,104 - isca - DEBUG - Integration completed through 2000 Jan 11   0: 0: 0
2026-06-18 21:08:44,946 - isca - DEBUG - Integration completed through 2000 Jan 12   0: 0: 0
2026-06-18 21:08:45,783 - isca - DEBUG - Integration completed through 2000 Jan 13   0: 0: 0
2026-06-18 21:08:46,622 - isca - DEBUG - Integration completed through 2000 Jan 14   0: 0: 0
2026-06-18 21:08:47,461 - isca - DEBUG - Integration completed through 2000 Jan 15   0: 0: 0
2026-06-18 21:08:48,296 - isca - DEBUG - Integration completed through 2000 Jan 16   0: 0: 0
2026-06-18 21:08:49,134 - isca - DEBUG - Integration completed through 2000 Jan 17   0: 0: 0
2026-06-18 21:08:49,973 - isca - DEBUG - Integration completed through 2000 Jan 18   0: 0: 0
2026-06-18 21:08:50,814 - isca - DEBUG - Integration completed through 2000 Jan 19   0: 0: 0
2026-06-18 21:08:51,658 - isca - DEBUG - Integration completed through 2000 Jan 20   0: 0: 0
2026-06-18 21:08:52,504 - isca - DEBUG - Integration completed through 2000 Jan 21   0: 0: 0
2026-06-18 21:08:53,351 - isca - DEBUG - Integration completed through 2000 Jan 22   0: 0: 0
2026-06-18 21:08:54,199 - isca - DEBUG - Integration completed through 2000 Jan 23   0: 0: 0
2026-06-18 21:08:55,050 - isca - DEBUG - Integration completed through 2000 Jan 24   0: 0: 0
2026-06-18 21:08:55,898 - isca - DEBUG - Integration completed through 2000 Jan 25   0: 0: 0
2026-06-18 21:08:56,748 - isca - DEBUG - Integration completed through 2000 Jan 26   0: 0: 0
2026-06-18 21:08:57,598 - isca - DEBUG - Integration completed through 2000 Jan 27   0: 0: 0
2026-06-18 21:08:58,449 - isca - DEBUG - Integration completed through 2000 Jan 28   0: 0: 0
2026-06-18 21:08:59,298 - isca - DEBUG - Integration completed through 2000 Jan 29   0: 0: 0
2026-06-18 21:09:00,146 - isca - DEBUG - Integration completed through 2000 Jan 30   0: 0: 0
2026-06-18 21:09:00,996 - isca - DEBUG - Integration completed through 2000 Feb  1   0: 0: 0
2026-06-18 21:09:01,111 - isca - DEBUG - NOTE from PE    0: MPP_IO_SET_STACK_SIZE: stack size set to     204800.
2026-06-18 21:09:01,255 - isca - DEBUG - MPP_DOMAINS_STACK high water mark=       25600
2026-06-18 21:09:01,256 - isca - DEBUG - 
2026-06-18 21:09:01,256 - isca - DEBUG - Tabulating mpp_clock statistics across     16 PEs...
2026-06-18 21:09:01,256 - isca - DEBUG - 
2026-06-18 21:09:01,256 - isca - DEBUG - tmin          tmax          tavg          tstd  tfrac grain pemin pemax
2026-06-18 21:09:01,256 - isca - DEBUG - Total runtime                        25.546445     25.546447     25.546446      0.000001  1.000     0     0    15
2026-06-18 21:09:01,256 - isca - DEBUG - MPP_STACK high water mark=           0
2026-06-18 21:09:01,314 - isca - DEBUG - PROFILE_FV_ADVECTION_KERNEL backend=cpu rank=3 name=semi_x_3d calls=4320 time=0.165724896 avg=3.836224444e-05
2026-06-18 21:09:01,314 - isca - DEBUG - PROFILE_FV_ADVECTION_KERNEL backend=cpu rank=3 name=vanleer_x_3d calls=4320 time=0.711120701 avg=1.646112734e-04
2026-06-18 21:09:01,314 - isca - DEBUG - PROFILE_FV_ADVECTION_KERNEL backend=cpu rank=3 name=vanleer_sphere_3d calls=4320 time=0.514451949 avg=1.190860993e-04
2026-06-18 21:09:01,314 - isca - DEBUG - PROFILE_FV_ADVECTION_KERNEL backend=cpu rank=5 name=semi_x_3d calls=4320 time=0.212936296 avg=4.929080926e-05
2026-06-18 21:09:01,314 - isca - DEBUG - PROFILE_FV_ADVECTION_KERNEL backend=cpu rank=5 name=vanleer_x_3d calls=4320 time=0.768372056 avg=1.778639019e-04
2026-06-18 21:09:01,314 - isca - DEBUG - PROFILE_FV_ADVECTION_KERNEL backend=cpu rank=5 name=vanleer_sphere_3d calls=4320 time=0.542084079 avg=1.254824257e-04
2026-06-18 21:09:01,314 - isca - DEBUG - PROFILE_FV_ADVECTION_KERNEL backend=cpu rank=6 name=semi_x_3d calls=4320 time=0.165346626 avg=3.827468194e-05
2026-06-18 21:09:01,314 - isca - DEBUG - PROFILE_FV_ADVECTION_KERNEL backend=cpu rank=6 name=vanleer_x_3d calls=4320 time=0.704090975 avg=1.629840220e-04
2026-06-18 21:09:01,314 - isca - DEBUG - PROFILE_FV_ADVECTION_KERNEL backend=cpu rank=6 name=vanleer_sphere_3d calls=4320 time=0.527969931 avg=1.222152618e-04
2026-06-18 21:09:01,314 - isca - DEBUG - PROFILE_FV_ADVECTION_KERNEL backend=cpu rank=9 name=semi_x_3d calls=4320 time=0.165624674 avg=3.833904491e-05
2026-06-18 21:09:01,314 - isca - DEBUG - PROFILE_FV_ADVECTION_KERNEL backend=cpu rank=9 name=vanleer_x_3d calls=4320 time=0.707748216 avg=1.638306056e-04
2026-06-18 21:09:01,314 - isca - DEBUG - PROFILE_FV_ADVECTION_KERNEL backend=cpu rank=9 name=vanleer_sphere_3d calls=4320 time=0.514549394 avg=1.191086560e-04
2026-06-18 21:09:01,314 - isca - DEBUG - PROFILE_FV_ADVECTION_KERNEL backend=cpu rank=11 name=semi_x_3d calls=4320 time=0.164296738 avg=3.803165231e-05
2026-06-18 21:09:01,314 - isca - DEBUG - PROFILE_FV_ADVECTION_KERNEL backend=cpu rank=11 name=vanleer_x_3d calls=4320 time=0.718672095 avg=1.663592812e-04
2026-06-18 21:09:01,314 - isca - DEBUG - PROFILE_FV_ADVECTION_KERNEL backend=cpu rank=11 name=vanleer_sphere_3d calls=4320 time=0.540172865 avg=1.250400150e-04
2026-06-18 21:09:01,314 - isca - DEBUG - PROFILE_FV_ADVECTION_KERNEL backend=cpu rank=13 name=semi_x_3d calls=4320 time=0.164178785 avg=3.800434838e-05
2026-06-18 21:09:01,314 - isca - DEBUG - PROFILE_FV_ADVECTION_KERNEL backend=cpu rank=13 name=vanleer_x_3d calls=4320 time=0.635801379 avg=1.471762451e-04
2026-06-18 21:09:01,314 - isca - DEBUG - PROFILE_FV_ADVECTION_KERNEL backend=cpu rank=13 name=vanleer_sphere_3d calls=4320 time=0.482287418 avg=1.116406060e-04
2026-06-18 21:09:01,315 - isca - DEBUG - PROFILE_FV_ADVECTION_KERNEL backend=cpu rank=14 name=semi_x_3d calls=4320 time=0.164331524 avg=3.803970463e-05
2026-06-18 21:09:01,315 - isca - DEBUG - PROFILE_FV_ADVECTION_KERNEL backend=cpu rank=14 name=vanleer_x_3d calls=4320 time=0.597404728 avg=1.382881315e-04
2026-06-18 21:09:01,315 - isca - DEBUG - PROFILE_FV_ADVECTION_KERNEL backend=cpu rank=14 name=vanleer_sphere_3d calls=4320 time=0.449243665 avg=1.039915891e-04
2026-06-18 21:09:01,315 - isca - DEBUG - PROFILE_FV_ADVECTION_KERNEL backend=cpu rank=15 name=semi_x_3d calls=4320 time=0.163724611 avg=3.789921551e-05
2026-06-18 21:09:01,315 - isca - DEBUG - PROFILE_FV_ADVECTION_KERNEL backend=cpu rank=15 name=vanleer_x_3d calls=4320 time=0.572664589 avg=1.325612475e-04
2026-06-18 21:09:01,315 - isca - DEBUG - PROFILE_FV_ADVECTION_KERNEL backend=cpu rank=15 name=vanleer_sphere_3d calls=4320 time=0.438230100 avg=1.014421528e-04
2026-06-18 21:09:01,315 - isca - DEBUG - PROFILE_FV_ADVECTION_KERNEL backend=cpu rank=2 name=semi_x_3d calls=4320 time=0.163736070 avg=3.790186806e-05
2026-06-18 21:09:01,315 - isca - DEBUG - PROFILE_FV_ADVECTION_KERNEL backend=cpu rank=2 name=vanleer_x_3d calls=4320 time=0.658516250 avg=1.524343171e-04
2026-06-18 21:09:01,315 - isca - DEBUG - PROFILE_FV_ADVECTION_KERNEL backend=cpu rank=2 name=vanleer_sphere_3d calls=4320 time=0.483530937 avg=1.119284576e-04
2026-06-18 21:09:01,315 - isca - DEBUG - PROFILE_FV_ADVECTION_KERNEL backend=cpu rank=1 name=semi_x_3d calls=4320 time=0.163787331 avg=3.791373403e-05
2026-06-18 21:09:01,315 - isca - DEBUG - PROFILE_FV_ADVECTION_KERNEL backend=cpu rank=1 name=vanleer_x_3d calls=4320 time=0.593246457 avg=1.373255688e-04
2026-06-18 21:09:01,315 - isca - DEBUG - PROFILE_FV_ADVECTION_KERNEL backend=cpu rank=1 name=vanleer_sphere_3d calls=4320 time=0.441995597 avg=1.023137956e-04
2026-06-18 21:09:01,315 - isca - DEBUG - PROFILE_FV_ADVECTION_KERNEL backend=cpu rank=0 name=semi_x_3d calls=4320 time=0.209018927 avg=4.838401088e-05
2026-06-18 21:09:01,315 - isca - DEBUG - PROFILE_FV_ADVECTION_KERNEL backend=cpu rank=0 name=vanleer_x_3d calls=4320 time=0.618040299 avg=1.430648840e-04
2026-06-18 21:09:01,315 - isca - DEBUG - PROFILE_FV_ADVECTION_KERNEL backend=cpu rank=0 name=vanleer_sphere_3d calls=4320 time=0.431134066 avg=9.979955231e-05
2026-06-18 21:09:01,315 - isca - DEBUG - PROFILE_FV_ADVECTION_KERNEL backend=cpu rank=4 name=semi_x_3d calls=4320 time=0.214051982 avg=4.954906991e-05
2026-06-18 21:09:01,315 - isca - DEBUG - PROFILE_FV_ADVECTION_KERNEL backend=cpu rank=4 name=vanleer_x_3d calls=4320 time=0.767304760 avg=1.776168426e-04
2026-06-18 21:09:01,315 - isca - DEBUG - PROFILE_FV_ADVECTION_KERNEL backend=cpu rank=4 name=vanleer_sphere_3d calls=4320 time=0.527314384 avg=1.220635148e-04
2026-06-18 21:09:01,315 - isca - DEBUG - PROFILE_FV_ADVECTION_KERNEL backend=cpu rank=7 name=semi_x_3d calls=4320 time=0.164609924 avg=3.810414907e-05
2026-06-18 21:09:01,315 - isca - DEBUG - PROFILE_FV_ADVECTION_KERNEL backend=cpu rank=7 name=vanleer_x_3d calls=4320 time=0.694709316 avg=1.608123417e-04
2026-06-18 21:09:01,315 - isca - DEBUG - PROFILE_FV_ADVECTION_KERNEL backend=cpu rank=7 name=vanleer_sphere_3d calls=4320 time=0.559553206 avg=1.295262051e-04
2026-06-18 21:09:01,315 - isca - DEBUG - PROFILE_FV_ADVECTION_KERNEL backend=cpu rank=8 name=semi_x_3d calls=4320 time=0.167711966 avg=3.882221435e-05
2026-06-18 21:09:01,315 - isca - DEBUG - PROFILE_FV_ADVECTION_KERNEL backend=cpu rank=8 name=vanleer_x_3d calls=4320 time=0.684838280 avg=1.585273796e-04
2026-06-18 21:09:01,315 - isca - DEBUG - PROFILE_FV_ADVECTION_KERNEL backend=cpu rank=8 name=vanleer_sphere_3d calls=4320 time=0.535759975 avg=1.240185127e-04
2026-06-18 21:09:01,315 - isca - DEBUG - PROFILE_FV_ADVECTION_KERNEL backend=cpu rank=12 name=semi_x_3d calls=4320 time=0.167012648 avg=3.866033519e-05
2026-06-18 21:09:01,315 - isca - DEBUG - PROFILE_FV_ADVECTION_KERNEL backend=cpu rank=12 name=vanleer_x_3d calls=4320 time=0.699811359 avg=1.619933701e-04
2026-06-18 21:09:01,315 - isca - DEBUG - PROFILE_FV_ADVECTION_KERNEL backend=cpu rank=12 name=vanleer_sphere_3d calls=4320 time=0.523727593 avg=1.212332391e-04
2026-06-18 21:09:01,315 - isca - DEBUG - PROFILE_FV_ADVECTION_KERNEL backend=cpu rank=10 name=semi_x_3d calls=4320 time=0.166188038 avg=3.846945324e-05
2026-06-18 21:09:01,315 - isca - DEBUG - PROFILE_FV_ADVECTION_KERNEL backend=cpu rank=10 name=vanleer_x_3d calls=4320 time=0.719522481 avg=1.665561299e-04
2026-06-18 21:09:01,315 - isca - DEBUG - PROFILE_FV_ADVECTION_KERNEL backend=cpu rank=10 name=vanleer_sphere_3d calls=4320 time=0.549153306 avg=1.271188208e-04
2026-06-18 21:09:01,503 - isca - INFO - Run 1 complete
2026-06-18 21:09:01,686 - isca - DEBUG - atmos_monthly.nc combined and copied to data directory
2026-06-18 21:09:02,999 - isca - INFO - Restart archive created at /explore/nobackup/people/jli30/SystemTesting/Isca/isca_data/held_suarez_fv_kernels_30day/restarts/res0001.tar.gz
2026-06-18 21:09:03,003 - isca - INFO - Writing namelist to '/explore/nobackup/people/jli30/SystemTesting/Isca/isca_data/held_suarez_fv_kernels_30day/run0001/input.nml'
2026-06-18 21:09:03,009 - isca - INFO - Writing field_table to '/explore/nobackup/people/jli30/SystemTesting/Isca/isca_data/held_suarez_fv_kernels_30day/run0001/field_table'
2026-06-18 21:09:03,016 - isca - INFO - Writing diag_table to '/explore/nobackup/people/jli30/SystemTesting/Isca/isca_data/held_suarez_fv_kernels_30day/run0001/diag_table'
2026-06-18 21:09:03,085 - isca - INFO - Emptied run directory '/explore/nobackup/people/jli30/SystemTesting/Isca/isca_work/experiment/held_suarez_fv_kernels_30day/run'
GFDL_BASE = /explore/nobackup/people/jli30/workspace/GFDL_atmos_cubed_sphere
GFDL_WORK = /explore/nobackup/people/jli30/SystemTesting/Isca/isca_work
GFDL_DATA = /explore/nobackup/people/jli30/SystemTesting/Isca/isca_data
Experiment = held_suarez_fv_kernels_30day
Data dir = /explore/nobackup/people/jli30/SystemTesting/Isca/isca_data/held_suarez_fv_kernels_30day
Run dir = /explore/nobackup/people/jli30/SystemTesting/Isca/isca_work/experiment/held_suarez_fv_kernels_30day/run
Executable = /explore/nobackup/people/jli30/SystemTesting/Isca/isca_work/codebase/_explore_nobackup_people_jli30_workspace_GFDL_atmos_cubed_sphere/build/held_suarez_fv_kernels/held_suarez_fv_kernels.x
Days = 30
dt_atmos = 600
num_cores = 16
production_diag = True

real	0m28.987s
user	6m13.360s
sys	0m37.819s
end_timestamp=2026-06-18T21:09:03-04:00
Log written to /explore/nobackup/people/jli30/workspace/GFDL_atmos_cubed_sphere/logs/fv_kernels_cpu_30day.log
