INFO:    Environment variable SINGULARITY_TMPDIR is set, but APPTAINER_TMPDIR is preferred
Loading hybrid ubuntu-conda environment
Loading basic ubuntu-conda environment
HOST=gh027 CUDA_VISIBLE_DEVICES=0 SLURM_LOCALID=0 SLURM_PROCID=0
INFO:    Environment variable SINGULARITY_TMPDIR is set, but APPTAINER_TMPDIR is preferred
LD_LIBRARY_PATH=/usr/local/cuda/lib64:/usr/local/cuda/targets/aarch64-linux/lib:/usr/local/cuda/targets/aarch64-linux/lib64:/.singularity.d/libs:/usr/local/nvidia/lib:/usr/local/nvidia/lib64:/.singularity.d/libs
--------------------------------------------------------------------------
A requested component was not found, or was unable to be opened.  This
means that this component is either not installed or is unable to be
used on your system (e.g., sometimes this means that shared libraries
that the component requires are unable to be found/loaded).  Note that
PMIx stopped checking at the first component that it did not find.

Host:      gh027
Framework: psec
Component: munge
--------------------------------------------------------------------------

--------------------------------------------------------------------------
A requested component was not found, or was unable to be opened.  This
means that this component is either not installed or is unable to be
used on your system (e.g., sometimes this means that shared libraries
that the component requires are unable to be found/loaded).  Note that
PMIx stopped checking at the first component that it did not find.

Host:      gh027
Framework: psec
Component: munge
--------------------------------------------------------------------------

[gh027:3255015] PMIX ERROR: ERROR in file ../../../../../../src/mca/gds/ds12/gds_ds12_lock_pthread.c at line 169
INFO:    Environment variable SINGULARITY_TMPDIR is set, but APPTAINER_TMPDIR is preferred
INFO:    Environment variable SINGULARITY_TMPDIR is set, but APPTAINER_TMPDIR is preferred
INFO:    Environment variable SINGULARITY_TMPDIR is set, but APPTAINER_TMPDIR is preferred
INFO:    Environment variable SINGULARITY_TMPDIR is set, but APPTAINER_TMPDIR is preferred
INFO:    Environment variable SINGULARITY_TMPDIR is set, but APPTAINER_TMPDIR is preferred
INFO:    Environment variable SINGULARITY_TMPDIR is set, but APPTAINER_TMPDIR is preferred
INFO:    Environment variable SINGULARITY_TMPDIR is set, but APPTAINER_TMPDIR is preferred
INFO:    Environment variable SINGULARITY_TMPDIR is set, but APPTAINER_TMPDIR is preferred
INFO:    Environment variable SINGULARITY_TMPDIR is set, but APPTAINER_TMPDIR is preferred
INFO:    Environment variable SINGULARITY_TMPDIR is set, but APPTAINER_TMPDIR is preferred
INFO:    Environment variable SINGULARITY_TMPDIR is set, but APPTAINER_TMPDIR is preferred
INFO:    Environment variable SINGULARITY_TMPDIR is set, but APPTAINER_TMPDIR is preferred
INFO:    Environment variable SINGULARITY_TMPDIR is set, but APPTAINER_TMPDIR is preferred
INFO:    Environment variable SINGULARITY_TMPDIR is set, but APPTAINER_TMPDIR is preferred
Loading hybrid ubuntu-conda environment
Loading basic ubuntu-conda environment
HOST=gh059 CUDA_VISIBLE_DEVICES=0 SLURM_LOCALID=0 SLURM_PROCID=14
LD_LIBRARY_PATH=/usr/local/cuda/lib64:/usr/local/cuda/targets/aarch64-linux/lib:/usr/local/cuda/targets/aarch64-linux/lib64:/.singularity.d/libs:/usr/local/nvidia/lib:/usr/local/nvidia/lib64:/.singularity.d/libs
--------------------------------------------------------------------------
A requested component was not found, or was unable to be opened.  This
means that this component is either not installed or is unable to be
used on your system (e.g., sometimes this means that shared libraries
that the component requires are unable to be found/loaded).  Note that
PMIx stopped checking at the first component that it did not find.

Host:      gh059
Framework: psec
Component: munge
--------------------------------------------------------------------------

--------------------------------------------------------------------------
A requested component was not found, or was unable to be opened.  This
means that this component is either not installed or is unable to be
used on your system (e.g., sometimes this means that shared libraries
that the component requires are unable to be found/loaded).  Note that
PMIx stopped checking at the first component that it did not find.

Host:      gh059
Framework: psec
Component: munge
--------------------------------------------------------------------------

[gh059:2711144] PMIX ERROR: ERROR in file ../../../../../../src/mca/gds/ds12/gds_ds12_lock_pthread.c at line 169
Loading hybrid ubuntu-conda environment
Loading basic ubuntu-conda environment
HOST=gh051 CUDA_VISIBLE_DEVICES=0 SLURM_LOCALID=0 SLURM_PROCID=6
LD_LIBRARY_PATH=/usr/local/cuda/lib64:/usr/local/cuda/targets/aarch64-linux/lib:/usr/local/cuda/targets/aarch64-linux/lib64:/.singularity.d/libs:/usr/local/nvidia/lib:/usr/local/nvidia/lib64:/.singularity.d/libs
Loading hybrid ubuntu-conda environment
Loading basic ubuntu-conda environment
Loading hybrid ubuntu-conda environment
Loading basic ubuntu-conda environment
--------------------------------------------------------------------------
A requested component was not found, or was unable to be opened.  This
means that this component is either not installed or is unable to be
used on your system (e.g., sometimes this means that shared libraries
that the component requires are unable to be found/loaded).  Note that
PMIx stopped checking at the first component that it did not find.

Host:      gh051
Framework: psec
Component: munge
--------------------------------------------------------------------------

HOST=gh053 CUDA_VISIBLE_DEVICES=0 SLURM_LOCALID=0 SLURM_PROCID=8
--------------------------------------------------------------------------
A requested component was not found, or was unable to be opened.  This
means that this component is either not installed or is unable to be
used on your system (e.g., sometimes this means that shared libraries
that the component requires are unable to be found/loaded).  Note that
PMIx stopped checking at the first component that it did not find.

Host:      gh051
Framework: psec
Component: munge
--------------------------------------------------------------------------

LD_LIBRARY_PATH=/usr/local/cuda/lib64:/usr/local/cuda/targets/aarch64-linux/lib:/usr/local/cuda/targets/aarch64-linux/lib64:/.singularity.d/libs:/usr/local/nvidia/lib:/usr/local/nvidia/lib64:/.singularity.d/libs
[gh051:2727067] PMIX ERROR: ERROR in file ../../../../../../src/mca/gds/ds12/gds_ds12_lock_pthread.c at line 169
HOST=gh046 CUDA_VISIBLE_DEVICES=0 SLURM_LOCALID=0 SLURM_PROCID=1
LD_LIBRARY_PATH=/usr/local/cuda/lib64:/usr/local/cuda/targets/aarch64-linux/lib:/usr/local/cuda/targets/aarch64-linux/lib64:/.singularity.d/libs:/usr/local/nvidia/lib:/usr/local/nvidia/lib64:/.singularity.d/libs
Loading hybrid ubuntu-conda environment
Loading basic ubuntu-conda environment
HOST=gh054 CUDA_VISIBLE_DEVICES=0 SLURM_LOCALID=0 SLURM_PROCID=9
LD_LIBRARY_PATH=/usr/local/cuda/lib64:/usr/local/cuda/targets/aarch64-linux/lib:/usr/local/cuda/targets/aarch64-linux/lib64:/.singularity.d/libs:/usr/local/nvidia/lib:/usr/local/nvidia/lib64:/.singularity.d/libs
Loading hybrid ubuntu-conda environment
Loading basic ubuntu-conda environment
Loading hybrid ubuntu-conda environment
Loading basic ubuntu-conda environment
HOST=gh050 CUDA_VISIBLE_DEVICES=0 SLURM_LOCALID=0 SLURM_PROCID=5
LD_LIBRARY_PATH=/usr/local/cuda/lib64:/usr/local/cuda/targets/aarch64-linux/lib:/usr/local/cuda/targets/aarch64-linux/lib64:/.singularity.d/libs:/usr/local/nvidia/lib:/usr/local/nvidia/lib64:/.singularity.d/libs
Loading hybrid ubuntu-conda environment
Loading basic ubuntu-conda environment
HOST=gh052 CUDA_VISIBLE_DEVICES=0 SLURM_LOCALID=0 SLURM_PROCID=7
LD_LIBRARY_PATH=/usr/local/cuda/lib64:/usr/local/cuda/targets/aarch64-linux/lib:/usr/local/cuda/targets/aarch64-linux/lib64:/.singularity.d/libs:/usr/local/nvidia/lib:/usr/local/nvidia/lib64:/.singularity.d/libs
HOST=gh056 CUDA_VISIBLE_DEVICES=0 SLURM_LOCALID=0 SLURM_PROCID=11
LD_LIBRARY_PATH=/usr/local/cuda/lib64:/usr/local/cuda/targets/aarch64-linux/lib:/usr/local/cuda/targets/aarch64-linux/lib64:/.singularity.d/libs:/.singularity.d/libs
--------------------------------------------------------------------------
A requested component was not found, or was unable to be opened.  This
means that this component is either not installed or is unable to be
used on your system (e.g., sometimes this means that shared libraries
that the component requires are unable to be found/loaded).  Note that
PMIx stopped checking at the first component that it did not find.

Host:      gh053
Framework: psec
Component: munge
--------------------------------------------------------------------------

--------------------------------------------------------------------------
A requested component was not found, or was unable to be opened.  This
means that this component is either not installed or is unable to be
used on your system (e.g., sometimes this means that shared libraries
that the component requires are unable to be found/loaded).  Note that
PMIx stopped checking at the first component that it did not find.

Host:      gh053
Framework: psec
Component: munge
--------------------------------------------------------------------------

[gh053:2722873] PMIX ERROR: ERROR in file ../../../../../../src/mca/gds/ds12/gds_ds12_lock_pthread.c at line 169
./held_suarez_fv_kernels_cuda.x: error while loading shared libraries: libcudart.so.12: cannot open shared object file: No such file or directory
Loading hybrid ubuntu-conda environment
Loading basic ubuntu-conda environment
--------------------------------------------------------------------------
A requested component was not found, or was unable to be opened.  This
means that this component is either not installed or is unable to be
used on your system (e.g., sometimes this means that shared libraries
that the component requires are unable to be found/loaded).  Note that
PMIx stopped checking at the first component that it did not find.

Host:      gh046
Framework: psec
Component: munge
--------------------------------------------------------------------------

--------------------------------------------------------------------------
A requested component was not found, or was unable to be opened.  This
means that this component is either not installed or is unable to be
used on your system (e.g., sometimes this means that shared libraries
that the component requires are unable to be found/loaded).  Note that
PMIx stopped checking at the first component that it did not find.

Host:      gh046
Framework: psec
Component: munge
--------------------------------------------------------------------------

[gh046:1919560] PMIX ERROR: ERROR in file ../../../../../../src/mca/gds/ds12/gds_ds12_lock_pthread.c at line 169
Loading hybrid ubuntu-conda environment
Loading basic ubuntu-conda environment
HOST=gh057 CUDA_VISIBLE_DEVICES=0 SLURM_LOCALID=0 SLURM_PROCID=12
LD_LIBRARY_PATH=/usr/local/cuda/lib64:/usr/local/cuda/targets/aarch64-linux/lib:/usr/local/cuda/targets/aarch64-linux/lib64:/.singularity.d/libs:/usr/local/nvidia/lib:/usr/local/nvidia/lib64:/.singularity.d/libs
Loading hybrid ubuntu-conda environment
Loading basic ubuntu-conda environment
srun: error: gh056: task 11: Exited with exit code 127
HOST=gh047 CUDA_VISIBLE_DEVICES=0 SLURM_LOCALID=0 SLURM_PROCID=2
LD_LIBRARY_PATH=/usr/local/cuda/lib64:/usr/local/cuda/targets/aarch64-linux/lib:/usr/local/cuda/targets/aarch64-linux/lib64:/.singularity.d/libs:/usr/local/nvidia/lib:/usr/local/nvidia/lib64:/.singularity.d/libs
Loading hybrid ubuntu-conda environment
Loading basic ubuntu-conda environment
Loading hybrid ubuntu-conda environment
Loading basic ubuntu-conda environment
HOST=gh055 CUDA_VISIBLE_DEVICES=0 SLURM_LOCALID=0 SLURM_PROCID=10
LD_LIBRARY_PATH=/usr/local/cuda/lib64:/usr/local/cuda/targets/aarch64-linux/lib:/usr/local/cuda/targets/aarch64-linux/lib64:/.singularity.d/libs:/usr/local/nvidia/lib:/usr/local/nvidia/lib64:/.singularity.d/libs
HOST=gh060 CUDA_VISIBLE_DEVICES=0 SLURM_LOCALID=0 SLURM_PROCID=15
LD_LIBRARY_PATH=/usr/local/cuda/lib64:/usr/local/cuda/targets/aarch64-linux/lib:/usr/local/cuda/targets/aarch64-linux/lib64:/.singularity.d/libs:/usr/local/nvidia/lib:/usr/local/nvidia/lib64:/.singularity.d/libs
HOST=gh049 CUDA_VISIBLE_DEVICES=0 SLURM_LOCALID=0 SLURM_PROCID=4
LD_LIBRARY_PATH=/usr/local/cuda/lib64:/usr/local/cuda/targets/aarch64-linux/lib:/usr/local/cuda/targets/aarch64-linux/lib64:/.singularity.d/libs:/usr/local/nvidia/lib:/usr/local/nvidia/lib64:/.singularity.d/libs
--------------------------------------------------------------------------
A requested component was not found, or was unable to be opened.  This
means that this component is either not installed or is unable to be
used on your system (e.g., sometimes this means that shared libraries
that the component requires are unable to be found/loaded).  Note that
PMIx stopped checking at the first component that it did not find.

Host:      gh054
Framework: psec
Component: munge
--------------------------------------------------------------------------

--------------------------------------------------------------------------
A requested component was not found, or was unable to be opened.  This
means that this component is either not installed or is unable to be
used on your system (e.g., sometimes this means that shared libraries
that the component requires are unable to be found/loaded).  Note that
PMIx stopped checking at the first component that it did not find.

Host:      gh054
Framework: psec
Component: munge
--------------------------------------------------------------------------

[gh054:2734102] PMIX ERROR: ERROR in file ../../../../../../src/mca/gds/ds12/gds_ds12_lock_pthread.c at line 169
--------------------------------------------------------------------------
A requested component was not found, or was unable to be opened.  This
means that this component is either not installed or is unable to be
used on your system (e.g., sometimes this means that shared libraries
that the component requires are unable to be found/loaded).  Note that
PMIx stopped checking at the first component that it did not find.

Host:      gh050
Framework: psec
Component: munge
--------------------------------------------------------------------------

--------------------------------------------------------------------------
A requested component was not found, or was unable to be opened.  This
means that this component is either not installed or is unable to be
used on your system (e.g., sometimes this means that shared libraries
that the component requires are unable to be found/loaded).  Note that
PMIx stopped checking at the first component that it did not find.

Host:      gh050
Framework: psec
Component: munge
--------------------------------------------------------------------------

[gh050:2720417] PMIX ERROR: ERROR in file ../../../../../../src/mca/gds/ds12/gds_ds12_lock_pthread.c at line 169
--------------------------------------------------------------------------
A requested component was not found, or was unable to be opened.  This
means that this component is either not installed or is unable to be
used on your system (e.g., sometimes this means that shared libraries
that the component requires are unable to be found/loaded).  Note that
PMIx stopped checking at the first component that it did not find.

Host:      gh052
Framework: psec
Component: munge
--------------------------------------------------------------------------

--------------------------------------------------------------------------
A requested component was not found, or was unable to be opened.  This
means that this component is either not installed or is unable to be
used on your system (e.g., sometimes this means that shared libraries
that the component requires are unable to be found/loaded).  Note that
PMIx stopped checking at the first component that it did not find.

Host:      gh052
Framework: psec
Component: munge
--------------------------------------------------------------------------

[gh052:2721157] PMIX ERROR: ERROR in file ../../../../../../src/mca/gds/ds12/gds_ds12_lock_pthread.c at line 169
--------------------------------------------------------------------------
A requested component was not found, or was unable to be opened.  This
means that this component is either not installed or is unable to be
used on your system (e.g., sometimes this means that shared libraries
that the component requires are unable to be found/loaded).  Note that
PMIx stopped checking at the first component that it did not find.

Host:      gh057
Framework: psec
Component: munge
--------------------------------------------------------------------------

--------------------------------------------------------------------------
A requested component was not found, or was unable to be opened.  This
means that this component is either not installed or is unable to be
used on your system (e.g., sometimes this means that shared libraries
that the component requires are unable to be found/loaded).  Note that
PMIx stopped checking at the first component that it did not find.

Host:      gh057
Framework: psec
Component: munge
--------------------------------------------------------------------------

[gh057:2715051] PMIX ERROR: ERROR in file ../../../../../../src/mca/gds/ds12/gds_ds12_lock_pthread.c at line 169
--------------------------------------------------------------------------
A requested component was not found, or was unable to be opened.  This
means that this component is either not installed or is unable to be
used on your system (e.g., sometimes this means that shared libraries
that the component requires are unable to be found/loaded).  Note that
PMIx stopped checking at the first component that it did not find.

Host:      gh047
Framework: psec
Component: munge
--------------------------------------------------------------------------

--------------------------------------------------------------------------
A requested component was not found, or was unable to be opened.  This
means that this component is either not installed or is unable to be
used on your system (e.g., sometimes this means that shared libraries
that the component requires are unable to be found/loaded).  Note that
PMIx stopped checking at the first component that it did not find.

Host:      gh047
Framework: psec
Component: munge
--------------------------------------------------------------------------

[gh047:2650728] PMIX ERROR: ERROR in file ../../../../../../src/mca/gds/ds12/gds_ds12_lock_pthread.c at line 169
--------------------------------------------------------------------------
A requested component was not found, or was unable to be opened.  This
means that this component is either not installed or is unable to be
used on your system (e.g., sometimes this means that shared libraries
that the component requires are unable to be found/loaded).  Note that
PMIx stopped checking at the first component that it did not find.

Host:      gh055
Framework: psec
Component: munge
--------------------------------------------------------------------------

--------------------------------------------------------------------------
A requested component was not found, or was unable to be opened.  This
means that this component is either not installed or is unable to be
used on your system (e.g., sometimes this means that shared libraries
that the component requires are unable to be found/loaded).  Note that
PMIx stopped checking at the first component that it did not find.

Host:      gh055
Framework: psec
Component: munge
--------------------------------------------------------------------------

[gh055:2736657] PMIX ERROR: ERROR in file ../../../../../../src/mca/gds/ds12/gds_ds12_lock_pthread.c at line 169
--------------------------------------------------------------------------
A requested component was not found, or was unable to be opened.  This
means that this component is either not installed or is unable to be
used on your system (e.g., sometimes this means that shared libraries
that the component requires are unable to be found/loaded).  Note that
PMIx stopped checking at the first component that it did not find.

Host:      gh060
Framework: psec
Component: munge
--------------------------------------------------------------------------

--------------------------------------------------------------------------
A requested component was not found, or was unable to be opened.  This
means that this component is either not installed or is unable to be
used on your system (e.g., sometimes this means that shared libraries
that the component requires are unable to be found/loaded).  Note that
PMIx stopped checking at the first component that it did not find.

Host:      gh060
Framework: psec
Component: munge
--------------------------------------------------------------------------

[gh060:2721593] PMIX ERROR: ERROR in file ../../../../../../src/mca/gds/ds12/gds_ds12_lock_pthread.c at line 169
--------------------------------------------------------------------------
A requested component was not found, or was unable to be opened.  This
means that this component is either not installed or is unable to be
used on your system (e.g., sometimes this means that shared libraries
that the component requires are unable to be found/loaded).  Note that
PMIx stopped checking at the first component that it did not find.

Host:      gh049
Framework: psec
Component: munge
--------------------------------------------------------------------------

--------------------------------------------------------------------------
A requested component was not found, or was unable to be opened.  This
means that this component is either not installed or is unable to be
used on your system (e.g., sometimes this means that shared libraries
that the component requires are unable to be found/loaded).  Note that
PMIx stopped checking at the first component that it did not find.

Host:      gh049
Framework: psec
Component: munge
--------------------------------------------------------------------------

[gh049:2717209] PMIX ERROR: ERROR in file ../../../../../../src/mca/gds/ds12/gds_ds12_lock_pthread.c at line 169
Loading hybrid ubuntu-conda environment
Loading basic ubuntu-conda environment
HOST=gh048 CUDA_VISIBLE_DEVICES=0 SLURM_LOCALID=0 SLURM_PROCID=3
LD_LIBRARY_PATH=/usr/local/cuda/lib64:/usr/local/cuda/targets/aarch64-linux/lib:/usr/local/cuda/targets/aarch64-linux/lib64:/.singularity.d/libs:/usr/local/nvidia/lib:/usr/local/nvidia/lib64:/.singularity.d/libs
Loading hybrid ubuntu-conda environment
Loading basic ubuntu-conda environment
HOST=gh058 CUDA_VISIBLE_DEVICES=0 SLURM_LOCALID=0 SLURM_PROCID=13
LD_LIBRARY_PATH=/usr/local/cuda/lib64:/usr/local/cuda/targets/aarch64-linux/lib:/usr/local/cuda/targets/aarch64-linux/lib64:/.singularity.d/libs:/usr/local/nvidia/lib:/usr/local/nvidia/lib64:/.singularity.d/libs
--------------------------------------------------------------------------
A requested component was not found, or was unable to be opened.  This
means that this component is either not installed or is unable to be
used on your system (e.g., sometimes this means that shared libraries
that the component requires are unable to be found/loaded).  Note that
PMIx stopped checking at the first component that it did not find.

Host:      gh048
Framework: psec
Component: munge
--------------------------------------------------------------------------

--------------------------------------------------------------------------
A requested component was not found, or was unable to be opened.  This
means that this component is either not installed or is unable to be
used on your system (e.g., sometimes this means that shared libraries
that the component requires are unable to be found/loaded).  Note that
PMIx stopped checking at the first component that it did not find.

Host:      gh048
Framework: psec
Component: munge
--------------------------------------------------------------------------

[gh048:2733918] PMIX ERROR: ERROR in file ../../../../../../src/mca/gds/ds12/gds_ds12_lock_pthread.c at line 169
--------------------------------------------------------------------------
A requested component was not found, or was unable to be opened.  This
means that this component is either not installed or is unable to be
used on your system (e.g., sometimes this means that shared libraries
that the component requires are unable to be found/loaded).  Note that
PMIx stopped checking at the first component that it did not find.

Host:      gh058
Framework: psec
Component: munge
--------------------------------------------------------------------------

--------------------------------------------------------------------------
A requested component was not found, or was unable to be opened.  This
means that this component is either not installed or is unable to be
used on your system (e.g., sometimes this means that shared libraries
that the component requires are unable to be found/loaded).  Note that
PMIx stopped checking at the first component that it did not find.

Host:      gh058
Framework: psec
Component: munge
--------------------------------------------------------------------------

[gh058:2708475] PMIX ERROR: ERROR in file ../../../../../../src/mca/gds/ds12/gds_ds12_lock_pthread.c at line 169
[2026-07-20T19:22:13.092] error:  mpi/pmix_v3: pmixp_p2p_send: gh055 [10]: pmixp_utils.c:447: send failed, rc=2, exceeded the retry limit
[2026-07-20T19:22:13.092] error:  mpi/pmix_v3: _slurm_send: gh055 [10]: pmixp_server.c:1582: Cannot send message to /var/spool/slurmd/stepd.slurm.pmix.37885653.4, size = 246, hostlist:
(null)
