=== Held-Suarez resident CUDA FV boundary: 30-day profile ===
start_timestamp=2026-06-25T13:19:20-04:00
CONTAINER=/lscratch/rlgill/isca-debian_latest
GFDL_BASE=/explore/nobackup/people/rlgill/SystemTesting/AAI/GFDL_atmos_cubed_sphere
GFDL_WORK=/explore/nobackup/people/rlgill/SystemTesting/AAI/Isca/isca_work
GFDL_DATA=/explore/nobackup/people/rlgill/SystemTesting/AAI/Isca/isca_data
executable=held_suarez_fv_kernels_cuda.x
experiment=held_suarez_fv_kernels_cuda_resident_30day
days=30
num_cores=16
FV_KERNELS_CUDA_MODE=resident
FV_KERNELS_PROFILE=1
FV_KERNELS_OVERWRITE=1
INFO:    Environment variable SINGULARITY_TMPDIR is set, but APPTAINER_TMPDIR is preferred
container_arch=x86_64
gpu_status:
GPU 0: Tesla V100-SXM2-32GB (UUID: GPU-895dce61-23e8-eced-8ca0-fef0c42b38a7)
2026-06-25 13:19:21,030 - isca - WARNING - Environment variable GFDL_SOC not set, but this is only required if using SocratesCodebase. Setting to None
2026-06-25 13:19:21,358 - isca - INFO - RRTM compilation disabled.
2026-06-25 13:19:21,358 - isca - INFO - SOCRATES compilation disabled.
2026-06-25 13:19:21,365 - isca - INFO - RRTM compilation disabled.
2026-06-25 13:19:21,366 - isca - INFO - SOCRATES compilation disabled.
2026-06-25 13:19:21,395 - isca - INFO - Emptied run directory '/explore/nobackup/people/rlgill/SystemTesting/AAI/Isca/isca_work/experiment/held_suarez_fv_kernels_cuda_resident_30day/run'
2026-06-25 13:19:21,397 - isca - WARNING - Data for run 1 already exists and overwrite_data is True. Overwriting.
2026-06-25 13:19:22,433 - isca - INFO - Writing namelist to '/explore/nobackup/people/rlgill/SystemTesting/AAI/Isca/isca_work/experiment/held_suarez_fv_kernels_cuda_resident_30day/run/input.nml'
2026-06-25 13:19:22,439 - isca - INFO - Writing field_table to '/explore/nobackup/people/rlgill/SystemTesting/AAI/Isca/isca_work/experiment/held_suarez_fv_kernels_cuda_resident_30day/run/field_table'
2026-06-25 13:19:22,450 - isca - INFO - Writing diag_table to '/explore/nobackup/people/rlgill/SystemTesting/AAI/Isca/isca_work/experiment/held_suarez_fv_kernels_cuda_resident_30day/run/diag_table'
2026-06-25 13:19:22,456 - isca - INFO - Running without restart file
2026-06-25 13:19:22,464 - isca - INFO - Beginning run 1
2026-06-25 13:19:22,468 - isca - INFO - process running as 421820
2026-06-25 13:19:22,471 - isca - DEBUG - Loading hybrid ubuntu-conda environment
2026-06-25 13:19:22,472 - isca - DEBUG - Loading basic ubuntu-conda environment
2026-06-25 13:19:23,553 - isca - DEBUG - NOTE from PE    0: MPP_DOMAINS_SET_STACK_SIZE: stack size set to    32768.
2026-06-25 13:19:23,554 - isca - DEBUG - &MPP_IO_NML
2026-06-25 13:19:23,554 - isca - DEBUG - HEADER_BUFFER_VAL=16384      ,
2026-06-25 13:19:23,554 - isca - DEBUG - GLOBAL_FIELD_ON_ROOT_PE=T,
2026-06-25 13:19:23,554 - isca - DEBUG - IO_CLOCKS_ON=F,
2026-06-25 13:19:23,554 - isca - DEBUG - SHUFFLE=0          ,
2026-06-25 13:19:23,554 - isca - DEBUG - DEFLATE_LEVEL=-1         ,
2026-06-25 13:19:23,554 - isca - DEBUG - /
2026-06-25 13:19:23,556 - isca - DEBUG - NOTE from PE    0: MPP_IO_SET_STACK_SIZE: stack size set to     131072.
2026-06-25 13:19:23,571 - isca - DEBUG - NOTE from PE    0: MPP_DOMAINS_SET_STACK_SIZE: stack size set to   600000.
2026-06-25 13:19:23,589 - isca - DEBUG - starting            1  OpenMP threads per MPI-task
2026-06-25 13:19:23,589 - isca - DEBUG - ATMOS MODEL DOMAIN DECOMPOSITION
2026-06-25 13:19:23,589 - isca - DEBUG - X-AXIS =  128
2026-06-25 13:19:23,590 - isca - DEBUG - Y-AXIS =    4   4   4   4   4   4   4   4   4   4   4   4   4   4   4   4
2026-06-25 13:19:23,609 - isca - DEBUG - mean surface pressure=1000.0000 mb
2026-06-25 13:19:31,489 - isca - DEBUG - Integration completed through 2000 Jan  2   0: 0: 0
2026-06-25 13:19:37,703 - isca - DEBUG - Integration completed through 2000 Jan  3   0: 0: 0
2026-06-25 13:19:44,348 - isca - DEBUG - Integration completed through 2000 Jan  4   0: 0: 0
2026-06-25 13:19:50,941 - isca - DEBUG - Integration completed through 2000 Jan  5   0: 0: 0
2026-06-25 13:19:57,480 - isca - DEBUG - Integration completed through 2000 Jan  6   0: 0: 0
2026-06-25 13:20:03,880 - isca - DEBUG - Integration completed through 2000 Jan  7   0: 0: 0
2026-06-25 13:20:10,139 - isca - DEBUG - Integration completed through 2000 Jan  8   0: 0: 0
2026-06-25 13:20:16,628 - isca - DEBUG - Integration completed through 2000 Jan  9   0: 0: 0
2026-06-25 13:20:23,369 - isca - DEBUG - Integration completed through 2000 Jan 10   0: 0: 0
2026-06-25 13:20:29,941 - isca - DEBUG - Integration completed through 2000 Jan 11   0: 0: 0
2026-06-25 13:20:36,263 - isca - DEBUG - Integration completed through 2000 Jan 12   0: 0: 0
2026-06-25 13:20:42,559 - isca - DEBUG - Integration completed through 2000 Jan 13   0: 0: 0
2026-06-25 13:20:49,088 - isca - DEBUG - Integration completed through 2000 Jan 14   0: 0: 0
2026-06-25 13:20:55,512 - isca - DEBUG - Integration completed through 2000 Jan 15   0: 0: 0
2026-06-25 13:21:01,884 - isca - DEBUG - Integration completed through 2000 Jan 16   0: 0: 0
2026-06-25 13:21:08,239 - isca - DEBUG - Integration completed through 2000 Jan 17   0: 0: 0
2026-06-25 13:21:14,561 - isca - DEBUG - Integration completed through 2000 Jan 18   0: 0: 0
2026-06-25 13:21:21,111 - isca - DEBUG - Integration completed through 2000 Jan 19   0: 0: 0
2026-06-25 13:21:27,410 - isca - DEBUG - Integration completed through 2000 Jan 20   0: 0: 0
2026-06-25 13:21:33,889 - isca - DEBUG - Integration completed through 2000 Jan 21   0: 0: 0
2026-06-25 13:21:40,238 - isca - DEBUG - Integration completed through 2000 Jan 22   0: 0: 0
2026-06-25 13:21:46,559 - isca - DEBUG - Integration completed through 2000 Jan 23   0: 0: 0
2026-06-25 13:21:52,702 - isca - DEBUG - Integration completed through 2000 Jan 24   0: 0: 0
2026-06-25 13:21:59,312 - isca - DEBUG - Integration completed through 2000 Jan 25   0: 0: 0
2026-06-25 13:22:05,924 - isca - DEBUG - Integration completed through 2000 Jan 26   0: 0: 0
2026-06-25 13:22:12,368 - isca - DEBUG - Integration completed through 2000 Jan 27   0: 0: 0
2026-06-25 13:22:18,681 - isca - DEBUG - Integration completed through 2000 Jan 28   0: 0: 0
2026-06-25 13:22:24,870 - isca - DEBUG - Integration completed through 2000 Jan 29   0: 0: 0
2026-06-25 13:22:31,273 - isca - DEBUG - Integration completed through 2000 Jan 30   0: 0: 0
2026-06-25 13:22:37,579 - isca - DEBUG - Integration completed through 2000 Feb  1   0: 0: 0
2026-06-25 13:22:37,712 - isca - DEBUG - NOTE from PE    0: MPP_IO_SET_STACK_SIZE: stack size set to     204800.
2026-06-25 13:22:38,047 - isca - DEBUG - MPP_DOMAINS_STACK high water mark=       25600
2026-06-25 13:22:38,047 - isca - DEBUG - 
2026-06-25 13:22:38,047 - isca - DEBUG - Tabulating mpp_clock statistics across     16 PEs...
2026-06-25 13:22:38,047 - isca - DEBUG - 
2026-06-25 13:22:38,047 - isca - DEBUG - tmin          tmax          tavg          tstd  tfrac grain pemin pemax
2026-06-25 13:22:38,048 - isca - DEBUG - Total runtime                       194.499305    194.499532    194.499402      0.000064  1.000     0     0    15
2026-06-25 13:22:38,048 - isca - DEBUG - MPP_STACK high water mark=           0
2026-06-25 13:22:38,120 - isca - DEBUG - PROFILE_FV_ADVECTION_KERNEL backend=cuda_resident rank=11 name=resident_advection_begin calls=4320 time=12.456721241 avg=2.883500287e-03
2026-06-25 13:22:38,120 - isca - DEBUG - PROFILE_FV_ADVECTION_KERNEL backend=cuda_resident rank=11 name=resident_advection_finish calls=4320 time=12.709017456 avg=2.941902189e-03
2026-06-25 13:22:38,120 - isca - DEBUG - PROFILE_FV_ADVECTION_CUDA backend=cuda_resident rank=11 calls=8640 allocation=1.250760415 h2d=13.184919678 kernel=7.593604802 sync=4.272770704 d2h=0.360473858 free=0.000012847 total=25.159165936
2026-06-25 13:22:38,120 - isca - DEBUG - PROFILE_FV_ADVECTION_KERNEL backend=cuda_resident rank=3 name=resident_advection_begin calls=4320 time=12.618490443 avg=2.920946862e-03
2026-06-25 13:22:38,120 - isca - DEBUG - PROFILE_FV_ADVECTION_KERNEL backend=cuda_resident rank=3 name=resident_advection_finish calls=4320 time=12.807724495 avg=2.964751041e-03
2026-06-25 13:22:38,120 - isca - DEBUG - PROFILE_FV_ADVECTION_CUDA backend=cuda_resident rank=3 calls=8640 allocation=1.187565908 h2d=13.304047976 kernel=7.702740192 sync=4.347211544 d2h=0.383001309 free=0.000024193 total=25.420115761
2026-06-25 13:22:38,121 - isca - DEBUG - PROFILE_FV_ADVECTION_KERNEL backend=cuda_resident rank=4 name=resident_advection_begin calls=4320 time=12.729850231 avg=2.946724591e-03
2026-06-25 13:22:38,121 - isca - DEBUG - PROFILE_FV_ADVECTION_KERNEL backend=cuda_resident rank=4 name=resident_advection_finish calls=4320 time=12.665988529 avg=2.931941789e-03
2026-06-25 13:22:38,121 - isca - DEBUG - PROFILE_FV_ADVECTION_CUDA backend=cuda_resident rank=4 calls=8640 allocation=1.250916900 h2d=13.136951481 kernel=7.771338944 sync=4.397184675 d2h=0.361242299 free=0.000013963 total=25.389610218
2026-06-25 13:22:38,121 - isca - DEBUG - PROFILE_FV_ADVECTION_KERNEL backend=cuda_resident rank=0 name=resident_advection_begin calls=4320 time=12.738163394 avg=2.948648934e-03
2026-06-25 13:22:38,121 - isca - DEBUG - PROFILE_FV_ADVECTION_KERNEL backend=cuda_resident rank=0 name=resident_advection_finish calls=4320 time=13.280856507 avg=3.074272340e-03
2026-06-25 13:22:38,121 - isca - DEBUG - PROFILE_FV_ADVECTION_CUDA backend=cuda_resident rank=0 calls=8640 allocation=1.259712120 h2d=13.530919356 kernel=8.013479108 sync=4.574417978 d2h=0.366054147 free=0.000014126 total=26.012464879
2026-06-25 13:22:38,122 - isca - DEBUG - PROFILE_FV_ADVECTION_KERNEL backend=cuda_resident rank=13 name=resident_advection_begin calls=4320 time=12.300714328 avg=2.847387576e-03
2026-06-25 13:22:38,122 - isca - DEBUG - PROFILE_FV_ADVECTION_KERNEL backend=cuda_resident rank=13 name=resident_advection_finish calls=4320 time=12.483691414 avg=2.889743383e-03
2026-06-25 13:22:38,122 - isca - DEBUG - PROFILE_FV_ADVECTION_CUDA backend=cuda_resident rank=13 calls=8640 allocation=1.236047056 h2d=12.955340258 kernel=7.470945475 sync=4.207237314 d2h=0.373217661 free=0.000011185 total=24.778009949
2026-06-25 13:22:38,122 - isca - DEBUG - PROFILE_FV_ADVECTION_KERNEL backend=cuda_resident rank=15 name=resident_advection_begin calls=4320 time=12.974804411 avg=3.003426947e-03
2026-06-25 13:22:38,123 - isca - DEBUG - PROFILE_FV_ADVECTION_KERNEL backend=cuda_resident rank=15 name=resident_advection_finish calls=4320 time=13.430887675 avg=3.109001777e-03
2026-06-25 13:22:38,123 - isca - DEBUG - PROFILE_FV_ADVECTION_CUDA backend=cuda_resident rank=15 calls=8640 allocation=1.215127624 h2d=13.814121563 kernel=8.103986307 sync=4.624950615 d2h=0.367691939 free=0.000031038 total=26.399301945
2026-06-25 13:22:38,123 - isca - DEBUG - PROFILE_FV_ADVECTION_KERNEL backend=cuda_resident rank=5 name=resident_advection_begin calls=4320 time=12.657275244 avg=2.929924825e-03
2026-06-25 13:22:38,123 - isca - DEBUG - PROFILE_FV_ADVECTION_KERNEL backend=cuda_resident rank=5 name=resident_advection_finish calls=4320 time=12.834818583 avg=2.971022820e-03
2026-06-25 13:22:38,123 - isca - DEBUG - PROFILE_FV_ADVECTION_CUDA backend=cuda_resident rank=5 calls=8640 allocation=1.226820335 h2d=13.278145919 kernel=7.778718177 sync=4.401966200 d2h=0.366647899 free=0.000030972 total=25.486005848
2026-06-25 13:22:38,123 - isca - DEBUG - PROFILE_FV_ADVECTION_KERNEL backend=cuda_resident rank=7 name=resident_advection_begin calls=4320 time=12.340002442 avg=2.856482047e-03
2026-06-25 13:22:38,123 - isca - DEBUG - PROFILE_FV_ADVECTION_KERNEL backend=cuda_resident rank=7 name=resident_advection_finish calls=4320 time=12.327433097 avg=2.853572476e-03
2026-06-25 13:22:38,123 - isca - DEBUG - PROFILE_FV_ADVECTION_CUDA backend=cuda_resident rank=7 calls=8640 allocation=1.197361397 h2d=12.960990363 kernel=7.361254245 sync=4.168884026 d2h=0.374068802 free=0.000028804 total=24.661492404
2026-06-25 13:22:38,124 - isca - DEBUG - PROFILE_FV_ADVECTION_KERNEL backend=cuda_resident rank=2 name=resident_advection_begin calls=4320 time=12.408959542 avg=2.872444338e-03
2026-06-25 13:22:38,124 - isca - DEBUG - PROFILE_FV_ADVECTION_KERNEL backend=cuda_resident rank=2 name=resident_advection_finish calls=4320 time=12.510801072 avg=2.896018767e-03
2026-06-25 13:22:38,124 - isca - DEBUG - PROFILE_FV_ADVECTION_CUDA backend=cuda_resident rank=2 calls=8640 allocation=1.254362413 h2d=13.050545488 kernel=7.470833668 sync=4.202619492 d2h=0.367692091 free=0.000012643 total=24.913731924
2026-06-25 13:22:38,124 - isca - DEBUG - PROFILE_FV_ADVECTION_KERNEL backend=cuda_resident rank=6 name=resident_advection_begin calls=4320 time=12.527639312 avg=2.899916507e-03
2026-06-25 13:22:38,124 - isca - DEBUG - PROFILE_FV_ADVECTION_KERNEL backend=cuda_resident rank=6 name=resident_advection_finish calls=4320 time=12.652122864 avg=2.928732144e-03
2026-06-25 13:22:38,124 - isca - DEBUG - PROFILE_FV_ADVECTION_CUDA backend=cuda_resident rank=6 calls=8640 allocation=1.201319486 h2d=13.165875855 kernel=7.584590308 sync=4.275477291 d2h=0.388985822 free=0.000023183 total=25.173961581
2026-06-25 13:22:38,124 - isca - DEBUG - PROFILE_FV_ADVECTION_KERNEL backend=cuda_resident rank=9 name=resident_advection_begin calls=4320 time=12.304332303 avg=2.848225070e-03
2026-06-25 13:22:38,124 - isca - DEBUG - PROFILE_FV_ADVECTION_KERNEL backend=cuda_resident rank=9 name=resident_advection_finish calls=4320 time=12.280176068 avg=2.842633349e-03
2026-06-25 13:22:38,124 - isca - DEBUG - PROFILE_FV_ADVECTION_CUDA backend=cuda_resident rank=9 calls=8640 allocation=1.212709741 h2d=12.865627528 kernel=7.384022146 sync=4.181214564 d2h=0.362492093 free=0.000023910 total=24.578556678
2026-06-25 13:22:38,124 - isca - DEBUG - PROFILE_FV_ADVECTION_KERNEL backend=cuda_resident rank=12 name=resident_advection_begin calls=4320 time=12.459062779 avg=2.884042310e-03
2026-06-25 13:22:38,124 - isca - DEBUG - PROFILE_FV_ADVECTION_KERNEL backend=cuda_resident rank=12 name=resident_advection_finish calls=4320 time=12.664756539 avg=2.931656606e-03
2026-06-25 13:22:38,124 - isca - DEBUG - PROFILE_FV_ADVECTION_CUDA backend=cuda_resident rank=12 calls=8640 allocation=1.202382029 h2d=13.207022952 kernel=7.568098753 sync=4.273088313 d2h=0.364344289 free=0.000027240 total=25.117925037
2026-06-25 13:22:38,125 - isca - DEBUG - PROFILE_FV_ADVECTION_KERNEL backend=cuda_resident rank=1 name=resident_advection_begin calls=4320 time=12.337626517 avg=2.855932064e-03
2026-06-25 13:22:38,125 - isca - DEBUG - PROFILE_FV_ADVECTION_KERNEL backend=cuda_resident rank=1 name=resident_advection_finish calls=4320 time=12.642105595 avg=2.926413332e-03
2026-06-25 13:22:38,125 - isca - DEBUG - PROFILE_FV_ADVECTION_CUDA backend=cuda_resident rank=1 calls=8640 allocation=1.243998554 h2d=13.177653395 kernel=7.453422240 sync=4.213988466 d2h=0.374275297 free=0.000024956 total=24.973627179
2026-06-25 13:22:38,125 - isca - DEBUG - PROFILE_FV_ADVECTION_KERNEL backend=cuda_resident rank=8 name=resident_advection_begin calls=4320 time=12.278043498 avg=2.842139699e-03
2026-06-25 13:22:38,125 - isca - DEBUG - PROFILE_FV_ADVECTION_KERNEL backend=cuda_resident rank=8 name=resident_advection_finish calls=4320 time=12.254933320 avg=2.836790120e-03
2026-06-25 13:22:38,125 - isca - DEBUG - PROFILE_FV_ADVECTION_CUDA backend=cuda_resident rank=8 calls=8640 allocation=1.230280288 h2d=12.794146598 kernel=7.394267905 sync=4.167584969 d2h=0.365880645 free=0.000013701 total=24.526638122
2026-06-25 13:22:38,125 - isca - DEBUG - PROFILE_FV_ADVECTION_KERNEL backend=cuda_resident rank=14 name=resident_advection_begin calls=4320 time=12.369228877 avg=2.863247425e-03
2026-06-25 13:22:38,125 - isca - DEBUG - PROFILE_FV_ADVECTION_KERNEL backend=cuda_resident rank=14 name=resident_advection_finish calls=4320 time=12.556670958 avg=2.906636796e-03
2026-06-25 13:22:38,125 - isca - DEBUG - PROFILE_FV_ADVECTION_CUDA backend=cuda_resident rank=14 calls=8640 allocation=1.224905755 h2d=13.012587722 kernel=7.593033638 sync=4.290413317 d2h=0.366461639 free=0.000019357 total=24.919629672
2026-06-25 13:22:38,125 - isca - DEBUG - PROFILE_FV_ADVECTION_KERNEL backend=cuda_resident rank=10 name=resident_advection_begin calls=4320 time=12.267749263 avg=2.839756774e-03
2026-06-25 13:22:38,125 - isca - DEBUG - PROFILE_FV_ADVECTION_KERNEL backend=cuda_resident rank=10 name=resident_advection_finish calls=4320 time=12.144783191 avg=2.811292405e-03
2026-06-25 13:22:38,125 - isca - DEBUG - PROFILE_FV_ADVECTION_CUDA backend=cuda_resident rank=10 calls=8640 allocation=1.205608164 h2d=12.698018183 kernel=7.413488545 sync=4.171791888 d2h=0.363950605 free=0.000025221 total=24.406206646
2026-06-25 13:22:38,717 - isca - INFO - Run 1 complete
2026-06-25 13:22:38,875 - isca - DEBUG - atmos_monthly.nc combined and copied to data directory
2026-06-25 13:22:40,802 - isca - INFO - Restart archive created at /explore/nobackup/people/rlgill/SystemTesting/AAI/Isca/isca_data/held_suarez_fv_kernels_cuda_resident_30day/restarts/res0001.tar.gz
2026-06-25 13:22:40,812 - isca - INFO - Writing namelist to '/explore/nobackup/people/rlgill/SystemTesting/AAI/Isca/isca_data/held_suarez_fv_kernels_cuda_resident_30day/run0001/input.nml'
2026-06-25 13:22:40,818 - isca - INFO - Writing field_table to '/explore/nobackup/people/rlgill/SystemTesting/AAI/Isca/isca_data/held_suarez_fv_kernels_cuda_resident_30day/run0001/field_table'
2026-06-25 13:22:40,828 - isca - INFO - Writing diag_table to '/explore/nobackup/people/rlgill/SystemTesting/AAI/Isca/isca_data/held_suarez_fv_kernels_cuda_resident_30day/run0001/diag_table'
2026-06-25 13:22:41,207 - isca - INFO - Emptied run directory '/explore/nobackup/people/rlgill/SystemTesting/AAI/Isca/isca_work/experiment/held_suarez_fv_kernels_cuda_resident_30day/run'
GFDL_BASE = /explore/nobackup/people/rlgill/SystemTesting/AAI/GFDL_atmos_cubed_sphere
GFDL_WORK = /explore/nobackup/people/rlgill/SystemTesting/AAI/Isca/isca_work
GFDL_DATA = /explore/nobackup/people/rlgill/SystemTesting/AAI/Isca/isca_data
Experiment = held_suarez_fv_kernels_cuda_resident_30day
Data dir = /explore/nobackup/people/rlgill/SystemTesting/AAI/Isca/isca_data/held_suarez_fv_kernels_cuda_resident_30day
Run dir = /explore/nobackup/people/rlgill/SystemTesting/AAI/Isca/isca_work/experiment/held_suarez_fv_kernels_cuda_resident_30day/run
Executable = /explore/nobackup/people/rlgill/SystemTesting/AAI/Isca/isca_work/codebase/_explore_nobackup_people_rlgill_SystemTesting_AAI_GFDL_atmos_cubed_sphere/build/held_suarez_fv_kernels_cuda/held_suarez_fv_kernels_cuda.x
Days = 30
dt_atmos = 600
num_cores = 16
production_diag = True

real	3m20.257s
user	20m18.688s
sys	11m56.215s
end_timestamp=2026-06-25T13:22:41-04:00
output=/explore/nobackup/people/rlgill/SystemTesting/AAI/Isca/isca_data/held_suarez_fv_kernels_cuda_resident_30day/run0001/atmos_monthly.nc
log=/explore/nobackup/people/rlgill/SystemTesting/AAI/GFDL_atmos_cubed_sphere/logs/fv_kernels_cuda_resident_30day.log
