INFO:    Environment variable SINGULARITY_TMPDIR is set, but APPTAINER_TMPDIR is preferred
Loading hybrid ubuntu-conda environment
Loading basic ubuntu-conda environment
INFO:    Environment variable SINGULARITY_TMPDIR is set, but APPTAINER_TMPDIR is preferred
HOST=gh027 CUDA_VISIBLE_DEVICES=0 SLURM_LOCALID=0 SLURM_PROCID=0
CUDART=/usr/local/cuda-12.4/targets/sbsa-linux/lib/libcudart.so.12
--------------------------------------------------------------------------
A requested component was not found, or was unable to be opened.  This
means that this component is either not installed or is unable to be
used on your system (e.g., sometimes this means that shared libraries
that the component requires are unable to be found/loaded).  Note that
PMIx stopped checking at the first component that it did not find.

Host:      gh027
Framework: psec
Component: munge
--------------------------------------------------------------------------

INFO:    Environment variable SINGULARITY_TMPDIR is set, but APPTAINER_TMPDIR is preferred
INFO:    Environment variable SINGULARITY_TMPDIR is set, but APPTAINER_TMPDIR is preferred
--------------------------------------------------------------------------
A requested component was not found, or was unable to be opened.  This
means that this component is either not installed or is unable to be
used on your system (e.g., sometimes this means that shared libraries
that the component requires are unable to be found/loaded).  Note that
PMIx stopped checking at the first component that it did not find.

Host:      gh027
Framework: psec
Component: munge
--------------------------------------------------------------------------

[gh027:3264981] PMIX ERROR: ERROR in file ../../../../../../src/mca/gds/ds12/gds_ds12_lock_pthread.c at line 169
INFO:    Environment variable SINGULARITY_TMPDIR is set, but APPTAINER_TMPDIR is preferred
INFO:    Environment variable SINGULARITY_TMPDIR is set, but APPTAINER_TMPDIR is preferred
INFO:    Environment variable SINGULARITY_TMPDIR is set, but APPTAINER_TMPDIR is preferred
INFO:    Environment variable SINGULARITY_TMPDIR is set, but APPTAINER_TMPDIR is preferred
INFO:    Environment variable SINGULARITY_TMPDIR is set, but APPTAINER_TMPDIR is preferred
INFO:    Environment variable SINGULARITY_TMPDIR is set, but APPTAINER_TMPDIR is preferred
INFO:    Environment variable SINGULARITY_TMPDIR is set, but APPTAINER_TMPDIR is preferred
INFO:    Environment variable SINGULARITY_TMPDIR is set, but APPTAINER_TMPDIR is preferred
INFO:    Environment variable SINGULARITY_TMPDIR is set, but APPTAINER_TMPDIR is preferred
INFO:    Environment variable SINGULARITY_TMPDIR is set, but APPTAINER_TMPDIR is preferred
INFO:    Environment variable SINGULARITY_TMPDIR is set, but APPTAINER_TMPDIR is preferred
Loading hybrid ubuntu-conda environment
Loading basic ubuntu-conda environment
Loading hybrid ubuntu-conda environment
Loading hybrid ubuntu-conda environment
Loading hybrid ubuntu-conda environment
Loading hybrid ubuntu-conda environment
Loading basic ubuntu-conda environment
Loading basic ubuntu-conda environment
Loading basic ubuntu-conda environment
Loading basic ubuntu-conda environment
INFO:    Environment variable SINGULARITY_TMPDIR is set, but APPTAINER_TMPDIR is preferred
Loading hybrid ubuntu-conda environment
Loading basic ubuntu-conda environment
Loading hybrid ubuntu-conda environment
Loading basic ubuntu-conda environment
Loading hybrid ubuntu-conda environment
Loading basic ubuntu-conda environment
Loading hybrid ubuntu-conda environment
Loading basic ubuntu-conda environment
Loading hybrid ubuntu-conda environment
Loading basic ubuntu-conda environment
Loading hybrid ubuntu-conda environment
Loading basic ubuntu-conda environment
Loading hybrid ubuntu-conda environment
Loading basic ubuntu-conda environment
Loading hybrid ubuntu-conda environment
Loading basic ubuntu-conda environment
Loading hybrid ubuntu-conda environment
Loading basic ubuntu-conda environment
HOST=gh050 CUDA_VISIBLE_DEVICES=0 SLURM_LOCALID=0 SLURM_PROCID=5
CUDART=/usr/local/cuda-12.4/targets/sbsa-linux/lib/libcudart.so.12
HOST=gh047 CUDA_VISIBLE_DEVICES=0 SLURM_LOCALID=0 SLURM_PROCID=2
CUDART=/usr/local/cuda-12.4/targets/sbsa-linux/lib/libcudart.so.12
HOST=gh055 CUDA_VISIBLE_DEVICES=0 SLURM_LOCALID=0 SLURM_PROCID=10
CUDART=/usr/local/cuda-12.4/targets/sbsa-linux/lib/libcudart.so.12
HOST=gh052 CUDA_VISIBLE_DEVICES=0 SLURM_LOCALID=0 SLURM_PROCID=7
HOST=gh059 CUDA_VISIBLE_DEVICES=0 SLURM_LOCALID=0 SLURM_PROCID=14
CUDART=/usr/local/cuda-12.4/targets/sbsa-linux/lib/libcudart.so.12
HOST=gh054 CUDA_VISIBLE_DEVICES=0 SLURM_LOCALID=0 SLURM_PROCID=9
CUDART=/usr/local/cuda-12.4/targets/sbsa-linux/lib/libcudart.so.12
CUDART=/usr/local/cuda-12.4/targets/sbsa-linux/lib/libcudart.so.12
HOST=gh058 CUDA_VISIBLE_DEVICES=0 SLURM_LOCALID=0 SLURM_PROCID=13
CUDART=/usr/local/cuda-12.4/targets/sbsa-linux/lib/libcudart.so.12
HOST=gh049 CUDA_VISIBLE_DEVICES=0 SLURM_LOCALID=0 SLURM_PROCID=4
HOST=gh060 CUDA_VISIBLE_DEVICES=0 SLURM_LOCALID=0 SLURM_PROCID=15
CUDART=/usr/local/cuda-12.4/targets/sbsa-linux/lib/libcudart.so.12
HOST=gh046 CUDA_VISIBLE_DEVICES=0 SLURM_LOCALID=0 SLURM_PROCID=1
CUDART=/usr/local/cuda-12.4/targets/sbsa-linux/lib/libcudart.so.12
CUDART=/usr/local/cuda-12.4/targets/sbsa-linux/lib/libcudart.so.12
HOST=gh048 CUDA_VISIBLE_DEVICES=0 SLURM_LOCALID=0 SLURM_PROCID=3
CUDART=/usr/local/cuda-12.4/targets/sbsa-linux/lib/libcudart.so.12
HOST=gh056 CUDA_VISIBLE_DEVICES=0 SLURM_LOCALID=0 SLURM_PROCID=11
CUDART=/usr/local/cuda-12.4/targets/sbsa-linux/lib/libcudart.so.12
HOST=gh057 CUDA_VISIBLE_DEVICES=0 SLURM_LOCALID=0 SLURM_PROCID=12
CUDART=/usr/local/cuda-12.4/targets/sbsa-linux/lib/libcudart.so.12
Loading hybrid ubuntu-conda environment
Loading basic ubuntu-conda environment
--------------------------------------------------------------------------
A requested component was not found, or was unable to be opened.  This
means that this component is either not installed or is unable to be
used on your system (e.g., sometimes this means that shared libraries
that the component requires are unable to be found/loaded).  Note that
PMIx stopped checking at the first component that it did not find.

Host:      gh055
Framework: psec
Component: munge
--------------------------------------------------------------------------

--------------------------------------------------------------------------
A requested component was not found, or was unable to be opened.  This
means that this component is either not installed or is unable to be
used on your system (e.g., sometimes this means that shared libraries
that the component requires are unable to be found/loaded).  Note that
PMIx stopped checking at the first component that it did not find.

Host:      gh055
Framework: psec
Component: munge
--------------------------------------------------------------------------

[gh055:2746329] PMIX ERROR: ERROR in file ../../../../../../src/mca/gds/ds12/gds_ds12_lock_pthread.c at line 169
--------------------------------------------------------------------------
A requested component was not found, or was unable to be opened.  This
means that this component is either not installed or is unable to be
used on your system (e.g., sometimes this means that shared libraries
that the component requires are unable to be found/loaded).  Note that
PMIx stopped checking at the first component that it did not find.

Host:      gh047
Framework: psec
Component: munge
--------------------------------------------------------------------------

--------------------------------------------------------------------------
A requested component was not found, or was unable to be opened.  This
means that this component is either not installed or is unable to be
used on your system (e.g., sometimes this means that shared libraries
that the component requires are unable to be found/loaded).  Note that
PMIx stopped checking at the first component that it did not find.

Host:      gh050
Framework: psec
Component: munge
--------------------------------------------------------------------------

--------------------------------------------------------------------------
A requested component was not found, or was unable to be opened.  This
means that this component is either not installed or is unable to be
used on your system (e.g., sometimes this means that shared libraries
that the component requires are unable to be found/loaded).  Note that
PMIx stopped checking at the first component that it did not find.

Host:      gh047
Framework: psec
Component: munge
--------------------------------------------------------------------------

--------------------------------------------------------------------------
A requested component was not found, or was unable to be opened.  This
means that this component is either not installed or is unable to be
used on your system (e.g., sometimes this means that shared libraries
that the component requires are unable to be found/loaded).  Note that
PMIx stopped checking at the first component that it did not find.

Host:      gh050
Framework: psec
Component: munge
--------------------------------------------------------------------------

[gh047:2660586] PMIX ERROR: ERROR in file ../../../../../../src/mca/gds/ds12/gds_ds12_lock_pthread.c at line 169
[gh050:2730074] PMIX ERROR: ERROR in file ../../../../../../src/mca/gds/ds12/gds_ds12_lock_pthread.c at line 169
--------------------------------------------------------------------------
A requested component was not found, or was unable to be opened.  This
means that this component is either not installed or is unable to be
used on your system (e.g., sometimes this means that shared libraries
that the component requires are unable to be found/loaded).  Note that
PMIx stopped checking at the first component that it did not find.

Host:      gh056
Framework: psec
Component: munge
--------------------------------------------------------------------------

--------------------------------------------------------------------------
A requested component was not found, or was unable to be opened.  This
means that this component is either not installed or is unable to be
used on your system (e.g., sometimes this means that shared libraries
that the component requires are unable to be found/loaded).  Note that
PMIx stopped checking at the first component that it did not find.

Host:      gh049
Framework: psec
Component: munge
--------------------------------------------------------------------------

--------------------------------------------------------------------------
A requested component was not found, or was unable to be opened.  This
means that this component is either not installed or is unable to be
used on your system (e.g., sometimes this means that shared libraries
that the component requires are unable to be found/loaded).  Note that
PMIx stopped checking at the first component that it did not find.

Host:      gh052
Framework: psec
Component: munge
--------------------------------------------------------------------------

--------------------------------------------------------------------------
A requested component was not found, or was unable to be opened.  This
means that this component is either not installed or is unable to be
used on your system (e.g., sometimes this means that shared libraries
that the component requires are unable to be found/loaded).  Note that
PMIx stopped checking at the first component that it did not find.

Host:      gh056
Framework: psec
Component: munge
--------------------------------------------------------------------------

--------------------------------------------------------------------------
A requested component was not found, or was unable to be opened.  This
means that this component is either not installed or is unable to be
used on your system (e.g., sometimes this means that shared libraries
that the component requires are unable to be found/loaded).  Note that
PMIx stopped checking at the first component that it did not find.

Host:      gh049
Framework: psec
Component: munge
--------------------------------------------------------------------------

--------------------------------------------------------------------------
A requested component was not found, or was unable to be opened.  This
means that this component is either not installed or is unable to be
used on your system (e.g., sometimes this means that shared libraries
that the component requires are unable to be found/loaded).  Note that
PMIx stopped checking at the first component that it did not find.

Host:      gh052
Framework: psec
Component: munge
--------------------------------------------------------------------------

[gh056:2751117] PMIX ERROR: ERROR in file ../../../../../../src/mca/gds/ds12/gds_ds12_lock_pthread.c at line 169
[gh049:2727033] PMIX ERROR: ERROR in file ../../../../../../src/mca/gds/ds12/gds_ds12_lock_pthread.c at line 169
[gh052:2730871] PMIX ERROR: ERROR in file ../../../../../../src/mca/gds/ds12/gds_ds12_lock_pthread.c at line 169
--------------------------------------------------------------------------
A requested component was not found, or was unable to be opened.  This
means that this component is either not installed or is unable to be
used on your system (e.g., sometimes this means that shared libraries
that the component requires are unable to be found/loaded).  Note that
PMIx stopped checking at the first component that it did not find.

Host:      gh059
Framework: psec
Component: munge
--------------------------------------------------------------------------

--------------------------------------------------------------------------
A requested component was not found, or was unable to be opened.  This
means that this component is either not installed or is unable to be
used on your system (e.g., sometimes this means that shared libraries
that the component requires are unable to be found/loaded).  Note that
PMIx stopped checking at the first component that it did not find.

Host:      gh059
Framework: psec
Component: munge
--------------------------------------------------------------------------

[gh059:2720996] PMIX ERROR: ERROR in file ../../../../../../src/mca/gds/ds12/gds_ds12_lock_pthread.c at line 169
--------------------------------------------------------------------------
A requested component was not found, or was unable to be opened.  This
means that this component is either not installed or is unable to be
used on your system (e.g., sometimes this means that shared libraries
that the component requires are unable to be found/loaded).  Note that
PMIx stopped checking at the first component that it did not find.

Host:      gh048
Framework: psec
Component: munge
--------------------------------------------------------------------------

--------------------------------------------------------------------------
A requested component was not found, or was unable to be opened.  This
means that this component is either not installed or is unable to be
used on your system (e.g., sometimes this means that shared libraries
that the component requires are unable to be found/loaded).  Note that
PMIx stopped checking at the first component that it did not find.

Host:      gh048
Framework: psec
Component: munge
--------------------------------------------------------------------------

[gh048:2743862] PMIX ERROR: ERROR in file ../../../../../../src/mca/gds/ds12/gds_ds12_lock_pthread.c at line 169
--------------------------------------------------------------------------
A requested component was not found, or was unable to be opened.  This
means that this component is either not installed or is unable to be
used on your system (e.g., sometimes this means that shared libraries
that the component requires are unable to be found/loaded).  Note that
PMIx stopped checking at the first component that it did not find.

Host:      gh058
Framework: psec
Component: munge
--------------------------------------------------------------------------

--------------------------------------------------------------------------
A requested component was not found, or was unable to be opened.  This
means that this component is either not installed or is unable to be
used on your system (e.g., sometimes this means that shared libraries
that the component requires are unable to be found/loaded).  Note that
PMIx stopped checking at the first component that it did not find.

Host:      gh058
Framework: psec
Component: munge
--------------------------------------------------------------------------

[gh058:2718458] PMIX ERROR: ERROR in file ../../../../../../src/mca/gds/ds12/gds_ds12_lock_pthread.c at line 169
--------------------------------------------------------------------------
A requested component was not found, or was unable to be opened.  This
means that this component is either not installed or is unable to be
used on your system (e.g., sometimes this means that shared libraries
that the component requires are unable to be found/loaded).  Note that
PMIx stopped checking at the first component that it did not find.

Host:      gh060
Framework: psec
Component: munge
--------------------------------------------------------------------------

--------------------------------------------------------------------------
A requested component was not found, or was unable to be opened.  This
means that this component is either not installed or is unable to be
used on your system (e.g., sometimes this means that shared libraries
that the component requires are unable to be found/loaded).  Note that
PMIx stopped checking at the first component that it did not find.

Host:      gh060
Framework: psec
Component: munge
--------------------------------------------------------------------------

[gh060:2731435] PMIX ERROR: ERROR in file ../../../../../../src/mca/gds/ds12/gds_ds12_lock_pthread.c at line 169
--------------------------------------------------------------------------
A requested component was not found, or was unable to be opened.  This
means that this component is either not installed or is unable to be
used on your system (e.g., sometimes this means that shared libraries
that the component requires are unable to be found/loaded).  Note that
PMIx stopped checking at the first component that it did not find.

Host:      gh046
Framework: psec
Component: munge
--------------------------------------------------------------------------

--------------------------------------------------------------------------
A requested component was not found, or was unable to be opened.  This
means that this component is either not installed or is unable to be
used on your system (e.g., sometimes this means that shared libraries
that the component requires are unable to be found/loaded).  Note that
PMIx stopped checking at the first component that it did not find.

Host:      gh046
Framework: psec
Component: munge
--------------------------------------------------------------------------

--------------------------------------------------------------------------
A requested component was not found, or was unable to be opened.  This
means that this component is either not installed or is unable to be
used on your system (e.g., sometimes this means that shared libraries
that the component requires are unable to be found/loaded).  Note that
PMIx stopped checking at the first component that it did not find.

Host:      gh054
Framework: psec
Component: munge
--------------------------------------------------------------------------

[gh046:1929470] PMIX ERROR: ERROR in file ../../../../../../src/mca/gds/ds12/gds_ds12_lock_pthread.c at line 169
--------------------------------------------------------------------------
A requested component was not found, or was unable to be opened.  This
means that this component is either not installed or is unable to be
used on your system (e.g., sometimes this means that shared libraries
that the component requires are unable to be found/loaded).  Note that
PMIx stopped checking at the first component that it did not find.

Host:      gh054
Framework: psec
Component: munge
--------------------------------------------------------------------------

--------------------------------------------------------------------------
A requested component was not found, or was unable to be opened.  This
means that this component is either not installed or is unable to be
used on your system (e.g., sometimes this means that shared libraries
that the component requires are unable to be found/loaded).  Note that
PMIx stopped checking at the first component that it did not find.

Host:      gh057
Framework: psec
Component: munge
--------------------------------------------------------------------------

[gh054:2743822] PMIX ERROR: ERROR in file ../../../../../../src/mca/gds/ds12/gds_ds12_lock_pthread.c at line 169
--------------------------------------------------------------------------
A requested component was not found, or was unable to be opened.  This
means that this component is either not installed or is unable to be
used on your system (e.g., sometimes this means that shared libraries
that the component requires are unable to be found/loaded).  Note that
PMIx stopped checking at the first component that it did not find.

Host:      gh057
Framework: psec
Component: munge
--------------------------------------------------------------------------

[gh057:2724956] PMIX ERROR: ERROR in file ../../../../../../src/mca/gds/ds12/gds_ds12_lock_pthread.c at line 169
HOST=gh053 CUDA_VISIBLE_DEVICES=0 SLURM_LOCALID=0 SLURM_PROCID=8
CUDART=/usr/local/cuda-12.4/targets/sbsa-linux/lib/libcudart.so.12
HOST=gh051 CUDA_VISIBLE_DEVICES=0 SLURM_LOCALID=0 SLURM_PROCID=6
CUDART=/usr/local/cuda-12.4/targets/sbsa-linux/lib/libcudart.so.12
--------------------------------------------------------------------------
A requested component was not found, or was unable to be opened.  This
means that this component is either not installed or is unable to be
used on your system (e.g., sometimes this means that shared libraries
that the component requires are unable to be found/loaded).  Note that
PMIx stopped checking at the first component that it did not find.

Host:      gh053
Framework: psec
Component: munge
--------------------------------------------------------------------------

--------------------------------------------------------------------------
A requested component was not found, or was unable to be opened.  This
means that this component is either not installed or is unable to be
used on your system (e.g., sometimes this means that shared libraries
that the component requires are unable to be found/loaded).  Note that
PMIx stopped checking at the first component that it did not find.

Host:      gh053
Framework: psec
Component: munge
--------------------------------------------------------------------------

[gh053:2732598] PMIX ERROR: ERROR in file ../../../../../../src/mca/gds/ds12/gds_ds12_lock_pthread.c at line 169
--------------------------------------------------------------------------
A requested component was not found, or was unable to be opened.  This
means that this component is either not installed or is unable to be
used on your system (e.g., sometimes this means that shared libraries
that the component requires are unable to be found/loaded).  Note that
PMIx stopped checking at the first component that it did not find.

Host:      gh051
Framework: psec
Component: munge
--------------------------------------------------------------------------

--------------------------------------------------------------------------
A requested component was not found, or was unable to be opened.  This
means that this component is either not installed or is unable to be
used on your system (e.g., sometimes this means that shared libraries
that the component requires are unable to be found/loaded).  Note that
PMIx stopped checking at the first component that it did not find.

Host:      gh051
Framework: psec
Component: munge
--------------------------------------------------------------------------

[gh051:2736726] PMIX ERROR: ERROR in file ../../../../../../src/mca/gds/ds12/gds_ds12_lock_pthread.c at line 169
NOTE from PE    0: MPP_DOMAINS_SET_STACK_SIZE: stack size set to    32768.
&MPP_IO_NML
 HEADER_BUFFER_VAL=16384      ,
 GLOBAL_FIELD_ON_ROOT_PE=T,
 IO_CLOCKS_ON=F,
 SHUFFLE=0          ,
 DEFLATE_LEVEL=-1         ,
 /
NOTE from PE    0: MPP_IO_SET_STACK_SIZE: stack size set to     131072.
NOTE from PE    0: MPP_DOMAINS_SET_STACK_SIZE: stack size set to   600000.
  starting            1  OpenMP threads per MPI-task
ATMOS MODEL DOMAIN DECOMPOSITION
  X-AXIS =  256
  Y-AXIS =    8   8   8   8   8   8   8   8   8   8   8   8   8   8   8   8
mean surface pressure=1000.0000 mb
PROFILE_FV_GPU_MAPPING rank=3 local_rank=0 device=0 visible_gpus=1 hostname=gh048 name="NVIDIA GH200 480GB" pci_bus_id=0009:01:00.0 policy=local_rank strict_unique=1 cuda_visible_devices=0
PROFILE_FV_GPU_MEMORY rank=3 device=0 free_before=101200953344 total=102005473280
PROFILE_FV_GPU_MAPPING rank=11 local_rank=0 device=0 visible_gpus=1 hostname=gh056 name="NVIDIA GH200 480GB" pci_bus_id=0009:01:00.0 policy=local_rank strict_unique=1 cuda_visible_devices=0
PROFILE_FV_GPU_MEMORY rank=11 device=0 free_before=101402935296 total=102005473280
PROFILE_FV_GPU_MAPPING rank=13 local_rank=0 device=0 visible_gpus=1 hostname=gh058 name="NVIDIA GH200 480GB" pci_bus_id=0009:01:00.0 policy=local_rank strict_unique=1 cuda_visible_devices=0
PROFILE_FV_GPU_MEMORY rank=13 device=0 free_before=101391007744 total=102005473280
PROFILE_FV_GPU_MAPPING rank=8 local_rank=0 device=0 visible_gpus=1 hostname=gh053 name="NVIDIA GH200 480GB" pci_bus_id=0009:01:00.0 policy=local_rank strict_unique=1 cuda_visible_devices=0
PROFILE_FV_GPU_MEMORY rank=8 device=0 free_before=101344542720 total=102005473280
PROFILE_FV_GPU_MAPPING rank=10 local_rank=0 device=0 visible_gpus=1 hostname=gh055 name="NVIDIA GH200 480GB" pci_bus_id=0009:01:00.0 policy=local_rank strict_unique=1 cuda_visible_devices=0
PROFILE_FV_GPU_MEMORY rank=10 device=0 free_before=101242961920 total=102005473280
PROFILE_FV_GPU_MAPPING rank=12 local_rank=0 device=0 visible_gpus=1 hostname=gh057 name="NVIDIA GH200 480GB" pci_bus_id=0009:01:00.0 policy=local_rank strict_unique=1 cuda_visible_devices=0
PROFILE_FV_GPU_MEMORY rank=12 device=0 free_before=101406146560 total=102005473280
PROFILE_FV_GPU_MAPPING rank=1 local_rank=0 device=0 visible_gpus=1 hostname=gh046 name="NVIDIA GH200 480GB" pci_bus_id=0009:01:00.0 policy=local_rank strict_unique=1 cuda_visible_devices=0
PROFILE_FV_GPU_MEMORY rank=1 device=0 free_before=101297553408 total=102005473280
PROFILE_FV_GPU_MAPPING rank=14 local_rank=0 device=0 visible_gpus=1 hostname=gh059 name="NVIDIA GH200 480GB" pci_bus_id=0009:01:00.0 policy=local_rank strict_unique=1 cuda_visible_devices=0
PROFILE_FV_GPU_MEMORY rank=14 device=0 free_before=100993925120 total=102005473280
PROFILE_FV_GPU_MAPPING rank=15 local_rank=0 device=0 visible_gpus=1 hostname=gh060 name="NVIDIA GH200 480GB" pci_bus_id=0009:01:00.0 policy=local_rank strict_unique=1 cuda_visible_devices=0
PROFILE_FV_GPU_MEMORY rank=15 device=0 free_before=97146306560 total=102005473280
PROFILE_FV_GPU_MAPPING rank=9 local_rank=0 device=0 visible_gpus=1 hostname=gh054 name="NVIDIA GH200 480GB" pci_bus_id=0009:01:00.0 policy=local_rank strict_unique=1 cuda_visible_devices=0
PROFILE_FV_GPU_MEMORY rank=9 device=0 free_before=101116805120 total=102005473280
PROFILE_FV_GPU_MAPPING rank=7 local_rank=0 device=0 visible_gpus=1 hostname=gh052 name="NVIDIA GH200 480GB" pci_bus_id=0009:01:00.0 policy=local_rank strict_unique=1 cuda_visible_devices=0
PROFILE_FV_GPU_MEMORY rank=7 device=0 free_before=99639951360 total=102005473280
PROFILE_FV_GPU_MAPPING rank=5 local_rank=0 device=0 visible_gpus=1 hostname=gh050 name="NVIDIA GH200 480GB" pci_bus_id=0009:01:00.0 policy=local_rank strict_unique=1 cuda_visible_devices=0
PROFILE_FV_GPU_MEMORY rank=5 device=0 free_before=101206720512 total=102005473280
PROFILE_FV_GPU_MAPPING rank=2 local_rank=0 device=0 visible_gpus=1 hostname=gh047 name="NVIDIA GH200 480GB" pci_bus_id=0009:01:00.0 policy=local_rank strict_unique=1 cuda_visible_devices=0
PROFILE_FV_GPU_MEMORY rank=2 device=0 free_before=101335302144 total=102005473280
PROFILE_FV_GPU_MAPPING rank=4 local_rank=0 device=0 visible_gpus=1 hostname=gh049 name="NVIDIA GH200 480GB" pci_bus_id=0009:01:00.0 policy=local_rank strict_unique=1 cuda_visible_devices=0
PROFILE_FV_GPU_MEMORY rank=4 device=0 free_before=101152718848 total=102005473280
PROFILE_FV_GPU_MAPPING rank=6 local_rank=0 device=0 visible_gpus=1 hostname=gh051 name="NVIDIA GH200 480GB" pci_bus_id=0009:01:00.0 policy=local_rank strict_unique=1 cuda_visible_devices=0
PROFILE_FV_GPU_MEMORY rank=6 device=0 free_before=101327831040 total=102005473280
PROFILE_FV_GPU_MAPPING rank=0 local_rank=0 device=0 visible_gpus=1 hostname=gh027 name="NVIDIA GH200 480GB" pci_bus_id=0009:01:00.0 policy=local_rank strict_unique=1 cuda_visible_devices=0
PROFILE_FV_GPU_MEMORY rank=0 device=0 free_before=101112086528 total=102005473280
 Integration completed through 2000 Jan  2   0: 0: 0
 Integration completed through 2000 Jan  3   0: 0: 0
 Integration completed through 2000 Jan  4   0: 0: 0
 Integration completed through 2000 Jan  5   0: 0: 0
 Integration completed through 2000 Jan  6   0: 0: 0
 Integration completed through 2000 Jan  7   0: 0: 0
 Integration completed through 2000 Jan  8   0: 0: 0
 Integration completed through 2000 Jan  9   0: 0: 0
 Integration completed through 2000 Jan 10   0: 0: 0
 Integration completed through 2000 Jan 11   0: 0: 0
 Integration completed through 2000 Jan 12   0: 0: 0
 Integration completed through 2000 Jan 13   0: 0: 0
 Integration completed through 2000 Jan 14   0: 0: 0
 Integration completed through 2000 Jan 15   0: 0: 0
 Integration completed through 2000 Jan 16   0: 0: 0
 Integration completed through 2000 Jan 17   0: 0: 0
 Integration completed through 2000 Jan 18   0: 0: 0
 Integration completed through 2000 Jan 19   0: 0: 0
 Integration completed through 2000 Jan 20   0: 0: 0
 Integration completed through 2000 Jan 21   0: 0: 0
 Integration completed through 2000 Jan 22   0: 0: 0
 Integration completed through 2000 Jan 23   0: 0: 0
 Integration completed through 2000 Jan 24   0: 0: 0
 Integration completed through 2000 Jan 25   0: 0: 0
 Integration completed through 2000 Jan 26   0: 0: 0
 Integration completed through 2000 Jan 27   0: 0: 0
 Integration completed through 2000 Jan 28   0: 0: 0
 Integration completed through 2000 Jan 29   0: 0: 0
 Integration completed through 2000 Jan 30   0: 0: 0
 Integration completed through 2000 Feb  1   0: 0: 0
NOTE from PE    0: MPP_IO_SET_STACK_SIZE: stack size set to     819200.
 MPP_DOMAINS_STACK high water mark=      102400

Tabulating mpp_clock statistics across     16 PEs...

                                          tmin          tmax          tavg          tstd  tfrac grain pemin pemax
Total runtime                       319.242142    319.242612    319.242331      0.000154  1.000     0     0    15
 MPP_STACK high water mark=           0
PROFILE_FV_ADVECTION_KERNEL backend=cuda_resident rank=unknown name=resident_advection_begin calls=8640 time=1.038440619 avg=1.201898865e-04
PROFILE_FV_ADVECTION_KERNEL backend=cuda_resident rank=unknown name=resident_advection_finish calls=8640 time=0.807533144 avg=9.346448426e-05
PROFILE_FV_ADVECTION_CUDA backend=cuda_resident rank=unknown calls=17280 allocation=0.000283969 h2d=0.951984993 kernel=0.260890016 sync=0.136231335 d2h=0.173749995 free=0.000000000 total=1.837082543
PROFILE_FV_ADVECTION_KERNEL backend=cuda_resident rank=unknown name=resident_advection_begin calls=8640 time=1.059309042 avg=1.226052132e-04
PROFILE_FV_ADVECTION_KERNEL backend=cuda_resident rank=unknown name=resident_advection_finish calls=8640 time=0.808218317 avg=9.354378669e-05
PROFILE_FV_ADVECTION_CUDA backend=cuda_resident rank=unknown calls=17280 allocation=0.000278177 h2d=0.962543543 kernel=0.258807648 sync=0.133921712 d2h=0.178273002 free=0.000000000 total=1.858324440
PROFILE_FV_ADVECTION_KERNEL backend=cuda_resident rank=unknown name=resident_advection_begin calls=8640 time=1.048909224 avg=1.214015306e-04
PROFILE_FV_ADVECTION_KERNEL backend=cuda_resident rank=unknown name=resident_advection_finish calls=8640 time=0.804444763 avg=9.310703275e-05
PROFILE_FV_ADVECTION_CUDA backend=cuda_resident rank=unknown calls=17280 allocation=0.000267712 h2d=0.948330624 kernel=0.256290720 sync=0.135085083 d2h=0.186886890 free=0.000000000 total=1.843341611
PROFILE_FV_ADVECTION_KERNEL backend=cuda_resident rank=unknown name=resident_advection_begin calls=8640 time=1.056784566 avg=1.223130285e-04
PROFILE_FV_ADVECTION_KERNEL backend=cuda_resident rank=unknown name=resident_advection_finish calls=8640 time=0.795304247 avg=9.204910266e-05
PROFILE_FV_ADVECTION_CUDA backend=cuda_resident rank=unknown calls=17280 allocation=0.000287681 h2d=0.945850149 kernel=0.263783424 sync=0.135224464 d2h=0.181669378 free=0.000000000 total=1.843428251
PROFILE_FV_ADVECTION_KERNEL backend=cuda_resident rank=unknown name=resident_advection_begin calls=8640 time=1.044177695 avg=1.208538999e-04
PROFILE_FV_ADVECTION_KERNEL backend=cuda_resident rank=unknown name=resident_advection_finish calls=8640 time=0.777945725 avg=9.004001447e-05
PROFILE_FV_ADVECTION_CUDA backend=cuda_resident rank=unknown calls=17280 allocation=0.000295362 h2d=0.929824877 kernel=0.254728160 sync=0.134141574 d2h=0.180588933 free=0.000000000 total=1.814028054
PROFILE_FV_ADVECTION_KERNEL backend=cuda_resident rank=unknown name=resident_advection_begin calls=8640 time=1.050960352 avg=1.216389296e-04
PROFILE_FV_ADVECTION_KERNEL backend=cuda_resident rank=unknown name=resident_advection_finish calls=8640 time=0.799233520 avg=9.250387963e-05
PROFILE_FV_ADVECTION_CUDA backend=cuda_resident rank=unknown calls=17280 allocation=0.000287009 h2d=0.948558801 kernel=0.260734624 sync=0.129269639 d2h=0.180129153 free=0.000000000 total=1.840350880
PROFILE_FV_ADVECTION_KERNEL backend=cuda_resident rank=unknown name=resident_advection_begin calls=8640 time=1.069450155 avg=1.237789531e-04
PROFILE_FV_ADVECTION_KERNEL backend=cuda_resident rank=unknown name=resident_advection_finish calls=8640 time=0.797673873 avg=9.232336493e-05
PROFILE_FV_ADVECTION_CUDA backend=cuda_resident rank=unknown calls=17280 allocation=0.000414657 h2d=0.953876528 kernel=0.258854688 sync=0.125858066 d2h=0.179383305 free=0.000000000 total=1.858096031
PROFILE_FV_ADVECTION_KERNEL backend=cuda_resident rank=unknown name=resident_advection_begin calls=8640 time=1.056126557 avg=1.222368700e-04
PROFILE_FV_ADVECTION_KERNEL backend=cuda_resident rank=unknown name=resident_advection_finish calls=8640 time=0.798514763 avg=9.242069016e-05
PROFILE_FV_ADVECTION_CUDA backend=cuda_resident rank=unknown calls=17280 allocation=0.000280066 h2d=0.954175307 kernel=0.259419488 sync=0.135779180 d2h=0.179349756 free=0.000000000 total=1.846413010
PROFILE_FV_ADVECTION_KERNEL backend=cuda_resident rank=unknown name=resident_advection_begin calls=8640 time=1.063356254 avg=1.230736405e-04
PROFILE_FV_ADVECTION_KERNEL backend=cuda_resident rank=unknown name=resident_advection_finish calls=8640 time=0.795687873 avg=9.209350382e-05
PROFILE_FV_ADVECTION_CUDA backend=cuda_resident rank=unknown calls=17280 allocation=0.000279392 h2d=0.947399771 kernel=0.258379104 sync=0.131012956 d2h=0.180622940 free=0.000000000 total=1.849042527
PROFILE_FV_ADVECTION_KERNEL backend=cuda_resident rank=unknown name=resident_advection_begin calls=8640 time=1.059846111 avg=1.226673740e-04
PROFILE_FV_ADVECTION_KERNEL backend=cuda_resident rank=unknown name=resident_advection_finish calls=8640 time=0.811772695 avg=9.395517303e-05
PROFILE_FV_ADVECTION_CUDA backend=cuda_resident rank=unknown calls=17280 allocation=0.000283584 h2d=0.960381600 kernel=0.260396704 sync=0.133117351 d2h=0.183391936 free=0.000000000 total=1.861733469
PROFILE_FV_ADVECTION_KERNEL backend=cuda_resident rank=unknown name=resident_advection_begin calls=8640 time=1.049296509 avg=1.214463552e-04
PROFILE_FV_ADVECTION_KERNEL backend=cuda_resident rank=unknown name=resident_advection_finish calls=8640 time=0.781203313 avg=9.041705012e-05
PROFILE_FV_ADVECTION_CUDA backend=cuda_resident rank=unknown calls=17280 allocation=0.000287969 h2d=0.936220259 kernel=0.255898400 sync=0.131907340 d2h=0.184488363 free=0.000000000 total=1.822141365
PROFILE_FV_ADVECTION_KERNEL backend=cuda_resident rank=unknown name=resident_advection_begin calls=8640 time=1.054947457 avg=1.221004001e-04
PROFILE_FV_ADVECTION_KERNEL backend=cuda_resident rank=unknown name=resident_advection_finish calls=8640 time=0.800270000 avg=9.262384259e-05
PROFILE_FV_ADVECTION_CUDA backend=cuda_resident rank=unknown calls=17280 allocation=0.000272704 h2d=0.948208656 kernel=0.254199456 sync=0.131581727 d2h=0.186993013 free=0.000000000 total=1.846346330
PROFILE_FV_ADVECTION_KERNEL backend=cuda_resident rank=unknown name=resident_advection_begin calls=8640 time=1.033176177 avg=1.195805760e-04
PROFILE_FV_ADVECTION_KERNEL backend=cuda_resident rank=unknown name=resident_advection_finish calls=8640 time=0.785755008 avg=9.094386667e-05
PROFILE_FV_ADVECTION_CUDA backend=cuda_resident rank=unknown calls=17280 allocation=0.000266690 h2d=0.935613993 kernel=0.252644416 sync=0.134676093 d2h=0.174355011 free=0.000000000 total=1.809874546
PROFILE_FV_ADVECTION_KERNEL backend=cuda_resident rank=unknown name=resident_advection_begin calls=8640 time=1.065729316 avg=1.233483005e-04
PROFILE_FV_ADVECTION_KERNEL backend=cuda_resident rank=unknown name=resident_advection_finish calls=8640 time=0.793555887 avg=9.184674618e-05
PROFILE_FV_ADVECTION_CUDA backend=cuda_resident rank=unknown calls=17280 allocation=0.000284768 h2d=0.949070123 kernel=0.252680128 sync=0.129810685 d2h=0.182497531 free=0.000000000 total=1.850358611
PROFILE_FV_ADVECTION_KERNEL backend=cuda_resident rank=unknown name=resident_advection_begin calls=8640 time=1.032699308 avg=1.195253829e-04
PROFILE_FV_ADVECTION_KERNEL backend=cuda_resident rank=unknown name=resident_advection_finish calls=8640 time=0.787583328 avg=9.115547778e-05
PROFILE_FV_ADVECTION_CUDA backend=cuda_resident rank=unknown calls=17280 allocation=0.000272130 h2d=0.931319819 kernel=0.253339232 sync=0.129530217 d2h=0.180439233 free=0.000000000 total=1.811948192
PROFILE_FV_ADVECTION_KERNEL backend=cuda_resident rank=unknown name=resident_advection_begin calls=8640 time=1.040752647 avg=1.204574823e-04
PROFILE_FV_ADVECTION_KERNEL backend=cuda_resident rank=unknown name=resident_advection_finish calls=8640 time=0.795107615 avg=9.202634433e-05
PROFILE_FV_ADVECTION_CUDA backend=cuda_resident rank=unknown calls=17280 allocation=0.000276674 h2d=0.937329780 kernel=0.258795936 sync=0.136720994 d2h=0.182831013 free=0.000000000 total=1.827462292
