=== Held-Suarez resident CUDA FV boundary: 1-day smoke ===
start_timestamp=2026-07-14T11:42:14-04:00
CONTAINER=/lscratch/jli30/isca-sandbox
GFDL_BASE=/explore/nobackup/people/jli30/workspace/GFDL_atmos_cubed_sphere
GFDL_WORK=/explore/nobackup/people/jli30/SystemTesting/Isca/isca_work
GFDL_DATA=/explore/nobackup/people/jli30/SystemTesting/Isca/isca_data
executable=held_suarez_fv_kernels_cuda.x
experiment=held_suarez_fv_kernels_cuda_resident_1day
FV_KERNELS_CUDA_MODE=resident
FV_KERNELS_PROFILE=1
FV_KERNELS_OVERWRITE=1
INFO:    Environment variable SINGULARITY_TMPDIR is set, but APPTAINER_TMPDIR is preferred
container_arch=aarch64
gpu_status:
GPU 0: NVIDIA GH200 480GB (UUID: GPU-f7925747-6465-e06d-101f-f03a46c0483a)
2026-07-14 11:42:14,799 - isca - WARNING - Environment variable GFDL_SOC not set, but this is only required if using SocratesCodebase. Setting to None
2026-07-14 11:42:14,896 - isca - INFO - RRTM compilation disabled.
2026-07-14 11:42:14,896 - isca - INFO - SOCRATES compilation disabled.
2026-07-14 11:42:14,900 - isca - INFO - RRTM compilation disabled.
2026-07-14 11:42:14,900 - isca - INFO - SOCRATES compilation disabled.
2026-07-14 11:42:14,916 - isca - INFO - Emptied run directory '/explore/nobackup/people/jli30/SystemTesting/Isca/isca_work/experiment/held_suarez_fv_kernels_cuda_resident_1day/run'
2026-07-14 11:42:14,922 - isca - WARNING - Data for run 1 already exists and overwrite_data is True. Overwriting.
2026-07-14 11:42:15,438 - isca - INFO - Writing namelist to '/explore/nobackup/people/jli30/SystemTesting/Isca/isca_work/experiment/held_suarez_fv_kernels_cuda_resident_1day/run/input.nml'
2026-07-14 11:42:15,442 - isca - INFO - Writing field_table to '/explore/nobackup/people/jli30/SystemTesting/Isca/isca_work/experiment/held_suarez_fv_kernels_cuda_resident_1day/run/field_table'
2026-07-14 11:42:15,468 - isca - INFO - Writing diag_table to '/explore/nobackup/people/jli30/SystemTesting/Isca/isca_work/experiment/held_suarez_fv_kernels_cuda_resident_1day/run/diag_table'
2026-07-14 11:42:15,471 - isca - INFO - Running without restart file
2026-07-14 11:42:15,476 - isca - INFO - Beginning run 1
2026-07-14 11:42:15,478 - isca - INFO - process running as 3764593
2026-07-14 11:42:15,478 - isca - DEBUG - Loading hybrid ubuntu-conda environment
2026-07-14 11:42:15,478 - isca - DEBUG - Loading basic ubuntu-conda environment
2026-07-14 11:42:16,262 - isca - DEBUG - NOTE from PE    0: MPP_DOMAINS_SET_STACK_SIZE: stack size set to    32768.
2026-07-14 11:42:16,262 - isca - DEBUG - &MPP_IO_NML
2026-07-14 11:42:16,262 - isca - DEBUG - HEADER_BUFFER_VAL=16384      ,
2026-07-14 11:42:16,262 - isca - DEBUG - GLOBAL_FIELD_ON_ROOT_PE=T,
2026-07-14 11:42:16,262 - isca - DEBUG - IO_CLOCKS_ON=F,
2026-07-14 11:42:16,262 - isca - DEBUG - SHUFFLE=0          ,
2026-07-14 11:42:16,262 - isca - DEBUG - DEFLATE_LEVEL=-1         ,
2026-07-14 11:42:16,262 - isca - DEBUG - /
2026-07-14 11:42:16,262 - isca - DEBUG - NOTE from PE    0: MPP_IO_SET_STACK_SIZE: stack size set to     131072.
2026-07-14 11:42:16,273 - isca - DEBUG - NOTE from PE    0: MPP_DOMAINS_SET_STACK_SIZE: stack size set to   600000.
2026-07-14 11:42:16,278 - isca - DEBUG - starting            1  OpenMP threads per MPI-task
2026-07-14 11:42:16,279 - isca - DEBUG - ATMOS MODEL DOMAIN DECOMPOSITION
2026-07-14 11:42:16,279 - isca - DEBUG - X-AXIS =  128
2026-07-14 11:42:16,279 - isca - DEBUG - Y-AXIS =    4   4   4   4   4   4   4   4   4   4   4   4   4   4   4   4
2026-07-14 11:42:16,282 - isca - DEBUG - mean surface pressure=1000.0000 mb
2026-07-14 11:42:19,723 - isca - DEBUG - Integration completed through 2000 Jan  2   0: 0: 0
2026-07-14 11:42:19,729 - isca - DEBUG - NOTE from PE    0: Potential error in diag_manager_end: ps NOT available, check if output interval > runlength. Netcdf fill_values are written
2026-07-14 11:42:19,793 - isca - DEBUG - NOTE from PE    0: Potential error in diag_manager_end: ucomp NOT available, check if output interval > runlength. Netcdf fill_values are written
2026-07-14 11:42:19,793 - isca - DEBUG - NOTE from PE    0: Potential error in diag_manager_end: vcomp NOT available, check if output interval > runlength. Netcdf fill_values are written
2026-07-14 11:42:19,793 - isca - DEBUG - NOTE from PE    0: Potential error in diag_manager_end: temp NOT available, check if output interval > runlength. Netcdf fill_values are written
2026-07-14 11:42:19,793 - isca - DEBUG - NOTE from PE    0: Potential error in diag_manager_end: vor NOT available, check if output interval > runlength. Netcdf fill_values are written
2026-07-14 11:42:19,793 - isca - DEBUG - NOTE from PE    0: Potential error in diag_manager_end: div NOT available, check if output interval > runlength. Netcdf fill_values are written
2026-07-14 11:42:19,800 - isca - DEBUG - NOTE from PE    0: MPP_IO_SET_STACK_SIZE: stack size set to     204800.
2026-07-14 11:42:19,869 - isca - DEBUG - MPP_DOMAINS_STACK high water mark=       25600
2026-07-14 11:42:19,870 - isca - DEBUG - 
2026-07-14 11:42:19,870 - isca - DEBUG - Tabulating mpp_clock statistics across     16 PEs...
2026-07-14 11:42:19,870 - isca - DEBUG - 
2026-07-14 11:42:19,870 - isca - DEBUG - tmin          tmax          tavg          tstd  tfrac grain pemin pemax
2026-07-14 11:42:19,870 - isca - DEBUG - Total runtime                         3.607614      3.607714      3.607707      0.000024  1.000     0     0    15
2026-07-14 11:42:19,870 - isca - DEBUG - MPP_STACK high water mark=           0
2026-07-14 11:42:19,936 - isca - DEBUG - PROFILE_FV_ADVECTION_KERNEL backend=cuda_resident rank=5 name=resident_advection_begin calls=144 time=2.054208560 avg=1.426533722e-02
2026-07-14 11:42:19,937 - isca - DEBUG - PROFILE_FV_ADVECTION_KERNEL backend=cuda_resident rank=5 name=resident_advection_finish calls=144 time=0.240823309 avg=1.672384090e-03
2026-07-14 11:42:19,937 - isca - DEBUG - PROFILE_FV_ADVECTION_CUDA backend=cuda_resident rank=5 calls=288 allocation=1.363756291 h2d=0.054131115 kernel=0.405043008 sync=0.406971227 d2h=0.003633582 free=0.000000000 total=2.294894909
2026-07-14 11:42:19,937 - isca - DEBUG - PROFILE_FV_ADVECTION_KERNEL backend=cuda_resident rank=14 name=resident_advection_begin calls=144 time=2.051053002 avg=1.424342363e-02
2026-07-14 11:42:19,937 - isca - DEBUG - PROFILE_FV_ADVECTION_KERNEL backend=cuda_resident rank=14 name=resident_advection_finish calls=144 time=0.240739786 avg=1.671804069e-03
2026-07-14 11:42:19,937 - isca - DEBUG - PROFILE_FV_ADVECTION_CUDA backend=cuda_resident rank=14 calls=288 allocation=1.301519410 h2d=0.055416065 kernel=0.401663744 sync=0.402994429 d2h=0.003131111 free=0.000000000 total=2.291653044
2026-07-14 11:42:19,937 - isca - DEBUG - PROFILE_FV_ADVECTION_KERNEL backend=cuda_resident rank=3 name=resident_advection_begin calls=144 time=1.999310352 avg=1.388409967e-02
2026-07-14 11:42:19,937 - isca - DEBUG - PROFILE_FV_ADVECTION_KERNEL backend=cuda_resident rank=3 name=resident_advection_finish calls=144 time=0.231006003 avg=1.604208354e-03
2026-07-14 11:42:19,937 - isca - DEBUG - PROFILE_FV_ADVECTION_CUDA backend=cuda_resident rank=3 calls=288 allocation=1.396022494 h2d=0.046940812 kernel=0.346276703 sync=0.353098701 d2h=0.003823720 free=0.000000000 total=2.230173923
2026-07-14 11:42:19,937 - isca - DEBUG - PROFILE_FV_ADVECTION_KERNEL backend=cuda_resident rank=0 name=resident_advection_begin calls=144 time=1.988164854 avg=1.380670037e-02
2026-07-14 11:42:19,937 - isca - DEBUG - PROFILE_FV_ADVECTION_KERNEL backend=cuda_resident rank=0 name=resident_advection_finish calls=144 time=0.251535983 avg=1.746777660e-03
2026-07-14 11:42:19,937 - isca - DEBUG - PROFILE_FV_ADVECTION_CUDA backend=cuda_resident rank=0 calls=288 allocation=1.345463311 h2d=0.050163668 kernel=0.357516320 sync=0.361657250 d2h=0.003565035 free=0.000000000 total=2.239561219
2026-07-14 11:42:19,937 - isca - DEBUG - PROFILE_FV_ADVECTION_KERNEL backend=cuda_resident rank=7 name=resident_advection_begin calls=144 time=2.005906957 avg=1.392990942e-02
2026-07-14 11:42:19,937 - isca - DEBUG - PROFILE_FV_ADVECTION_KERNEL backend=cuda_resident rank=7 name=resident_advection_finish calls=144 time=0.154865169 avg=1.075452563e-03
2026-07-14 11:42:19,937 - isca - DEBUG - PROFILE_FV_ADVECTION_CUDA backend=cuda_resident rank=7 calls=288 allocation=1.385198688 h2d=0.055705281 kernel=0.259945152 sync=0.262124167 d2h=0.003518636 free=0.000000000 total=2.160639453
2026-07-14 11:42:19,937 - isca - DEBUG - PROFILE_FV_ADVECTION_KERNEL backend=cuda_resident rank=4 name=resident_advection_begin calls=144 time=2.042741230 avg=1.418570299e-02
2026-07-14 11:42:19,937 - isca - DEBUG - PROFILE_FV_ADVECTION_KERNEL backend=cuda_resident rank=4 name=resident_advection_finish calls=144 time=0.239109678 avg=1.660483875e-03
2026-07-14 11:42:19,937 - isca - DEBUG - PROFILE_FV_ADVECTION_CUDA backend=cuda_resident rank=4 calls=288 allocation=1.336021364 h2d=0.053946377 kernel=0.380348256 sync=0.383949951 d2h=0.003351493 free=0.000000000 total=2.281711194
2026-07-14 11:42:19,952 - isca - DEBUG - PROFILE_FV_ADVECTION_KERNEL backend=cuda_resident rank=10 name=resident_advection_begin calls=144 time=2.119870921 avg=1.472132584e-02
2026-07-14 11:42:19,952 - isca - DEBUG - PROFILE_FV_ADVECTION_KERNEL backend=cuda_resident rank=10 name=resident_advection_finish calls=144 time=0.310017810 avg=2.152901458e-03
2026-07-14 11:42:19,952 - isca - DEBUG - PROFILE_FV_ADVECTION_CUDA backend=cuda_resident rank=10 calls=288 allocation=1.367274157 h2d=0.055941193 kernel=0.527843552 sync=0.530967963 d2h=0.003398028 free=0.000000000 total=2.429749627
2026-07-14 11:42:19,952 - isca - DEBUG - PROFILE_FV_ADVECTION_KERNEL backend=cuda_resident rank=12 name=resident_advection_begin calls=144 time=2.015516356 avg=1.399664136e-02
2026-07-14 11:42:19,952 - isca - DEBUG - PROFILE_FV_ADVECTION_KERNEL backend=cuda_resident rank=12 name=resident_advection_finish calls=144 time=0.271681468 avg=1.886676861e-03
2026-07-14 11:42:19,952 - isca - DEBUG - PROFILE_FV_ADVECTION_CUDA backend=cuda_resident rank=12 calls=288 allocation=1.386177378 h2d=0.050677208 kernel=0.404005600 sync=0.407180516 d2h=0.003105163 free=0.000000000 total=2.287056320
2026-07-14 11:42:19,952 - isca - DEBUG - PROFILE_FV_ADVECTION_KERNEL backend=cuda_resident rank=2 name=resident_advection_begin calls=144 time=1.971365163 avg=1.369003585e-02
2026-07-14 11:42:19,952 - isca - DEBUG - PROFILE_FV_ADVECTION_KERNEL backend=cuda_resident rank=2 name=resident_advection_finish calls=144 time=0.184621035 avg=1.282090521e-03
2026-07-14 11:42:19,952 - isca - DEBUG - PROFILE_FV_ADVECTION_CUDA backend=cuda_resident rank=2 calls=288 allocation=1.418490110 h2d=0.047070061 kernel=0.260973599 sync=0.266014071 d2h=0.003355978 free=0.000000000 total=2.155845494
2026-07-14 11:42:19,952 - isca - DEBUG - PROFILE_FV_ADVECTION_KERNEL backend=cuda_resident rank=11 name=resident_advection_begin calls=144 time=2.017682349 avg=1.401168298e-02
2026-07-14 11:42:19,952 - isca - DEBUG - PROFILE_FV_ADVECTION_KERNEL backend=cuda_resident rank=11 name=resident_advection_finish calls=144 time=0.257146201 avg=1.785737507e-03
2026-07-14 11:42:19,952 - isca - DEBUG - PROFILE_FV_ADVECTION_CUDA backend=cuda_resident rank=11 calls=288 allocation=1.421161222 h2d=0.051194779 kernel=0.399688352 sync=0.403964286 d2h=0.004239117 free=0.000000000 total=2.274691238
2026-07-14 11:42:19,979 - isca - DEBUG - PROFILE_FV_ADVECTION_KERNEL backend=cuda_resident rank=9 name=resident_advection_begin calls=144 time=1.971677551 avg=1.369220522e-02
2026-07-14 11:42:19,979 - isca - DEBUG - PROFILE_FV_ADVECTION_KERNEL backend=cuda_resident rank=9 name=resident_advection_finish calls=144 time=0.207767119 avg=1.442827215e-03
2026-07-14 11:42:19,979 - isca - DEBUG - PROFILE_FV_ADVECTION_CUDA backend=cuda_resident rank=9 calls=288 allocation=1.391605234 h2d=0.051910720 kernel=0.294854047 sync=0.298185483 d2h=0.003264686 free=0.000000000 total=2.179300382
2026-07-14 11:42:19,980 - isca - DEBUG - PROFILE_FV_ADVECTION_KERNEL backend=cuda_resident rank=6 name=resident_advection_begin calls=144 time=2.090839195 avg=1.451971663e-02
2026-07-14 11:42:19,980 - isca - DEBUG - PROFILE_FV_ADVECTION_KERNEL backend=cuda_resident rank=6 name=resident_advection_finish calls=144 time=0.268870523 avg=1.867156410e-03
2026-07-14 11:42:19,980 - isca - DEBUG - PROFILE_FV_ADVECTION_CUDA backend=cuda_resident rank=6 calls=288 allocation=1.418657471 h2d=0.056712912 kernel=0.470973055 sync=0.472886777 d2h=0.003508713 free=0.000000000 total=2.359570422
2026-07-14 11:42:19,981 - isca - DEBUG - PROFILE_FV_ADVECTION_KERNEL backend=cuda_resident rank=15 name=resident_advection_begin calls=144 time=2.026133031 avg=1.407036827e-02
2026-07-14 11:42:19,981 - isca - DEBUG - PROFILE_FV_ADVECTION_KERNEL backend=cuda_resident rank=15 name=resident_advection_finish calls=144 time=0.293290206 avg=2.036737542e-03
2026-07-14 11:42:19,981 - isca - DEBUG - PROFILE_FV_ADVECTION_CUDA backend=cuda_resident rank=15 calls=288 allocation=1.380706068 h2d=0.054903869 kernel=0.419300737 sync=0.418880995 d2h=0.004534545 free=0.000000000 total=2.319294853
2026-07-14 11:42:19,982 - isca - DEBUG - PROFILE_FV_ADVECTION_KERNEL backend=cuda_resident rank=8 name=resident_advection_begin calls=144 time=2.098255149 avg=1.457121631e-02
2026-07-14 11:42:19,982 - isca - DEBUG - PROFILE_FV_ADVECTION_KERNEL backend=cuda_resident rank=8 name=resident_advection_finish calls=144 time=0.295940809 avg=2.055144507e-03
2026-07-14 11:42:19,982 - isca - DEBUG - PROFILE_FV_ADVECTION_CUDA backend=cuda_resident rank=8 calls=288 allocation=1.415526614 h2d=0.053826906 kernel=0.503655551 sync=0.506632348 d2h=0.003272397 free=0.000000000 total=2.394061302
2026-07-14 11:42:20,000 - isca - DEBUG - PROFILE_FV_ADVECTION_KERNEL backend=cuda_resident rank=13 name=resident_advection_begin calls=144 time=2.067809438 avg=1.435978776e-02
2026-07-14 11:42:20,000 - isca - DEBUG - PROFILE_FV_ADVECTION_KERNEL backend=cuda_resident rank=13 name=resident_advection_finish calls=144 time=0.260303584 avg=1.807663778e-03
2026-07-14 11:42:20,000 - isca - DEBUG - PROFILE_FV_ADVECTION_CUDA backend=cuda_resident rank=13 calls=288 allocation=1.378914670 h2d=0.048132332 kernel=0.448859232 sync=0.451042881 d2h=0.003163244 free=0.000000000 total=2.327978718
2026-07-14 11:42:20,000 - isca - DEBUG - PROFILE_FV_ADVECTION_KERNEL backend=cuda_resident rank=1 name=resident_advection_begin calls=144 time=2.081778848 avg=1.445679756e-02
2026-07-14 11:42:20,000 - isca - DEBUG - PROFILE_FV_ADVECTION_KERNEL backend=cuda_resident rank=1 name=resident_advection_finish calls=144 time=0.312436472 avg=2.169697722e-03
2026-07-14 11:42:20,000 - isca - DEBUG - PROFILE_FV_ADVECTION_CUDA backend=cuda_resident rank=1 calls=288 allocation=1.311278671 h2d=0.054369215 kernel=0.492389504 sync=0.496833093 d2h=0.003621994 free=0.000000000 total=2.394075415
2026-07-14 11:42:20,889 - isca - INFO - Run 1 complete
2026-07-14 11:42:20,985 - isca - DEBUG - atmos_monthly.nc combined and copied to data directory
2026-07-14 11:42:23,437 - isca - INFO - Restart archive created at /explore/nobackup/people/jli30/SystemTesting/Isca/isca_data/held_suarez_fv_kernels_cuda_resident_1day/restarts/res0001.tar.gz
2026-07-14 11:42:23,441 - isca - INFO - Writing namelist to '/explore/nobackup/people/jli30/SystemTesting/Isca/isca_data/held_suarez_fv_kernels_cuda_resident_1day/run0001/input.nml'
2026-07-14 11:42:23,445 - isca - INFO - Writing field_table to '/explore/nobackup/people/jli30/SystemTesting/Isca/isca_data/held_suarez_fv_kernels_cuda_resident_1day/run0001/field_table'
2026-07-14 11:42:23,450 - isca - INFO - Writing diag_table to '/explore/nobackup/people/jli30/SystemTesting/Isca/isca_data/held_suarez_fv_kernels_cuda_resident_1day/run0001/diag_table'
2026-07-14 11:42:23,533 - isca - INFO - Emptied run directory '/explore/nobackup/people/jli30/SystemTesting/Isca/isca_work/experiment/held_suarez_fv_kernels_cuda_resident_1day/run'
GFDL_BASE = /explore/nobackup/people/jli30/workspace/GFDL_atmos_cubed_sphere
GFDL_WORK = /explore/nobackup/people/jli30/SystemTesting/Isca/isca_work
GFDL_DATA = /explore/nobackup/people/jli30/SystemTesting/Isca/isca_data
Experiment = held_suarez_fv_kernels_cuda_resident_1day
Data dir = /explore/nobackup/people/jli30/SystemTesting/Isca/isca_data/held_suarez_fv_kernels_cuda_resident_1day
Run dir = /explore/nobackup/people/jli30/SystemTesting/Isca/isca_work/experiment/held_suarez_fv_kernels_cuda_resident_1day/run
Executable = /explore/nobackup/people/jli30/SystemTesting/Isca/isca_work/codebase/_explore_nobackup_people_jli30_workspace_GFDL_atmos_cubed_sphere/build/held_suarez_fv_kernels_cuda/held_suarez_fv_kernels_cuda.x
Days = 1
dt_atmos = 600
num_cores = 16
production_diag = True

real	0m8.777s
user	0m25.349s
sys	0m18.159s
end_timestamp=2026-07-14T11:42:23-04:00
output=/explore/nobackup/people/jli30/SystemTesting/Isca/isca_data/held_suarez_fv_kernels_cuda_resident_1day/run0001
log=/explore/nobackup/people/jli30/workspace/GFDL_atmos_cubed_sphere/logs/fv_kernels_cuda_resident_1day.log
