INFO:    Environment variable SINGULARITY_TMPDIR is set, but APPTAINER_TMPDIR is preferred
Loading hybrid ubuntu-conda environment
Loading basic ubuntu-conda environment
HOST=gh016 CUDA_VISIBLE_DEVICES=0 SLURM_LOCALID=0
--------------------------------------------------------------------------
A requested component was not found, or was unable to be opened.  This
means that this component is either not installed or is unable to be
used on your system (e.g., sometimes this means that shared libraries
that the component requires are unable to be found/loaded).  Note that
PMIx stopped checking at the first component that it did not find.

Host:      gh016
Framework: psec
Component: munge
--------------------------------------------------------------------------

--------------------------------------------------------------------------
A requested component was not found, or was unable to be opened.  This
means that this component is either not installed or is unable to be
used on your system (e.g., sometimes this means that shared libraries
that the component requires are unable to be found/loaded).  Note that
PMIx stopped checking at the first component that it did not find.

Host:      gh016
Framework: psec
Component: munge
--------------------------------------------------------------------------

[gh016:2593712] PMIX ERROR: ERROR in file ../../../../../../src/mca/gds/ds12/gds_ds12_lock_pthread.c at line 169
INFO:    Environment variable SINGULARITY_TMPDIR is set, but APPTAINER_TMPDIR is preferred
INFO:    Environment variable SINGULARITY_TMPDIR is set, but APPTAINER_TMPDIR is preferred
INFO:    Environment variable SINGULARITY_TMPDIR is set, but APPTAINER_TMPDIR is preferred
Loading hybrid ubuntu-conda environment
Loading basic ubuntu-conda environment
Loading hybrid ubuntu-conda environment
Loading basic ubuntu-conda environment
HOST=gh018 CUDA_VISIBLE_DEVICES=0 SLURM_LOCALID=0
HOST=gh019 CUDA_VISIBLE_DEVICES=0 SLURM_LOCALID=0
--------------------------------------------------------------------------
A requested component was not found, or was unable to be opened.  This
means that this component is either not installed or is unable to be
used on your system (e.g., sometimes this means that shared libraries
that the component requires are unable to be found/loaded).  Note that
PMIx stopped checking at the first component that it did not find.

Host:      gh018
Framework: psec
Component: munge
--------------------------------------------------------------------------

--------------------------------------------------------------------------
A requested component was not found, or was unable to be opened.  This
means that this component is either not installed or is unable to be
used on your system (e.g., sometimes this means that shared libraries
that the component requires are unable to be found/loaded).  Note that
PMIx stopped checking at the first component that it did not find.

Host:      gh018
Framework: psec
Component: munge
--------------------------------------------------------------------------

[gh018:2565006] PMIX ERROR: ERROR in file ../../../../../../src/mca/gds/ds12/gds_ds12_lock_pthread.c at line 169
--------------------------------------------------------------------------
A requested component was not found, or was unable to be opened.  This
means that this component is either not installed or is unable to be
used on your system (e.g., sometimes this means that shared libraries
that the component requires are unable to be found/loaded).  Note that
PMIx stopped checking at the first component that it did not find.

Host:      gh019
Framework: psec
Component: munge
--------------------------------------------------------------------------

--------------------------------------------------------------------------
A requested component was not found, or was unable to be opened.  This
means that this component is either not installed or is unable to be
used on your system (e.g., sometimes this means that shared libraries
that the component requires are unable to be found/loaded).  Note that
PMIx stopped checking at the first component that it did not find.

Host:      gh019
Framework: psec
Component: munge
--------------------------------------------------------------------------

[gh019:2224214] PMIX ERROR: ERROR in file ../../../../../../src/mca/gds/ds12/gds_ds12_lock_pthread.c at line 169
Loading hybrid ubuntu-conda environment
Loading basic ubuntu-conda environment
HOST=gh017 CUDA_VISIBLE_DEVICES=0 SLURM_LOCALID=0
--------------------------------------------------------------------------
A requested component was not found, or was unable to be opened.  This
means that this component is either not installed or is unable to be
used on your system (e.g., sometimes this means that shared libraries
that the component requires are unable to be found/loaded).  Note that
PMIx stopped checking at the first component that it did not find.

Host:      gh017
Framework: psec
Component: munge
--------------------------------------------------------------------------

--------------------------------------------------------------------------
A requested component was not found, or was unable to be opened.  This
means that this component is either not installed or is unable to be
used on your system (e.g., sometimes this means that shared libraries
that the component requires are unable to be found/loaded).  Note that
PMIx stopped checking at the first component that it did not find.

Host:      gh017
Framework: psec
Component: munge
--------------------------------------------------------------------------

[gh017:1946856] PMIX ERROR: ERROR in file ../../../../../../src/mca/gds/ds12/gds_ds12_lock_pthread.c at line 169
NOTE from PE    0: MPP_DOMAINS_SET_STACK_SIZE: stack size set to    32768.
&MPP_IO_NML
 HEADER_BUFFER_VAL=16384      ,
 GLOBAL_FIELD_ON_ROOT_PE=T,
 IO_CLOCKS_ON=F,
 SHUFFLE=0          ,
 DEFLATE_LEVEL=-1         ,
 /
NOTE from PE    0: MPP_IO_SET_STACK_SIZE: stack size set to     131072.
NOTE from PE    0: MPP_DOMAINS_SET_STACK_SIZE: stack size set to   600000.
  starting            1  OpenMP threads per MPI-task
ATMOS MODEL DOMAIN DECOMPOSITION
  X-AXIS =  128
  Y-AXIS =   16  16  16  16
mean surface pressure=1000.0000 mb
PROFILE_FV_GPU_MAPPING rank=0 local_rank=0 device=0 visible_gpus=1 hostname=gh016 name="NVIDIA GH200 480GB" pci_bus_id=0009:01:00.0 policy=local_rank strict_unique=1 cuda_visible_devices=0
PROFILE_FV_GPU_MEMORY rank=0 device=0 free_before=101420302336 total=102005473280
PROFILE_FV_GPU_MAPPING rank=1 local_rank=0 device=0 visible_gpus=1 hostname=gh017 name="NVIDIA GH200 480GB" pci_bus_id=0009:01:00.0 policy=local_rank strict_unique=1 cuda_visible_devices=0
PROFILE_FV_GPU_MEMORY rank=1 device=0 free_before=101414338560 total=102005473280
PROFILE_FV_GPU_MAPPING rank=2 local_rank=0 device=0 visible_gpus=1 hostname=gh018 name="NVIDIA GH200 480GB" pci_bus_id=0009:01:00.0 policy=local_rank strict_unique=1 cuda_visible_devices=0
PROFILE_FV_GPU_MEMORY rank=2 device=0 free_before=101406474240 total=102005473280
PROFILE_FV_GPU_MAPPING rank=3 local_rank=0 device=0 visible_gpus=1 hostname=gh019 name="NVIDIA GH200 480GB" pci_bus_id=0009:01:00.0 policy=local_rank strict_unique=1 cuda_visible_devices=0
PROFILE_FV_GPU_MEMORY rank=3 device=0 free_before=101422268416 total=102005473280
 Integration completed through 2000 Jan  2   0: 0: 0
NOTE from PE    0: Potential error in diag_manager_end: ps NOT available, check if output interval > runlength. Netcdf fill_values are written
NOTE from PE    0: Potential error in diag_manager_end: ucomp NOT available, check if output interval > runlength. Netcdf fill_values are written
NOTE from PE    0: Potential error in diag_manager_end: vcomp NOT available, check if output interval > runlength. Netcdf fill_values are written
NOTE from PE    0: Potential error in diag_manager_end: temp NOT available, check if output interval > runlength. Netcdf fill_values are written
NOTE from PE    0: Potential error in diag_manager_end: vor NOT available, check if output interval > runlength. Netcdf fill_values are written
NOTE from PE    0: Potential error in diag_manager_end: div NOT available, check if output interval > runlength. Netcdf fill_values are written
NOTE from PE    0: MPP_IO_SET_STACK_SIZE: stack size set to     204800.
 MPP_DOMAINS_STACK high water mark=      102400

Tabulating mpp_clock statistics across      4 PEs...

                                          tmin          tmax          tavg          tstd  tfrac grain pemin pemax
Total runtime                         3.723057      3.723305      3.723184      0.000118  1.000     0     0     3
 MPP_STACK high water mark=           0
PROFILE_FV_ADVECTION_KERNEL backend=cuda_resident rank=unknown name=resident_advection_begin calls=144 time=0.290612824 avg=2.018144611e-03
PROFILE_FV_ADVECTION_KERNEL backend=cuda_resident rank=unknown name=resident_advection_finish calls=144 time=0.013114322 avg=9.107168056e-05
PROFILE_FV_ADVECTION_CUDA backend=cuda_resident rank=unknown calls=288 allocation=0.000274274 h2d=0.015327654 kernel=0.005077888 sync=0.002250604 d2h=0.006264909 free=0.000000000 total=0.303590250
PROFILE_FV_ADVECTION_KERNEL backend=cuda_resident rank=unknown name=resident_advection_begin calls=144 time=0.376653578 avg=2.615649847e-03
PROFILE_FV_ADVECTION_KERNEL backend=cuda_resident rank=unknown name=resident_advection_finish calls=144 time=0.012904645 avg=8.961559028e-05
PROFILE_FV_ADVECTION_CUDA backend=cuda_resident rank=unknown calls=288 allocation=0.000282626 h2d=0.015193107 kernel=0.092628383 sync=0.002193973 d2h=0.006720653 free=0.000000000 total=0.389424526
PROFILE_FV_ADVECTION_KERNEL backend=cuda_resident rank=unknown name=resident_advection_begin calls=144 time=0.293319383 avg=2.036940160e-03
PROFILE_FV_ADVECTION_KERNEL backend=cuda_resident rank=unknown name=resident_advection_finish calls=144 time=0.013044106 avg=9.058406944e-05
PROFILE_FV_ADVECTION_CUDA backend=cuda_resident rank=unknown calls=288 allocation=0.000273826 h2d=0.015332684 kernel=0.005132672 sync=0.002230056 d2h=0.005107347 free=0.000000000 total=0.306173216
PROFILE_FV_ADVECTION_KERNEL backend=cuda_resident rank=unknown name=resident_advection_begin calls=144 time=0.295630676 avg=2.052990806e-03
PROFILE_FV_ADVECTION_KERNEL backend=cuda_resident rank=unknown name=resident_advection_finish calls=144 time=0.013103450 avg=9.099618056e-05
PROFILE_FV_ADVECTION_CUDA backend=cuda_resident rank=unknown calls=288 allocation=0.000271743 h2d=0.015436820 kernel=0.005869312 sync=0.002278848 d2h=0.005172767 free=0.000000000 total=0.308579502
