=== Held-Suarez resident CUDA FV boundary: 1-day smoke ===
start_timestamp=2026-07-14T07:33:20-04:00
CONTAINER=/lscratch/jli30/isca-sandbox
GFDL_BASE=/explore/nobackup/people/jli30/workspace/GFDL_atmos_cubed_sphere
GFDL_WORK=/explore/nobackup/people/jli30/SystemTesting/Isca/isca_work
GFDL_DATA=/explore/nobackup/people/jli30/SystemTesting/Isca/isca_data
executable=held_suarez_fv_kernels_cuda.x
experiment=held_suarez_fv_kernels_cuda_resident_1day
FV_KERNELS_CUDA_MODE=resident
FV_KERNELS_PROFILE=1
FV_KERNELS_OVERWRITE=0
INFO:    Environment variable SINGULARITY_TMPDIR is set, but APPTAINER_TMPDIR is preferred
container_arch=aarch64
gpu_status:
GPU 0: NVIDIA GH200 480GB (UUID: GPU-8b42cef9-2236-84f4-c572-4ef83fc77834)
2026-07-14 07:33:20,462 - isca - WARNING - Environment variable GFDL_SOC not set, but this is only required if using SocratesCodebase. Setting to None
2026-07-14 07:33:20,554 - isca - INFO - RRTM compilation disabled.
2026-07-14 07:33:20,554 - isca - INFO - SOCRATES compilation disabled.
2026-07-14 07:33:20,558 - isca - INFO - RRTM compilation disabled.
2026-07-14 07:33:20,558 - isca - INFO - SOCRATES compilation disabled.
2026-07-14 07:33:20,575 - isca - INFO - Emptied run directory '/explore/nobackup/people/jli30/SystemTesting/Isca/isca_work/experiment/held_suarez_fv_kernels_cuda_resident_1day/run'
2026-07-14 07:33:20,580 - isca - WARNING - Data for run 1 already exists but overwrite_data is False. Stopping.
GFDL_BASE = /explore/nobackup/people/jli30/workspace/GFDL_atmos_cubed_sphere
GFDL_WORK = /explore/nobackup/people/jli30/SystemTesting/Isca/isca_work
GFDL_DATA = /explore/nobackup/people/jli30/SystemTesting/Isca/isca_data
Experiment = held_suarez_fv_kernels_cuda_resident_1day
Data dir = /explore/nobackup/people/jli30/SystemTesting/Isca/isca_data/held_suarez_fv_kernels_cuda_resident_1day
Run dir = /explore/nobackup/people/jli30/SystemTesting/Isca/isca_work/experiment/held_suarez_fv_kernels_cuda_resident_1day/run
Executable = /explore/nobackup/people/jli30/SystemTesting/Isca/isca_work/codebase/_explore_nobackup_people_jli30_workspace_GFDL_atmos_cubed_sphere/build/held_suarez_fv_kernels_cuda/held_suarez_fv_kernels_cuda.x
Days = 1
dt_atmos = 600
num_cores = 16
production_diag = True

real	0m0.162s
user	0m0.448s
sys	0m0.042s
end_timestamp=2026-07-14T07:33:20-04:00
output=/explore/nobackup/people/jli30/SystemTesting/Isca/isca_data/held_suarez_fv_kernels_cuda_resident_1day/run0001
log=/explore/nobackup/people/jli30/workspace/GFDL_atmos_cubed_sphere/logs/fv_kernels_cuda_resident_1day.log
