=== Held-Suarez semi_y_3d CPU C++ overlay 30-day run ===
start_timestamp=2026-06-18T14:19:26-04:00
CONTAINER=/lscratch/jli30/isca-sandbox
GFDL_BASE=/explore/nobackup/people/jli30/workspace/GFDL_atmos_cubed_sphere
GFDL_WORK=/explore/nobackup/people/jli30/SystemTesting/Isca/isca_work
GFDL_DATA=/explore/nobackup/people/jli30/SystemTesting/Isca/isca_data
FV_SEMI_Y_OVERWRITE=0
executable=held_suarez_fv_semi_y_3d.x
experiment=held_suarez_fv_semi_y_3d_30day
INFO:    Environment variable SINGULARITY_TMPDIR is set, but APPTAINER_TMPDIR is preferred
2026-06-18 14:19:26,715 - isca - WARNING - Environment variable GFDL_SOC not set, but this is only required if using SocratesCodebase. Setting to None
2026-06-18 14:19:26,805 - isca - INFO - RRTM compilation disabled.
2026-06-18 14:19:26,805 - isca - INFO - SOCRATES compilation disabled.
2026-06-18 14:19:26,809 - isca - INFO - RRTM compilation disabled.
2026-06-18 14:19:26,809 - isca - INFO - SOCRATES compilation disabled.
2026-06-18 14:19:26,809 - isca - DEBUG - Making directory '/explore/nobackup/people/jli30/SystemTesting/Isca/isca_work/experiment/held_suarez_fv_semi_y_3d_30day'
2026-06-18 14:19:26,818 - isca - WARNING - Tried to remove run directory but it doesnt exist
2026-06-18 14:19:26,823 - isca - INFO - Emptied run directory '/explore/nobackup/people/jli30/SystemTesting/Isca/isca_work/experiment/held_suarez_fv_semi_y_3d_30day/run'
2026-06-18 14:19:26,888 - isca - INFO - Writing namelist to '/explore/nobackup/people/jli30/SystemTesting/Isca/isca_work/experiment/held_suarez_fv_semi_y_3d_30day/run/input.nml'
2026-06-18 14:19:26,892 - isca - INFO - Writing field_table to '/explore/nobackup/people/jli30/SystemTesting/Isca/isca_work/experiment/held_suarez_fv_semi_y_3d_30day/run/field_table'
2026-06-18 14:19:26,899 - isca - INFO - Writing diag_table to '/explore/nobackup/people/jli30/SystemTesting/Isca/isca_work/experiment/held_suarez_fv_semi_y_3d_30day/run/diag_table'
2026-06-18 14:19:26,907 - isca - INFO - Running without restart file
2026-06-18 14:19:26,912 - isca - INFO - Beginning run 1
2026-06-18 14:19:26,915 - isca - INFO - process running as 697693
2026-06-18 14:19:26,915 - isca - DEBUG - Loading hybrid ubuntu-conda environment
2026-06-18 14:19:26,915 - isca - DEBUG - Loading basic ubuntu-conda environment
2026-06-18 14:19:27,676 - isca - DEBUG - NOTE from PE    0: MPP_DOMAINS_SET_STACK_SIZE: stack size set to    32768.
2026-06-18 14:19:27,676 - isca - DEBUG - &MPP_IO_NML
2026-06-18 14:19:27,676 - isca - DEBUG - HEADER_BUFFER_VAL=16384      ,
2026-06-18 14:19:27,676 - isca - DEBUG - GLOBAL_FIELD_ON_ROOT_PE=T,
2026-06-18 14:19:27,676 - isca - DEBUG - IO_CLOCKS_ON=F,
2026-06-18 14:19:27,676 - isca - DEBUG - SHUFFLE=0          ,
2026-06-18 14:19:27,676 - isca - DEBUG - DEFLATE_LEVEL=-1         ,
2026-06-18 14:19:27,676 - isca - DEBUG - /
2026-06-18 14:19:27,676 - isca - DEBUG - NOTE from PE    0: MPP_IO_SET_STACK_SIZE: stack size set to     131072.
2026-06-18 14:19:27,689 - isca - DEBUG - NOTE from PE    0: MPP_DOMAINS_SET_STACK_SIZE: stack size set to   600000.
2026-06-18 14:19:27,696 - isca - DEBUG - starting            1  OpenMP threads per MPI-task
2026-06-18 14:19:27,697 - isca - DEBUG - ATMOS MODEL DOMAIN DECOMPOSITION
2026-06-18 14:19:27,697 - isca - DEBUG - X-AXIS =  128
2026-06-18 14:19:27,697 - isca - DEBUG - Y-AXIS =    4   4   4   4   4   4   4   4   4   4   4   4   4   4   4   4
2026-06-18 14:19:27,700 - isca - DEBUG - mean surface pressure=1000.0000 mb
2026-06-18 14:19:28,549 - isca - DEBUG - Integration completed through 2000 Jan  2   0: 0: 0
2026-06-18 14:19:29,387 - isca - DEBUG - Integration completed through 2000 Jan  3   0: 0: 0
2026-06-18 14:19:30,223 - isca - DEBUG - Integration completed through 2000 Jan  4   0: 0: 0
2026-06-18 14:19:31,060 - isca - DEBUG - Integration completed through 2000 Jan  5   0: 0: 0
2026-06-18 14:19:31,899 - isca - DEBUG - Integration completed through 2000 Jan  6   0: 0: 0
2026-06-18 14:19:32,736 - isca - DEBUG - Integration completed through 2000 Jan  7   0: 0: 0
2026-06-18 14:19:33,574 - isca - DEBUG - Integration completed through 2000 Jan  8   0: 0: 0
2026-06-18 14:19:34,408 - isca - DEBUG - Integration completed through 2000 Jan  9   0: 0: 0
2026-06-18 14:19:35,244 - isca - DEBUG - Integration completed through 2000 Jan 10   0: 0: 0
2026-06-18 14:19:36,079 - isca - DEBUG - Integration completed through 2000 Jan 11   0: 0: 0
2026-06-18 14:19:36,914 - isca - DEBUG - Integration completed through 2000 Jan 12   0: 0: 0
2026-06-18 14:19:37,749 - isca - DEBUG - Integration completed through 2000 Jan 13   0: 0: 0
2026-06-18 14:19:38,583 - isca - DEBUG - Integration completed through 2000 Jan 14   0: 0: 0
2026-06-18 14:19:39,420 - isca - DEBUG - Integration completed through 2000 Jan 15   0: 0: 0
2026-06-18 14:19:40,255 - isca - DEBUG - Integration completed through 2000 Jan 16   0: 0: 0
2026-06-18 14:19:41,090 - isca - DEBUG - Integration completed through 2000 Jan 17   0: 0: 0
2026-06-18 14:19:41,929 - isca - DEBUG - Integration completed through 2000 Jan 18   0: 0: 0
2026-06-18 14:19:42,764 - isca - DEBUG - Integration completed through 2000 Jan 19   0: 0: 0
2026-06-18 14:19:43,600 - isca - DEBUG - Integration completed through 2000 Jan 20   0: 0: 0
2026-06-18 14:19:44,436 - isca - DEBUG - Integration completed through 2000 Jan 21   0: 0: 0
2026-06-18 14:19:45,274 - isca - DEBUG - Integration completed through 2000 Jan 22   0: 0: 0
2026-06-18 14:19:46,114 - isca - DEBUG - Integration completed through 2000 Jan 23   0: 0: 0
2026-06-18 14:19:46,951 - isca - DEBUG - Integration completed through 2000 Jan 24   0: 0: 0
2026-06-18 14:19:47,788 - isca - DEBUG - Integration completed through 2000 Jan 25   0: 0: 0
2026-06-18 14:19:48,626 - isca - DEBUG - Integration completed through 2000 Jan 26   0: 0: 0
2026-06-18 14:19:49,463 - isca - DEBUG - Integration completed through 2000 Jan 27   0: 0: 0
2026-06-18 14:19:50,300 - isca - DEBUG - Integration completed through 2000 Jan 28   0: 0: 0
2026-06-18 14:19:51,136 - isca - DEBUG - Integration completed through 2000 Jan 29   0: 0: 0
2026-06-18 14:19:51,977 - isca - DEBUG - Integration completed through 2000 Jan 30   0: 0: 0
2026-06-18 14:19:52,816 - isca - DEBUG - Integration completed through 2000 Feb  1   0: 0: 0
2026-06-18 14:19:52,915 - isca - DEBUG - NOTE from PE    0: MPP_IO_SET_STACK_SIZE: stack size set to     204800.
2026-06-18 14:19:53,016 - isca - DEBUG - MPP_DOMAINS_STACK high water mark=       25600
2026-06-18 14:19:53,016 - isca - DEBUG - 
2026-06-18 14:19:53,017 - isca - DEBUG - Tabulating mpp_clock statistics across     16 PEs...
2026-06-18 14:19:53,017 - isca - DEBUG - 
2026-06-18 14:19:53,017 - isca - DEBUG - tmin          tmax          tavg          tstd  tfrac grain pemin pemax
2026-06-18 14:19:53,017 - isca - DEBUG - Total runtime                        25.341074     25.341139     25.341078      0.000016  1.000     0     0    15
2026-06-18 14:19:53,017 - isca - DEBUG - MPP_STACK high water mark=           0
2026-06-18 14:19:53,176 - isca - INFO - Run 1 complete
2026-06-18 14:19:53,287 - isca - DEBUG - atmos_monthly.nc combined and copied to data directory
2026-06-18 14:19:54,610 - isca - INFO - Restart archive created at /explore/nobackup/people/jli30/SystemTesting/Isca/isca_data/held_suarez_fv_semi_y_3d_30day/restarts/res0001.tar.gz
2026-06-18 14:19:54,615 - isca - INFO - Writing namelist to '/explore/nobackup/people/jli30/SystemTesting/Isca/isca_data/held_suarez_fv_semi_y_3d_30day/run0001/input.nml'
2026-06-18 14:19:54,619 - isca - INFO - Writing field_table to '/explore/nobackup/people/jli30/SystemTesting/Isca/isca_data/held_suarez_fv_semi_y_3d_30day/run0001/field_table'
2026-06-18 14:19:54,625 - isca - INFO - Writing diag_table to '/explore/nobackup/people/jli30/SystemTesting/Isca/isca_data/held_suarez_fv_semi_y_3d_30day/run0001/diag_table'
2026-06-18 14:19:54,685 - isca - INFO - Emptied run directory '/explore/nobackup/people/jli30/SystemTesting/Isca/isca_work/experiment/held_suarez_fv_semi_y_3d_30day/run'
GFDL_BASE = /explore/nobackup/people/jli30/workspace/GFDL_atmos_cubed_sphere
GFDL_WORK = /explore/nobackup/people/jli30/SystemTesting/Isca/isca_work
GFDL_DATA = /explore/nobackup/people/jli30/SystemTesting/Isca/isca_data
Experiment = held_suarez_fv_semi_y_3d_30day
Data dir = /explore/nobackup/people/jli30/SystemTesting/Isca/isca_data/held_suarez_fv_semi_y_3d_30day
Run dir = /explore/nobackup/people/jli30/SystemTesting/Isca/isca_work/experiment/held_suarez_fv_semi_y_3d_30day/run
Executable = /explore/nobackup/people/jli30/SystemTesting/Isca/isca_work/codebase/_explore_nobackup_people_jli30_workspace_GFDL_atmos_cubed_sphere/build/held_suarez_fv_semi_y_3d/held_suarez_fv_semi_y_3d.x
Days = 30
dt_atmos = 600
num_cores = 16
production_diag = True

real	0m28.011s
user	6m3.899s
sys	0m44.181s
end_timestamp=2026-06-18T14:19:54-04:00
Log written to /explore/nobackup/people/jli30/workspace/GFDL_atmos_cubed_sphere/logs/fv_semi_y_cpu_30day.log
