2026-06-08 16:23:02,555 - isca - WARNING - Environment variable GFDL_SOC not set, but this is only required if using SocratesCodebase. Setting to None
2026-06-08 16:23:02,640 - isca - INFO - RRTM compilation disabled.
2026-06-08 16:23:02,640 - isca - INFO - SOCRATES compilation disabled.
2026-06-08 16:23:02,643 - isca - INFO - RRTM compilation disabled.
2026-06-08 16:23:02,643 - isca - INFO - SOCRATES compilation disabled.
2026-06-08 16:23:02,646 - isca - DEBUG - Making directory '/explore/nobackup/people/jli30/SystemTesting/Isca/isca_work/experiment/held_suarez_hybrid'
2026-06-08 16:23:02,660 - isca - WARNING - Tried to remove run directory but it doesnt exist
2026-06-08 16:23:02,664 - isca - INFO - Emptied run directory '/explore/nobackup/people/jli30/SystemTesting/Isca/isca_work/experiment/held_suarez_hybrid/run'
2026-06-08 16:23:03,184 - isca - INFO - Writing namelist to '/explore/nobackup/people/jli30/SystemTesting/Isca/isca_work/experiment/held_suarez_hybrid/run/input.nml'
2026-06-08 16:23:03,189 - isca - INFO - Writing field_table to '/explore/nobackup/people/jli30/SystemTesting/Isca/isca_work/experiment/held_suarez_hybrid/run/field_table'
2026-06-08 16:23:03,196 - isca - INFO - Writing diag_table to '/explore/nobackup/people/jli30/SystemTesting/Isca/isca_work/experiment/held_suarez_hybrid/run/diag_table'
2026-06-08 16:23:03,200 - isca - INFO - Running without restart file
2026-06-08 16:23:03,217 - isca - INFO - Beginning run 1
2026-06-08 16:23:03,220 - isca - INFO - process running as 1683950
2026-06-08 16:23:03,220 - isca - DEBUG - Loading hybrid ubuntu-conda environment
2026-06-08 16:23:03,220 - isca - DEBUG - Loading basic ubuntu-conda environment
2026-06-08 16:23:04,002 - isca - DEBUG - NOTE from PE    0: MPP_DOMAINS_SET_STACK_SIZE: stack size set to    32768.
2026-06-08 16:23:04,002 - isca - DEBUG - &MPP_IO_NML
2026-06-08 16:23:04,002 - isca - DEBUG - HEADER_BUFFER_VAL=16384      ,
2026-06-08 16:23:04,002 - isca - DEBUG - GLOBAL_FIELD_ON_ROOT_PE=T,
2026-06-08 16:23:04,002 - isca - DEBUG - IO_CLOCKS_ON=F,
2026-06-08 16:23:04,002 - isca - DEBUG - SHUFFLE=0          ,
2026-06-08 16:23:04,003 - isca - DEBUG - DEFLATE_LEVEL=-1         ,
2026-06-08 16:23:04,003 - isca - DEBUG - /
2026-06-08 16:23:04,003 - isca - DEBUG - NOTE from PE    0: MPP_IO_SET_STACK_SIZE: stack size set to     131072.
2026-06-08 16:23:04,014 - isca - DEBUG - NOTE from PE    0: MPP_DOMAINS_SET_STACK_SIZE: stack size set to   600000.
2026-06-08 16:23:04,021 - isca - DEBUG - starting            1  OpenMP threads per MPI-task
2026-06-08 16:23:04,021 - isca - DEBUG - ATMOS MODEL DOMAIN DECOMPOSITION
2026-06-08 16:23:04,021 - isca - DEBUG - X-AXIS =  128
2026-06-08 16:23:04,021 - isca - DEBUG - Y-AXIS =    4   4   4   4   4   4   4   4   4   4   4   4   4   4   4   4
2026-06-08 16:23:04,025 - isca - DEBUG - mean surface pressure=1000.0000 mb
2026-06-08 16:23:04,837 - isca - DEBUG - Integration completed through 2000 Jan  2   0: 0: 0
2026-06-08 16:23:04,920 - isca - DEBUG - NOTE from PE    0: MPP_IO_SET_STACK_SIZE: stack size set to     204800.
2026-06-08 16:23:05,021 - isca - DEBUG - MPP_DOMAINS_STACK high water mark=       25600
2026-06-08 16:23:05,021 - isca - DEBUG - 
2026-06-08 16:23:05,021 - isca - DEBUG - Tabulating mpp_clock statistics across     16 PEs...
2026-06-08 16:23:05,021 - isca - DEBUG - 
2026-06-08 16:23:05,021 - isca - DEBUG - tmin          tmax          tavg          tstd  tfrac grain pemin pemax
2026-06-08 16:23:05,021 - isca - DEBUG - Total runtime                         1.019355      1.019355      1.019355      0.000000  1.000     0     0    15
2026-06-08 16:23:05,022 - isca - DEBUG - MPP_STACK high water mark=           0
2026-06-08 16:23:05,224 - isca - INFO - Run 1 complete
2026-06-08 16:23:05,292 - isca - DEBUG - atmos_monthly.nc combined and copied to data directory
2026-06-08 16:23:07,643 - isca - INFO - Restart archive created at /explore/nobackup/people/jli30/SystemTesting/Isca/isca_data/held_suarez_hybrid/restarts/res0001.tar.gz
2026-06-08 16:23:07,648 - isca - INFO - Writing namelist to '/explore/nobackup/people/jli30/SystemTesting/Isca/isca_data/held_suarez_hybrid/run0001/input.nml'
2026-06-08 16:23:07,652 - isca - INFO - Writing field_table to '/explore/nobackup/people/jli30/SystemTesting/Isca/isca_data/held_suarez_hybrid/run0001/field_table'
2026-06-08 16:23:07,668 - isca - INFO - Writing diag_table to '/explore/nobackup/people/jli30/SystemTesting/Isca/isca_data/held_suarez_hybrid/run0001/diag_table'
2026-06-08 16:23:07,725 - isca - INFO - Emptied run directory '/explore/nobackup/people/jli30/SystemTesting/Isca/isca_work/experiment/held_suarez_hybrid/run'
GFDL_BASE = /explore/nobackup/people/jli30/workspace/GFDL_atmos_cubed_sphere
GFDL_WORK = /explore/nobackup/people/jli30/SystemTesting/Isca/isca_work
GFDL_DATA = /explore/nobackup/people/jli30/SystemTesting/Isca/isca_data
Experiment = held_suarez_hybrid
Data dir = /explore/nobackup/people/jli30/SystemTesting/Isca/isca_data/held_suarez_hybrid
Run dir = /explore/nobackup/people/jli30/SystemTesting/Isca/isca_work/experiment/held_suarez_hybrid/run
Executable = /explore/nobackup/people/jli30/SystemTesting/Isca/isca_work/codebase/_explore_nobackup_people_jli30_workspace_GFDL_atmos_cubed_sphere/build/held_suarez_hybrid/held_suarez_hybrid.x
Days = 1
dt_atmos = 600
num_cores = 16
production_diag = False
