INFO:    Environment variable SINGULARITY_TMPDIR is set, but APPTAINER_TMPDIR is preferred
2026-06-15 16:04:27,508 - isca - WARNING - Environment variable GFDL_SOC not set, but this is only required if using SocratesCodebase. Setting to None
2026-06-15 16:04:27,667 - isca - INFO - RRTM compilation disabled.
2026-06-15 16:04:27,667 - isca - INFO - SOCRATES compilation disabled.
2026-06-15 16:04:27,673 - isca - INFO - RRTM compilation disabled.
2026-06-15 16:04:27,673 - isca - INFO - SOCRATES compilation disabled.
2026-06-15 16:04:27,690 - isca - INFO - Emptied run directory '/explore/nobackup/people/jli30/SystemTesting/Isca/isca_work/experiment/held_suarez_hybrid/run'
2026-06-15 16:04:27,693 - isca - WARNING - Data for run 1 already exists and overwrite_data is True. Overwriting.
2026-06-15 16:04:28,281 - isca - INFO - Writing namelist to '/explore/nobackup/people/jli30/SystemTesting/Isca/isca_work/experiment/held_suarez_hybrid/run/input.nml'
2026-06-15 16:04:28,285 - isca - INFO - Writing field_table to '/explore/nobackup/people/jli30/SystemTesting/Isca/isca_work/experiment/held_suarez_hybrid/run/field_table'
2026-06-15 16:04:28,293 - isca - INFO - Writing diag_table to '/explore/nobackup/people/jli30/SystemTesting/Isca/isca_work/experiment/held_suarez_hybrid/run/diag_table'
2026-06-15 16:04:28,297 - isca - INFO - Running without restart file
2026-06-15 16:04:28,302 - isca - INFO - Beginning run 1
2026-06-15 16:04:28,304 - isca - INFO - process running as 418336
2026-06-15 16:04:28,305 - isca - DEBUG - Loading hybrid ubuntu-conda environment
2026-06-15 16:04:28,307 - isca - DEBUG - Loading basic ubuntu-conda environment
2026-06-15 16:04:29,068 - isca - DEBUG - NOTE from PE    0: MPP_DOMAINS_SET_STACK_SIZE: stack size set to    32768.
2026-06-15 16:04:29,068 - isca - DEBUG - &MPP_IO_NML
2026-06-15 16:04:29,068 - isca - DEBUG - HEADER_BUFFER_VAL=16384      ,
2026-06-15 16:04:29,068 - isca - DEBUG - GLOBAL_FIELD_ON_ROOT_PE=T,
2026-06-15 16:04:29,068 - isca - DEBUG - IO_CLOCKS_ON=F,
2026-06-15 16:04:29,068 - isca - DEBUG - SHUFFLE=0          ,
2026-06-15 16:04:29,069 - isca - DEBUG - DEFLATE_LEVEL=-1         ,
2026-06-15 16:04:29,069 - isca - DEBUG - /
2026-06-15 16:04:29,069 - isca - DEBUG - NOTE from PE    0: MPP_IO_SET_STACK_SIZE: stack size set to     131072.
2026-06-15 16:04:29,078 - isca - DEBUG - NOTE from PE    0: MPP_DOMAINS_SET_STACK_SIZE: stack size set to   600000.
2026-06-15 16:04:29,085 - isca - DEBUG - starting            1  OpenMP threads per MPI-task
2026-06-15 16:04:29,085 - isca - DEBUG - ATMOS MODEL DOMAIN DECOMPOSITION
2026-06-15 16:04:29,085 - isca - DEBUG - X-AXIS =  128
2026-06-15 16:04:29,085 - isca - DEBUG - Y-AXIS =    4   4   4   4   4   4   4   4   4   4   4   4   4   4   4   4
2026-06-15 16:04:29,089 - isca - DEBUG - mean surface pressure=1000.0000 mb
2026-06-15 16:04:33,146 - isca - DEBUG - Integration completed through 2000 Jan  2   0: 0: 0
2026-06-15 16:04:35,535 - isca - DEBUG - Integration completed through 2000 Jan  3   0: 0: 0
2026-06-15 16:04:37,934 - isca - DEBUG - Integration completed through 2000 Jan  4   0: 0: 0
2026-06-15 16:04:40,331 - isca - DEBUG - Integration completed through 2000 Jan  5   0: 0: 0
2026-06-15 16:04:42,723 - isca - DEBUG - Integration completed through 2000 Jan  6   0: 0: 0
2026-06-15 16:04:45,119 - isca - DEBUG - Integration completed through 2000 Jan  7   0: 0: 0
2026-06-15 16:04:47,560 - isca - DEBUG - Integration completed through 2000 Jan  8   0: 0: 0
2026-06-15 16:04:49,952 - isca - DEBUG - Integration completed through 2000 Jan  9   0: 0: 0
2026-06-15 16:04:52,334 - isca - DEBUG - Integration completed through 2000 Jan 10   0: 0: 0
2026-06-15 16:04:54,726 - isca - DEBUG - Integration completed through 2000 Jan 11   0: 0: 0
2026-06-15 16:04:57,123 - isca - DEBUG - Integration completed through 2000 Jan 12   0: 0: 0
2026-06-15 16:04:59,511 - isca - DEBUG - Integration completed through 2000 Jan 13   0: 0: 0
2026-06-15 16:05:01,898 - isca - DEBUG - Integration completed through 2000 Jan 14   0: 0: 0
2026-06-15 16:05:04,283 - isca - DEBUG - Integration completed through 2000 Jan 15   0: 0: 0
2026-06-15 16:05:06,672 - isca - DEBUG - Integration completed through 2000 Jan 16   0: 0: 0
2026-06-15 16:05:09,053 - isca - DEBUG - Integration completed through 2000 Jan 17   0: 0: 0
2026-06-15 16:05:11,438 - isca - DEBUG - Integration completed through 2000 Jan 18   0: 0: 0
2026-06-15 16:05:13,835 - isca - DEBUG - Integration completed through 2000 Jan 19   0: 0: 0
2026-06-15 16:05:16,225 - isca - DEBUG - Integration completed through 2000 Jan 20   0: 0: 0
2026-06-15 16:05:18,630 - isca - DEBUG - Integration completed through 2000 Jan 21   0: 0: 0
2026-06-15 16:05:21,028 - isca - DEBUG - Integration completed through 2000 Jan 22   0: 0: 0
2026-06-15 16:05:23,422 - isca - DEBUG - Integration completed through 2000 Jan 23   0: 0: 0
2026-06-15 16:05:25,831 - isca - DEBUG - Integration completed through 2000 Jan 24   0: 0: 0
2026-06-15 16:05:28,227 - isca - DEBUG - Integration completed through 2000 Jan 25   0: 0: 0
2026-06-15 16:05:30,632 - isca - DEBUG - Integration completed through 2000 Jan 26   0: 0: 0
2026-06-15 16:05:33,026 - isca - DEBUG - Integration completed through 2000 Jan 27   0: 0: 0
2026-06-15 16:05:35,426 - isca - DEBUG - Integration completed through 2000 Jan 28   0: 0: 0
2026-06-15 16:05:37,821 - isca - DEBUG - Integration completed through 2000 Jan 29   0: 0: 0
2026-06-15 16:05:40,221 - isca - DEBUG - Integration completed through 2000 Jan 30   0: 0: 0
2026-06-15 16:05:42,618 - isca - DEBUG - Integration completed through 2000 Feb  1   0: 0: 0
2026-06-15 16:05:42,660 - isca - DEBUG - NOTE from PE    0: MPP_IO_SET_STACK_SIZE: stack size set to     204800.
2026-06-15 16:05:42,808 - isca - DEBUG - MPP_DOMAINS_STACK high water mark=       25600
2026-06-15 16:05:42,808 - isca - DEBUG - 
2026-06-15 16:05:42,808 - isca - DEBUG - Tabulating mpp_clock statistics across     16 PEs...
2026-06-15 16:05:42,808 - isca - DEBUG - 
2026-06-15 16:05:42,808 - isca - DEBUG - tmin          tmax          tavg          tstd  tfrac grain pemin pemax
2026-06-15 16:05:42,808 - isca - DEBUG - Total runtime                        73.740081     73.740143     73.740085      0.000015  1.000     0     0    15
2026-06-15 16:05:42,808 - isca - DEBUG - MPP_STACK high water mark=           0
2026-06-15 16:05:43,793 - isca - INFO - Run 1 complete
2026-06-15 16:05:43,870 - isca - DEBUG - atmos_monthly.nc combined and copied to data directory
2026-06-15 16:05:45,016 - isca - INFO - Restart archive created at /explore/nobackup/people/jli30/SystemTesting/Isca/isca_data/held_suarez_hybrid/restarts/res0001.tar.gz
2026-06-15 16:05:45,020 - isca - INFO - Writing namelist to '/explore/nobackup/people/jli30/SystemTesting/Isca/isca_data/held_suarez_hybrid/run0001/input.nml'
2026-06-15 16:05:45,025 - isca - INFO - Writing field_table to '/explore/nobackup/people/jli30/SystemTesting/Isca/isca_data/held_suarez_hybrid/run0001/field_table'
2026-06-15 16:05:45,031 - isca - INFO - Writing diag_table to '/explore/nobackup/people/jli30/SystemTesting/Isca/isca_data/held_suarez_hybrid/run0001/diag_table'
2026-06-15 16:05:45,106 - isca - INFO - Emptied run directory '/explore/nobackup/people/jli30/SystemTesting/Isca/isca_work/experiment/held_suarez_hybrid/run'
GFDL_BASE = /explore/nobackup/people/jli30/workspace/GFDL_atmos_cubed_sphere
GFDL_WORK = /explore/nobackup/people/jli30/SystemTesting/Isca/isca_work
GFDL_DATA = /explore/nobackup/people/jli30/SystemTesting/Isca/isca_data
Experiment = held_suarez_hybrid
Data dir = /explore/nobackup/people/jli30/SystemTesting/Isca/isca_data/held_suarez_hybrid
Run dir = /explore/nobackup/people/jli30/SystemTesting/Isca/isca_work/experiment/held_suarez_hybrid/run
Executable = /explore/nobackup/people/jli30/SystemTesting/Isca/isca_work/codebase/_explore_nobackup_people_jli30_workspace_GFDL_atmos_cubed_sphere/build/held_suarez_hybrid/held_suarez_hybrid.x
Days = 30
dt_atmos = 600
num_cores = 16
production_diag = True
