2026-06-08 15:49:56,525 - isca - WARNING - Environment variable GFDL_SOC not set, but this is only required if using SocratesCodebase. Setting to None
2026-06-08 15:49:56,565 - isca - INFO - RRTM compilation disabled.
2026-06-08 15:49:56,565 - isca - INFO - SOCRATES compilation disabled.
2026-06-08 15:49:56,579 - isca - INFO - Writing path_names to '/explore/nobackup/people/jli30/SystemTesting/Isca/isca_work/codebase/_explore_nobackup_people_jli30_workspace_GFDL_atmos_cubed_sphere/build/held_suarez_hybrid/path_names'
2026-06-08 15:49:56,590 - isca - INFO - Running compiler
2026-06-08 15:49:56,592 - isca - INFO - Loading hybrid ubuntu-conda environment
2026-06-08 15:49:56,592 - isca - INFO - Loading basic ubuntu-conda environment
2026-06-08 15:49:56,594 - isca - INFO - /explore/nobackup/people/jli30/SystemTesting/Isca/isca_work/codebase/_explore_nobackup_people_jli30_workspace_GFDL_atmos_cubed_sphere/build/held_suarez_hybrid/path_names
2026-06-08 15:49:56,931 - isca - INFO - ................................................................................................................................. Makefile is ready.
2026-06-08 15:49:56,948 - isca - INFO - mpifort -Duse_libMPI -Duse_netCDF -Duse_LARGEFILE -DINTERNAL_FILE_NML -DOVERLOAD_C8 -DRRTM_NO_COMPILE -DSOC_NO_COMPILE -DUSE_CPP_HS_FORCE `nc-config --cflags`  `nc-config --cflags` `nc-config --flibs` -cpp -fcray-pointer -O2 -ffree-line-length-none -fno-range-check -fdefault-real-8 -fdefault-double-8 -fallow-invalid-boz -fallow-argument-mismatch  -c	/explore/nobackup/people/jli30/SystemTesting/Isca/isca_work/codebase/_explore_nobackup_people_jli30_workspace_GFDL_atmos_cubed_sphere/code/src/shared/random_numbers/MersenneTwister.F90
2026-06-08 15:49:57,056 - isca - INFO - mpicc -Duse_libMPI -Duse_netCDF -Duse_LARGEFILE -DINTERNAL_FILE_NML -DOVERLOAD_C8 -DRRTM_NO_COMPILE -DSOC_NO_COMPILE -DUSE_CPP_HS_FORCE `nc-config --cflags` -D__IFC  -c	/explore/nobackup/people/jli30/SystemTesting/Isca/isca_work/codebase/_explore_nobackup_people_jli30_workspace_GFDL_atmos_cubed_sphere/code/src/shared/memutils/memuse.c
2026-06-08 15:49:57,087 - isca - INFO - mpifort -Duse_libMPI -Duse_netCDF -Duse_LARGEFILE -DINTERNAL_FILE_NML -DOVERLOAD_C8 -DRRTM_NO_COMPILE -DSOC_NO_COMPILE -DUSE_CPP_HS_FORCE `nc-config --cflags`  `nc-config --cflags` `nc-config --flibs` -cpp -fcray-pointer -O2 -ffree-line-length-none -fno-range-check -fdefault-real-8 -fdefault-double-8 -fallow-invalid-boz -fallow-argument-mismatch  -c -I/explore/nobackup/people/jli30/SystemTesting/Isca/isca_work/codebase/_explore_nobackup_people_jli30_workspace_GFDL_atmos_cubed_sphere/code/src/extra/local_overrides/hs_forcing	/explore/nobackup/people/jli30/SystemTesting/Isca/isca_work/codebase/_explore_nobackup_people_jli30_workspace_GFDL_atmos_cubed_sphere/code/src/extra/local_overrides/hs_forcing/hs_forcing.F90
2026-06-08 15:49:57,636 - isca - INFO - mpifort `nc-config --cflags` `nc-config --flibs` -cpp -fcray-pointer -O2 -ffree-line-length-none -fno-range-check -fdefault-real-8 -fdefault-double-8 -fallow-invalid-boz -fallow-argument-mismatch  -c	/explore/nobackup/people/jli30/SystemTesting/Isca/isca_work/codebase/_explore_nobackup_people_jli30_workspace_GFDL_atmos_cubed_sphere/code/src/atmos_param/betts_miller/betts_miller.f90
2026-06-08 15:49:58,099 - isca - INFO - mpifort -Duse_libMPI -Duse_netCDF -Duse_LARGEFILE -DINTERNAL_FILE_NML -DOVERLOAD_C8 -DRRTM_NO_COMPILE -DSOC_NO_COMPILE -DUSE_CPP_HS_FORCE `nc-config --cflags`  `nc-config --cflags` `nc-config --flibs` -cpp -fcray-pointer -O2 -ffree-line-length-none -fno-range-check -fdefault-real-8 -fdefault-double-8 -fallow-invalid-boz -fallow-argument-mismatch  -c	/explore/nobackup/people/jli30/SystemTesting/Isca/isca_work/codebase/_explore_nobackup_people_jli30_workspace_GFDL_atmos_cubed_sphere/code/src/atmos_param/vert_diff/vert_diff.F90
2026-06-08 15:50:00,779 - isca - INFO - mpicc -Duse_libMPI -Duse_netCDF -Duse_LARGEFILE -DINTERNAL_FILE_NML -DOVERLOAD_C8 -DRRTM_NO_COMPILE -DSOC_NO_COMPILE -DUSE_CPP_HS_FORCE `nc-config --cflags` -D__IFC  -c -I/explore/nobackup/people/jli30/SystemTesting/Isca/isca_work/codebase/_explore_nobackup_people_jli30_workspace_GFDL_atmos_cubed_sphere/code/src/shared/mosaic	/explore/nobackup/people/jli30/SystemTesting/Isca/isca_work/codebase/_explore_nobackup_people_jli30_workspace_GFDL_atmos_cubed_sphere/code/src/shared/mosaic/mosaic_util.c
2026-06-08 15:50:00,870 - isca - INFO - mpifort -Duse_libMPI -Duse_netCDF -Duse_LARGEFILE -DINTERNAL_FILE_NML -DOVERLOAD_C8 -DRRTM_NO_COMPILE -DSOC_NO_COMPILE -DUSE_CPP_HS_FORCE `nc-config --cflags`  `nc-config --cflags` `nc-config --flibs` -cpp -fcray-pointer -O2 -ffree-line-length-none -fno-range-check -fdefault-real-8 -fdefault-double-8 -fallow-invalid-boz -fallow-argument-mismatch  -c	/explore/nobackup/people/jli30/SystemTesting/Isca/isca_work/codebase/_explore_nobackup_people_jli30_workspace_GFDL_atmos_cubed_sphere/code/src/atmos_param/two_stream_gray_rad/two_stream_gray_rad.F90
2026-06-08 15:50:02,234 - isca - INFO - mpifort `nc-config --cflags` `nc-config --flibs` -cpp -fcray-pointer -O2 -ffree-line-length-none -fno-range-check -fdefault-real-8 -fdefault-double-8 -fallow-invalid-boz -fallow-argument-mismatch  -c	/explore/nobackup/people/jli30/SystemTesting/Isca/isca_work/codebase/_explore_nobackup_people_jli30_workspace_GFDL_atmos_cubed_sphere/code/src/atmos_param/qflux/qflux.f90
2026-06-08 15:50:02,318 - isca - INFO - mpifort -Duse_libMPI -Duse_netCDF -Duse_LARGEFILE -DINTERNAL_FILE_NML -DOVERLOAD_C8 -DRRTM_NO_COMPILE -DSOC_NO_COMPILE -DUSE_CPP_HS_FORCE `nc-config --cflags`  `nc-config --cflags` `nc-config --flibs` -cpp -fcray-pointer -O2 -ffree-line-length-none -fno-range-check -fdefault-real-8 -fdefault-double-8 -fallow-invalid-boz -fallow-argument-mismatch  -c	/explore/nobackup/people/jli30/SystemTesting/Isca/isca_work/codebase/_explore_nobackup_people_jli30_workspace_GFDL_atmos_cubed_sphere/code/src/atmos_spectral/driver/solo/mixed_layer.F90
2026-06-08 15:50:03,546 - isca - INFO - mpifort -Duse_libMPI -Duse_netCDF -Duse_LARGEFILE -DINTERNAL_FILE_NML -DOVERLOAD_C8 -DRRTM_NO_COMPILE -DSOC_NO_COMPILE -DUSE_CPP_HS_FORCE `nc-config --cflags`  `nc-config --cflags` `nc-config --flibs` -cpp -fcray-pointer -O2 -ffree-line-length-none -fno-range-check -fdefault-real-8 -fdefault-double-8 -fallow-invalid-boz -fallow-argument-mismatch  -c	/explore/nobackup/people/jli30/SystemTesting/Isca/isca_work/codebase/_explore_nobackup_people_jli30_workspace_GFDL_atmos_cubed_sphere/code/src/atmos_param/lscale_cond/lscale_cond.F90
2026-06-08 15:50:03,962 - isca - INFO - mpifort -Duse_libMPI -Duse_netCDF -Duse_LARGEFILE -DINTERNAL_FILE_NML -DOVERLOAD_C8 -DRRTM_NO_COMPILE -DSOC_NO_COMPILE -DUSE_CPP_HS_FORCE `nc-config --cflags`  `nc-config --cflags` `nc-config --flibs` -cpp -fcray-pointer -O2 -ffree-line-length-none -fno-range-check -fdefault-real-8 -fdefault-double-8 -fallow-invalid-boz -fallow-argument-mismatch  -c	/explore/nobackup/people/jli30/SystemTesting/Isca/isca_work/codebase/_explore_nobackup_people_jli30_workspace_GFDL_atmos_cubed_sphere/code/src/atmos_param/qe_moist_convection/qe_moist_convection.F90
2026-06-08 15:50:04,007 - isca - INFO - [01m[K/explore/nobackup/people/jli30/SystemTesting/Isca/isca_work/codebase/_explore_nobackup_people_jli30_workspace_GFDL_atmos_cubed_sphere/code/src/atmos_param/qe_moist_convection/qe_moist_convection.F90:1080:66:[m[K
2026-06-08 15:50:04,007 - isca - INFO - 1080 |     Tlcl     = lcl_temp_table(iv_floor+1)*w_ceil - lcl_temp_table(iv_floor)*(w_ceil-1)
2026-06-08 15:50:04,007 - isca - INFO - |                                                                  [01;35m[K1[m[K
2026-06-08 15:50:04,007 - isca - WARNING - [01;35m[KWarning:[m[K Legacy Extension: REAL array index at [01;35m[K(1)[m[K
2026-06-08 15:50:04,007 - isca - INFO - [01m[K/explore/nobackup/people/jli30/SystemTesting/Isca/isca_work/codebase/_explore_nobackup_people_jli30_workspace_GFDL_atmos_cubed_sphere/code/src/atmos_param/qe_moist_convection/qe_moist_convection.F90:1080:30:[m[K
2026-06-08 15:50:04,007 - isca - INFO - 1080 |     Tlcl     = lcl_temp_table(iv_floor+1)*w_ceil - lcl_temp_table(iv_floor)*(w_ceil-1)
2026-06-08 15:50:04,007 - isca - INFO - |                              [01;35m[K1[m[K
2026-06-08 15:50:04,007 - isca - WARNING - [01;35m[KWarning:[m[K Legacy Extension: REAL array index at [01;35m[K(1)[m[K
2026-06-08 15:50:04,607 - isca - INFO - mpifort `nc-config --cflags` `nc-config --flibs` -cpp -fcray-pointer -O2 -ffree-line-length-none -fno-range-check -fdefault-real-8 -fdefault-double-8 -fallow-invalid-boz -fallow-argument-mismatch  -c	/explore/nobackup/people/jli30/SystemTesting/Isca/isca_work/codebase/_explore_nobackup_people_jli30_workspace_GFDL_atmos_cubed_sphere/code/src/atmos_param/ras/ras.f90
2026-06-08 15:50:07,067 - isca - INFO - mpifort `nc-config --cflags` `nc-config --flibs` -cpp -fcray-pointer -O2 -ffree-line-length-none -fno-range-check -fdefault-real-8 -fdefault-double-8 -fallow-invalid-boz -fallow-argument-mismatch  -c	/explore/nobackup/people/jli30/SystemTesting/Isca/isca_work/codebase/_explore_nobackup_people_jli30_workspace_GFDL_atmos_cubed_sphere/code/src/atmos_param/dry_convection/dry_convection.f90
2026-06-08 15:50:07,391 - isca - INFO - mpifort -Duse_libMPI -Duse_netCDF -Duse_LARGEFILE -DINTERNAL_FILE_NML -DOVERLOAD_C8 -DRRTM_NO_COMPILE -DSOC_NO_COMPILE -DUSE_CPP_HS_FORCE `nc-config --cflags`  `nc-config --cflags` `nc-config --flibs` -cpp -fcray-pointer -O2 -ffree-line-length-none -fno-range-check -fdefault-real-8 -fdefault-double-8 -fallow-invalid-boz -fallow-argument-mismatch  -c	/explore/nobackup/people/jli30/SystemTesting/Isca/isca_work/codebase/_explore_nobackup_people_jli30_workspace_GFDL_atmos_cubed_sphere/code/src/coupler/surface_flux.F90
2026-06-08 15:50:08,453 - isca - INFO - mpifort `nc-config --cflags` `nc-config --flibs` -cpp -fcray-pointer -O2 -ffree-line-length-none -fno-range-check -fdefault-real-8 -fdefault-double-8 -fallow-invalid-boz -fallow-argument-mismatch  -c	/explore/nobackup/people/jli30/SystemTesting/Isca/isca_work/codebase/_explore_nobackup_people_jli30_workspace_GFDL_atmos_cubed_sphere/code/src/atmos_param/damping_driver/damping_driver.f90
2026-06-08 15:50:09,430 - isca - INFO - mpifort -Duse_libMPI -Duse_netCDF -Duse_LARGEFILE -DINTERNAL_FILE_NML -DOVERLOAD_C8 -DRRTM_NO_COMPILE -DSOC_NO_COMPILE -DUSE_CPP_HS_FORCE `nc-config --cflags`  `nc-config --cflags` `nc-config --flibs` -cpp -fcray-pointer -O2 -ffree-line-length-none -fno-range-check -fdefault-real-8 -fdefault-double-8 -fallow-invalid-boz -fallow-argument-mismatch  -c	/explore/nobackup/people/jli30/SystemTesting/Isca/isca_work/codebase/_explore_nobackup_people_jli30_workspace_GFDL_atmos_cubed_sphere/code/src/atmos_spectral/driver/solo/idealized_moist_phys.F90
2026-06-08 15:50:14,492 - isca - INFO - mpifort -Duse_libMPI -Duse_netCDF -Duse_LARGEFILE -DINTERNAL_FILE_NML -DOVERLOAD_C8 -DRRTM_NO_COMPILE -DSOC_NO_COMPILE -DUSE_CPP_HS_FORCE `nc-config --cflags`  `nc-config --cflags` `nc-config --flibs` -cpp -fcray-pointer -O2 -ffree-line-length-none -fno-range-check -fdefault-real-8 -fdefault-double-8 -fallow-invalid-boz -fallow-argument-mismatch  -c	/explore/nobackup/people/jli30/SystemTesting/Isca/isca_work/codebase/_explore_nobackup_people_jli30_workspace_GFDL_atmos_cubed_sphere/code/src/atmos_spectral/driver/solo/atmosphere.F90
2026-06-08 15:50:15,427 - isca - INFO - mpifort -Duse_libMPI -Duse_netCDF -Duse_LARGEFILE -DINTERNAL_FILE_NML -DOVERLOAD_C8 -DRRTM_NO_COMPILE -DSOC_NO_COMPILE -DUSE_CPP_HS_FORCE `nc-config --cflags`  `nc-config --cflags` `nc-config --flibs` -cpp -fcray-pointer -O2 -ffree-line-length-none -fno-range-check -fdefault-real-8 -fdefault-double-8 -fallow-invalid-boz -fallow-argument-mismatch  -c	/explore/nobackup/people/jli30/SystemTesting/Isca/isca_work/codebase/_explore_nobackup_people_jli30_workspace_GFDL_atmos_cubed_sphere/code/src/shared/mpp/mpp_utilities.F90
2026-06-08 15:50:15,582 - isca - INFO - mpicc -Duse_libMPI -Duse_netCDF -Duse_LARGEFILE -DINTERNAL_FILE_NML -DOVERLOAD_C8 -DRRTM_NO_COMPILE -DSOC_NO_COMPILE -DUSE_CPP_HS_FORCE `nc-config --cflags` -D__IFC  -c -I/explore/nobackup/people/jli30/SystemTesting/Isca/isca_work/codebase/_explore_nobackup_people_jli30_workspace_GFDL_atmos_cubed_sphere/code/src/shared/mosaic	/explore/nobackup/people/jli30/SystemTesting/Isca/isca_work/codebase/_explore_nobackup_people_jli30_workspace_GFDL_atmos_cubed_sphere/code/src/shared/mosaic/interp.c
2026-06-08 15:50:15,637 - isca - INFO - mpicc -Duse_libMPI -Duse_netCDF -Duse_LARGEFILE -DINTERNAL_FILE_NML -DOVERLOAD_C8 -DRRTM_NO_COMPILE -DSOC_NO_COMPILE -DUSE_CPP_HS_FORCE `nc-config --cflags` -D__IFC  -c	/explore/nobackup/people/jli30/SystemTesting/Isca/isca_work/codebase/_explore_nobackup_people_jli30_workspace_GFDL_atmos_cubed_sphere/code/src/shared/mpp/nsclock.c
2026-06-08 15:50:15,665 - isca - INFO - mpifort -Duse_libMPI -Duse_netCDF -Duse_LARGEFILE -DINTERNAL_FILE_NML -DOVERLOAD_C8 -DRRTM_NO_COMPILE -DSOC_NO_COMPILE -DUSE_CPP_HS_FORCE `nc-config --cflags`  `nc-config --cflags` `nc-config --flibs` -cpp -fcray-pointer -O2 -ffree-line-length-none -fno-range-check -fdefault-real-8 -fdefault-double-8 -fallow-invalid-boz -fallow-argument-mismatch  -c	/explore/nobackup/people/jli30/SystemTesting/Isca/isca_work/codebase/_explore_nobackup_people_jli30_workspace_GFDL_atmos_cubed_sphere/code/src/shared/mosaic/gradient.F90
2026-06-08 15:50:16,287 - isca - INFO - mpifort -Duse_libMPI -Duse_netCDF -Duse_LARGEFILE -DINTERNAL_FILE_NML -DOVERLOAD_C8 -DRRTM_NO_COMPILE -DSOC_NO_COMPILE -DUSE_CPP_HS_FORCE `nc-config --cflags`  `nc-config --cflags` `nc-config --flibs` -cpp -fcray-pointer -O2 -ffree-line-length-none -fno-range-check -fdefault-real-8 -fdefault-double-8 -fallow-invalid-boz -fallow-argument-mismatch  -c	/explore/nobackup/people/jli30/SystemTesting/Isca/isca_work/codebase/_explore_nobackup_people_jli30_workspace_GFDL_atmos_cubed_sphere/code/src/shared/random_numbers/random_numbers.F90
2026-06-08 15:50:16,420 - isca - INFO - mpicc -Duse_libMPI -Duse_netCDF -Duse_LARGEFILE -DINTERNAL_FILE_NML -DOVERLOAD_C8 -DRRTM_NO_COMPILE -DSOC_NO_COMPILE -DUSE_CPP_HS_FORCE `nc-config --cflags` -D__IFC  -c -I/explore/nobackup/people/jli30/SystemTesting/Isca/isca_work/codebase/_explore_nobackup_people_jli30_workspace_GFDL_atmos_cubed_sphere/code/src/shared/mosaic	/explore/nobackup/people/jli30/SystemTesting/Isca/isca_work/codebase/_explore_nobackup_people_jli30_workspace_GFDL_atmos_cubed_sphere/code/src/shared/mosaic/create_xgrid.c
2026-06-08 15:50:16,449 - isca - INFO - [01m[K/explore/nobackup/people/jli30/SystemTesting/Isca/isca_work/codebase/_explore_nobackup_people_jli30_workspace_GFDL_atmos_cubed_sphere/code/src/shared/mosaic/create_xgrid.c:[m[K In function ‘[01m[Kclip_2dx2d_great_circle[m[K’:
2026-06-08 15:50:16,449 - isca - WARNING - [01m[K/explore/nobackup/people/jli30/SystemTesting/Isca/isca_work/codebase/_explore_nobackup_people_jli30_workspace_GFDL_atmos_cubed_sphere/code/src/shared/mosaic/create_xgrid.c:1363:9:[m[K [01;35m[Kwarning: [m[Kimplicit declaration of function ‘[01m[KisHeadNode[m[K’ [[01;35m[K]8;;https://gcc.gnu.org/onlinedocs/gcc/Warning-Options.html#index-Wimplicit-function-declaration-Wimplicit-function-declaration]8;;[m[K]
2026-06-08 15:50:16,449 - isca - INFO - 1363 |     if( [01;35m[KisHeadNode[m[K(intersectList, firstIntersect) ) {
2026-06-08 15:50:16,449 - isca - INFO - |         [01;35m[K^~~~~~~~~~[m[K
2026-06-08 15:50:16,536 - isca - INFO - mpifort -Duse_libMPI -Duse_netCDF -Duse_LARGEFILE -DINTERNAL_FILE_NML -DOVERLOAD_C8 -DRRTM_NO_COMPILE -DSOC_NO_COMPILE -DUSE_CPP_HS_FORCE `nc-config --cflags`  `nc-config --cflags` `nc-config --flibs` -cpp -fcray-pointer -O2 -ffree-line-length-none -fno-range-check -fdefault-real-8 -fdefault-double-8 -fallow-invalid-boz -fallow-argument-mismatch  -c -I/explore/nobackup/people/jli30/SystemTesting/Isca/isca_work/codebase/_explore_nobackup_people_jli30_workspace_GFDL_atmos_cubed_sphere/code/src/shared/include -I/explore/nobackup/people/jli30/SystemTesting/Isca/isca_work/codebase/_explore_nobackup_people_jli30_workspace_GFDL_atmos_cubed_sphere/code/src/atmos_param/monin_obukhov	/explore/nobackup/people/jli30/SystemTesting/Isca/isca_work/codebase/_explore_nobackup_people_jli30_workspace_GFDL_atmos_cubed_sphere/code/src/atmos_param/monin_obukhov/monin_obukhov_kernel.F90
2026-06-08 15:50:16,958 - isca - INFO - mpifort -Duse_libMPI -Duse_netCDF -Duse_LARGEFILE -DINTERNAL_FILE_NML -DOVERLOAD_C8 -DRRTM_NO_COMPILE -DSOC_NO_COMPILE -DUSE_CPP_HS_FORCE `nc-config --cflags`  `nc-config --cflags` `nc-config --flibs` -cpp -fcray-pointer -O2 -ffree-line-length-none -fno-range-check -fdefault-real-8 -fdefault-double-8 -fallow-invalid-boz -fallow-argument-mismatch  -c -I/explore/nobackup/people/jli30/SystemTesting/Isca/isca_work/codebase/_explore_nobackup_people_jli30_workspace_GFDL_atmos_cubed_sphere/code/src/shared/include	/explore/nobackup/people/jli30/SystemTesting/Isca/isca_work/codebase/_explore_nobackup_people_jli30_workspace_GFDL_atmos_cubed_sphere/code/src/shared/mpp/test_mpp_io.F90
2026-06-08 15:50:17,010 - isca - INFO - mpifort -Duse_libMPI -Duse_netCDF -Duse_LARGEFILE -DINTERNAL_FILE_NML -DOVERLOAD_C8 -DRRTM_NO_COMPILE -DSOC_NO_COMPILE -DUSE_CPP_HS_FORCE `nc-config --cflags`  `nc-config --cflags` `nc-config --flibs` -cpp -fcray-pointer -O2 -ffree-line-length-none -fno-range-check -fdefault-real-8 -fdefault-double-8 -fallow-invalid-boz -fallow-argument-mismatch  -c	/explore/nobackup/people/jli30/SystemTesting/Isca/isca_work/codebase/_explore_nobackup_people_jli30_workspace_GFDL_atmos_cubed_sphere/code/src/atmos_solo/atmos_model.F90
2026-06-08 15:50:17,039 - isca - INFO - [01m[K/explore/nobackup/people/jli30/SystemTesting/Isca/isca_work/codebase/_explore_nobackup_people_jli30_workspace_GFDL_atmos_cubed_sphere/code/src/atmos_solo/atmos_model.F90:269:0:[m[K
2026-06-08 15:50:17,039 - isca - INFO - 269 | #endif MARS_GCM
2026-06-08 15:50:17,039 - isca - INFO - |
2026-06-08 15:50:17,039 - isca - WARNING - [01;35m[KWarning:[m[K extra tokens at end of #endif directive
2026-06-08 15:50:17,039 - isca - INFO - [01m[K/explore/nobackup/people/jli30/SystemTesting/Isca/isca_work/codebase/_explore_nobackup_people_jli30_workspace_GFDL_atmos_cubed_sphere/code/src/atmos_solo/atmos_model.F90:390:0:[m[K
2026-06-08 15:50:17,040 - isca - INFO - 390 | #endif MARS_GCM
2026-06-08 15:50:17,040 - isca - INFO - |
2026-06-08 15:50:17,040 - isca - WARNING - [01;35m[KWarning:[m[K extra tokens at end of #endif directive
2026-06-08 15:50:17,173 - isca - INFO - mpicc -Duse_libMPI -Duse_netCDF -Duse_LARGEFILE -DINTERNAL_FILE_NML -DOVERLOAD_C8 -DRRTM_NO_COMPILE -DSOC_NO_COMPILE -DUSE_CPP_HS_FORCE `nc-config --cflags` -D__IFC  -c	/explore/nobackup/people/jli30/SystemTesting/Isca/isca_work/codebase/_explore_nobackup_people_jli30_workspace_GFDL_atmos_cubed_sphere/code/src/shared/mpp/affinity.c
2026-06-08 15:50:17,229 - isca - INFO - mpifort transforms.o MersenneTwister.o vert_coordinate.o diag_data.o sat_vapor_pres_k.o every_step_diagnostics.o stable_bl_turb.o spectral_init_cond.o vert_turb_driver.o read_mosaic.o monin_obukhov.o memuse.o field_manager.o hs_forcing.o fms.o betts_miller.o mpp.o tracer_type.o constants.o mpp_data.o spherical_fourier.o polvani_2007.o vert_advection.o my25_turb.o rad_utilities.o platform.o vert_diff.o diag_util.o global_integral.o jablonowski_2006.o fft.o test_fms_io.o cloud_spookie.o cloud_simple.o mosaic_util.o gaussian_topog.o cg_drag.o atmosphere.o spectral_dynamics.o damping_driver.o test_mpp_pset.o mpp_utilities.o diag_manager.o leapfrog.o tracer_manager.o idealized_moist_phys.o large_scale_cloud.o interp.o spectral_initialize_fields.o nsclock.o gradient.o fv_advection.o gauss_and_legendre.o fm_util.o matrix_invert.o mosaic.o time_interp.o random_numbers.o mpp_domains.o marine_strat_cloud.o dry_convection.o horiz_interp_conserve.o rayleigh_bottom_drag.o create_xgrid.o diag_axis.o diag_output.o mg_drag.o test_mpp.o mixed_layer.o spectral_damping.o horiz_interp_bicubic.o two_stream_gray_rad.o mpp_io.o spherical.o press_and_geopot.o polvani_2004.o entrain.o axis_utils.o fms_io.o horiz_interp_spherical.o water_borrowing.o gradient_c2l.o ras.o surface_flux.o implicit.o shallow_conv.o horiz_interp_bilinear.o tridiagonal.o topog_regularization.o grid.o monin_obukhov_kernel.o strat_cloud.o sat_vapor_pres.o spec_mpp.o test_mpp_io.o time_manager.o ic_from_external_file.o atmos_model.o cloud_cover_diags.o horiz_interp.o diag_grid.o mpp_pset.o edt.o astronomy.o hs_forcing_c_interface.o test_mpp_domains.o time_interp_external.o mpp_parameter.o mpp_memutils.o topo_drag.o affinity.o diffusivity.o get_cal_time.o qflux.o horiz_interp_type.o interpolator.o memutils.o diag_table.o qe_moist_convection.o grid_fourier.o threadloc.o lcl.o topography.o lscale_cond.o fft99.o -o held_suarez_hybrid.x  -lnetcdff -lnetcdf -lmpi -L/explore/nobackup/people/jli30/SystemTesting/Isca/isca_work/codebase/_explore_nobackup_people_jli30_workspace_GFDL_atmos_cubed_sphere/build/held_suarez_hybrid/lib -lhs_forcing -lstdc++ -lm
2026-06-08 15:50:17,265 - isca - INFO - /usr/bin/ld: skipping incompatible /explore/nobackup/people/jli30/SystemTesting/Isca/isca_work/codebase/_explore_nobackup_people_jli30_workspace_GFDL_atmos_cubed_sphere/build/held_suarez_hybrid/lib/libhs_forcing.a when searching for -lhs_forcing
2026-06-08 15:50:17,265 - isca - INFO - /usr/bin/ld: cannot find -lhs_forcing: No such file or directory
2026-06-08 15:50:17,289 - isca - INFO - collect2: error: ld returned 1 exit status
2026-06-08 15:50:17,294 - isca - INFO - make: *** [Makefile:682: held_suarez_hybrid.x] Error 1
2026-06-08 15:50:17,294 - isca - INFO - ERROR: mkmf failed for held_suarez_hybrid.x
Exception in thread background thread for pid 1988225:
Traceback (most recent call last):
  File "/usr/lib/python3.10/threading.py", line 1016, in _bootstrap_inner
    self.run()
  File "/usr/lib/python3.10/threading.py", line 953, in run
    self._target(*self._args, **self._kwargs)
  File "/usr/local/lib/python3.10/dist-packages/sh.py", line 1642, in wrap
    fn(*rgs, **kwargs)
  File "/usr/local/lib/python3.10/dist-packages/sh.py", line 2649, in background_thread
    handle_exit_code(exit_code)
  File "/usr/local/lib/python3.10/dist-packages/sh.py", line 2340, in fn
    return self.command.handle_command_exit_code(exit_code)
  File "/usr/local/lib/python3.10/dist-packages/sh.py", line 823, in handle_command_exit_code
    raise exc
sh.ErrorReturnCode_1: 

  RAN: /usr/bin/bash /explore/nobackup/people/jli30/SystemTesting/Isca/isca_work/codebase/_explore_nobackup_people_jli30_workspace_GFDL_atmos_cubed_sphere/build/held_suarez_hybrid/compile.sh

  STDOUT:
Loading hybrid ubuntu-conda environment
Loading basic ubuntu-conda environment
/explore/nobackup/people/jli30/SystemTesting/Isca/isca_work/codebase/_explore_nobackup_people_jli30_workspace_GFDL_atmos_cubed_sphere/build/held_suarez_hybrid/path_names
................................................................................................................................. Makefile is ready.
mpifort -Duse_libMPI -Duse_netCDF -Duse_LARGEFILE -DINTERNAL_FILE_NML -DOVERLOAD_C8 -DRRTM_NO_COMPILE -DSOC_NO_COMPILE -DUSE_CPP_HS_FORCE `nc-config --cflags`  `nc-config --cflags` `nc-config --flibs` -cpp -fcray-pointer -O2 -ffree-line-length-none -fno-range-check -fdefault-real-8 -fdefault-double-8 -fallow-invalid-boz -fallow-argument-mismatch  -c	... (18202 more, please see e.stdout)

  STDERR:

Building hybrid Held-Suarez via CodeBase.compile()
Traceback (most recent call last):
  File "/explore/nobackup/people/jli30/workspace/GFDL_atmos_cubed_sphere/hybrid_experiments/held_suarez_cpp_force/compile_native_overlay.py", line 169, in <module>
    main()
  File "/explore/nobackup/people/jli30/workspace/GFDL_atmos_cubed_sphere/hybrid_experiments/held_suarez_cpp_force/compile_native_overlay.py", line 165, in main
    print("Generated:", build_hybrid())
  File "/explore/nobackup/people/jli30/workspace/GFDL_atmos_cubed_sphere/hybrid_experiments/held_suarez_cpp_force/compile_native_overlay.py", line 131, in build_hybrid
    cb.compile()
  File "/explore/nobackup/people/jli30/workspace/GFDL_atmos_cubed_sphere/hybrid_experiments/held_suarez_cpp_force/compile_native_overlay.py", line 100, in compile
    return super(HeldSuarezHybridCodeBase, self).compile(*args, **kwargs)
  File "/isca/src/extra/python/isca/helpers.py", line 38, in _useworkdir
    return fn(*args, **kwargs)
  File "/isca/src/extra/python/isca/helpers.py", line 22, in _destructive
    return fn(*args, **kwargs)
  File "/isca/src/extra/python/isca/codebase.py", line 280, in compile
    for line in sh.bash(P(self.builddir, 'compile.sh'), _iter=True, _err_to_out=True):
  File "/usr/local/lib/python3.10/dist-packages/sh.py", line 879, in __next__
    self.wait()
  File "/usr/local/lib/python3.10/dist-packages/sh.py", line 796, in wait
    self.handle_command_exit_code(exit_code)
  File "/usr/local/lib/python3.10/dist-packages/sh.py", line 823, in handle_command_exit_code
    raise exc
sh.ErrorReturnCode_1: 

  RAN: /usr/bin/bash /explore/nobackup/people/jli30/SystemTesting/Isca/isca_work/codebase/_explore_nobackup_people_jli30_workspace_GFDL_atmos_cubed_sphere/build/held_suarez_hybrid/compile.sh

  STDOUT:
Loading hybrid ubuntu-conda environment
Loading basic ubuntu-conda environment
/explore/nobackup/people/jli30/SystemTesting/Isca/isca_work/codebase/_explore_nobackup_people_jli30_workspace_GFDL_atmos_cubed_sphere/build/held_suarez_hybrid/path_names
................................................................................................................................. Makefile is ready.
mpifort -Duse_libMPI -Duse_netCDF -Duse_LARGEFILE -DINTERNAL_FILE_NML -DOVERLOAD_C8 -DRRTM_NO_COMPILE -DSOC_NO_COMPILE -DUSE_CPP_HS_FORCE `nc-config --cflags`  `nc-config --cflags` `nc-config --flibs` -cpp -fcray-pointer -O2 -ffree-line-length-none -fno-range-check -fdefault-real-8 -fdefault-double-8 -fallow-invalid-boz -fallow-argument-mismatch  -c	... (18202 more, please see e.stdout)

  STDERR:

