=== Run Held-Suarez matrix case ===
start_timestamp=2026-07-24T16:11:03-04:00
config=fv_cuda_a_grid_1gpu
resolution=T85
levels=25
days=90
num_ranks=16
ntasks_per_node=16
container=/lscratch/jli30/isca-sandbox
GFDL_BASE=/explore/nobackup/people/jli30/workspace/GFDL_atmos_cubed_sphere
GFDL_WORK=/explore/nobackup/people/jli30/SystemTesting/Isca/isca_work
GFDL_DATA=/explore/nobackup/people/jli30/SystemTesting/Isca/isca_data
experiment=held_suarez_fv_cuda_a_grid_1gpu_T85L25_90day
run_dir=/explore/nobackup/people/jli30/SystemTesting/Isca/isca_work/experiment/held_suarez_fv_cuda_a_grid_1gpu_T85L25_90day/run
executable=/explore/nobackup/people/jli30/SystemTesting/Isca/isca_work/experiment/held_suarez_fv_cuda_a_grid_1gpu_T85L25_90day/run/held_suarez_fv_kernels_cuda.x
log=/explore/nobackup/people/jli30/workspace/GFDL_atmos_cubed_sphere/logs/matrix_T85L25_fv_cuda_a_grid_1gpu_90day.log
INFO:    Environment variable SINGULARITY_TMPDIR is set, but APPTAINER_TMPDIR is preferred
INFO:    Environment variable SINGULARITY_TMPDIR is set, but APPTAINER_TMPDIR is preferred
INFO:    Environment variable SINGULARITY_TMPDIR is set, but APPTAINER_TMPDIR is preferred
INFO:    Environment variable SINGULARITY_TMPDIR is set, but APPTAINER_TMPDIR is preferred
INFO:    Environment variable SINGULARITY_TMPDIR is set, but APPTAINER_TMPDIR is preferred
INFO:    Environment variable SINGULARITY_TMPDIR is set, but APPTAINER_TMPDIR is preferred
INFO:    Environment variable SINGULARITY_TMPDIR is set, but APPTAINER_TMPDIR is preferred
INFO:    Environment variable SINGULARITY_TMPDIR is set, but APPTAINER_TMPDIR is preferred
INFO:    Environment variable SINGULARITY_TMPDIR is set, but APPTAINER_TMPDIR is preferred
INFO:    Environment variable SINGULARITY_TMPDIR is set, but APPTAINER_TMPDIR is preferred
INFO:    Environment variable SINGULARITY_TMPDIR is set, but APPTAINER_TMPDIR is preferred
INFO:    Environment variable SINGULARITY_TMPDIR is set, but APPTAINER_TMPDIR is preferred
INFO:    Environment variable SINGULARITY_TMPDIR is set, but APPTAINER_TMPDIR is preferred
INFO:    Environment variable SINGULARITY_TMPDIR is set, but APPTAINER_TMPDIR is preferred
INFO:    Environment variable SINGULARITY_TMPDIR is set, but APPTAINER_TMPDIR is preferred
INFO:    Environment variable SINGULARITY_TMPDIR is set, but APPTAINER_TMPDIR is preferred
Loading hybrid ubuntu-conda environment
Loading hybrid ubuntu-conda environment
Loading basic ubuntu-conda environment
Loading hybrid ubuntu-conda environment
Loading basic ubuntu-conda environment
Loading basic ubuntu-conda environment
Loading hybrid ubuntu-conda environment
Loading basic ubuntu-conda environment
hostname=gh032
CUDA_VISIBLE_DEVICES=0
hostname=gh032
CUDA_VISIBLE_DEVICES=0
Loading hybrid ubuntu-conda environment
Loading basic ubuntu-conda environment
hostname=gh032
CUDA_VISIBLE_DEVICES=0
Loading hybrid ubuntu-conda environment
hostname=gh032
CUDA_VISIBLE_DEVICES=0
Loading basic ubuntu-conda environment
Loading hybrid ubuntu-conda environment
Loading hybrid ubuntu-conda environment
Loading basic ubuntu-conda environment
Loading basic ubuntu-conda environment
Loading hybrid ubuntu-conda environment
Loading basic ubuntu-conda environment
Loading hybrid ubuntu-conda environment
Loading basic ubuntu-conda environment
hostname=gh032
CUDA_VISIBLE_DEVICES=0
hostname=gh032
CUDA_VISIBLE_DEVICES=0
Loading hybrid ubuntu-conda environment
Loading basic ubuntu-conda environment
Loading hybrid ubuntu-conda environment
hostname=gh032
Loading basic ubuntu-conda environment
CUDA_VISIBLE_DEVICES=0
hostname=gh032
CUDA_VISIBLE_DEVICES=0
Loading hybrid ubuntu-conda environment
hostname=gh032
Loading basic ubuntu-conda environment
CUDA_VISIBLE_DEVICES=0
Loading hybrid ubuntu-conda environment
Loading basic ubuntu-conda environment
Loading hybrid ubuntu-conda environment
Loading basic ubuntu-conda environment
hostname=gh032
CUDA_VISIBLE_DEVICES=0
hostname=gh032
CUDA_VISIBLE_DEVICES=0
hostname=gh032
CUDA_VISIBLE_DEVICES=0
hostname=gh032
CUDA_VISIBLE_DEVICES=0
hostname=gh032
CUDA_VISIBLE_DEVICES=0
hostname=gh032
CUDA_VISIBLE_DEVICES=0
Loading hybrid ubuntu-conda environment
Loading basic ubuntu-conda environment
hostname=gh032
CUDA_VISIBLE_DEVICES=0
GPU 0: NVIDIA GH200 480GB (UUID: GPU-8c6c6ea7-a446-2230-389b-5283ea3b4eab)
GPU 0: NVIDIA GH200 480GB (UUID: GPU-8c6c6ea7-a446-2230-389b-5283ea3b4eab)
GPU 0: NVIDIA GH200 480GB (UUID: GPU-8c6c6ea7-a446-2230-389b-5283ea3b4eab)
GPU 0: NVIDIA GH200 480GB (UUID: GPU-8c6c6ea7-a446-2230-389b-5283ea3b4eab)
GPU 0: NVIDIA GH200 480GB (UUID: GPU-8c6c6ea7-a446-2230-389b-5283ea3b4eab)
GPU 0: NVIDIA GH200 480GB (UUID: GPU-8c6c6ea7-a446-2230-389b-5283ea3b4eab)
GPU 0: NVIDIA GH200 480GB (UUID: GPU-8c6c6ea7-a446-2230-389b-5283ea3b4eab)
GPU 0: NVIDIA GH200 480GB (UUID: GPU-8c6c6ea7-a446-2230-389b-5283ea3b4eab)
GPU 0: NVIDIA GH200 480GB (UUID: GPU-8c6c6ea7-a446-2230-389b-5283ea3b4eab)
GPU 0: NVIDIA GH200 480GB (UUID: GPU-8c6c6ea7-a446-2230-389b-5283ea3b4eab)
GPU 0: NVIDIA GH200 480GB (UUID: GPU-8c6c6ea7-a446-2230-389b-5283ea3b4eab)
GPU 0: NVIDIA GH200 480GB (UUID: GPU-8c6c6ea7-a446-2230-389b-5283ea3b4eab)
GPU 0: NVIDIA GH200 480GB (UUID: GPU-8c6c6ea7-a446-2230-389b-5283ea3b4eab)
GPU 0: NVIDIA GH200 480GB (UUID: GPU-8c6c6ea7-a446-2230-389b-5283ea3b4eab)
GPU 0: NVIDIA GH200 480GB (UUID: GPU-8c6c6ea7-a446-2230-389b-5283ea3b4eab)
GPU 0: NVIDIA GH200 480GB (UUID: GPU-8c6c6ea7-a446-2230-389b-5283ea3b4eab)
--------------------------------------------------------------------------
A requested component was not found, or was unable to be opened.  This
means that this component is either not installed or is unable to be
used on your system (e.g., sometimes this means that shared libraries
that the component requires are unable to be found/loaded).  Note that
PMIx stopped checking at the first component that it did not find.

Host:      gh032
Framework: psec
Component: munge
--------------------------------------------------------------------------

--------------------------------------------------------------------------
A requested component was not found, or was unable to be opened.  This
means that this component is either not installed or is unable to be
used on your system (e.g., sometimes this means that shared libraries
that the component requires are unable to be found/loaded).  Note that
PMIx stopped checking at the first component that it did not find.

Host:      gh032
Framework: psec
Component: munge
--------------------------------------------------------------------------

--------------------------------------------------------------------------
A requested component was not found, or was unable to be opened.  This
means that this component is either not installed or is unable to be
used on your system (e.g., sometimes this means that shared libraries
that the component requires are unable to be found/loaded).  Note that
PMIx stopped checking at the first component that it did not find.

Host:      gh032
Framework: psec
Component: munge
--------------------------------------------------------------------------

--------------------------------------------------------------------------
A requested component was not found, or was unable to be opened.  This
means that this component is either not installed or is unable to be
used on your system (e.g., sometimes this means that shared libraries
that the component requires are unable to be found/loaded).  Note that
PMIx stopped checking at the first component that it did not find.

Host:      gh032
Framework: psec
Component: munge
--------------------------------------------------------------------------

--------------------------------------------------------------------------
A requested component was not found, or was unable to be opened.  This
means that this component is either not installed or is unable to be
used on your system (e.g., sometimes this means that shared libraries
that the component requires are unable to be found/loaded).  Note that
PMIx stopped checking at the first component that it did not find.

Host:      gh032
Framework: psec
Component: munge
--------------------------------------------------------------------------

--------------------------------------------------------------------------
A requested component was not found, or was unable to be opened.  This
means that this component is either not installed or is unable to be
used on your system (e.g., sometimes this means that shared libraries
that the component requires are unable to be found/loaded).  Note that
PMIx stopped checking at the first component that it did not find.

Host:      gh032
Framework: psec
Component: munge
--------------------------------------------------------------------------

--------------------------------------------------------------------------
A requested component was not found, or was unable to be opened.  This
means that this component is either not installed or is unable to be
used on your system (e.g., sometimes this means that shared libraries
that the component requires are unable to be found/loaded).  Note that
PMIx stopped checking at the first component that it did not find.

Host:      gh032
Framework: psec
Component: munge
--------------------------------------------------------------------------

--------------------------------------------------------------------------
A requested component was not found, or was unable to be opened.  This
means that this component is either not installed or is unable to be
used on your system (e.g., sometimes this means that shared libraries
that the component requires are unable to be found/loaded).  Note that
PMIx stopped checking at the first component that it did not find.

Host:      gh032
Framework: psec
Component: munge
--------------------------------------------------------------------------

--------------------------------------------------------------------------
A requested component was not found, or was unable to be opened.  This
means that this component is either not installed or is unable to be
used on your system (e.g., sometimes this means that shared libraries
that the component requires are unable to be found/loaded).  Note that
PMIx stopped checking at the first component that it did not find.

Host:      gh032
Framework: psec
Component: munge
--------------------------------------------------------------------------

--------------------------------------------------------------------------
A requested component was not found, or was unable to be opened.  This
means that this component is either not installed or is unable to be
used on your system (e.g., sometimes this means that shared libraries
that the component requires are unable to be found/loaded).  Note that
PMIx stopped checking at the first component that it did not find.

Host:      gh032
Framework: psec
Component: munge
--------------------------------------------------------------------------

--------------------------------------------------------------------------
A requested component was not found, or was unable to be opened.  This
means that this component is either not installed or is unable to be
used on your system (e.g., sometimes this means that shared libraries
that the component requires are unable to be found/loaded).  Note that
PMIx stopped checking at the first component that it did not find.

Host:      gh032
Framework: psec
Component: munge
--------------------------------------------------------------------------

--------------------------------------------------------------------------
A requested component was not found, or was unable to be opened.  This
means that this component is either not installed or is unable to be
used on your system (e.g., sometimes this means that shared libraries
that the component requires are unable to be found/loaded).  Note that
PMIx stopped checking at the first component that it did not find.

Host:      gh032
Framework: psec
Component: munge
--------------------------------------------------------------------------

--------------------------------------------------------------------------
A requested component was not found, or was unable to be opened.  This
means that this component is either not installed or is unable to be
used on your system (e.g., sometimes this means that shared libraries
that the component requires are unable to be found/loaded).  Note that
PMIx stopped checking at the first component that it did not find.

Host:      gh032
Framework: psec
Component: munge
--------------------------------------------------------------------------

--------------------------------------------------------------------------
A requested component was not found, or was unable to be opened.  This
means that this component is either not installed or is unable to be
used on your system (e.g., sometimes this means that shared libraries
that the component requires are unable to be found/loaded).  Note that
PMIx stopped checking at the first component that it did not find.

Host:      gh032
Framework: psec
Component: munge
--------------------------------------------------------------------------

--------------------------------------------------------------------------
A requested component was not found, or was unable to be opened.  This
means that this component is either not installed or is unable to be
used on your system (e.g., sometimes this means that shared libraries
that the component requires are unable to be found/loaded).  Note that
PMIx stopped checking at the first component that it did not find.

Host:      gh032
Framework: psec
Component: munge
--------------------------------------------------------------------------

--------------------------------------------------------------------------
A requested component was not found, or was unable to be opened.  This
means that this component is either not installed or is unable to be
used on your system (e.g., sometimes this means that shared libraries
that the component requires are unable to be found/loaded).  Note that
PMIx stopped checking at the first component that it did not find.

Host:      gh032
Framework: psec
Component: munge
--------------------------------------------------------------------------

--------------------------------------------------------------------------
A requested component was not found, or was unable to be opened.  This
means that this component is either not installed or is unable to be
used on your system (e.g., sometimes this means that shared libraries
that the component requires are unable to be found/loaded).  Note that
PMIx stopped checking at the first component that it did not find.

Host:      gh032
Framework: psec
Component: munge
--------------------------------------------------------------------------

[gh032:2102480] PMIX ERROR: ERROR in file ../../../../../../src/mca/gds/ds12/gds_ds12_lock_pthread.c at line 169
[gh032:2102478] PMIX ERROR: ERROR in file ../../../../../../src/mca/gds/ds12/gds_ds12_lock_pthread.c at line 169
--------------------------------------------------------------------------
A requested component was not found, or was unable to be opened.  This
means that this component is either not installed or is unable to be
used on your system (e.g., sometimes this means that shared libraries
that the component requires are unable to be found/loaded).  Note that
PMIx stopped checking at the first component that it did not find.

Host:      gh032
Framework: psec
Component: munge
--------------------------------------------------------------------------

--------------------------------------------------------------------------
A requested component was not found, or was unable to be opened.  This
means that this component is either not installed or is unable to be
used on your system (e.g., sometimes this means that shared libraries
that the component requires are unable to be found/loaded).  Note that
PMIx stopped checking at the first component that it did not find.

Host:      gh032
Framework: psec
Component: munge
--------------------------------------------------------------------------

[gh032:2102476] PMIX ERROR: ERROR in file ../../../../../../src/mca/gds/ds12/gds_ds12_lock_pthread.c at line 169
[gh032:2102482] PMIX ERROR: ERROR in file ../../../../../../src/mca/gds/ds12/gds_ds12_lock_pthread.c at line 169
[gh032:2102488] PMIX ERROR: ERROR in file ../../../../../../src/mca/gds/ds12/gds_ds12_lock_pthread.c at line 169
--------------------------------------------------------------------------
A requested component was not found, or was unable to be opened.  This
means that this component is either not installed or is unable to be
used on your system (e.g., sometimes this means that shared libraries
that the component requires are unable to be found/loaded).  Note that
PMIx stopped checking at the first component that it did not find.

Host:      gh032
Framework: psec
Component: munge
--------------------------------------------------------------------------

[gh032:2102487] PMIX ERROR: ERROR in file ../../../../../../src/mca/gds/ds12/gds_ds12_lock_pthread.c at line 169
[gh032:2102486] PMIX ERROR: ERROR in file ../../../../../../src/mca/gds/ds12/gds_ds12_lock_pthread.c at line 169
[gh032:2102484] PMIX ERROR: ERROR in file ../../../../../../src/mca/gds/ds12/gds_ds12_lock_pthread.c at line 169
[gh032:2102485] PMIX ERROR: ERROR in file ../../../../../../src/mca/gds/ds12/gds_ds12_lock_pthread.c at line 169
[gh032:2102477] PMIX ERROR: ERROR in file ../../../../../../src/mca/gds/ds12/gds_ds12_lock_pthread.c at line 169
--------------------------------------------------------------------------
A requested component was not found, or was unable to be opened.  This
means that this component is either not installed or is unable to be
used on your system (e.g., sometimes this means that shared libraries
that the component requires are unable to be found/loaded).  Note that
PMIx stopped checking at the first component that it did not find.

Host:      gh032
Framework: psec
Component: munge
--------------------------------------------------------------------------

--------------------------------------------------------------------------
A requested component was not found, or was unable to be opened.  This
means that this component is either not installed or is unable to be
used on your system (e.g., sometimes this means that shared libraries
that the component requires are unable to be found/loaded).  Note that
PMIx stopped checking at the first component that it did not find.

Host:      gh032
Framework: psec
Component: munge
--------------------------------------------------------------------------

--------------------------------------------------------------------------
A requested component was not found, or was unable to be opened.  This
means that this component is either not installed or is unable to be
used on your system (e.g., sometimes this means that shared libraries
that the component requires are unable to be found/loaded).  Note that
PMIx stopped checking at the first component that it did not find.

Host:      gh032
Framework: psec
Component: munge
--------------------------------------------------------------------------

--------------------------------------------------------------------------
A requested component was not found, or was unable to be opened.  This
means that this component is either not installed or is unable to be
used on your system (e.g., sometimes this means that shared libraries
that the component requires are unable to be found/loaded).  Note that
PMIx stopped checking at the first component that it did not find.

Host:      gh032
Framework: psec
Component: munge
--------------------------------------------------------------------------

--------------------------------------------------------------------------
A requested component was not found, or was unable to be opened.  This
means that this component is either not installed or is unable to be
used on your system (e.g., sometimes this means that shared libraries
that the component requires are unable to be found/loaded).  Note that
PMIx stopped checking at the first component that it did not find.

Host:      gh032
Framework: psec
Component: munge
--------------------------------------------------------------------------

[gh032:2102490] PMIX ERROR: ERROR in file ../../../../../../src/mca/gds/ds12/gds_ds12_lock_pthread.c at line 169
[gh032:2102479] PMIX ERROR: ERROR in file ../../../../../../src/mca/gds/ds12/gds_ds12_lock_pthread.c at line 169
--------------------------------------------------------------------------
A requested component was not found, or was unable to be opened.  This
means that this component is either not installed or is unable to be
used on your system (e.g., sometimes this means that shared libraries
that the component requires are unable to be found/loaded).  Note that
PMIx stopped checking at the first component that it did not find.

Host:      gh032
Framework: psec
Component: munge
--------------------------------------------------------------------------

--------------------------------------------------------------------------
A requested component was not found, or was unable to be opened.  This
means that this component is either not installed or is unable to be
used on your system (e.g., sometimes this means that shared libraries
that the component requires are unable to be found/loaded).  Note that
PMIx stopped checking at the first component that it did not find.

Host:      gh032
Framework: psec
Component: munge
--------------------------------------------------------------------------

--------------------------------------------------------------------------
A requested component was not found, or was unable to be opened.  This
means that this component is either not installed or is unable to be
used on your system (e.g., sometimes this means that shared libraries
that the component requires are unable to be found/loaded).  Note that
PMIx stopped checking at the first component that it did not find.

Host:      gh032
Framework: psec
Component: munge
--------------------------------------------------------------------------

[gh032:2102483] PMIX ERROR: ERROR in file ../../../../../../src/mca/gds/ds12/gds_ds12_lock_pthread.c at line 169
[gh032:2102481] PMIX ERROR: ERROR in file ../../../../../../src/mca/gds/ds12/gds_ds12_lock_pthread.c at line 169
--------------------------------------------------------------------------
A requested component was not found, or was unable to be opened.  This
means that this component is either not installed or is unable to be
used on your system (e.g., sometimes this means that shared libraries
that the component requires are unable to be found/loaded).  Note that
PMIx stopped checking at the first component that it did not find.

Host:      gh032
Framework: psec
Component: munge
--------------------------------------------------------------------------

--------------------------------------------------------------------------
A requested component was not found, or was unable to be opened.  This
means that this component is either not installed or is unable to be
used on your system (e.g., sometimes this means that shared libraries
that the component requires are unable to be found/loaded).  Note that
PMIx stopped checking at the first component that it did not find.

Host:      gh032
Framework: psec
Component: munge
--------------------------------------------------------------------------

[gh032:2102489] PMIX ERROR: ERROR in file ../../../../../../src/mca/gds/ds12/gds_ds12_lock_pthread.c at line 169
--------------------------------------------------------------------------
A requested component was not found, or was unable to be opened.  This
means that this component is either not installed or is unable to be
used on your system (e.g., sometimes this means that shared libraries
that the component requires are unable to be found/loaded).  Note that
PMIx stopped checking at the first component that it did not find.

Host:      gh032
Framework: psec
Component: munge
--------------------------------------------------------------------------

--------------------------------------------------------------------------
A requested component was not found, or was unable to be opened.  This
means that this component is either not installed or is unable to be
used on your system (e.g., sometimes this means that shared libraries
that the component requires are unable to be found/loaded).  Note that
PMIx stopped checking at the first component that it did not find.

Host:      gh032
Framework: psec
Component: munge
--------------------------------------------------------------------------

[gh032:2102491] PMIX ERROR: ERROR in file ../../../../../../src/mca/gds/ds12/gds_ds12_lock_pthread.c at line 169
--------------------------------------------------------------------------
WARNING: The default btl_vader_single_copy_mechanism CMA is
not available due to different user namespaces.

The vader shared memory BTL will fall back on another single-copy
mechanism if one is available. This may result in lower performance.

  Local host: gh032
--------------------------------------------------------------------------
--------------------------------------------------------------------------
WARNING: The default btl_vader_single_copy_mechanism CMA is
not available due to different user namespaces.

The vader shared memory BTL will fall back on another single-copy
mechanism if one is available. This may result in lower performance.

  Local host: gh032
--------------------------------------------------------------------------
--------------------------------------------------------------------------
WARNING: The default btl_vader_single_copy_mechanism CMA is
not available due to different user namespaces.

The vader shared memory BTL will fall back on another single-copy
mechanism if one is available. This may result in lower performance.

  Local host: gh032
--------------------------------------------------------------------------
--------------------------------------------------------------------------
WARNING: The default btl_vader_single_copy_mechanism CMA is
not available due to different user namespaces.

The vader shared memory BTL will fall back on another single-copy
mechanism if one is available. This may result in lower performance.

  Local host: gh032
--------------------------------------------------------------------------
--------------------------------------------------------------------------
WARNING: The default btl_vader_single_copy_mechanism CMA is
not available due to different user namespaces.

The vader shared memory BTL will fall back on another single-copy
mechanism if one is available. This may result in lower performance.

  Local host: gh032
--------------------------------------------------------------------------
--------------------------------------------------------------------------
WARNING: The default btl_vader_single_copy_mechanism CMA is
not available due to different user namespaces.

The vader shared memory BTL will fall back on another single-copy
mechanism if one is available. This may result in lower performance.

  Local host: gh032
--------------------------------------------------------------------------
--------------------------------------------------------------------------
WARNING: The default btl_vader_single_copy_mechanism CMA is
not available due to different user namespaces.

The vader shared memory BTL will fall back on another single-copy
mechanism if one is available. This may result in lower performance.

  Local host: gh032
--------------------------------------------------------------------------
--------------------------------------------------------------------------
WARNING: The default btl_vader_single_copy_mechanism CMA is
not available due to different user namespaces.

The vader shared memory BTL will fall back on another single-copy
mechanism if one is available. This may result in lower performance.

  Local host: gh032
--------------------------------------------------------------------------
--------------------------------------------------------------------------
WARNING: The default btl_vader_single_copy_mechanism CMA is
not available due to different user namespaces.

The vader shared memory BTL will fall back on another single-copy
mechanism if one is available. This may result in lower performance.

  Local host: gh032
--------------------------------------------------------------------------
--------------------------------------------------------------------------
WARNING: The default btl_vader_single_copy_mechanism CMA is
not available due to different user namespaces.

The vader shared memory BTL will fall back on another single-copy
mechanism if one is available. This may result in lower performance.

  Local host: gh032
--------------------------------------------------------------------------
--------------------------------------------------------------------------
WARNING: The default btl_vader_single_copy_mechanism CMA is
not available due to different user namespaces.

The vader shared memory BTL will fall back on another single-copy
mechanism if one is available. This may result in lower performance.

  Local host: gh032
--------------------------------------------------------------------------
--------------------------------------------------------------------------
WARNING: The default btl_vader_single_copy_mechanism CMA is
not available due to different user namespaces.

The vader shared memory BTL will fall back on another single-copy
mechanism if one is available. This may result in lower performance.

  Local host: gh032
--------------------------------------------------------------------------
--------------------------------------------------------------------------
WARNING: The default btl_vader_single_copy_mechanism CMA is
not available due to different user namespaces.

The vader shared memory BTL will fall back on another single-copy
mechanism if one is available. This may result in lower performance.

  Local host: gh032
--------------------------------------------------------------------------
--------------------------------------------------------------------------
WARNING: The default btl_vader_single_copy_mechanism CMA is
not available due to different user namespaces.

The vader shared memory BTL will fall back on another single-copy
mechanism if one is available. This may result in lower performance.

  Local host: gh032
--------------------------------------------------------------------------
--------------------------------------------------------------------------
WARNING: The default btl_vader_single_copy_mechanism CMA is
not available due to different user namespaces.

The vader shared memory BTL will fall back on another single-copy
mechanism if one is available. This may result in lower performance.

  Local host: gh032
--------------------------------------------------------------------------
--------------------------------------------------------------------------
WARNING: The default btl_vader_single_copy_mechanism CMA is
not available due to different user namespaces.

The vader shared memory BTL will fall back on another single-copy
mechanism if one is available. This may result in lower performance.

  Local host: gh032
--------------------------------------------------------------------------
NOTE from PE    0: MPP_DOMAINS_SET_STACK_SIZE: stack size set to    32768.
&MPP_IO_NML
 HEADER_BUFFER_VAL=16384      ,
 GLOBAL_FIELD_ON_ROOT_PE=T,
 IO_CLOCKS_ON=F,
 SHUFFLE=0          ,
 DEFLATE_LEVEL=-1         ,
 /
NOTE from PE    0: MPP_IO_SET_STACK_SIZE: stack size set to     131072.
NOTE from PE    0: MPP_DOMAINS_SET_STACK_SIZE: stack size set to   600000.
  starting            1  OpenMP threads per MPI-task
ATMOS MODEL DOMAIN DECOMPOSITION
  X-AXIS =  256
  Y-AXIS =    8   8   8   8   8   8   8   8   8   8   8   8   8   8   8   8
mean surface pressure=1000.0000 mb
PROFILE_FV_GPU_MAPPING rank=0 local_rank=0 device=0 visible_gpus=1 hostname=gh032 name="NVIDIA GH200 480GB" pci_bus_id=0009:01:00.0 policy=local_rank strict_unique=0 cuda_visible_devices=0
PROFILE_FV_GPU_MEMORY rank=0 device=0 free_before=92165636096 total=102005473280
PROFILE_FV_GPU_MAPPING rank=3 local_rank=3 device=0 visible_gpus=1 hostname=gh032 name="NVIDIA GH200 480GB" pci_bus_id=0009:01:00.0 policy=local_rank strict_unique=0 cuda_visible_devices=0
PROFILE_FV_GPU_MEMORY rank=3 device=0 free_before=92165636096 total=102005473280
PROFILE_FV_GPU_MAPPING rank=6 local_rank=6 device=0 visible_gpus=1 hostname=gh032 name="NVIDIA GH200 480GB" pci_bus_id=0009:01:00.0 policy=local_rank strict_unique=0 cuda_visible_devices=0
PROFILE_FV_GPU_MEMORY rank=6 device=0 free_before=92156657664 total=102005473280
PROFILE_FV_GPU_MAPPING rank=1 local_rank=1 device=0 visible_gpus=1 hostname=gh032 name="NVIDIA GH200 480GB" pci_bus_id=0009:01:00.0 policy=local_rank strict_unique=0 cuda_visible_devices=0
PROFILE_FV_GPU_MEMORY rank=1 device=0 free_before=92154560512 total=102005473280
PROFILE_FV_GPU_MAPPING rank=15 local_rank=15 device=0 visible_gpus=1 hostname=gh032 name="NVIDIA GH200 480GB" pci_bus_id=0009:01:00.0 policy=local_rank strict_unique=0 cuda_visible_devices=0
PROFILE_FV_GPU_MEMORY rank=15 device=0 free_before=92145582080 total=102005473280
PROFILE_FV_GPU_MAPPING rank=9 local_rank=9 device=0 visible_gpus=1 hostname=gh032 name="NVIDIA GH200 480GB" pci_bus_id=0009:01:00.0 policy=local_rank strict_unique=0 cuda_visible_devices=0
PROFILE_FV_GPU_MEMORY rank=9 device=0 free_before=92143484928 total=102005473280
PROFILE_FV_GPU_MAPPING rank=14 local_rank=14 device=0 visible_gpus=1 hostname=gh032 name="NVIDIA GH200 480GB" pci_bus_id=0009:01:00.0 policy=local_rank strict_unique=0 cuda_visible_devices=0
PROFILE_FV_GPU_MEMORY rank=14 device=0 free_before=92141387776 total=102005473280
PROFILE_FV_GPU_MAPPING rank=11 local_rank=11 device=0 visible_gpus=1 hostname=gh032 name="NVIDIA GH200 480GB" pci_bus_id=0009:01:00.0 policy=local_rank strict_unique=0 cuda_visible_devices=0
PROFILE_FV_GPU_MEMORY rank=11 device=0 free_before=92141387776 total=102005473280
PROFILE_FV_GPU_MAPPING rank=4 local_rank=4 device=0 visible_gpus=1 hostname=gh032 name="NVIDIA GH200 480GB" pci_bus_id=0009:01:00.0 policy=local_rank strict_unique=0 cuda_visible_devices=0
PROFILE_FV_GPU_MEMORY rank=4 device=0 free_before=92125331456 total=102005473280
PROFILE_FV_GPU_MAPPING rank=12 local_rank=12 device=0 visible_gpus=1 hostname=gh032 name="NVIDIA GH200 480GB" pci_bus_id=0009:01:00.0 policy=local_rank strict_unique=0 cuda_visible_devices=0
PROFILE_FV_GPU_MEMORY rank=12 device=0 free_before=92123234304 total=102005473280
PROFILE_FV_GPU_MAPPING rank=7 local_rank=7 device=0 visible_gpus=1 hostname=gh032 name="NVIDIA GH200 480GB" pci_bus_id=0009:01:00.0 policy=local_rank strict_unique=0 cuda_visible_devices=0
PROFILE_FV_GPU_MEMORY rank=7 device=0 free_before=92123234304 total=102005473280
PROFILE_FV_GPU_MAPPING rank=8 local_rank=8 device=0 visible_gpus=1 hostname=gh032 name="NVIDIA GH200 480GB" pci_bus_id=0009:01:00.0 policy=local_rank strict_unique=0 cuda_visible_devices=0
PROFILE_FV_GPU_MEMORY rank=8 device=0 free_before=92121137152 total=102005473280
PROFILE_FV_GPU_MAPPING rank=5 local_rank=5 device=0 visible_gpus=1 hostname=gh032 name="NVIDIA GH200 480GB" pci_bus_id=0009:01:00.0 policy=local_rank strict_unique=0 cuda_visible_devices=0
PROFILE_FV_GPU_MEMORY rank=5 device=0 free_before=92121137152 total=102005473280
PROFILE_FV_GPU_MAPPING rank=13 local_rank=13 device=0 visible_gpus=1 hostname=gh032 name="NVIDIA GH200 480GB" pci_bus_id=0009:01:00.0 policy=local_rank strict_unique=0 cuda_visible_devices=0
PROFILE_FV_GPU_MEMORY rank=13 device=0 free_before=92121137152 total=102005473280
PROFILE_FV_GPU_MAPPING rank=2 local_rank=2 device=0 visible_gpus=1 hostname=gh032 name="NVIDIA GH200 480GB" pci_bus_id=0009:01:00.0 policy=local_rank strict_unique=0 cuda_visible_devices=0
PROFILE_FV_GPU_MEMORY rank=2 device=0 free_before=92110651392 total=102005473280
PROFILE_FV_GPU_MAPPING rank=10 local_rank=10 device=0 visible_gpus=1 hostname=gh032 name="NVIDIA GH200 480GB" pci_bus_id=0009:01:00.0 policy=local_rank strict_unique=0 cuda_visible_devices=0
PROFILE_FV_GPU_MEMORY rank=10 device=0 free_before=92095774720 total=102005473280
 Integration completed through 2000 Jan  2   0: 0: 0
 Integration completed through 2000 Jan  3   0: 0: 0
 Integration completed through 2000 Jan  4   0: 0: 0
 Integration completed through 2000 Jan  5   0: 0: 0
 Integration completed through 2000 Jan  6   0: 0: 0
 Integration completed through 2000 Jan  7   0: 0: 0
 Integration completed through 2000 Jan  8   0: 0: 0
 Integration completed through 2000 Jan  9   0: 0: 0
 Integration completed through 2000 Jan 10   0: 0: 0
 Integration completed through 2000 Jan 11   0: 0: 0
 Integration completed through 2000 Jan 12   0: 0: 0
 Integration completed through 2000 Jan 13   0: 0: 0
 Integration completed through 2000 Jan 14   0: 0: 0
 Integration completed through 2000 Jan 15   0: 0: 0
 Integration completed through 2000 Jan 16   0: 0: 0
 Integration completed through 2000 Jan 17   0: 0: 0
 Integration completed through 2000 Jan 18   0: 0: 0
 Integration completed through 2000 Jan 19   0: 0: 0
 Integration completed through 2000 Jan 20   0: 0: 0
 Integration completed through 2000 Jan 21   0: 0: 0
 Integration completed through 2000 Jan 22   0: 0: 0
 Integration completed through 2000 Jan 23   0: 0: 0
 Integration completed through 2000 Jan 24   0: 0: 0
 Integration completed through 2000 Jan 25   0: 0: 0
 Integration completed through 2000 Jan 26   0: 0: 0
 Integration completed through 2000 Jan 27   0: 0: 0
 Integration completed through 2000 Jan 28   0: 0: 0
 Integration completed through 2000 Jan 29   0: 0: 0
 Integration completed through 2000 Jan 30   0: 0: 0
 Integration completed through 2000 Feb  1   0: 0: 0
 Integration completed through 2000 Feb  2   0: 0: 0
 Integration completed through 2000 Feb  3   0: 0: 0
 Integration completed through 2000 Feb  4   0: 0: 0
 Integration completed through 2000 Feb  5   0: 0: 0
 Integration completed through 2000 Feb  6   0: 0: 0
 Integration completed through 2000 Feb  7   0: 0: 0
 Integration completed through 2000 Feb  8   0: 0: 0
 Integration completed through 2000 Feb  9   0: 0: 0
 Integration completed through 2000 Feb 10   0: 0: 0
 Integration completed through 2000 Feb 11   0: 0: 0
 Integration completed through 2000 Feb 12   0: 0: 0
 Integration completed through 2000 Feb 13   0: 0: 0
 Integration completed through 2000 Feb 14   0: 0: 0
 Integration completed through 2000 Feb 15   0: 0: 0
 Integration completed through 2000 Feb 16   0: 0: 0
 Integration completed through 2000 Feb 17   0: 0: 0
 Integration completed through 2000 Feb 18   0: 0: 0
 Integration completed through 2000 Feb 19   0: 0: 0
 Integration completed through 2000 Feb 20   0: 0: 0
 Integration completed through 2000 Feb 21   0: 0: 0
 Integration completed through 2000 Feb 22   0: 0: 0
 Integration completed through 2000 Feb 23   0: 0: 0
 Integration completed through 2000 Feb 24   0: 0: 0
 Integration completed through 2000 Feb 25   0: 0: 0
 Integration completed through 2000 Feb 26   0: 0: 0
 Integration completed through 2000 Feb 27   0: 0: 0
 Integration completed through 2000 Feb 28   0: 0: 0
 Integration completed through 2000 Feb 29   0: 0: 0
 Integration completed through 2000 Feb 30   0: 0: 0
 Integration completed through 2000 Mar  1   0: 0: 0
 Integration completed through 2000 Mar  2   0: 0: 0
 Integration completed through 2000 Mar  3   0: 0: 0
 Integration completed through 2000 Mar  4   0: 0: 0
 Integration completed through 2000 Mar  5   0: 0: 0
 Integration completed through 2000 Mar  6   0: 0: 0
 Integration completed through 2000 Mar  7   0: 0: 0
 Integration completed through 2000 Mar  8   0: 0: 0
 Integration completed through 2000 Mar  9   0: 0: 0
 Integration completed through 2000 Mar 10   0: 0: 0
 Integration completed through 2000 Mar 11   0: 0: 0
 Integration completed through 2000 Mar 12   0: 0: 0
 Integration completed through 2000 Mar 13   0: 0: 0
 Integration completed through 2000 Mar 14   0: 0: 0
 Integration completed through 2000 Mar 15   0: 0: 0
 Integration completed through 2000 Mar 16   0: 0: 0
 Integration completed through 2000 Mar 17   0: 0: 0
 Integration completed through 2000 Mar 18   0: 0: 0
 Integration completed through 2000 Mar 19   0: 0: 0
 Integration completed through 2000 Mar 20   0: 0: 0
 Integration completed through 2000 Mar 21   0: 0: 0
 Integration completed through 2000 Mar 22   0: 0: 0
 Integration completed through 2000 Mar 23   0: 0: 0
 Integration completed through 2000 Mar 24   0: 0: 0
 Integration completed through 2000 Mar 25   0: 0: 0
 Integration completed through 2000 Mar 26   0: 0: 0
 Integration completed through 2000 Mar 27   0: 0: 0
 Integration completed through 2000 Mar 28   0: 0: 0
 Integration completed through 2000 Mar 29   0: 0: 0
 Integration completed through 2000 Mar 30   0: 0: 0
 Integration completed through 2000 Apr  1   0: 0: 0
NOTE from PE    0: MPP_IO_SET_STACK_SIZE: stack size set to     819200.
 MPP_DOMAINS_STACK high water mark=      102400

Tabulating mpp_clock statistics across     16 PEs...

                                          tmin          tmax          tavg          tstd  tfrac grain pemin pemax
Total runtime                       789.872400    789.872403    789.872402      0.000001  1.000     0     0    15
 MPP_STACK high water mark=           0
PROFILE_FV_ADVECTION_KERNEL backend=cuda_resident rank=unknown name=resident_advection_begin calls=25920 time=39.283780820 avg=1.515577964e-03
PROFILE_FV_ADVECTION_KERNEL backend=cuda_resident rank=unknown name=resident_advection_finish calls=25920 time=37.762604242 avg=1.456890596e-03
PROFILE_FV_ADVECTION_CUDA backend=cuda_resident rank=unknown calls=51840 allocation=0.001110436 h2d=10.023422692 kernel=62.075686586 sync=63.262924458 d2h=0.707579005 free=0.000000000 total=77.017072380
PROFILE_FV_ADVECTION_KERNEL backend=cuda_resident rank=unknown name=resident_advection_begin calls=25920 time=49.947521216 avg=1.926987701e-03
PROFILE_FV_ADVECTION_KERNEL backend=cuda_resident rank=unknown name=resident_advection_finish calls=25920 time=50.159165902 avg=1.935153005e-03
PROFILE_FV_ADVECTION_KERNEL backend=cuda_resident rank=unknown name=resident_advection_begin calls=25920 time=40.720282029 avg=1.570998535e-03
PROFILE_FV_ADVECTION_KERNEL backend=cuda_resident rank=unknown name=resident_advection_finish calls=25920 time=38.568459301 avg=1.487980683e-03
PROFILE_FV_ADVECTION_CUDA backend=cuda_resident rank=unknown calls=51840 allocation=0.002744297 h2d=10.183941627 kernel=85.603727358 sync=86.174913615 d2h=0.739012372 free=0.000000000 total=100.078593648
PROFILE_FV_ADVECTION_KERNEL backend=cuda_resident rank=unknown name=resident_advection_begin calls=25920 time=46.432648801 avg=1.791383056e-03
PROFILE_FV_ADVECTION_KERNEL backend=cuda_resident rank=unknown name=resident_advection_finish calls=25920 time=44.092860323 avg=1.701113438e-03
PROFILE_FV_ADVECTION_CUDA backend=cuda_resident rank=unknown calls=51840 allocation=0.000401921 h2d=9.681616427 kernel=75.798334337 sync=77.053005694 d2h=0.735262280 free=0.000000000 total=90.495291659
PROFILE_FV_ADVECTION_CUDA backend=cuda_resident rank=unknown calls=51840 allocation=0.000591714 h2d=10.157371720 kernel=64.671796713 sync=65.386556831 d2h=0.705503917 free=0.000000000 total=79.258958421
PROFILE_FV_ADVECTION_KERNEL backend=cuda_resident rank=unknown name=resident_advection_begin calls=25920 time=36.721915550 avg=1.416740569e-03
PROFILE_FV_ADVECTION_KERNEL backend=cuda_resident rank=unknown name=resident_advection_finish calls=25920 time=53.899610927 avg=2.079460298e-03
PROFILE_FV_ADVECTION_CUDA backend=cuda_resident rank=unknown calls=51840 allocation=0.001949926 h2d=9.007795278 kernel=76.475746815 sync=77.782360023 d2h=0.731793671 free=0.000000000 total=90.585847253
PROFILE_FV_ADVECTION_KERNEL backend=cuda_resident rank=unknown name=resident_advection_begin calls=25920 time=41.144462215 avg=1.587363511e-03
PROFILE_FV_ADVECTION_KERNEL backend=cuda_resident rank=unknown name=resident_advection_finish calls=25920 time=37.594075772 avg=1.450388726e-03
PROFILE_FV_ADVECTION_CUDA backend=cuda_resident rank=unknown calls=51840 allocation=0.001059108 h2d=9.954604637 kernel=63.993668140 sync=65.021903807 d2h=0.724975169 free=0.000000000 total=78.710120516
PROFILE_FV_ADVECTION_KERNEL backend=cuda_resident rank=unknown name=resident_advection_begin calls=25920 time=31.412652211 avg=1.211907879e-03
PROFILE_FV_ADVECTION_KERNEL backend=cuda_resident rank=unknown name=resident_advection_finish calls=25920 time=36.272308365 avg=1.399394613e-03
PROFILE_FV_ADVECTION_CUDA backend=cuda_resident rank=unknown calls=51840 allocation=0.001096867 h2d=8.470531394 kernel=53.929809629 sync=55.189271221 d2h=0.767911897 free=0.000000000 total=67.647819307
PROFILE_FV_ADVECTION_KERNEL backend=cuda_resident rank=unknown name=resident_advection_begin calls=25920 time=45.732118982 avg=1.764356442e-03
PROFILE_FV_ADVECTION_KERNEL backend=cuda_resident rank=unknown name=resident_advection_finish calls=25920 time=41.401773795 avg=1.597290656e-03
PROFILE_FV_ADVECTION_CUDA backend=cuda_resident rank=unknown calls=51840 allocation=0.002062727 h2d=10.111725523 kernel=72.451563668 sync=73.301508797 d2h=0.707515524 free=0.000000000 total=87.106112689
PROFILE_FV_ADVECTION_KERNEL backend=cuda_resident rank=unknown name=resident_advection_begin calls=25920 time=47.517566542 avg=1.833239450e-03
PROFILE_FV_ADVECTION_KERNEL backend=cuda_resident rank=unknown name=resident_advection_finish calls=25920 time=51.053345485 avg=1.969650675e-03
PROFILE_FV_ADVECTION_CUDA backend=cuda_resident rank=unknown calls=51840 allocation=0.000455841 h2d=10.280908313 kernel=83.682935572 sync=84.557268173 d2h=0.737537265 free=0.000000000 total=98.539725559
PROFILE_FV_ADVECTION_KERNEL backend=cuda_resident rank=unknown name=resident_advection_begin calls=25920 time=40.944763434 avg=1.579659083e-03
PROFILE_FV_ADVECTION_KERNEL backend=cuda_resident rank=unknown name=resident_advection_finish calls=25920 time=34.877834072 avg=1.345595450e-03
PROFILE_FV_ADVECTION_CUDA backend=cuda_resident rank=unknown calls=51840 allocation=0.000498081 h2d=10.401264710 kernel=60.846247051 sync=61.721197618 d2h=0.712831563 free=0.000000000 total=75.794632141
PROFILE_FV_ADVECTION_KERNEL backend=cuda_resident rank=unknown name=resident_advection_begin calls=25920 time=36.936582348 avg=1.425022467e-03
PROFILE_FV_ADVECTION_KERNEL backend=cuda_resident rank=unknown name=resident_advection_finish calls=25920 time=44.426857515 avg=1.713999133e-03
PROFILE_FV_ADVECTION_KERNEL backend=cuda_resident rank=unknown name=resident_advection_begin calls=25920 time=47.480876361 avg=1.831823934e-03
PROFILE_FV_ADVECTION_KERNEL backend=cuda_resident rank=unknown name=resident_advection_finish calls=25920 time=42.935291522 avg=1.656454148e-03
PROFILE_FV_ADVECTION_CUDA backend=cuda_resident rank=unknown calls=51840 allocation=0.004308013 h2d=10.132806607 kernel=75.519496705 sync=76.483562102 d2h=0.732348660 free=0.000000000 total=90.386639520
PROFILE_FV_ADVECTION_CUDA backend=cuda_resident rank=unknown calls=51840 allocation=0.000861219 h2d=9.322999033 kernel=67.073483031 sync=68.249749458 d2h=0.712277394 free=0.000000000 total=81.330339261
PROFILE_FV_ADVECTION_KERNEL backend=cuda_resident rank=unknown name=resident_advection_begin calls=25920 time=44.236731309 avg=1.706664017e-03
PROFILE_FV_ADVECTION_KERNEL backend=cuda_resident rank=unknown name=resident_advection_finish calls=25920 time=40.772421104 avg=1.573010073e-03
PROFILE_FV_ADVECTION_CUDA backend=cuda_resident rank=unknown calls=51840 allocation=0.000548130 h2d=10.534918447 kernel=69.994316087 sync=70.754756139 d2h=0.721202395 free=0.000000000 total=84.979957519
PROFILE_FV_ADVECTION_KERNEL backend=cuda_resident rank=unknown name=resident_advection_begin calls=25920 time=44.364745108 avg=1.711602821e-03
PROFILE_FV_ADVECTION_KERNEL backend=cuda_resident rank=unknown name=resident_advection_finish calls=25920 time=54.692909084 avg=2.110065937e-03
PROFILE_FV_ADVECTION_CUDA backend=cuda_resident rank=unknown calls=51840 allocation=0.000354561 h2d=10.471994561 kernel=84.221271055 sync=84.876797719 d2h=0.732961213 free=0.000000000 total=99.027573558
PROFILE_FV_ADVECTION_KERNEL backend=cuda_resident rank=unknown name=resident_advection_begin calls=25920 time=42.968594934 avg=1.657739002e-03
PROFILE_FV_ADVECTION_KERNEL backend=cuda_resident rank=unknown name=resident_advection_finish calls=25920 time=48.740753345 avg=1.880430299e-03
PROFILE_FV_ADVECTION_KERNEL backend=cuda_resident rank=unknown name=resident_advection_begin calls=25920 time=34.596166315 avg=1.334728639e-03
PROFILE_FV_ADVECTION_KERNEL backend=cuda_resident rank=unknown name=resident_advection_finish calls=25920 time=42.930947834 avg=1.656286568e-03
PROFILE_FV_ADVECTION_CUDA backend=cuda_resident rank=unknown calls=51840 allocation=0.003118442 h2d=8.493326705 kernel=63.808016768 sync=65.109337808 d2h=0.749579700 free=0.000000000 total=77.494720067
PROFILE_FV_ADVECTION_CUDA backend=cuda_resident rank=unknown calls=51840 allocation=0.001654149 h2d=10.229177702 kernel=77.050857650 sync=77.729620982 d2h=0.715566903 free=0.000000000 total=91.677692386
end_timestamp=2026-07-24T16:24:14-04:00
output=/explore/nobackup/people/jli30/SystemTesting/Isca/isca_data/held_suarez_fv_cuda_a_grid_1gpu_T85L25_90day/run0001/atmos_monthly.nc
log=/explore/nobackup/people/jli30/workspace/GFDL_atmos_cubed_sphere/logs/matrix_T85L25_fv_cuda_a_grid_1gpu_90day.log
