=== Run Held-Suarez matrix case ===
start_timestamp=2026-07-24T15:57:49-04:00
config=fv_cuda_a_grid_1gpu
resolution=T85
levels=25
days=30
num_ranks=16
ntasks_per_node=16
container=/lscratch/jli30/isca-sandbox
GFDL_BASE=/explore/nobackup/people/jli30/workspace/GFDL_atmos_cubed_sphere
GFDL_WORK=/explore/nobackup/people/jli30/SystemTesting/Isca/isca_work
GFDL_DATA=/explore/nobackup/people/jli30/SystemTesting/Isca/isca_data
experiment=held_suarez_fv_cuda_a_grid_1gpu_T85L25_30day
run_dir=/explore/nobackup/people/jli30/SystemTesting/Isca/isca_work/experiment/held_suarez_fv_cuda_a_grid_1gpu_T85L25_30day/run
executable=/explore/nobackup/people/jli30/SystemTesting/Isca/isca_work/experiment/held_suarez_fv_cuda_a_grid_1gpu_T85L25_30day/run/held_suarez_fv_kernels_cuda.x
log=/explore/nobackup/people/jli30/workspace/GFDL_atmos_cubed_sphere/logs/matrix_T85L25_fv_cuda_a_grid_1gpu_30day.log
INFO:    Environment variable SINGULARITY_TMPDIR is set, but APPTAINER_TMPDIR is preferred
INFO:    Environment variable SINGULARITY_TMPDIR is set, but APPTAINER_TMPDIR is preferred
INFO:    Environment variable SINGULARITY_TMPDIR is set, but APPTAINER_TMPDIR is preferred
INFO:    Environment variable SINGULARITY_TMPDIR is set, but APPTAINER_TMPDIR is preferred
INFO:    Environment variable SINGULARITY_TMPDIR is set, but APPTAINER_TMPDIR is preferred
INFO:    Environment variable SINGULARITY_TMPDIR is set, but APPTAINER_TMPDIR is preferred
INFO:    Environment variable SINGULARITY_TMPDIR is set, but APPTAINER_TMPDIR is preferred
INFO:    Environment variable SINGULARITY_TMPDIR is set, but APPTAINER_TMPDIR is preferred
INFO:    Environment variable SINGULARITY_TMPDIR is set, but APPTAINER_TMPDIR is preferred
INFO:    Environment variable SINGULARITY_TMPDIR is set, but APPTAINER_TMPDIR is preferred
INFO:    Environment variable SINGULARITY_TMPDIR is set, but APPTAINER_TMPDIR is preferred
INFO:    Environment variable SINGULARITY_TMPDIR is set, but APPTAINER_TMPDIR is preferred
INFO:    Environment variable SINGULARITY_TMPDIR is set, but APPTAINER_TMPDIR is preferred
INFO:    Environment variable SINGULARITY_TMPDIR is set, but APPTAINER_TMPDIR is preferred
INFO:    Environment variable SINGULARITY_TMPDIR is set, but APPTAINER_TMPDIR is preferred
INFO:    Environment variable SINGULARITY_TMPDIR is set, but APPTAINER_TMPDIR is preferred
Loading hybrid ubuntu-conda environment
Loading basic ubuntu-conda environment
hostname=gh032
CUDA_VISIBLE_DEVICES=0
Loading hybrid ubuntu-conda environment
Loading hybrid ubuntu-conda environment
Loading basic ubuntu-conda environment
Loading basic ubuntu-conda environment
Loading hybrid ubuntu-conda environment
Loading hybrid ubuntu-conda environment
Loading basic ubuntu-conda environment
Loading basic ubuntu-conda environment
Loading hybrid ubuntu-conda environment
Loading basic ubuntu-conda environment
Loading hybrid ubuntu-conda environment
Loading hybrid ubuntu-conda environment
Loading basic ubuntu-conda environment
Loading basic ubuntu-conda environment
hostname=gh032
CUDA_VISIBLE_DEVICES=0
hostname=gh032
CUDA_VISIBLE_DEVICES=0
hostname=gh032
CUDA_VISIBLE_DEVICES=0
hostname=gh032
CUDA_VISIBLE_DEVICES=0
Loading hybrid ubuntu-conda environment
Loading hybrid ubuntu-conda environment
Loading basic ubuntu-conda environment
Loading basic ubuntu-conda environment
hostname=gh032
CUDA_VISIBLE_DEVICES=0
Loading hybrid ubuntu-conda environment
Loading basic ubuntu-conda environment
Loading hybrid ubuntu-conda environment
hostname=gh032
CUDA_VISIBLE_DEVICES=0
Loading basic ubuntu-conda environment
Loading hybrid ubuntu-conda environment
Loading basic ubuntu-conda environment
Loading hybrid ubuntu-conda environment
Loading hybrid ubuntu-conda environment
Loading basic ubuntu-conda environment
Loading basic ubuntu-conda environment
Loading hybrid ubuntu-conda environment
Loading basic ubuntu-conda environment
hostname=gh032
CUDA_VISIBLE_DEVICES=0
hostname=gh032
CUDA_VISIBLE_DEVICES=0
hostname=gh032
CUDA_VISIBLE_DEVICES=0
hostname=gh032
CUDA_VISIBLE_DEVICES=0
hostname=gh032
hostname=gh032
CUDA_VISIBLE_DEVICES=0
CUDA_VISIBLE_DEVICES=0
hostname=gh032
CUDA_VISIBLE_DEVICES=0
hostname=gh032
CUDA_VISIBLE_DEVICES=0
hostname=gh032
CUDA_VISIBLE_DEVICES=0
GPU 0: NVIDIA GH200 480GB (UUID: GPU-8c6c6ea7-a446-2230-389b-5283ea3b4eab)
GPU 0: NVIDIA GH200 480GB (UUID: GPU-8c6c6ea7-a446-2230-389b-5283ea3b4eab)
GPU 0: NVIDIA GH200 480GB (UUID: GPU-8c6c6ea7-a446-2230-389b-5283ea3b4eab)
GPU 0: NVIDIA GH200 480GB (UUID: GPU-8c6c6ea7-a446-2230-389b-5283ea3b4eab)
GPU 0: NVIDIA GH200 480GB (UUID: GPU-8c6c6ea7-a446-2230-389b-5283ea3b4eab)
GPU 0: NVIDIA GH200 480GB (UUID: GPU-8c6c6ea7-a446-2230-389b-5283ea3b4eab)
GPU 0: NVIDIA GH200 480GB (UUID: GPU-8c6c6ea7-a446-2230-389b-5283ea3b4eab)
GPU 0: NVIDIA GH200 480GB (UUID: GPU-8c6c6ea7-a446-2230-389b-5283ea3b4eab)
GPU 0: NVIDIA GH200 480GB (UUID: GPU-8c6c6ea7-a446-2230-389b-5283ea3b4eab)
GPU 0: NVIDIA GH200 480GB (UUID: GPU-8c6c6ea7-a446-2230-389b-5283ea3b4eab)
GPU 0: NVIDIA GH200 480GB (UUID: GPU-8c6c6ea7-a446-2230-389b-5283ea3b4eab)
GPU 0: NVIDIA GH200 480GB (UUID: GPU-8c6c6ea7-a446-2230-389b-5283ea3b4eab)
--------------------------------------------------------------------------
A requested component was not found, or was unable to be opened.  This
means that this component is either not installed or is unable to be
used on your system (e.g., sometimes this means that shared libraries
that the component requires are unable to be found/loaded).  Note that
PMIx stopped checking at the first component that it did not find.

Host:      gh032
Framework: psec
Component: munge
--------------------------------------------------------------------------

--------------------------------------------------------------------------
A requested component was not found, or was unable to be opened.  This
means that this component is either not installed or is unable to be
used on your system (e.g., sometimes this means that shared libraries
that the component requires are unable to be found/loaded).  Note that
PMIx stopped checking at the first component that it did not find.

Host:      gh032
Framework: psec
Component: munge
--------------------------------------------------------------------------

[gh032:2095211] PMIX ERROR: ERROR in file ../../../../../../src/mca/gds/ds12/gds_ds12_lock_pthread.c at line 169
GPU 0: NVIDIA GH200 480GB (UUID: GPU-8c6c6ea7-a446-2230-389b-5283ea3b4eab)
GPU 0: NVIDIA GH200 480GB (UUID: GPU-8c6c6ea7-a446-2230-389b-5283ea3b4eab)
GPU 0: NVIDIA GH200 480GB (UUID: GPU-8c6c6ea7-a446-2230-389b-5283ea3b4eab)
GPU 0: NVIDIA GH200 480GB (UUID: GPU-8c6c6ea7-a446-2230-389b-5283ea3b4eab)
--------------------------------------------------------------------------
A requested component was not found, or was unable to be opened.  This
means that this component is either not installed or is unable to be
used on your system (e.g., sometimes this means that shared libraries
that the component requires are unable to be found/loaded).  Note that
PMIx stopped checking at the first component that it did not find.

Host:      gh032
Framework: psec
Component: munge
--------------------------------------------------------------------------

--------------------------------------------------------------------------
A requested component was not found, or was unable to be opened.  This
means that this component is either not installed or is unable to be
used on your system (e.g., sometimes this means that shared libraries
that the component requires are unable to be found/loaded).  Note that
PMIx stopped checking at the first component that it did not find.

Host:      gh032
Framework: psec
Component: munge
--------------------------------------------------------------------------

[gh032:2095217] PMIX ERROR: ERROR in file ../../../../../../src/mca/gds/ds12/gds_ds12_lock_pthread.c at line 169
--------------------------------------------------------------------------
A requested component was not found, or was unable to be opened.  This
means that this component is either not installed or is unable to be
used on your system (e.g., sometimes this means that shared libraries
that the component requires are unable to be found/loaded).  Note that
PMIx stopped checking at the first component that it did not find.

Host:      gh032
Framework: psec
Component: munge
--------------------------------------------------------------------------

--------------------------------------------------------------------------
A requested component was not found, or was unable to be opened.  This
means that this component is either not installed or is unable to be
used on your system (e.g., sometimes this means that shared libraries
that the component requires are unable to be found/loaded).  Note that
PMIx stopped checking at the first component that it did not find.

Host:      gh032
Framework: psec
Component: munge
--------------------------------------------------------------------------

--------------------------------------------------------------------------
A requested component was not found, or was unable to be opened.  This
means that this component is either not installed or is unable to be
used on your system (e.g., sometimes this means that shared libraries
that the component requires are unable to be found/loaded).  Note that
PMIx stopped checking at the first component that it did not find.

Host:      gh032
Framework: psec
Component: munge
--------------------------------------------------------------------------

--------------------------------------------------------------------------
A requested component was not found, or was unable to be opened.  This
means that this component is either not installed or is unable to be
used on your system (e.g., sometimes this means that shared libraries
that the component requires are unable to be found/loaded).  Note that
PMIx stopped checking at the first component that it did not find.

Host:      gh032
Framework: psec
Component: munge
--------------------------------------------------------------------------

--------------------------------------------------------------------------
A requested component was not found, or was unable to be opened.  This
means that this component is either not installed or is unable to be
used on your system (e.g., sometimes this means that shared libraries
that the component requires are unable to be found/loaded).  Note that
PMIx stopped checking at the first component that it did not find.

Host:      gh032
Framework: psec
Component: munge
--------------------------------------------------------------------------

--------------------------------------------------------------------------
A requested component was not found, or was unable to be opened.  This
means that this component is either not installed or is unable to be
used on your system (e.g., sometimes this means that shared libraries
that the component requires are unable to be found/loaded).  Note that
PMIx stopped checking at the first component that it did not find.

Host:      gh032
Framework: psec
Component: munge
--------------------------------------------------------------------------

--------------------------------------------------------------------------
A requested component was not found, or was unable to be opened.  This
means that this component is either not installed or is unable to be
used on your system (e.g., sometimes this means that shared libraries
that the component requires are unable to be found/loaded).  Note that
PMIx stopped checking at the first component that it did not find.

Host:      gh032
Framework: psec
Component: munge
--------------------------------------------------------------------------

--------------------------------------------------------------------------
A requested component was not found, or was unable to be opened.  This
means that this component is either not installed or is unable to be
used on your system (e.g., sometimes this means that shared libraries
that the component requires are unable to be found/loaded).  Note that
PMIx stopped checking at the first component that it did not find.

Host:      gh032
Framework: psec
Component: munge
--------------------------------------------------------------------------

[gh032:2095226] PMIX ERROR: ERROR in file ../../../../../../src/mca/gds/ds12/gds_ds12_lock_pthread.c at line 169
[gh032:2095219] PMIX ERROR: ERROR in file ../../../../../../src/mca/gds/ds12/gds_ds12_lock_pthread.c at line 169
[gh032:2095220] PMIX ERROR: ERROR in file ../../../../../../src/mca/gds/ds12/gds_ds12_lock_pthread.c at line 169
[gh032:2095222] PMIX ERROR: ERROR in file ../../../../../../src/mca/gds/ds12/gds_ds12_lock_pthread.c at line 169
--------------------------------------------------------------------------
A requested component was not found, or was unable to be opened.  This
means that this component is either not installed or is unable to be
used on your system (e.g., sometimes this means that shared libraries
that the component requires are unable to be found/loaded).  Note that
PMIx stopped checking at the first component that it did not find.

Host:      gh032
Framework: psec
Component: munge
--------------------------------------------------------------------------

--------------------------------------------------------------------------
A requested component was not found, or was unable to be opened.  This
means that this component is either not installed or is unable to be
used on your system (e.g., sometimes this means that shared libraries
that the component requires are unable to be found/loaded).  Note that
PMIx stopped checking at the first component that it did not find.

Host:      gh032
Framework: psec
Component: munge
--------------------------------------------------------------------------

[gh032:2095224] PMIX ERROR: ERROR in file ../../../../../../src/mca/gds/ds12/gds_ds12_lock_pthread.c at line 169
--------------------------------------------------------------------------
A requested component was not found, or was unable to be opened.  This
means that this component is either not installed or is unable to be
used on your system (e.g., sometimes this means that shared libraries
that the component requires are unable to be found/loaded).  Note that
PMIx stopped checking at the first component that it did not find.

Host:      gh032
Framework: psec
Component: munge
--------------------------------------------------------------------------

--------------------------------------------------------------------------
A requested component was not found, or was unable to be opened.  This
means that this component is either not installed or is unable to be
used on your system (e.g., sometimes this means that shared libraries
that the component requires are unable to be found/loaded).  Note that
PMIx stopped checking at the first component that it did not find.

Host:      gh032
Framework: psec
Component: munge
--------------------------------------------------------------------------

[gh032:2095218] PMIX ERROR: ERROR in file ../../../../../../src/mca/gds/ds12/gds_ds12_lock_pthread.c at line 169
--------------------------------------------------------------------------
A requested component was not found, or was unable to be opened.  This
means that this component is either not installed or is unable to be
used on your system (e.g., sometimes this means that shared libraries
that the component requires are unable to be found/loaded).  Note that
PMIx stopped checking at the first component that it did not find.

Host:      gh032
Framework: psec
Component: munge
--------------------------------------------------------------------------

--------------------------------------------------------------------------
A requested component was not found, or was unable to be opened.  This
means that this component is either not installed or is unable to be
used on your system (e.g., sometimes this means that shared libraries
that the component requires are unable to be found/loaded).  Note that
PMIx stopped checking at the first component that it did not find.

Host:      gh032
Framework: psec
Component: munge
--------------------------------------------------------------------------

[gh032:2095212] PMIX ERROR: ERROR in file ../../../../../../src/mca/gds/ds12/gds_ds12_lock_pthread.c at line 169
--------------------------------------------------------------------------
A requested component was not found, or was unable to be opened.  This
means that this component is either not installed or is unable to be
used on your system (e.g., sometimes this means that shared libraries
that the component requires are unable to be found/loaded).  Note that
PMIx stopped checking at the first component that it did not find.

Host:      gh032
Framework: psec
Component: munge
--------------------------------------------------------------------------

--------------------------------------------------------------------------
A requested component was not found, or was unable to be opened.  This
means that this component is either not installed or is unable to be
used on your system (e.g., sometimes this means that shared libraries
that the component requires are unable to be found/loaded).  Note that
PMIx stopped checking at the first component that it did not find.

Host:      gh032
Framework: psec
Component: munge
--------------------------------------------------------------------------

[gh032:2095221] PMIX ERROR: ERROR in file ../../../../../../src/mca/gds/ds12/gds_ds12_lock_pthread.c at line 169
--------------------------------------------------------------------------
A requested component was not found, or was unable to be opened.  This
means that this component is either not installed or is unable to be
used on your system (e.g., sometimes this means that shared libraries
that the component requires are unable to be found/loaded).  Note that
PMIx stopped checking at the first component that it did not find.

Host:      gh032
Framework: psec
Component: munge
--------------------------------------------------------------------------

--------------------------------------------------------------------------
A requested component was not found, or was unable to be opened.  This
means that this component is either not installed or is unable to be
used on your system (e.g., sometimes this means that shared libraries
that the component requires are unable to be found/loaded).  Note that
PMIx stopped checking at the first component that it did not find.

Host:      gh032
Framework: psec
Component: munge
--------------------------------------------------------------------------

--------------------------------------------------------------------------
A requested component was not found, or was unable to be opened.  This
means that this component is either not installed or is unable to be
used on your system (e.g., sometimes this means that shared libraries
that the component requires are unable to be found/loaded).  Note that
PMIx stopped checking at the first component that it did not find.

Host:      gh032
Framework: psec
Component: munge
--------------------------------------------------------------------------

--------------------------------------------------------------------------
A requested component was not found, or was unable to be opened.  This
means that this component is either not installed or is unable to be
used on your system (e.g., sometimes this means that shared libraries
that the component requires are unable to be found/loaded).  Note that
PMIx stopped checking at the first component that it did not find.

Host:      gh032
Framework: psec
Component: munge
--------------------------------------------------------------------------

--------------------------------------------------------------------------
A requested component was not found, or was unable to be opened.  This
means that this component is either not installed or is unable to be
used on your system (e.g., sometimes this means that shared libraries
that the component requires are unable to be found/loaded).  Note that
PMIx stopped checking at the first component that it did not find.

Host:      gh032
Framework: psec
Component: munge
--------------------------------------------------------------------------

[gh032:2095215] PMIX ERROR: ERROR in file ../../../../../../src/mca/gds/ds12/gds_ds12_lock_pthread.c at line 169
--------------------------------------------------------------------------
A requested component was not found, or was unable to be opened.  This
means that this component is either not installed or is unable to be
used on your system (e.g., sometimes this means that shared libraries
that the component requires are unable to be found/loaded).  Note that
PMIx stopped checking at the first component that it did not find.

Host:      gh032
Framework: psec
Component: munge
--------------------------------------------------------------------------

--------------------------------------------------------------------------
A requested component was not found, or was unable to be opened.  This
means that this component is either not installed or is unable to be
used on your system (e.g., sometimes this means that shared libraries
that the component requires are unable to be found/loaded).  Note that
PMIx stopped checking at the first component that it did not find.

Host:      gh032
Framework: psec
Component: munge
--------------------------------------------------------------------------

--------------------------------------------------------------------------
A requested component was not found, or was unable to be opened.  This
means that this component is either not installed or is unable to be
used on your system (e.g., sometimes this means that shared libraries
that the component requires are unable to be found/loaded).  Note that
PMIx stopped checking at the first component that it did not find.

Host:      gh032
Framework: psec
Component: munge
--------------------------------------------------------------------------

--------------------------------------------------------------------------
A requested component was not found, or was unable to be opened.  This
means that this component is either not installed or is unable to be
used on your system (e.g., sometimes this means that shared libraries
that the component requires are unable to be found/loaded).  Note that
PMIx stopped checking at the first component that it did not find.

Host:      gh032
Framework: psec
Component: munge
--------------------------------------------------------------------------

[gh032:2095225] PMIX ERROR: ERROR in file ../../../../../../src/mca/gds/ds12/gds_ds12_lock_pthread.c at line 169
--------------------------------------------------------------------------
A requested component was not found, or was unable to be opened.  This
means that this component is either not installed or is unable to be
used on your system (e.g., sometimes this means that shared libraries
that the component requires are unable to be found/loaded).  Note that
PMIx stopped checking at the first component that it did not find.

Host:      gh032
Framework: psec
Component: munge
--------------------------------------------------------------------------

--------------------------------------------------------------------------
A requested component was not found, or was unable to be opened.  This
means that this component is either not installed or is unable to be
used on your system (e.g., sometimes this means that shared libraries
that the component requires are unable to be found/loaded).  Note that
PMIx stopped checking at the first component that it did not find.

Host:      gh032
Framework: psec
Component: munge
--------------------------------------------------------------------------

[gh032:2095223] PMIX ERROR: ERROR in file ../../../../../../src/mca/gds/ds12/gds_ds12_lock_pthread.c at line 169
--------------------------------------------------------------------------
A requested component was not found, or was unable to be opened.  This
means that this component is either not installed or is unable to be
used on your system (e.g., sometimes this means that shared libraries
that the component requires are unable to be found/loaded).  Note that
PMIx stopped checking at the first component that it did not find.

Host:      gh032
Framework: psec
Component: munge
--------------------------------------------------------------------------

[gh032:2095216] PMIX ERROR: ERROR in file ../../../../../../src/mca/gds/ds12/gds_ds12_lock_pthread.c at line 169
[gh032:2095213] PMIX ERROR: ERROR in file ../../../../../../src/mca/gds/ds12/gds_ds12_lock_pthread.c at line 169
[gh032:2095214] PMIX ERROR: ERROR in file ../../../../../../src/mca/gds/ds12/gds_ds12_lock_pthread.c at line 169
--------------------------------------------------------------------------
WARNING: The default btl_vader_single_copy_mechanism CMA is
not available due to different user namespaces.

The vader shared memory BTL will fall back on another single-copy
mechanism if one is available. This may result in lower performance.

  Local host: gh032
--------------------------------------------------------------------------
--------------------------------------------------------------------------
WARNING: The default btl_vader_single_copy_mechanism CMA is
not available due to different user namespaces.

The vader shared memory BTL will fall back on another single-copy
mechanism if one is available. This may result in lower performance.

  Local host: gh032
--------------------------------------------------------------------------
--------------------------------------------------------------------------
WARNING: The default btl_vader_single_copy_mechanism CMA is
not available due to different user namespaces.

The vader shared memory BTL will fall back on another single-copy
mechanism if one is available. This may result in lower performance.

  Local host: gh032
--------------------------------------------------------------------------
--------------------------------------------------------------------------
WARNING: The default btl_vader_single_copy_mechanism CMA is
not available due to different user namespaces.

The vader shared memory BTL will fall back on another single-copy
mechanism if one is available. This may result in lower performance.

  Local host: gh032
--------------------------------------------------------------------------
--------------------------------------------------------------------------
WARNING: The default btl_vader_single_copy_mechanism CMA is
not available due to different user namespaces.

The vader shared memory BTL will fall back on another single-copy
mechanism if one is available. This may result in lower performance.

  Local host: gh032
--------------------------------------------------------------------------
--------------------------------------------------------------------------
WARNING: The default btl_vader_single_copy_mechanism CMA is
not available due to different user namespaces.

The vader shared memory BTL will fall back on another single-copy
mechanism if one is available. This may result in lower performance.

  Local host: gh032
--------------------------------------------------------------------------
--------------------------------------------------------------------------
WARNING: The default btl_vader_single_copy_mechanism CMA is
not available due to different user namespaces.

The vader shared memory BTL will fall back on another single-copy
mechanism if one is available. This may result in lower performance.

  Local host: gh032
--------------------------------------------------------------------------
--------------------------------------------------------------------------
WARNING: The default btl_vader_single_copy_mechanism CMA is
not available due to different user namespaces.

The vader shared memory BTL will fall back on another single-copy
mechanism if one is available. This may result in lower performance.

  Local host: gh032
--------------------------------------------------------------------------
--------------------------------------------------------------------------
WARNING: The default btl_vader_single_copy_mechanism CMA is
not available due to different user namespaces.

The vader shared memory BTL will fall back on another single-copy
mechanism if one is available. This may result in lower performance.

  Local host: gh032
--------------------------------------------------------------------------
--------------------------------------------------------------------------
WARNING: The default btl_vader_single_copy_mechanism CMA is
not available due to different user namespaces.

The vader shared memory BTL will fall back on another single-copy
mechanism if one is available. This may result in lower performance.

  Local host: gh032
--------------------------------------------------------------------------
--------------------------------------------------------------------------
WARNING: The default btl_vader_single_copy_mechanism CMA is
not available due to different user namespaces.

The vader shared memory BTL will fall back on another single-copy
mechanism if one is available. This may result in lower performance.

  Local host: gh032
--------------------------------------------------------------------------
--------------------------------------------------------------------------
WARNING: The default btl_vader_single_copy_mechanism CMA is
not available due to different user namespaces.

The vader shared memory BTL will fall back on another single-copy
mechanism if one is available. This may result in lower performance.

  Local host: gh032
--------------------------------------------------------------------------
--------------------------------------------------------------------------
WARNING: The default btl_vader_single_copy_mechanism CMA is
not available due to different user namespaces.

The vader shared memory BTL will fall back on another single-copy
mechanism if one is available. This may result in lower performance.

  Local host: gh032
--------------------------------------------------------------------------
--------------------------------------------------------------------------
WARNING: The default btl_vader_single_copy_mechanism CMA is
not available due to different user namespaces.

The vader shared memory BTL will fall back on another single-copy
mechanism if one is available. This may result in lower performance.

  Local host: gh032
--------------------------------------------------------------------------
--------------------------------------------------------------------------
WARNING: The default btl_vader_single_copy_mechanism CMA is
not available due to different user namespaces.

The vader shared memory BTL will fall back on another single-copy
mechanism if one is available. This may result in lower performance.

  Local host: gh032
--------------------------------------------------------------------------
--------------------------------------------------------------------------
WARNING: The default btl_vader_single_copy_mechanism CMA is
not available due to different user namespaces.

The vader shared memory BTL will fall back on another single-copy
mechanism if one is available. This may result in lower performance.

  Local host: gh032
--------------------------------------------------------------------------
NOTE from PE    0: MPP_DOMAINS_SET_STACK_SIZE: stack size set to    32768.
&MPP_IO_NML
 HEADER_BUFFER_VAL=16384      ,
 GLOBAL_FIELD_ON_ROOT_PE=T,
 IO_CLOCKS_ON=F,
 SHUFFLE=0          ,
 DEFLATE_LEVEL=-1         ,
 /
NOTE from PE    0: MPP_IO_SET_STACK_SIZE: stack size set to     131072.
NOTE from PE    0: MPP_DOMAINS_SET_STACK_SIZE: stack size set to   600000.
  starting            1  OpenMP threads per MPI-task
ATMOS MODEL DOMAIN DECOMPOSITION
  X-AXIS =  256
  Y-AXIS =    8   8   8   8   8   8   8   8   8   8   8   8   8   8   8   8
mean surface pressure=1000.0000 mb
PROFILE_FV_GPU_MAPPING rank=5 local_rank=5 device=0 visible_gpus=1 hostname=gh032 name="NVIDIA GH200 480GB" pci_bus_id=0009:01:00.0 policy=local_rank strict_unique=0 cuda_visible_devices=0
PROFILE_FV_GPU_MEMORY rank=5 device=0 free_before=92173565952 total=102005473280
PROFILE_FV_GPU_MAPPING rank=3 local_rank=3 device=0 visible_gpus=1 hostname=gh032 name="NVIDIA GH200 480GB" pci_bus_id=0009:01:00.0 policy=local_rank strict_unique=0 cuda_visible_devices=0
PROFILE_FV_GPU_MEMORY rank=3 device=0 free_before=92171468800 total=102005473280
PROFILE_FV_GPU_MAPPING rank=9 local_rank=9 device=0 visible_gpus=1 hostname=gh032 name="NVIDIA GH200 480GB" pci_bus_id=0009:01:00.0 policy=local_rank strict_unique=0 cuda_visible_devices=0
PROFILE_FV_GPU_MEMORY rank=9 device=0 free_before=92167274496 total=102005473280
PROFILE_FV_GPU_MAPPING rank=1 local_rank=1 device=0 visible_gpus=1 hostname=gh032 name="NVIDIA GH200 480GB" pci_bus_id=0009:01:00.0 policy=local_rank strict_unique=0 cuda_visible_devices=0
PROFILE_FV_GPU_MEMORY rank=1 device=0 free_before=92160983040 total=102005473280
PROFILE_FV_GPU_MAPPING rank=15 local_rank=15 device=0 visible_gpus=1 hostname=gh032 name="NVIDIA GH200 480GB" pci_bus_id=0009:01:00.0 policy=local_rank strict_unique=0 cuda_visible_devices=0
PROFILE_FV_GPU_MEMORY rank=15 device=0 free_before=92155609088 total=102005473280
PROFILE_FV_GPU_MAPPING rank=6 local_rank=6 device=0 visible_gpus=1 hostname=gh032 name="NVIDIA GH200 480GB" pci_bus_id=0009:01:00.0 policy=local_rank strict_unique=0 cuda_visible_devices=0
PROFILE_FV_GPU_MEMORY rank=6 device=0 free_before=92153511936 total=102005473280
PROFILE_FV_GPU_MAPPING rank=14 local_rank=14 device=0 visible_gpus=1 hostname=gh032 name="NVIDIA GH200 480GB" pci_bus_id=0009:01:00.0 policy=local_rank strict_unique=0 cuda_visible_devices=0
PROFILE_FV_GPU_MEMORY rank=14 device=0 free_before=92153511936 total=102005473280
PROFILE_FV_GPU_MAPPING rank=4 local_rank=4 device=0 visible_gpus=1 hostname=gh032 name="NVIDIA GH200 480GB" pci_bus_id=0009:01:00.0 policy=local_rank strict_unique=0 cuda_visible_devices=0
PROFILE_FV_GPU_MEMORY rank=4 device=0 free_before=92139945984 total=102005473280
PROFILE_FV_GPU_MAPPING rank=12 local_rank=12 device=0 visible_gpus=1 hostname=gh032 name="NVIDIA GH200 480GB" pci_bus_id=0009:01:00.0 policy=local_rank strict_unique=0 cuda_visible_devices=0
PROFILE_FV_GPU_MEMORY rank=12 device=0 free_before=92137848832 total=102005473280
PROFILE_FV_GPU_MAPPING rank=7 local_rank=7 device=0 visible_gpus=1 hostname=gh032 name="NVIDIA GH200 480GB" pci_bus_id=0009:01:00.0 policy=local_rank strict_unique=0 cuda_visible_devices=0
PROFILE_FV_GPU_MEMORY rank=7 device=0 free_before=92137848832 total=102005473280
PROFILE_FV_GPU_MAPPING rank=2 local_rank=2 device=0 visible_gpus=1 hostname=gh032 name="NVIDIA GH200 480GB" pci_bus_id=0009:01:00.0 policy=local_rank strict_unique=0 cuda_visible_devices=0
PROFILE_FV_GPU_MEMORY rank=2 device=0 free_before=92137848832 total=102005473280
PROFILE_FV_GPU_MAPPING rank=11 local_rank=11 device=0 visible_gpus=1 hostname=gh032 name="NVIDIA GH200 480GB" pci_bus_id=0009:01:00.0 policy=local_rank strict_unique=0 cuda_visible_devices=0
PROFILE_FV_GPU_MEMORY rank=11 device=0 free_before=92135751680 total=102005473280
PROFILE_FV_GPU_MAPPING rank=13 local_rank=13 device=0 visible_gpus=1 hostname=gh032 name="NVIDIA GH200 480GB" pci_bus_id=0009:01:00.0 policy=local_rank strict_unique=0 cuda_visible_devices=0
PROFILE_FV_GPU_MEMORY rank=13 device=0 free_before=92135751680 total=102005473280
PROFILE_FV_GPU_MAPPING rank=10 local_rank=10 device=0 visible_gpus=1 hostname=gh032 name="NVIDIA GH200 480GB" pci_bus_id=0009:01:00.0 policy=local_rank strict_unique=0 cuda_visible_devices=0
PROFILE_FV_GPU_MEMORY rank=10 device=0 free_before=92125265920 total=102005473280
PROFILE_FV_GPU_MAPPING rank=0 local_rank=0 device=0 visible_gpus=1 hostname=gh032 name="NVIDIA GH200 480GB" pci_bus_id=0009:01:00.0 policy=local_rank strict_unique=0 cuda_visible_devices=0
PROFILE_FV_GPU_MEMORY rank=0 device=0 free_before=92125265920 total=102005473280
PROFILE_FV_GPU_MAPPING rank=8 local_rank=8 device=0 visible_gpus=1 hostname=gh032 name="NVIDIA GH200 480GB" pci_bus_id=0009:01:00.0 policy=local_rank strict_unique=0 cuda_visible_devices=0
PROFILE_FV_GPU_MEMORY rank=8 device=0 free_before=92114780160 total=102005473280
 Integration completed through 2000 Jan  2   0: 0: 0
 Integration completed through 2000 Jan  3   0: 0: 0
 Integration completed through 2000 Jan  4   0: 0: 0
 Integration completed through 2000 Jan  5   0: 0: 0
 Integration completed through 2000 Jan  6   0: 0: 0
 Integration completed through 2000 Jan  7   0: 0: 0
 Integration completed through 2000 Jan  8   0: 0: 0
 Integration completed through 2000 Jan  9   0: 0: 0
 Integration completed through 2000 Jan 10   0: 0: 0
 Integration completed through 2000 Jan 11   0: 0: 0
 Integration completed through 2000 Jan 12   0: 0: 0
 Integration completed through 2000 Jan 13   0: 0: 0
 Integration completed through 2000 Jan 14   0: 0: 0
 Integration completed through 2000 Jan 15   0: 0: 0
 Integration completed through 2000 Jan 16   0: 0: 0
 Integration completed through 2000 Jan 17   0: 0: 0
 Integration completed through 2000 Jan 18   0: 0: 0
 Integration completed through 2000 Jan 19   0: 0: 0
 Integration completed through 2000 Jan 20   0: 0: 0
 Integration completed through 2000 Jan 21   0: 0: 0
 Integration completed through 2000 Jan 22   0: 0: 0
 Integration completed through 2000 Jan 23   0: 0: 0
 Integration completed through 2000 Jan 24   0: 0: 0
 Integration completed through 2000 Jan 25   0: 0: 0
 Integration completed through 2000 Jan 26   0: 0: 0
 Integration completed through 2000 Jan 27   0: 0: 0
 Integration completed through 2000 Jan 28   0: 0: 0
 Integration completed through 2000 Jan 29   0: 0: 0
 Integration completed through 2000 Jan 30   0: 0: 0
 Integration completed through 2000 Feb  1   0: 0: 0
NOTE from PE    0: MPP_IO_SET_STACK_SIZE: stack size set to     819200.
 MPP_DOMAINS_STACK high water mark=      102400

Tabulating mpp_clock statistics across     16 PEs...

                                          tmin          tmax          tavg          tstd  tfrac grain pemin pemax
Total runtime                       264.731348    264.731349    264.731349      0.000000  1.000     0     0    15
 MPP_STACK high water mark=           0
PROFILE_FV_ADVECTION_KERNEL backend=cuda_resident rank=unknown name=resident_advection_begin calls=8640 time=10.307978404 avg=1.193053056e-03
PROFILE_FV_ADVECTION_KERNEL backend=cuda_resident rank=unknown name=resident_advection_finish calls=8640 time=10.981525221 avg=1.271009864e-03
PROFILE_FV_ADVECTION_CUDA backend=cuda_resident rank=unknown calls=17280 allocation=0.001867109 h2d=3.516432191 kernel=15.081722725 sync=15.313098119 d2h=0.236107815 free=0.000000000 total=21.280108759
PROFILE_FV_ADVECTION_KERNEL backend=cuda_resident rank=unknown name=resident_advection_begin calls=8640 time=12.573864480 avg=1.455308389e-03
PROFILE_FV_ADVECTION_KERNEL backend=cuda_resident rank=unknown name=resident_advection_finish calls=8640 time=10.256178754 avg=1.187057726e-03
PROFILE_FV_ADVECTION_CUDA backend=cuda_resident rank=unknown calls=17280 allocation=0.000573538 h2d=3.425138221 kernel=16.738714786 sync=16.943556282 d2h=0.235702551 free=0.000000000 total=22.820502355
PROFILE_FV_ADVECTION_KERNEL backend=cuda_resident rank=unknown name=resident_advection_begin calls=8640 time=13.786219181 avg=1.595627220e-03
PROFILE_FV_ADVECTION_KERNEL backend=cuda_resident rank=unknown name=resident_advection_finish calls=8640 time=18.828901566 avg=2.179271015e-03
PROFILE_FV_ADVECTION_CUDA backend=cuda_resident rank=unknown calls=17280 allocation=0.002241381 h2d=3.441889967 kernel=26.477447750 sync=26.693724093 d2h=0.253462348 free=0.000000000 total=32.603536473
PROFILE_FV_ADVECTION_KERNEL backend=cuda_resident rank=unknown name=resident_advection_begin calls=8640 time=11.330892187 avg=1.311445855e-03
PROFILE_FV_ADVECTION_KERNEL backend=cuda_resident rank=unknown name=resident_advection_finish calls=8640 time=13.664857326 avg=1.581580709e-03
PROFILE_FV_ADVECTION_CUDA backend=cuda_resident rank=unknown calls=17280 allocation=0.000413697 h2d=3.291719758 kernel=18.842450725 sync=19.224005747 d2h=0.236362112 free=0.000000000 total=24.985987628
PROFILE_FV_ADVECTION_KERNEL backend=cuda_resident rank=unknown name=resident_advection_begin calls=8640 time=11.051318327 avg=1.279087769e-03
PROFILE_FV_ADVECTION_KERNEL backend=cuda_resident rank=unknown name=resident_advection_finish calls=8640 time=11.843248378 avg=1.370746340e-03
PROFILE_FV_ADVECTION_CUDA backend=cuda_resident rank=unknown calls=17280 allocation=0.001870692 h2d=3.290615770 kernel=16.771222745 sync=17.134162474 d2h=0.244839920 free=0.000000000 total=22.885526240
PROFILE_FV_ADVECTION_KERNEL backend=cuda_resident rank=unknown name=resident_advection_begin calls=8640 time=18.431516835 avg=2.133277411e-03
PROFILE_FV_ADVECTION_KERNEL backend=cuda_resident rank=unknown name=resident_advection_finish calls=8640 time=17.451626016 avg=2.019864122e-03
PROFILE_FV_ADVECTION_CUDA backend=cuda_resident rank=unknown calls=17280 allocation=0.002054660 h2d=3.373084629 kernel=29.739082044 sync=30.010967552 d2h=0.244190303 free=0.000000000 total=35.874240178
PROFILE_FV_ADVECTION_KERNEL backend=cuda_resident rank=unknown name=resident_advection_begin calls=8640 time=20.959125689 avg=2.425824733e-03
PROFILE_FV_ADVECTION_KERNEL backend=cuda_resident rank=unknown name=resident_advection_finish calls=8640 time=18.369401345 avg=2.126088119e-03
PROFILE_FV_ADVECTION_CUDA backend=cuda_resident rank=unknown calls=17280 allocation=0.001315267 h2d=3.447000824 kernel=33.211308403 sync=33.403562419 d2h=0.253235293 free=0.000000000 total=39.319825099
PROFILE_FV_ADVECTION_KERNEL backend=cuda_resident rank=unknown name=resident_advection_begin calls=8640 time=17.071852094 avg=1.975908807e-03
PROFILE_FV_ADVECTION_KERNEL backend=cuda_resident rank=unknown name=resident_advection_finish calls=8640 time=17.759371477 avg=2.055482810e-03
PROFILE_FV_ADVECTION_CUDA backend=cuda_resident rank=unknown calls=17280 allocation=0.001967748 h2d=3.022474311 kernel=28.852758079 sync=29.295110540 d2h=0.246455207 free=0.000000000 total=34.821238588
PROFILE_FV_ADVECTION_KERNEL backend=cuda_resident rank=unknown name=resident_advection_begin calls=8640 time=17.360238996 avg=2.009286921e-03
PROFILE_FV_ADVECTION_KERNEL backend=cuda_resident rank=unknown name=resident_advection_finish calls=8640 time=13.408345594 avg=1.551891851e-03
PROFILE_FV_ADVECTION_CUDA backend=cuda_resident rank=unknown calls=17280 allocation=0.001997060 h2d=3.229570644 kernel=24.622094497 sync=25.035473640 d2h=0.241954973 free=0.000000000 total=30.759083221
PROFILE_FV_ADVECTION_KERNEL backend=cuda_resident rank=unknown name=resident_advection_begin calls=8640 time=15.140669517 avg=1.752392305e-03
PROFILE_FV_ADVECTION_KERNEL backend=cuda_resident rank=unknown name=resident_advection_finish calls=8640 time=19.235209990 avg=2.226297453e-03
PROFILE_FV_ADVECTION_KERNEL backend=cuda_resident rank=unknown name=resident_advection_begin calls=8640 time=16.090672912 avg=1.862346402e-03
PROFILE_FV_ADVECTION_KERNEL backend=cuda_resident rank=unknown name=resident_advection_finish calls=8640 time=15.525537682 avg=1.796937232e-03
PROFILE_FV_ADVECTION_CUDA backend=cuda_resident rank=unknown calls=17280 allocation=0.003374951 h2d=3.367163452 kernel=25.471589024 sync=25.744339682 d2h=0.250787557 free=0.000000000 total=31.606974849
PROFILE_FV_ADVECTION_KERNEL backend=cuda_resident rank=unknown name=resident_advection_begin calls=8640 time=9.137498197 avg=1.057580810e-03
PROFILE_FV_ADVECTION_KERNEL backend=cuda_resident rank=unknown name=resident_advection_finish calls=8640 time=7.761442272 avg=8.983150778e-04
PROFILE_FV_ADVECTION_CUDA backend=cuda_resident rank=unknown calls=17280 allocation=0.000449216 h2d=2.920614574 kernel=11.064977602 sync=11.484344649 d2h=0.239657330 free=0.000000000 total=16.889351773
PROFILE_FV_ADVECTION_CUDA backend=cuda_resident rank=unknown calls=17280 allocation=0.005564396 h2d=3.408954134 kernel=28.257047549 sync=28.483143661 d2h=0.232990478 free=0.000000000 total=34.366627589
PROFILE_FV_ADVECTION_KERNEL backend=cuda_resident rank=unknown name=resident_advection_begin calls=8640 time=21.764428045 avg=2.519031024e-03
PROFILE_FV_ADVECTION_KERNEL backend=cuda_resident rank=unknown name=resident_advection_finish calls=8640 time=18.428505017 avg=2.132928821e-03
PROFILE_FV_ADVECTION_CUDA backend=cuda_resident rank=unknown calls=17280 allocation=0.001352387 h2d=3.228189824 kernel=34.065103619 sync=34.453459711 d2h=0.252679383 free=0.000000000 total=40.183270039
PROFILE_FV_ADVECTION_KERNEL backend=cuda_resident rank=unknown name=resident_advection_begin calls=8640 time=17.140849491 avg=1.983894617e-03
PROFILE_FV_ADVECTION_KERNEL backend=cuda_resident rank=unknown name=resident_advection_finish calls=8640 time=17.591764182 avg=2.036083817e-03
PROFILE_FV_ADVECTION_CUDA backend=cuda_resident rank=unknown calls=17280 allocation=0.001990723 h2d=3.384514384 kernel=28.515355138 sync=28.841632900 d2h=0.249622839 free=0.000000000 total=34.723379416
PROFILE_FV_ADVECTION_KERNEL backend=cuda_resident rank=unknown name=resident_advection_begin calls=8640 time=10.711005998 avg=1.239699768e-03
PROFILE_FV_ADVECTION_KERNEL backend=cuda_resident rank=unknown name=resident_advection_finish calls=8640 time=11.326787761 avg=1.310970806e-03
PROFILE_FV_ADVECTION_CUDA backend=cuda_resident rank=unknown calls=17280 allocation=0.000706497 h2d=2.823128606 kernel=16.171482590 sync=16.582485687 d2h=0.272531064 free=0.000000000 total=22.024291648
PROFILE_FV_ADVECTION_KERNEL backend=cuda_resident rank=unknown name=resident_advection_begin calls=8640 time=19.468646052 avg=2.253315515e-03
PROFILE_FV_ADVECTION_KERNEL backend=cuda_resident rank=unknown name=resident_advection_finish calls=8640 time=18.721581891 avg=2.166849756e-03
PROFILE_FV_ADVECTION_CUDA backend=cuda_resident rank=unknown calls=17280 allocation=0.001418498 h2d=3.420689012 kernel=32.103514909 sync=32.267422558 d2h=0.248132680 free=0.000000000 total=38.181088563
end_timestamp=2026-07-24T16:02:15-04:00
output=/explore/nobackup/people/jli30/SystemTesting/Isca/isca_data/held_suarez_fv_cuda_a_grid_1gpu_T85L25_30day/run0001/atmos_monthly.nc
log=/explore/nobackup/people/jli30/workspace/GFDL_atmos_cubed_sphere/logs/matrix_T85L25_fv_cuda_a_grid_1gpu_30day.log
