=== Run Held-Suarez matrix case ===
start_timestamp=2026-07-24T15:28:47-04:00
config=fv_cuda_a_grid_1gpu
resolution=T42
levels=25
days=90
num_ranks=16
ntasks_per_node=16
container=/lscratch/jli30/isca-sandbox
GFDL_BASE=/explore/nobackup/people/jli30/workspace/GFDL_atmos_cubed_sphere
GFDL_WORK=/explore/nobackup/people/jli30/SystemTesting/Isca/isca_work
GFDL_DATA=/explore/nobackup/people/jli30/SystemTesting/Isca/isca_data
experiment=held_suarez_fv_cuda_a_grid_1gpu_T42L25_90day
run_dir=/explore/nobackup/people/jli30/SystemTesting/Isca/isca_work/experiment/held_suarez_fv_cuda_a_grid_1gpu_T42L25_90day/run
executable=/explore/nobackup/people/jli30/SystemTesting/Isca/isca_work/experiment/held_suarez_fv_cuda_a_grid_1gpu_T42L25_90day/run/held_suarez_fv_kernels_cuda.x
log=/explore/nobackup/people/jli30/workspace/GFDL_atmos_cubed_sphere/logs/matrix_T42L25_fv_cuda_a_grid_1gpu_90day.log
INFO:    Environment variable SINGULARITY_TMPDIR is set, but APPTAINER_TMPDIR is preferred
INFO:    Environment variable SINGULARITY_TMPDIR is set, but APPTAINER_TMPDIR is preferred
INFO:    Environment variable SINGULARITY_TMPDIR is set, but APPTAINER_TMPDIR is preferred
INFO:    Environment variable SINGULARITY_TMPDIR is set, but APPTAINER_TMPDIR is preferred
INFO:    Environment variable SINGULARITY_TMPDIR is set, but APPTAINER_TMPDIR is preferred
INFO:    Environment variable SINGULARITY_TMPDIR is set, but APPTAINER_TMPDIR is preferred
INFO:    Environment variable SINGULARITY_TMPDIR is set, but APPTAINER_TMPDIR is preferred
INFO:    Environment variable SINGULARITY_TMPDIR is set, but APPTAINER_TMPDIR is preferred
INFO:    Environment variable SINGULARITY_TMPDIR is set, but APPTAINER_TMPDIR is preferred
INFO:    Environment variable SINGULARITY_TMPDIR is set, but APPTAINER_TMPDIR is preferred
INFO:    Environment variable SINGULARITY_TMPDIR is set, but APPTAINER_TMPDIR is preferred
INFO:    Environment variable SINGULARITY_TMPDIR is set, but APPTAINER_TMPDIR is preferred
INFO:    Environment variable SINGULARITY_TMPDIR is set, but APPTAINER_TMPDIR is preferred
INFO:    Environment variable SINGULARITY_TMPDIR is set, but APPTAINER_TMPDIR is preferred
INFO:    Environment variable SINGULARITY_TMPDIR is set, but APPTAINER_TMPDIR is preferred
INFO:    Environment variable SINGULARITY_TMPDIR is set, but APPTAINER_TMPDIR is preferred
Loading hybrid ubuntu-conda environment
Loading hybrid ubuntu-conda environment
Loading basic ubuntu-conda environment
Loading hybrid ubuntu-conda environment
Loading hybrid ubuntu-conda environment
Loading basic ubuntu-conda environment
Loading basic ubuntu-conda environment
Loading hybrid ubuntu-conda environment
Loading hybrid ubuntu-conda environment
Loading hybrid ubuntu-conda environment
Loading basic ubuntu-conda environment
Loading hybrid ubuntu-conda environment
Loading basic ubuntu-conda environment
Loading basic ubuntu-conda environment
Loading basic ubuntu-conda environment
Loading basic ubuntu-conda environment
Loading hybrid ubuntu-conda environment
Loading basic ubuntu-conda environment
Loading hybrid ubuntu-conda environment
Loading basic ubuntu-conda environment
Loading hybrid ubuntu-conda environment
Loading basic ubuntu-conda environment
Loading hybrid ubuntu-conda environment
hostname=gh032
CUDA_VISIBLE_DEVICES=0
Loading basic ubuntu-conda environment
hostname=gh032
hostname=gh032
Loading hybrid ubuntu-conda environment
CUDA_VISIBLE_DEVICES=0
CUDA_VISIBLE_DEVICES=0
Loading basic ubuntu-conda environment
hostname=gh032
hostname=gh032
hostname=gh032
CUDA_VISIBLE_DEVICES=0
CUDA_VISIBLE_DEVICES=0
CUDA_VISIBLE_DEVICES=0
hostname=gh032
CUDA_VISIBLE_DEVICES=0
hostname=gh032
hostname=gh032
CUDA_VISIBLE_DEVICES=0
CUDA_VISIBLE_DEVICES=0
Loading hybrid ubuntu-conda environment
Loading basic ubuntu-conda environment
hostname=gh032
Loading hybrid ubuntu-conda environment
CUDA_VISIBLE_DEVICES=0
Loading basic ubuntu-conda environment
hostname=gh032
CUDA_VISIBLE_DEVICES=0
Loading hybrid ubuntu-conda environment
Loading basic ubuntu-conda environment
hostname=gh032
CUDA_VISIBLE_DEVICES=0
hostname=gh032
CUDA_VISIBLE_DEVICES=0
hostname=gh032
CUDA_VISIBLE_DEVICES=0
hostname=gh032
CUDA_VISIBLE_DEVICES=0
hostname=gh032
CUDA_VISIBLE_DEVICES=0
GPU 0: NVIDIA GH200 480GB (UUID: GPU-8c6c6ea7-a446-2230-389b-5283ea3b4eab)
GPU 0: NVIDIA GH200 480GB (UUID: GPU-8c6c6ea7-a446-2230-389b-5283ea3b4eab)
GPU 0: NVIDIA GH200 480GB (UUID: GPU-8c6c6ea7-a446-2230-389b-5283ea3b4eab)
GPU 0: NVIDIA GH200 480GB (UUID: GPU-8c6c6ea7-a446-2230-389b-5283ea3b4eab)
GPU 0: NVIDIA GH200 480GB (UUID: GPU-8c6c6ea7-a446-2230-389b-5283ea3b4eab)
GPU 0: NVIDIA GH200 480GB (UUID: GPU-8c6c6ea7-a446-2230-389b-5283ea3b4eab)
GPU 0: NVIDIA GH200 480GB (UUID: GPU-8c6c6ea7-a446-2230-389b-5283ea3b4eab)
GPU 0: NVIDIA GH200 480GB (UUID: GPU-8c6c6ea7-a446-2230-389b-5283ea3b4eab)
GPU 0: NVIDIA GH200 480GB (UUID: GPU-8c6c6ea7-a446-2230-389b-5283ea3b4eab)
GPU 0: NVIDIA GH200 480GB (UUID: GPU-8c6c6ea7-a446-2230-389b-5283ea3b4eab)
GPU 0: NVIDIA GH200 480GB (UUID: GPU-8c6c6ea7-a446-2230-389b-5283ea3b4eab)
GPU 0: NVIDIA GH200 480GB (UUID: GPU-8c6c6ea7-a446-2230-389b-5283ea3b4eab)
GPU 0: NVIDIA GH200 480GB (UUID: GPU-8c6c6ea7-a446-2230-389b-5283ea3b4eab)
GPU 0: NVIDIA GH200 480GB (UUID: GPU-8c6c6ea7-a446-2230-389b-5283ea3b4eab)
GPU 0: NVIDIA GH200 480GB (UUID: GPU-8c6c6ea7-a446-2230-389b-5283ea3b4eab)
GPU 0: NVIDIA GH200 480GB (UUID: GPU-8c6c6ea7-a446-2230-389b-5283ea3b4eab)
--------------------------------------------------------------------------
A requested component was not found, or was unable to be opened.  This
means that this component is either not installed or is unable to be
used on your system (e.g., sometimes this means that shared libraries
that the component requires are unable to be found/loaded).  Note that
PMIx stopped checking at the first component that it did not find.

Host:      gh032
Framework: psec
Component: munge
--------------------------------------------------------------------------

--------------------------------------------------------------------------
A requested component was not found, or was unable to be opened.  This
means that this component is either not installed or is unable to be
used on your system (e.g., sometimes this means that shared libraries
that the component requires are unable to be found/loaded).  Note that
PMIx stopped checking at the first component that it did not find.

Host:      gh032
Framework: psec
Component: munge
--------------------------------------------------------------------------

--------------------------------------------------------------------------
A requested component was not found, or was unable to be opened.  This
means that this component is either not installed or is unable to be
used on your system (e.g., sometimes this means that shared libraries
that the component requires are unable to be found/loaded).  Note that
PMIx stopped checking at the first component that it did not find.

Host:      gh032
Framework: psec
Component: munge
--------------------------------------------------------------------------

--------------------------------------------------------------------------
A requested component was not found, or was unable to be opened.  This
means that this component is either not installed or is unable to be
used on your system (e.g., sometimes this means that shared libraries
that the component requires are unable to be found/loaded).  Note that
PMIx stopped checking at the first component that it did not find.

Host:      gh032
Framework: psec
Component: munge
--------------------------------------------------------------------------

[gh032:2082176] PMIX ERROR: ERROR in file ../../../../../../src/mca/gds/ds12/gds_ds12_lock_pthread.c at line 169
[gh032:2082174] PMIX ERROR: ERROR in file ../../../../../../src/mca/gds/ds12/gds_ds12_lock_pthread.c at line 169
--------------------------------------------------------------------------
A requested component was not found, or was unable to be opened.  This
means that this component is either not installed or is unable to be
used on your system (e.g., sometimes this means that shared libraries
that the component requires are unable to be found/loaded).  Note that
PMIx stopped checking at the first component that it did not find.

Host:      gh032
Framework: psec
Component: munge
--------------------------------------------------------------------------

--------------------------------------------------------------------------
A requested component was not found, or was unable to be opened.  This
means that this component is either not installed or is unable to be
used on your system (e.g., sometimes this means that shared libraries
that the component requires are unable to be found/loaded).  Note that
PMIx stopped checking at the first component that it did not find.

Host:      gh032
Framework: psec
Component: munge
--------------------------------------------------------------------------

--------------------------------------------------------------------------
A requested component was not found, or was unable to be opened.  This
means that this component is either not installed or is unable to be
used on your system (e.g., sometimes this means that shared libraries
that the component requires are unable to be found/loaded).  Note that
PMIx stopped checking at the first component that it did not find.

Host:      gh032
Framework: psec
Component: munge
--------------------------------------------------------------------------

--------------------------------------------------------------------------
A requested component was not found, or was unable to be opened.  This
means that this component is either not installed or is unable to be
used on your system (e.g., sometimes this means that shared libraries
that the component requires are unable to be found/loaded).  Note that
PMIx stopped checking at the first component that it did not find.

Host:      gh032
Framework: psec
Component: munge
--------------------------------------------------------------------------

--------------------------------------------------------------------------
A requested component was not found, or was unable to be opened.  This
means that this component is either not installed or is unable to be
used on your system (e.g., sometimes this means that shared libraries
that the component requires are unable to be found/loaded).  Note that
PMIx stopped checking at the first component that it did not find.

Host:      gh032
Framework: psec
Component: munge
--------------------------------------------------------------------------

--------------------------------------------------------------------------
A requested component was not found, or was unable to be opened.  This
means that this component is either not installed or is unable to be
used on your system (e.g., sometimes this means that shared libraries
that the component requires are unable to be found/loaded).  Note that
PMIx stopped checking at the first component that it did not find.

Host:      gh032
Framework: psec
Component: munge
--------------------------------------------------------------------------

--------------------------------------------------------------------------
A requested component was not found, or was unable to be opened.  This
means that this component is either not installed or is unable to be
used on your system (e.g., sometimes this means that shared libraries
that the component requires are unable to be found/loaded).  Note that
PMIx stopped checking at the first component that it did not find.

Host:      gh032
Framework: psec
Component: munge
--------------------------------------------------------------------------

--------------------------------------------------------------------------
A requested component was not found, or was unable to be opened.  This
means that this component is either not installed or is unable to be
used on your system (e.g., sometimes this means that shared libraries
that the component requires are unable to be found/loaded).  Note that
PMIx stopped checking at the first component that it did not find.

Host:      gh032
Framework: psec
Component: munge
--------------------------------------------------------------------------

--------------------------------------------------------------------------
A requested component was not found, or was unable to be opened.  This
means that this component is either not installed or is unable to be
used on your system (e.g., sometimes this means that shared libraries
that the component requires are unable to be found/loaded).  Note that
PMIx stopped checking at the first component that it did not find.

Host:      gh032
Framework: psec
Component: munge
--------------------------------------------------------------------------

--------------------------------------------------------------------------
A requested component was not found, or was unable to be opened.  This
means that this component is either not installed or is unable to be
used on your system (e.g., sometimes this means that shared libraries
that the component requires are unable to be found/loaded).  Note that
PMIx stopped checking at the first component that it did not find.

Host:      gh032
Framework: psec
Component: munge
--------------------------------------------------------------------------

--------------------------------------------------------------------------
A requested component was not found, or was unable to be opened.  This
means that this component is either not installed or is unable to be
used on your system (e.g., sometimes this means that shared libraries
that the component requires are unable to be found/loaded).  Note that
PMIx stopped checking at the first component that it did not find.

Host:      gh032
Framework: psec
Component: munge
--------------------------------------------------------------------------

--------------------------------------------------------------------------
A requested component was not found, or was unable to be opened.  This
means that this component is either not installed or is unable to be
used on your system (e.g., sometimes this means that shared libraries
that the component requires are unable to be found/loaded).  Note that
PMIx stopped checking at the first component that it did not find.

Host:      gh032
Framework: psec
Component: munge
--------------------------------------------------------------------------

[gh032:2082182] PMIX ERROR: ERROR in file ../../../../../../src/mca/gds/ds12/gds_ds12_lock_pthread.c at line 169
--------------------------------------------------------------------------
A requested component was not found, or was unable to be opened.  This
means that this component is either not installed or is unable to be
used on your system (e.g., sometimes this means that shared libraries
that the component requires are unable to be found/loaded).  Note that
PMIx stopped checking at the first component that it did not find.

Host:      gh032
Framework: psec
Component: munge
--------------------------------------------------------------------------

--------------------------------------------------------------------------
A requested component was not found, or was unable to be opened.  This
means that this component is either not installed or is unable to be
used on your system (e.g., sometimes this means that shared libraries
that the component requires are unable to be found/loaded).  Note that
PMIx stopped checking at the first component that it did not find.

Host:      gh032
Framework: psec
Component: munge
--------------------------------------------------------------------------

--------------------------------------------------------------------------
A requested component was not found, or was unable to be opened.  This
means that this component is either not installed or is unable to be
used on your system (e.g., sometimes this means that shared libraries
that the component requires are unable to be found/loaded).  Note that
PMIx stopped checking at the first component that it did not find.

Host:      gh032
Framework: psec
Component: munge
--------------------------------------------------------------------------

--------------------------------------------------------------------------
A requested component was not found, or was unable to be opened.  This
means that this component is either not installed or is unable to be
used on your system (e.g., sometimes this means that shared libraries
that the component requires are unable to be found/loaded).  Note that
PMIx stopped checking at the first component that it did not find.

Host:      gh032
Framework: psec
Component: munge
--------------------------------------------------------------------------

--------------------------------------------------------------------------
A requested component was not found, or was unable to be opened.  This
means that this component is either not installed or is unable to be
used on your system (e.g., sometimes this means that shared libraries
that the component requires are unable to be found/loaded).  Note that
PMIx stopped checking at the first component that it did not find.

Host:      gh032
Framework: psec
Component: munge
--------------------------------------------------------------------------

--------------------------------------------------------------------------
A requested component was not found, or was unable to be opened.  This
means that this component is either not installed or is unable to be
used on your system (e.g., sometimes this means that shared libraries
that the component requires are unable to be found/loaded).  Note that
PMIx stopped checking at the first component that it did not find.

Host:      gh032
Framework: psec
Component: munge
--------------------------------------------------------------------------

--------------------------------------------------------------------------
A requested component was not found, or was unable to be opened.  This
means that this component is either not installed or is unable to be
used on your system (e.g., sometimes this means that shared libraries
that the component requires are unable to be found/loaded).  Note that
PMIx stopped checking at the first component that it did not find.

Host:      gh032
Framework: psec
Component: munge
--------------------------------------------------------------------------

--------------------------------------------------------------------------
A requested component was not found, or was unable to be opened.  This
means that this component is either not installed or is unable to be
used on your system (e.g., sometimes this means that shared libraries
that the component requires are unable to be found/loaded).  Note that
PMIx stopped checking at the first component that it did not find.

Host:      gh032
Framework: psec
Component: munge
--------------------------------------------------------------------------

[gh032:2082172] PMIX ERROR: ERROR in file ../../../../../../src/mca/gds/ds12/gds_ds12_lock_pthread.c at line 169
--------------------------------------------------------------------------
A requested component was not found, or was unable to be opened.  This
means that this component is either not installed or is unable to be
used on your system (e.g., sometimes this means that shared libraries
that the component requires are unable to be found/loaded).  Note that
PMIx stopped checking at the first component that it did not find.

Host:      gh032
Framework: psec
Component: munge
--------------------------------------------------------------------------

[gh032:2082185] PMIX ERROR: ERROR in file ../../../../../../src/mca/gds/ds12/gds_ds12_lock_pthread.c at line 169
--------------------------------------------------------------------------
A requested component was not found, or was unable to be opened.  This
means that this component is either not installed or is unable to be
used on your system (e.g., sometimes this means that shared libraries
that the component requires are unable to be found/loaded).  Note that
PMIx stopped checking at the first component that it did not find.

Host:      gh032
Framework: psec
Component: munge
--------------------------------------------------------------------------

[gh032:2082180] PMIX ERROR: ERROR in file ../../../../../../src/mca/gds/ds12/gds_ds12_lock_pthread.c at line 169
[gh032:2082184] PMIX ERROR: ERROR in file ../../../../../../src/mca/gds/ds12/gds_ds12_lock_pthread.c at line 169
[gh032:2082175] PMIX ERROR: ERROR in file ../../../../../../src/mca/gds/ds12/gds_ds12_lock_pthread.c at line 169
[gh032:2082171] PMIX ERROR: ERROR in file ../../../../../../src/mca/gds/ds12/gds_ds12_lock_pthread.c at line 169
[gh032:2082179] PMIX ERROR: ERROR in file ../../../../../../src/mca/gds/ds12/gds_ds12_lock_pthread.c at line 169
[gh032:2082178] PMIX ERROR: ERROR in file ../../../../../../src/mca/gds/ds12/gds_ds12_lock_pthread.c at line 169
[gh032:2082170] PMIX ERROR: ERROR in file ../../../../../../src/mca/gds/ds12/gds_ds12_lock_pthread.c at line 169
[gh032:2082173] PMIX ERROR: ERROR in file ../../../../../../src/mca/gds/ds12/gds_ds12_lock_pthread.c at line 169
--------------------------------------------------------------------------
A requested component was not found, or was unable to be opened.  This
means that this component is either not installed or is unable to be
used on your system (e.g., sometimes this means that shared libraries
that the component requires are unable to be found/loaded).  Note that
PMIx stopped checking at the first component that it did not find.

Host:      gh032
Framework: psec
Component: munge
--------------------------------------------------------------------------

--------------------------------------------------------------------------
A requested component was not found, or was unable to be opened.  This
means that this component is either not installed or is unable to be
used on your system (e.g., sometimes this means that shared libraries
that the component requires are unable to be found/loaded).  Note that
PMIx stopped checking at the first component that it did not find.

Host:      gh032
Framework: psec
Component: munge
--------------------------------------------------------------------------

--------------------------------------------------------------------------
A requested component was not found, or was unable to be opened.  This
means that this component is either not installed or is unable to be
used on your system (e.g., sometimes this means that shared libraries
that the component requires are unable to be found/loaded).  Note that
PMIx stopped checking at the first component that it did not find.

Host:      gh032
Framework: psec
Component: munge
--------------------------------------------------------------------------

--------------------------------------------------------------------------
A requested component was not found, or was unable to be opened.  This
means that this component is either not installed or is unable to be
used on your system (e.g., sometimes this means that shared libraries
that the component requires are unable to be found/loaded).  Note that
PMIx stopped checking at the first component that it did not find.

Host:      gh032
Framework: psec
Component: munge
--------------------------------------------------------------------------

[gh032:2082177] PMIX ERROR: ERROR in file ../../../../../../src/mca/gds/ds12/gds_ds12_lock_pthread.c at line 169
--------------------------------------------------------------------------
A requested component was not found, or was unable to be opened.  This
means that this component is either not installed or is unable to be
used on your system (e.g., sometimes this means that shared libraries
that the component requires are unable to be found/loaded).  Note that
PMIx stopped checking at the first component that it did not find.

Host:      gh032
Framework: psec
Component: munge
--------------------------------------------------------------------------

[gh032:2082181] PMIX ERROR: ERROR in file ../../../../../../src/mca/gds/ds12/gds_ds12_lock_pthread.c at line 169
--------------------------------------------------------------------------
A requested component was not found, or was unable to be opened.  This
means that this component is either not installed or is unable to be
used on your system (e.g., sometimes this means that shared libraries
that the component requires are unable to be found/loaded).  Note that
PMIx stopped checking at the first component that it did not find.

Host:      gh032
Framework: psec
Component: munge
--------------------------------------------------------------------------

[gh032:2082183] PMIX ERROR: ERROR in file ../../../../../../src/mca/gds/ds12/gds_ds12_lock_pthread.c at line 169
--------------------------------------------------------------------------
WARNING: The default btl_vader_single_copy_mechanism CMA is
not available due to different user namespaces.

The vader shared memory BTL will fall back on another single-copy
mechanism if one is available. This may result in lower performance.

  Local host: gh032
--------------------------------------------------------------------------
--------------------------------------------------------------------------
WARNING: The default btl_vader_single_copy_mechanism CMA is
not available due to different user namespaces.

The vader shared memory BTL will fall back on another single-copy
mechanism if one is available. This may result in lower performance.

  Local host: gh032
--------------------------------------------------------------------------
--------------------------------------------------------------------------
WARNING: The default btl_vader_single_copy_mechanism CMA is
not available due to different user namespaces.

The vader shared memory BTL will fall back on another single-copy
mechanism if one is available. This may result in lower performance.

  Local host: gh032
--------------------------------------------------------------------------
--------------------------------------------------------------------------
WARNING: The default btl_vader_single_copy_mechanism CMA is
not available due to different user namespaces.

The vader shared memory BTL will fall back on another single-copy
mechanism if one is available. This may result in lower performance.

  Local host: gh032
--------------------------------------------------------------------------
--------------------------------------------------------------------------
WARNING: The default btl_vader_single_copy_mechanism CMA is
not available due to different user namespaces.

The vader shared memory BTL will fall back on another single-copy
mechanism if one is available. This may result in lower performance.

  Local host: gh032
--------------------------------------------------------------------------
--------------------------------------------------------------------------
WARNING: The default btl_vader_single_copy_mechanism CMA is
not available due to different user namespaces.

The vader shared memory BTL will fall back on another single-copy
mechanism if one is available. This may result in lower performance.

  Local host: gh032
--------------------------------------------------------------------------
--------------------------------------------------------------------------
WARNING: The default btl_vader_single_copy_mechanism CMA is
not available due to different user namespaces.

The vader shared memory BTL will fall back on another single-copy
mechanism if one is available. This may result in lower performance.

  Local host: gh032
--------------------------------------------------------------------------
--------------------------------------------------------------------------
WARNING: The default btl_vader_single_copy_mechanism CMA is
not available due to different user namespaces.

The vader shared memory BTL will fall back on another single-copy
mechanism if one is available. This may result in lower performance.

  Local host: gh032
--------------------------------------------------------------------------
--------------------------------------------------------------------------
WARNING: The default btl_vader_single_copy_mechanism CMA is
not available due to different user namespaces.

The vader shared memory BTL will fall back on another single-copy
mechanism if one is available. This may result in lower performance.

  Local host: gh032
--------------------------------------------------------------------------
--------------------------------------------------------------------------
WARNING: The default btl_vader_single_copy_mechanism CMA is
not available due to different user namespaces.

The vader shared memory BTL will fall back on another single-copy
mechanism if one is available. This may result in lower performance.

  Local host: gh032
--------------------------------------------------------------------------
--------------------------------------------------------------------------
WARNING: The default btl_vader_single_copy_mechanism CMA is
not available due to different user namespaces.

The vader shared memory BTL will fall back on another single-copy
mechanism if one is available. This may result in lower performance.

  Local host: gh032
--------------------------------------------------------------------------
--------------------------------------------------------------------------
WARNING: The default btl_vader_single_copy_mechanism CMA is
not available due to different user namespaces.

The vader shared memory BTL will fall back on another single-copy
mechanism if one is available. This may result in lower performance.

  Local host: gh032
--------------------------------------------------------------------------
--------------------------------------------------------------------------
WARNING: The default btl_vader_single_copy_mechanism CMA is
not available due to different user namespaces.

The vader shared memory BTL will fall back on another single-copy
mechanism if one is available. This may result in lower performance.

  Local host: gh032
--------------------------------------------------------------------------
--------------------------------------------------------------------------
WARNING: The default btl_vader_single_copy_mechanism CMA is
not available due to different user namespaces.

The vader shared memory BTL will fall back on another single-copy
mechanism if one is available. This may result in lower performance.

  Local host: gh032
--------------------------------------------------------------------------
--------------------------------------------------------------------------
WARNING: The default btl_vader_single_copy_mechanism CMA is
not available due to different user namespaces.

The vader shared memory BTL will fall back on another single-copy
mechanism if one is available. This may result in lower performance.

  Local host: gh032
--------------------------------------------------------------------------
--------------------------------------------------------------------------
WARNING: The default btl_vader_single_copy_mechanism CMA is
not available due to different user namespaces.

The vader shared memory BTL will fall back on another single-copy
mechanism if one is available. This may result in lower performance.

  Local host: gh032
--------------------------------------------------------------------------
NOTE from PE    0: MPP_DOMAINS_SET_STACK_SIZE: stack size set to    32768.
&MPP_IO_NML
 HEADER_BUFFER_VAL=16384      ,
 GLOBAL_FIELD_ON_ROOT_PE=T,
 IO_CLOCKS_ON=F,
 SHUFFLE=0          ,
 DEFLATE_LEVEL=-1         ,
 /
NOTE from PE    0: MPP_IO_SET_STACK_SIZE: stack size set to     131072.
NOTE from PE    0: MPP_DOMAINS_SET_STACK_SIZE: stack size set to   600000.
  starting            1  OpenMP threads per MPI-task
ATMOS MODEL DOMAIN DECOMPOSITION
  X-AXIS =  128
  Y-AXIS =    4   4   4   4   4   4   4   4   4   4   4   4   4   4   4   4
mean surface pressure=1000.0000 mb
PROFILE_FV_GPU_MAPPING rank=0 local_rank=0 device=0 visible_gpus=1 hostname=gh032 name="NVIDIA GH200 480GB" pci_bus_id=0009:01:00.0 policy=local_rank strict_unique=0 cuda_visible_devices=0
PROFILE_FV_GPU_MEMORY rank=0 device=0 free_before=92176318464 total=102005473280
PROFILE_FV_GPU_MAPPING rank=6 local_rank=6 device=0 visible_gpus=1 hostname=gh032 name="NVIDIA GH200 480GB" pci_bus_id=0009:01:00.0 policy=local_rank strict_unique=0 cuda_visible_devices=0
PROFILE_FV_GPU_MEMORY rank=6 device=0 free_before=92174221312 total=102005473280
PROFILE_FV_GPU_MAPPING rank=5 local_rank=5 device=0 visible_gpus=1 hostname=gh032 name="NVIDIA GH200 480GB" pci_bus_id=0009:01:00.0 policy=local_rank strict_unique=0 cuda_visible_devices=0
PROFILE_FV_GPU_MEMORY rank=5 device=0 free_before=92172124160 total=102005473280
PROFILE_FV_GPU_MAPPING rank=10 local_rank=10 device=0 visible_gpus=1 hostname=gh032 name="NVIDIA GH200 480GB" pci_bus_id=0009:01:00.0 policy=local_rank strict_unique=0 cuda_visible_devices=0
PROFILE_FV_GPU_MEMORY rank=10 device=0 free_before=92169830400 total=102005473280
PROFILE_FV_GPU_MAPPING rank=14 local_rank=14 device=0 visible_gpus=1 hostname=gh032 name="NVIDIA GH200 480GB" pci_bus_id=0009:01:00.0 policy=local_rank strict_unique=0 cuda_visible_devices=0
PROFILE_FV_GPU_MEMORY rank=14 device=0 free_before=92167733248 total=102005473280
PROFILE_FV_GPU_MAPPING rank=13 local_rank=13 device=0 visible_gpus=1 hostname=gh032 name="NVIDIA GH200 480GB" pci_bus_id=0009:01:00.0 policy=local_rank strict_unique=0 cuda_visible_devices=0
PROFILE_FV_GPU_MEMORY rank=13 device=0 free_before=92167733248 total=102005473280
PROFILE_FV_GPU_MAPPING rank=4 local_rank=4 device=0 visible_gpus=1 hostname=gh032 name="NVIDIA GH200 480GB" pci_bus_id=0009:01:00.0 policy=local_rank strict_unique=0 cuda_visible_devices=0
PROFILE_FV_GPU_MEMORY rank=4 device=0 free_before=92167733248 total=102005473280
PROFILE_FV_GPU_MAPPING rank=11 local_rank=11 device=0 visible_gpus=1 hostname=gh032 name="NVIDIA GH200 480GB" pci_bus_id=0009:01:00.0 policy=local_rank strict_unique=0 cuda_visible_devices=0
PROFILE_FV_GPU_MEMORY rank=11 device=0 free_before=92165636096 total=102005473280
PROFILE_FV_GPU_MAPPING rank=8 local_rank=8 device=0 visible_gpus=1 hostname=gh032 name="NVIDIA GH200 480GB" pci_bus_id=0009:01:00.0 policy=local_rank strict_unique=0 cuda_visible_devices=0
PROFILE_FV_GPU_MEMORY rank=8 device=0 free_before=92165636096 total=102005473280
PROFILE_FV_GPU_MAPPING rank=2 local_rank=2 device=0 visible_gpus=1 hostname=gh032 name="NVIDIA GH200 480GB" pci_bus_id=0009:01:00.0 policy=local_rank strict_unique=0 cuda_visible_devices=0
PROFILE_FV_GPU_MEMORY rank=2 device=0 free_before=92157247488 total=102005473280
PROFILE_FV_GPU_MAPPING rank=15 local_rank=15 device=0 visible_gpus=1 hostname=gh032 name="NVIDIA GH200 480GB" pci_bus_id=0009:01:00.0 policy=local_rank strict_unique=0 cuda_visible_devices=0
PROFILE_FV_GPU_MEMORY rank=15 device=0 free_before=92154953728 total=102005473280
PROFILE_FV_GPU_MAPPING rank=3 local_rank=3 device=0 visible_gpus=1 hostname=gh032 name="NVIDIA GH200 480GB" pci_bus_id=0009:01:00.0 policy=local_rank strict_unique=0 cuda_visible_devices=0
PROFILE_FV_GPU_MEMORY rank=3 device=0 free_before=92152659968 total=102005473280
PROFILE_FV_GPU_MAPPING rank=12 local_rank=12 device=0 visible_gpus=1 hostname=gh032 name="NVIDIA GH200 480GB" pci_bus_id=0009:01:00.0 policy=local_rank strict_unique=0 cuda_visible_devices=0
PROFILE_FV_GPU_MEMORY rank=12 device=0 free_before=92152659968 total=102005473280
PROFILE_FV_GPU_MAPPING rank=1 local_rank=1 device=0 visible_gpus=1 hostname=gh032 name="NVIDIA GH200 480GB" pci_bus_id=0009:01:00.0 policy=local_rank strict_unique=0 cuda_visible_devices=0
PROFILE_FV_GPU_MEMORY rank=1 device=0 free_before=92148465664 total=102005473280
PROFILE_FV_GPU_MAPPING rank=7 local_rank=7 device=0 visible_gpus=1 hostname=gh032 name="NVIDIA GH200 480GB" pci_bus_id=0009:01:00.0 policy=local_rank strict_unique=0 cuda_visible_devices=0
PROFILE_FV_GPU_MEMORY rank=7 device=0 free_before=92146171904 total=102005473280
PROFILE_FV_GPU_MAPPING rank=9 local_rank=9 device=0 visible_gpus=1 hostname=gh032 name="NVIDIA GH200 480GB" pci_bus_id=0009:01:00.0 policy=local_rank strict_unique=0 cuda_visible_devices=0
PROFILE_FV_GPU_MEMORY rank=9 device=0 free_before=92144074752 total=102005473280
 Integration completed through 2000 Jan  2   0: 0: 0
 Integration completed through 2000 Jan  3   0: 0: 0
 Integration completed through 2000 Jan  4   0: 0: 0
 Integration completed through 2000 Jan  5   0: 0: 0
 Integration completed through 2000 Jan  6   0: 0: 0
 Integration completed through 2000 Jan  7   0: 0: 0
 Integration completed through 2000 Jan  8   0: 0: 0
 Integration completed through 2000 Jan  9   0: 0: 0
 Integration completed through 2000 Jan 10   0: 0: 0
 Integration completed through 2000 Jan 11   0: 0: 0
 Integration completed through 2000 Jan 12   0: 0: 0
 Integration completed through 2000 Jan 13   0: 0: 0
 Integration completed through 2000 Jan 14   0: 0: 0
 Integration completed through 2000 Jan 15   0: 0: 0
 Integration completed through 2000 Jan 16   0: 0: 0
 Integration completed through 2000 Jan 17   0: 0: 0
 Integration completed through 2000 Jan 18   0: 0: 0
 Integration completed through 2000 Jan 19   0: 0: 0
 Integration completed through 2000 Jan 20   0: 0: 0
 Integration completed through 2000 Jan 21   0: 0: 0
 Integration completed through 2000 Jan 22   0: 0: 0
 Integration completed through 2000 Jan 23   0: 0: 0
 Integration completed through 2000 Jan 24   0: 0: 0
 Integration completed through 2000 Jan 25   0: 0: 0
 Integration completed through 2000 Jan 26   0: 0: 0
 Integration completed through 2000 Jan 27   0: 0: 0
 Integration completed through 2000 Jan 28   0: 0: 0
 Integration completed through 2000 Jan 29   0: 0: 0
 Integration completed through 2000 Jan 30   0: 0: 0
 Integration completed through 2000 Feb  1   0: 0: 0
 Integration completed through 2000 Feb  2   0: 0: 0
 Integration completed through 2000 Feb  3   0: 0: 0
 Integration completed through 2000 Feb  4   0: 0: 0
 Integration completed through 2000 Feb  5   0: 0: 0
 Integration completed through 2000 Feb  6   0: 0: 0
 Integration completed through 2000 Feb  7   0: 0: 0
 Integration completed through 2000 Feb  8   0: 0: 0
 Integration completed through 2000 Feb  9   0: 0: 0
 Integration completed through 2000 Feb 10   0: 0: 0
 Integration completed through 2000 Feb 11   0: 0: 0
 Integration completed through 2000 Feb 12   0: 0: 0
 Integration completed through 2000 Feb 13   0: 0: 0
 Integration completed through 2000 Feb 14   0: 0: 0
 Integration completed through 2000 Feb 15   0: 0: 0
 Integration completed through 2000 Feb 16   0: 0: 0
 Integration completed through 2000 Feb 17   0: 0: 0
 Integration completed through 2000 Feb 18   0: 0: 0
 Integration completed through 2000 Feb 19   0: 0: 0
 Integration completed through 2000 Feb 20   0: 0: 0
 Integration completed through 2000 Feb 21   0: 0: 0
 Integration completed through 2000 Feb 22   0: 0: 0
 Integration completed through 2000 Feb 23   0: 0: 0
 Integration completed through 2000 Feb 24   0: 0: 0
 Integration completed through 2000 Feb 25   0: 0: 0
 Integration completed through 2000 Feb 26   0: 0: 0
 Integration completed through 2000 Feb 27   0: 0: 0
 Integration completed through 2000 Feb 28   0: 0: 0
 Integration completed through 2000 Feb 29   0: 0: 0
 Integration completed through 2000 Feb 30   0: 0: 0
 Integration completed through 2000 Mar  1   0: 0: 0
 Integration completed through 2000 Mar  2   0: 0: 0
 Integration completed through 2000 Mar  3   0: 0: 0
 Integration completed through 2000 Mar  4   0: 0: 0
 Integration completed through 2000 Mar  5   0: 0: 0
 Integration completed through 2000 Mar  6   0: 0: 0
 Integration completed through 2000 Mar  7   0: 0: 0
 Integration completed through 2000 Mar  8   0: 0: 0
 Integration completed through 2000 Mar  9   0: 0: 0
 Integration completed through 2000 Mar 10   0: 0: 0
 Integration completed through 2000 Mar 11   0: 0: 0
 Integration completed through 2000 Mar 12   0: 0: 0
 Integration completed through 2000 Mar 13   0: 0: 0
 Integration completed through 2000 Mar 14   0: 0: 0
 Integration completed through 2000 Mar 15   0: 0: 0
 Integration completed through 2000 Mar 16   0: 0: 0
 Integration completed through 2000 Mar 17   0: 0: 0
 Integration completed through 2000 Mar 18   0: 0: 0
 Integration completed through 2000 Mar 19   0: 0: 0
 Integration completed through 2000 Mar 20   0: 0: 0
 Integration completed through 2000 Mar 21   0: 0: 0
 Integration completed through 2000 Mar 22   0: 0: 0
 Integration completed through 2000 Mar 23   0: 0: 0
 Integration completed through 2000 Mar 24   0: 0: 0
 Integration completed through 2000 Mar 25   0: 0: 0
 Integration completed through 2000 Mar 26   0: 0: 0
 Integration completed through 2000 Mar 27   0: 0: 0
 Integration completed through 2000 Mar 28   0: 0: 0
 Integration completed through 2000 Mar 29   0: 0: 0
 Integration completed through 2000 Mar 30   0: 0: 0
 Integration completed through 2000 Apr  1   0: 0: 0
NOTE from PE    0: MPP_IO_SET_STACK_SIZE: stack size set to     204800.
 MPP_DOMAINS_STACK high water mark=       25600

Tabulating mpp_clock statistics across     16 PEs...

                                          tmin          tmax          tavg          tstd  tfrac grain pemin pemax
Total runtime                       142.028544    142.028545    142.028544      0.000000  1.000     0     0    15
 MPP_STACK high water mark=           0
PROFILE_FV_ADVECTION_KERNEL backend=cuda_resident rank=unknown name=resident_advection_begin calls=12960 time=21.283232894 avg=1.642224760e-03
PROFILE_FV_ADVECTION_KERNEL backend=cuda_resident rank=unknown name=resident_advection_finish calls=12960 time=19.418044273 avg=1.498305885e-03
PROFILE_FV_ADVECTION_CUDA backend=cuda_resident rank=unknown calls=25920 allocation=0.001027779 h2d=3.662383396 kernel=34.013976766 sync=34.434618571 d2h=0.291345510 free=0.000000000 total=40.688584758
PROFILE_FV_ADVECTION_KERNEL backend=cuda_resident rank=unknown name=resident_advection_begin calls=12960 time=21.460589822 avg=1.655909708e-03
PROFILE_FV_ADVECTION_KERNEL backend=cuda_resident rank=unknown name=resident_advection_finish calls=12960 time=21.313587189 avg=1.644566913e-03
PROFILE_FV_ADVECTION_CUDA backend=cuda_resident rank=unknown calls=25920 allocation=0.001237123 h2d=3.679608924 kernel=36.062051649 sync=36.474524462 d2h=0.288960271 free=0.000000000 total=42.761271663
PROFILE_FV_ADVECTION_KERNEL backend=cuda_resident rank=unknown name=resident_advection_begin calls=12960 time=21.657045759 avg=1.671068346e-03
PROFILE_FV_ADVECTION_KERNEL backend=cuda_resident rank=unknown name=resident_advection_finish calls=12960 time=22.628307972 avg=1.746011418e-03
PROFILE_FV_ADVECTION_CUDA backend=cuda_resident rank=unknown calls=25920 allocation=0.000528993 h2d=3.699957798 kernel=37.563565404 sync=37.965730729 d2h=0.287170651 free=0.000000000 total=44.270715134
PROFILE_FV_ADVECTION_KERNEL backend=cuda_resident rank=unknown name=resident_advection_begin calls=12960 time=21.277395513 avg=1.641774345e-03
PROFILE_FV_ADVECTION_KERNEL backend=cuda_resident rank=unknown name=resident_advection_finish calls=12960 time=21.483116772 avg=1.657647899e-03
PROFILE_FV_ADVECTION_CUDA backend=cuda_resident rank=unknown calls=25920 allocation=0.002822310 h2d=3.635058164 kernel=36.078871391 sync=36.511440490 d2h=0.295763861 free=0.000000000 total=42.747654210
PROFILE_FV_ADVECTION_KERNEL backend=cuda_resident rank=unknown name=resident_advection_begin calls=12960 time=14.977531988 avg=1.155673765e-03
PROFILE_FV_ADVECTION_KERNEL backend=cuda_resident rank=unknown name=resident_advection_finish calls=12960 time=18.555908104 avg=1.431783033e-03
PROFILE_FV_ADVECTION_CUDA backend=cuda_resident rank=unknown calls=25920 allocation=0.000179232 h2d=3.102783539 kernel=27.306495906 sync=27.811571601 d2h=0.294343372 free=0.000000000 total=33.519724362
PROFILE_FV_ADVECTION_KERNEL backend=cuda_resident rank=unknown name=resident_advection_begin calls=12960 time=21.238945999 avg=1.638807562e-03
PROFILE_FV_ADVECTION_KERNEL backend=cuda_resident rank=unknown name=resident_advection_finish calls=12960 time=25.918767779 avg=1.999904921e-03
PROFILE_FV_ADVECTION_CUDA backend=cuda_resident rank=unknown calls=25920 allocation=0.000580162 h2d=3.664311017 kernel=40.513255154 sync=40.891116369 d2h=0.287783396 free=0.000000000 total=47.143865041
PROFILE_FV_ADVECTION_KERNEL backend=cuda_resident rank=unknown name=resident_advection_begin calls=12960 time=23.310475756 avg=1.798647821e-03
PROFILE_FV_ADVECTION_KERNEL backend=cuda_resident rank=unknown name=resident_advection_finish calls=12960 time=24.605913927 avg=1.898604470e-03
PROFILE_FV_ADVECTION_CUDA backend=cuda_resident rank=unknown calls=25920 allocation=0.002722662 h2d=3.673132451 kernel=41.256051967 sync=41.652249607 d2h=0.283081893 free=0.000000000 total=47.903785342
PROFILE_FV_ADVECTION_KERNEL backend=cuda_resident rank=unknown name=resident_advection_begin calls=12960 time=19.077337134 avg=1.472016754e-03
PROFILE_FV_ADVECTION_KERNEL backend=cuda_resident rank=unknown name=resident_advection_finish calls=12960 time=20.434890347 avg=1.576766230e-03
PROFILE_FV_ADVECTION_CUDA backend=cuda_resident rank=unknown calls=25920 allocation=0.000609505 h2d=3.690544523 kernel=32.832946450 sync=33.226846631 d2h=0.279879774 free=0.000000000 total=39.498069173
PROFILE_FV_ADVECTION_KERNEL backend=cuda_resident rank=unknown name=resident_advection_begin calls=12960 time=22.385000767 avg=1.727237714e-03
PROFILE_FV_ADVECTION_KERNEL backend=cuda_resident rank=unknown name=resident_advection_finish calls=12960 time=23.434893501 avg=1.808247955e-03
PROFILE_FV_ADVECTION_CUDA backend=cuda_resident rank=unknown calls=25920 allocation=0.000584994 h2d=3.778762235 kernel=39.097893322 sync=39.436933966 d2h=0.286332821 free=0.000000000 total=45.806294145
PROFILE_FV_ADVECTION_KERNEL backend=cuda_resident rank=unknown name=resident_advection_begin calls=12960 time=22.204851179 avg=1.713337282e-03
PROFILE_FV_ADVECTION_KERNEL backend=cuda_resident rank=unknown name=resident_advection_finish calls=12960 time=22.426109860 avg=1.730409711e-03
PROFILE_FV_ADVECTION_CUDA backend=cuda_resident rank=unknown calls=25920 allocation=0.000167232 h2d=3.528625178 kernel=38.021895101 sync=38.494711154 d2h=0.289019780 free=0.000000000 total=44.616750315
PROFILE_FV_ADVECTION_KERNEL backend=cuda_resident rank=unknown name=resident_advection_begin calls=12960 time=20.603085687 avg=1.589744266e-03
PROFILE_FV_ADVECTION_KERNEL backend=cuda_resident rank=unknown name=resident_advection_finish calls=12960 time=19.877983101 avg=1.533794992e-03
PROFILE_FV_ADVECTION_CUDA backend=cuda_resident rank=unknown calls=25920 allocation=0.000597794 h2d=3.760060061 kernel=33.778473792 sync=34.146755432 d2h=0.279594035 free=0.000000000 total=40.467446614
PROFILE_FV_ADVECTION_KERNEL backend=cuda_resident rank=unknown name=resident_advection_begin calls=12960 time=16.938213786 avg=1.306960940e-03
PROFILE_FV_ADVECTION_KERNEL backend=cuda_resident rank=unknown name=resident_advection_finish calls=12960 time=18.086578452 avg=1.395569325e-03
PROFILE_FV_ADVECTION_CUDA backend=cuda_resident rank=unknown calls=25920 allocation=0.000158305 h2d=3.569088468 kernel=28.407094562 sync=28.841677327 d2h=0.289999989 free=0.000000000 total=35.011080139
PROFILE_FV_ADVECTION_KERNEL backend=cuda_resident rank=unknown name=resident_advection_begin calls=12960 time=16.865024964 avg=1.301313655e-03
PROFILE_FV_ADVECTION_KERNEL backend=cuda_resident rank=unknown name=resident_advection_finish calls=12960 time=28.415790978 avg=2.192576464e-03
PROFILE_FV_ADVECTION_CUDA backend=cuda_resident rank=unknown calls=25920 allocation=0.001158018 h2d=3.338139568 kernel=38.755087493 sync=39.352251372 d2h=0.291253802 free=0.000000000 total=45.266040925
PROFILE_FV_ADVECTION_KERNEL backend=cuda_resident rank=unknown name=resident_advection_begin calls=12960 time=19.769367126 avg=1.525414130e-03
PROFILE_FV_ADVECTION_KERNEL backend=cuda_resident rank=unknown name=resident_advection_finish calls=12960 time=19.488673654 avg=1.503755683e-03
PROFILE_FV_ADVECTION_CUDA backend=cuda_resident rank=unknown calls=25920 allocation=0.000167713 h2d=3.539432658 kernel=32.684053985 sync=33.146294948 d2h=0.281966936 free=0.000000000 total=39.244039338
PROFILE_FV_ADVECTION_KERNEL backend=cuda_resident rank=unknown name=resident_advection_begin calls=12960 time=23.375141832 avg=1.803637487e-03
PROFILE_FV_ADVECTION_KERNEL backend=cuda_resident rank=unknown name=resident_advection_finish calls=12960 time=23.561984225 avg=1.818054338e-03
PROFILE_FV_ADVECTION_CUDA backend=cuda_resident rank=unknown calls=25920 allocation=0.000605058 h2d=3.730414607 kernel=40.257415587 sync=40.621058655 d2h=0.279857104 free=0.000000000 total=46.924401360
PROFILE_FV_ADVECTION_KERNEL backend=cuda_resident rank=unknown name=resident_advection_begin calls=12960 time=18.546256318 avg=1.431038296e-03
PROFILE_FV_ADVECTION_KERNEL backend=cuda_resident rank=unknown name=resident_advection_finish calls=12960 time=17.438422929 avg=1.345557325e-03
PROFILE_FV_ADVECTION_CUDA backend=cuda_resident rank=unknown calls=25920 allocation=0.000566049 h2d=3.675155380 kernel=29.310426909 sync=29.719278463 d2h=0.273873680 free=0.000000000 total=35.971738606
end_timestamp=2026-07-24T15:31:10-04:00
output=/explore/nobackup/people/jli30/SystemTesting/Isca/isca_data/held_suarez_fv_cuda_a_grid_1gpu_T42L25_90day/run0001/atmos_monthly.nc
log=/explore/nobackup/people/jli30/workspace/GFDL_atmos_cubed_sphere/logs/matrix_T42L25_fv_cuda_a_grid_1gpu_90day.log
