=== Run Held-Suarez matrix case ===
start_timestamp=2026-07-24T17:29:58-04:00
config=fv_cuda_a_grid_4gpu
resolution=T42
levels=25
days=120
num_ranks=16
ntasks_per_node=4
container=/lscratch/jli30/isca-sandbox
GFDL_BASE=/explore/nobackup/people/jli30/workspace/GFDL_atmos_cubed_sphere
GFDL_WORK=/explore/nobackup/people/jli30/SystemTesting/Isca/isca_work
GFDL_DATA=/explore/nobackup/people/jli30/SystemTesting/Isca/isca_data
experiment=held_suarez_fv_cuda_a_grid_4gpu_T42L25_120day
run_dir=/explore/nobackup/people/jli30/SystemTesting/Isca/isca_work/experiment/held_suarez_fv_cuda_a_grid_4gpu_T42L25_120day/run
executable=/explore/nobackup/people/jli30/SystemTesting/Isca/isca_work/experiment/held_suarez_fv_cuda_a_grid_4gpu_T42L25_120day/run/held_suarez_fv_kernels_cuda.x
log=/explore/nobackup/people/jli30/workspace/GFDL_atmos_cubed_sphere/logs/matrix_T42L25_fv_cuda_a_grid_4gpu_120day.log
INFO:    Environment variable SINGULARITY_TMPDIR is set, but APPTAINER_TMPDIR is preferred
INFO:    Environment variable SINGULARITY_TMPDIR is set, but APPTAINER_TMPDIR is preferred
INFO:    Environment variable SINGULARITY_TMPDIR is set, but APPTAINER_TMPDIR is preferred
INFO:    Environment variable SINGULARITY_TMPDIR is set, but APPTAINER_TMPDIR is preferred
Loading hybrid ubuntu-conda environment
Loading basic ubuntu-conda environment
Loading hybrid ubuntu-conda environment
Loading basic ubuntu-conda environment
Loading hybrid ubuntu-conda environment
Loading basic ubuntu-conda environment
Loading hybrid ubuntu-conda environment
Loading basic ubuntu-conda environment
hostname=gh019
CUDA_VISIBLE_DEVICES=0
hostname=gh019
CUDA_VISIBLE_DEVICES=0
hostname=gh019
CUDA_VISIBLE_DEVICES=0
hostname=gh019
CUDA_VISIBLE_DEVICES=0
GPU 0: NVIDIA GH200 480GB (UUID: GPU-1becded5-f9e1-174c-e441-467353cc5f23)
GPU 0: NVIDIA GH200 480GB (UUID: GPU-1becded5-f9e1-174c-e441-467353cc5f23)
GPU 0: NVIDIA GH200 480GB (UUID: GPU-1becded5-f9e1-174c-e441-467353cc5f23)
GPU 0: NVIDIA GH200 480GB (UUID: GPU-1becded5-f9e1-174c-e441-467353cc5f23)
--------------------------------------------------------------------------
A requested component was not found, or was unable to be opened.  This
means that this component is either not installed or is unable to be
used on your system (e.g., sometimes this means that shared libraries
that the component requires are unable to be found/loaded).  Note that
PMIx stopped checking at the first component that it did not find.

Host:      gh019
Framework: psec
Component: munge
--------------------------------------------------------------------------

--------------------------------------------------------------------------
A requested component was not found, or was unable to be opened.  This
means that this component is either not installed or is unable to be
used on your system (e.g., sometimes this means that shared libraries
that the component requires are unable to be found/loaded).  Note that
PMIx stopped checking at the first component that it did not find.

Host:      gh019
Framework: psec
Component: munge
--------------------------------------------------------------------------

--------------------------------------------------------------------------
A requested component was not found, or was unable to be opened.  This
means that this component is either not installed or is unable to be
used on your system (e.g., sometimes this means that shared libraries
that the component requires are unable to be found/loaded).  Note that
PMIx stopped checking at the first component that it did not find.

Host:      gh019
Framework: psec
Component: munge
--------------------------------------------------------------------------

--------------------------------------------------------------------------
A requested component was not found, or was unable to be opened.  This
means that this component is either not installed or is unable to be
used on your system (e.g., sometimes this means that shared libraries
that the component requires are unable to be found/loaded).  Note that
PMIx stopped checking at the first component that it did not find.

Host:      gh019
Framework: psec
Component: munge
--------------------------------------------------------------------------

--------------------------------------------------------------------------
A requested component was not found, or was unable to be opened.  This
means that this component is either not installed or is unable to be
used on your system (e.g., sometimes this means that shared libraries
that the component requires are unable to be found/loaded).  Note that
PMIx stopped checking at the first component that it did not find.

Host:      gh019
Framework: psec
Component: munge
--------------------------------------------------------------------------

--------------------------------------------------------------------------
A requested component was not found, or was unable to be opened.  This
means that this component is either not installed or is unable to be
used on your system (e.g., sometimes this means that shared libraries
that the component requires are unable to be found/loaded).  Note that
PMIx stopped checking at the first component that it did not find.

Host:      gh019
Framework: psec
Component: munge
--------------------------------------------------------------------------

--------------------------------------------------------------------------
A requested component was not found, or was unable to be opened.  This
means that this component is either not installed or is unable to be
used on your system (e.g., sometimes this means that shared libraries
that the component requires are unable to be found/loaded).  Note that
PMIx stopped checking at the first component that it did not find.

Host:      gh019
Framework: psec
Component: munge
--------------------------------------------------------------------------

--------------------------------------------------------------------------
A requested component was not found, or was unable to be opened.  This
means that this component is either not installed or is unable to be
used on your system (e.g., sometimes this means that shared libraries
that the component requires are unable to be found/loaded).  Note that
PMIx stopped checking at the first component that it did not find.

Host:      gh019
Framework: psec
Component: munge
--------------------------------------------------------------------------

[gh019:525931] PMIX ERROR: ERROR in file ../../../../../../src/mca/gds/ds12/gds_ds12_lock_pthread.c at line 169
[gh019:525933] PMIX ERROR: ERROR in file ../../../../../../src/mca/gds/ds12/gds_ds12_lock_pthread.c at line 169
[gh019:525930] PMIX ERROR: ERROR in file ../../../../../../src/mca/gds/ds12/gds_ds12_lock_pthread.c at line 169
[gh019:525932] PMIX ERROR: ERROR in file ../../../../../../src/mca/gds/ds12/gds_ds12_lock_pthread.c at line 169
INFO:    Environment variable SINGULARITY_TMPDIR is set, but APPTAINER_TMPDIR is preferred
INFO:    Environment variable SINGULARITY_TMPDIR is set, but APPTAINER_TMPDIR is preferred
INFO:    Environment variable SINGULARITY_TMPDIR is set, but APPTAINER_TMPDIR is preferred
INFO:    Environment variable SINGULARITY_TMPDIR is set, but APPTAINER_TMPDIR is preferred
INFO:    Environment variable SINGULARITY_TMPDIR is set, but APPTAINER_TMPDIR is preferred
INFO:    Environment variable SINGULARITY_TMPDIR is set, but APPTAINER_TMPDIR is preferred
INFO:    Environment variable SINGULARITY_TMPDIR is set, but APPTAINER_TMPDIR is preferred
INFO:    Environment variable SINGULARITY_TMPDIR is set, but APPTAINER_TMPDIR is preferred
INFO:    Environment variable SINGULARITY_TMPDIR is set, but APPTAINER_TMPDIR is preferred
INFO:    Environment variable SINGULARITY_TMPDIR is set, but APPTAINER_TMPDIR is preferred
INFO:    Environment variable SINGULARITY_TMPDIR is set, but APPTAINER_TMPDIR is preferred
INFO:    Environment variable SINGULARITY_TMPDIR is set, but APPTAINER_TMPDIR is preferred
Loading hybrid ubuntu-conda environment
Loading hybrid ubuntu-conda environment
Loading basic ubuntu-conda environment
Loading basic ubuntu-conda environment
Loading hybrid ubuntu-conda environment
Loading basic ubuntu-conda environment
Loading hybrid ubuntu-conda environment
Loading basic ubuntu-conda environment
hostname=gh052
CUDA_VISIBLE_DEVICES=0
hostname=gh052
CUDA_VISIBLE_DEVICES=0
hostname=gh052
CUDA_VISIBLE_DEVICES=0
hostname=gh052
CUDA_VISIBLE_DEVICES=0
Loading hybrid ubuntu-conda environment
Loading hybrid ubuntu-conda environment
Loading basic ubuntu-conda environment
Loading basic ubuntu-conda environment
Loading hybrid ubuntu-conda environment
Loading basic ubuntu-conda environment
Loading hybrid ubuntu-conda environment
Loading basic ubuntu-conda environment
GPU 0: NVIDIA GH200 480GB (UUID: GPU-2e99f1ce-9481-f870-5bb9-0236f92c1612)
hostname=gh050
CUDA_VISIBLE_DEVICES=0
hostname=gh050
CUDA_VISIBLE_DEVICES=0
hostname=gh050
CUDA_VISIBLE_DEVICES=0
hostname=gh050
CUDA_VISIBLE_DEVICES=0
GPU 0: NVIDIA GH200 480GB (UUID: GPU-2e99f1ce-9481-f870-5bb9-0236f92c1612)
Loading hybrid ubuntu-conda environment
Loading hybrid ubuntu-conda environment
Loading basic ubuntu-conda environment
Loading basic ubuntu-conda environment
Loading hybrid ubuntu-conda environment
Loading hybrid ubuntu-conda environment
Loading basic ubuntu-conda environment
Loading basic ubuntu-conda environment
GPU 0: NVIDIA GH200 480GB (UUID: GPU-2e99f1ce-9481-f870-5bb9-0236f92c1612)
GPU 0: NVIDIA GH200 480GB (UUID: GPU-2e99f1ce-9481-f870-5bb9-0236f92c1612)
hostname=gh051
CUDA_VISIBLE_DEVICES=0
hostname=gh051
CUDA_VISIBLE_DEVICES=0
hostname=gh051
CUDA_VISIBLE_DEVICES=0
hostname=gh051
CUDA_VISIBLE_DEVICES=0
GPU 0: NVIDIA GH200 480GB (UUID: GPU-1b57a391-41e8-ad58-f99f-f3a7faa49ed0)
GPU 0: NVIDIA GH200 480GB (UUID: GPU-1b57a391-41e8-ad58-f99f-f3a7faa49ed0)
GPU 0: NVIDIA GH200 480GB (UUID: GPU-1b57a391-41e8-ad58-f99f-f3a7faa49ed0)
GPU 0: NVIDIA GH200 480GB (UUID: GPU-1b57a391-41e8-ad58-f99f-f3a7faa49ed0)
GPU 0: NVIDIA GH200 480GB (UUID: GPU-90e9ce8f-7662-1391-b60e-7187729aa429)
GPU 0: NVIDIA GH200 480GB (UUID: GPU-90e9ce8f-7662-1391-b60e-7187729aa429)
GPU 0: NVIDIA GH200 480GB (UUID: GPU-90e9ce8f-7662-1391-b60e-7187729aa429)
GPU 0: NVIDIA GH200 480GB (UUID: GPU-90e9ce8f-7662-1391-b60e-7187729aa429)
--------------------------------------------------------------------------
A requested component was not found, or was unable to be opened.  This
means that this component is either not installed or is unable to be
used on your system (e.g., sometimes this means that shared libraries
that the component requires are unable to be found/loaded).  Note that
PMIx stopped checking at the first component that it did not find.

Host:      gh052
Framework: psec
Component: munge
--------------------------------------------------------------------------

--------------------------------------------------------------------------
A requested component was not found, or was unable to be opened.  This
means that this component is either not installed or is unable to be
used on your system (e.g., sometimes this means that shared libraries
that the component requires are unable to be found/loaded).  Note that
PMIx stopped checking at the first component that it did not find.

Host:      gh052
Framework: psec
Component: munge
--------------------------------------------------------------------------

[gh052:788476] PMIX ERROR: ERROR in file ../../../../../../src/mca/gds/ds12/gds_ds12_lock_pthread.c at line 169
--------------------------------------------------------------------------
A requested component was not found, or was unable to be opened.  This
means that this component is either not installed or is unable to be
used on your system (e.g., sometimes this means that shared libraries
that the component requires are unable to be found/loaded).  Note that
PMIx stopped checking at the first component that it did not find.

Host:      gh052
Framework: psec
Component: munge
--------------------------------------------------------------------------

--------------------------------------------------------------------------
A requested component was not found, or was unable to be opened.  This
means that this component is either not installed or is unable to be
used on your system (e.g., sometimes this means that shared libraries
that the component requires are unable to be found/loaded).  Note that
PMIx stopped checking at the first component that it did not find.

Host:      gh052
Framework: psec
Component: munge
--------------------------------------------------------------------------

--------------------------------------------------------------------------
A requested component was not found, or was unable to be opened.  This
means that this component is either not installed or is unable to be
used on your system (e.g., sometimes this means that shared libraries
that the component requires are unable to be found/loaded).  Note that
PMIx stopped checking at the first component that it did not find.

Host:      gh052
Framework: psec
Component: munge
--------------------------------------------------------------------------

[gh052:788478] PMIX ERROR: ERROR in file ../../../../../../src/mca/gds/ds12/gds_ds12_lock_pthread.c at line 169
--------------------------------------------------------------------------
A requested component was not found, or was unable to be opened.  This
means that this component is either not installed or is unable to be
used on your system (e.g., sometimes this means that shared libraries
that the component requires are unable to be found/loaded).  Note that
PMIx stopped checking at the first component that it did not find.

Host:      gh052
Framework: psec
Component: munge
--------------------------------------------------------------------------

[gh052:788475] PMIX ERROR: ERROR in file ../../../../../../src/mca/gds/ds12/gds_ds12_lock_pthread.c at line 169
--------------------------------------------------------------------------
A requested component was not found, or was unable to be opened.  This
means that this component is either not installed or is unable to be
used on your system (e.g., sometimes this means that shared libraries
that the component requires are unable to be found/loaded).  Note that
PMIx stopped checking at the first component that it did not find.

Host:      gh052
Framework: psec
Component: munge
--------------------------------------------------------------------------

--------------------------------------------------------------------------
A requested component was not found, or was unable to be opened.  This
means that this component is either not installed or is unable to be
used on your system (e.g., sometimes this means that shared libraries
that the component requires are unable to be found/loaded).  Note that
PMIx stopped checking at the first component that it did not find.

Host:      gh052
Framework: psec
Component: munge
--------------------------------------------------------------------------

[gh052:788477] PMIX ERROR: ERROR in file ../../../../../../src/mca/gds/ds12/gds_ds12_lock_pthread.c at line 169
--------------------------------------------------------------------------
A requested component was not found, or was unable to be opened.  This
means that this component is either not installed or is unable to be
used on your system (e.g., sometimes this means that shared libraries
that the component requires are unable to be found/loaded).  Note that
PMIx stopped checking at the first component that it did not find.

Host:      gh051
Framework: psec
Component: munge
--------------------------------------------------------------------------

--------------------------------------------------------------------------
A requested component was not found, or was unable to be opened.  This
means that this component is either not installed or is unable to be
used on your system (e.g., sometimes this means that shared libraries
that the component requires are unable to be found/loaded).  Note that
PMIx stopped checking at the first component that it did not find.

Host:      gh051
Framework: psec
Component: munge
--------------------------------------------------------------------------

--------------------------------------------------------------------------
A requested component was not found, or was unable to be opened.  This
means that this component is either not installed or is unable to be
used on your system (e.g., sometimes this means that shared libraries
that the component requires are unable to be found/loaded).  Note that
PMIx stopped checking at the first component that it did not find.

Host:      gh051
Framework: psec
Component: munge
--------------------------------------------------------------------------

--------------------------------------------------------------------------
A requested component was not found, or was unable to be opened.  This
means that this component is either not installed or is unable to be
used on your system (e.g., sometimes this means that shared libraries
that the component requires are unable to be found/loaded).  Note that
PMIx stopped checking at the first component that it did not find.

Host:      gh051
Framework: psec
Component: munge
--------------------------------------------------------------------------

--------------------------------------------------------------------------
A requested component was not found, or was unable to be opened.  This
means that this component is either not installed or is unable to be
used on your system (e.g., sometimes this means that shared libraries
that the component requires are unable to be found/loaded).  Note that
PMIx stopped checking at the first component that it did not find.

Host:      gh051
Framework: psec
Component: munge
--------------------------------------------------------------------------

--------------------------------------------------------------------------
A requested component was not found, or was unable to be opened.  This
means that this component is either not installed or is unable to be
used on your system (e.g., sometimes this means that shared libraries
that the component requires are unable to be found/loaded).  Note that
PMIx stopped checking at the first component that it did not find.

Host:      gh051
Framework: psec
Component: munge
--------------------------------------------------------------------------

--------------------------------------------------------------------------
A requested component was not found, or was unable to be opened.  This
means that this component is either not installed or is unable to be
used on your system (e.g., sometimes this means that shared libraries
that the component requires are unable to be found/loaded).  Note that
PMIx stopped checking at the first component that it did not find.

Host:      gh051
Framework: psec
Component: munge
--------------------------------------------------------------------------

--------------------------------------------------------------------------
A requested component was not found, or was unable to be opened.  This
means that this component is either not installed or is unable to be
used on your system (e.g., sometimes this means that shared libraries
that the component requires are unable to be found/loaded).  Note that
PMIx stopped checking at the first component that it did not find.

Host:      gh051
Framework: psec
Component: munge
--------------------------------------------------------------------------

[gh051:795846] PMIX ERROR: ERROR in file ../../../../../../src/mca/gds/ds12/gds_ds12_lock_pthread.c at line 169
[gh051:795845] PMIX ERROR: ERROR in file ../../../../../../src/mca/gds/ds12/gds_ds12_lock_pthread.c at line 169
[gh051:795843] PMIX ERROR: ERROR in file ../../../../../../src/mca/gds/ds12/gds_ds12_lock_pthread.c at line 169
[gh051:795844] PMIX ERROR: ERROR in file ../../../../../../src/mca/gds/ds12/gds_ds12_lock_pthread.c at line 169
--------------------------------------------------------------------------
A requested component was not found, or was unable to be opened.  This
means that this component is either not installed or is unable to be
used on your system (e.g., sometimes this means that shared libraries
that the component requires are unable to be found/loaded).  Note that
PMIx stopped checking at the first component that it did not find.

Host:      gh050
Framework: psec
Component: munge
--------------------------------------------------------------------------

--------------------------------------------------------------------------
A requested component was not found, or was unable to be opened.  This
means that this component is either not installed or is unable to be
used on your system (e.g., sometimes this means that shared libraries
that the component requires are unable to be found/loaded).  Note that
PMIx stopped checking at the first component that it did not find.

Host:      gh050
Framework: psec
Component: munge
--------------------------------------------------------------------------

--------------------------------------------------------------------------
A requested component was not found, or was unable to be opened.  This
means that this component is either not installed or is unable to be
used on your system (e.g., sometimes this means that shared libraries
that the component requires are unable to be found/loaded).  Note that
PMIx stopped checking at the first component that it did not find.

Host:      gh050
Framework: psec
Component: munge
--------------------------------------------------------------------------

--------------------------------------------------------------------------
A requested component was not found, or was unable to be opened.  This
means that this component is either not installed or is unable to be
used on your system (e.g., sometimes this means that shared libraries
that the component requires are unable to be found/loaded).  Note that
PMIx stopped checking at the first component that it did not find.

Host:      gh050
Framework: psec
Component: munge
--------------------------------------------------------------------------

--------------------------------------------------------------------------
A requested component was not found, or was unable to be opened.  This
means that this component is either not installed or is unable to be
used on your system (e.g., sometimes this means that shared libraries
that the component requires are unable to be found/loaded).  Note that
PMIx stopped checking at the first component that it did not find.

Host:      gh050
Framework: psec
Component: munge
--------------------------------------------------------------------------

--------------------------------------------------------------------------
A requested component was not found, or was unable to be opened.  This
means that this component is either not installed or is unable to be
used on your system (e.g., sometimes this means that shared libraries
that the component requires are unable to be found/loaded).  Note that
PMIx stopped checking at the first component that it did not find.

Host:      gh050
Framework: psec
Component: munge
--------------------------------------------------------------------------

--------------------------------------------------------------------------
A requested component was not found, or was unable to be opened.  This
means that this component is either not installed or is unable to be
used on your system (e.g., sometimes this means that shared libraries
that the component requires are unable to be found/loaded).  Note that
PMIx stopped checking at the first component that it did not find.

Host:      gh050
Framework: psec
Component: munge
--------------------------------------------------------------------------

--------------------------------------------------------------------------
A requested component was not found, or was unable to be opened.  This
means that this component is either not installed or is unable to be
used on your system (e.g., sometimes this means that shared libraries
that the component requires are unable to be found/loaded).  Note that
PMIx stopped checking at the first component that it did not find.

Host:      gh050
Framework: psec
Component: munge
--------------------------------------------------------------------------

[gh050:790371] PMIX ERROR: ERROR in file ../../../../../../src/mca/gds/ds12/gds_ds12_lock_pthread.c at line 169
[gh050:790370] PMIX ERROR: ERROR in file ../../../../../../src/mca/gds/ds12/gds_ds12_lock_pthread.c at line 169
[gh050:790369] PMIX ERROR: ERROR in file ../../../../../../src/mca/gds/ds12/gds_ds12_lock_pthread.c at line 169
[gh050:790368] PMIX ERROR: ERROR in file ../../../../../../src/mca/gds/ds12/gds_ds12_lock_pthread.c at line 169
--------------------------------------------------------------------------
WARNING: The default btl_vader_single_copy_mechanism CMA is
not available due to different user namespaces.

The vader shared memory BTL will fall back on another single-copy
mechanism if one is available. This may result in lower performance.

  Local host: gh051
--------------------------------------------------------------------------
--------------------------------------------------------------------------
WARNING: The default btl_vader_single_copy_mechanism CMA is
not available due to different user namespaces.

The vader shared memory BTL will fall back on another single-copy
mechanism if one is available. This may result in lower performance.

  Local host: gh051
--------------------------------------------------------------------------
--------------------------------------------------------------------------
WARNING: The default btl_vader_single_copy_mechanism CMA is
not available due to different user namespaces.

The vader shared memory BTL will fall back on another single-copy
mechanism if one is available. This may result in lower performance.

  Local host: gh050
--------------------------------------------------------------------------
--------------------------------------------------------------------------
WARNING: The default btl_vader_single_copy_mechanism CMA is
not available due to different user namespaces.

The vader shared memory BTL will fall back on another single-copy
mechanism if one is available. This may result in lower performance.

  Local host: gh051
--------------------------------------------------------------------------
--------------------------------------------------------------------------
WARNING: The default btl_vader_single_copy_mechanism CMA is
not available due to different user namespaces.

The vader shared memory BTL will fall back on another single-copy
mechanism if one is available. This may result in lower performance.

  Local host: gh050
--------------------------------------------------------------------------
--------------------------------------------------------------------------
WARNING: The default btl_vader_single_copy_mechanism CMA is
not available due to different user namespaces.

The vader shared memory BTL will fall back on another single-copy
mechanism if one is available. This may result in lower performance.

  Local host: gh050
--------------------------------------------------------------------------
--------------------------------------------------------------------------
WARNING: The default btl_vader_single_copy_mechanism CMA is
not available due to different user namespaces.

The vader shared memory BTL will fall back on another single-copy
mechanism if one is available. This may result in lower performance.

  Local host: gh050
--------------------------------------------------------------------------
--------------------------------------------------------------------------
WARNING: The default btl_vader_single_copy_mechanism CMA is
not available due to different user namespaces.

The vader shared memory BTL will fall back on another single-copy
mechanism if one is available. This may result in lower performance.

  Local host: gh052
--------------------------------------------------------------------------
--------------------------------------------------------------------------
WARNING: The default btl_vader_single_copy_mechanism CMA is
not available due to different user namespaces.

The vader shared memory BTL will fall back on another single-copy
mechanism if one is available. This may result in lower performance.

  Local host: gh051
--------------------------------------------------------------------------
--------------------------------------------------------------------------
WARNING: The default btl_vader_single_copy_mechanism CMA is
not available due to different user namespaces.

The vader shared memory BTL will fall back on another single-copy
mechanism if one is available. This may result in lower performance.

  Local host: gh019
--------------------------------------------------------------------------
--------------------------------------------------------------------------
WARNING: The default btl_vader_single_copy_mechanism CMA is
not available due to different user namespaces.

The vader shared memory BTL will fall back on another single-copy
mechanism if one is available. This may result in lower performance.

  Local host: gh052
--------------------------------------------------------------------------
--------------------------------------------------------------------------
WARNING: The default btl_vader_single_copy_mechanism CMA is
not available due to different user namespaces.

The vader shared memory BTL will fall back on another single-copy
mechanism if one is available. This may result in lower performance.

  Local host: gh019
--------------------------------------------------------------------------
--------------------------------------------------------------------------
WARNING: The default btl_vader_single_copy_mechanism CMA is
not available due to different user namespaces.

The vader shared memory BTL will fall back on another single-copy
mechanism if one is available. This may result in lower performance.

  Local host: gh052
--------------------------------------------------------------------------
--------------------------------------------------------------------------
WARNING: The default btl_vader_single_copy_mechanism CMA is
not available due to different user namespaces.

The vader shared memory BTL will fall back on another single-copy
mechanism if one is available. This may result in lower performance.

  Local host: gh019
--------------------------------------------------------------------------
--------------------------------------------------------------------------
WARNING: The default btl_vader_single_copy_mechanism CMA is
not available due to different user namespaces.

The vader shared memory BTL will fall back on another single-copy
mechanism if one is available. This may result in lower performance.

  Local host: gh052
--------------------------------------------------------------------------
--------------------------------------------------------------------------
WARNING: The default btl_vader_single_copy_mechanism CMA is
not available due to different user namespaces.

The vader shared memory BTL will fall back on another single-copy
mechanism if one is available. This may result in lower performance.

  Local host: gh019
--------------------------------------------------------------------------
NOTE from PE    0: MPP_DOMAINS_SET_STACK_SIZE: stack size set to    32768.
&MPP_IO_NML
 HEADER_BUFFER_VAL=16384      ,
 GLOBAL_FIELD_ON_ROOT_PE=T,
 IO_CLOCKS_ON=F,
 SHUFFLE=0          ,
 DEFLATE_LEVEL=-1         ,
 /
NOTE from PE    0: MPP_IO_SET_STACK_SIZE: stack size set to     131072.
NOTE from PE    0: MPP_DOMAINS_SET_STACK_SIZE: stack size set to   600000.
  starting            1  OpenMP threads per MPI-task
ATMOS MODEL DOMAIN DECOMPOSITION
  X-AXIS =  128
  Y-AXIS =    4   4   4   4   4   4   4   4   4   4   4   4   4   4   4   4
mean surface pressure=1000.0000 mb
PROFILE_FV_GPU_MAPPING rank=10 local_rank=2 device=0 visible_gpus=1 hostname=gh051 name="NVIDIA GH200 480GB" pci_bus_id=0009:01:00.0 policy=local_rank strict_unique=0 cuda_visible_devices=0
PROFILE_FV_GPU_MEMORY rank=10 device=0 free_before=99575988224 total=102005473280
PROFILE_FV_GPU_MAPPING rank=8 local_rank=0 device=0 visible_gpus=1 hostname=gh051 name="NVIDIA GH200 480GB" pci_bus_id=0009:01:00.0 policy=local_rank strict_unique=0 cuda_visible_devices=0
PROFILE_FV_GPU_MEMORY rank=8 device=0 free_before=99573891072 total=102005473280
PROFILE_FV_GPU_MAPPING rank=9 local_rank=1 device=0 visible_gpus=1 hostname=gh051 name="NVIDIA GH200 480GB" pci_bus_id=0009:01:00.0 policy=local_rank strict_unique=0 cuda_visible_devices=0
PROFILE_FV_GPU_MEMORY rank=9 device=0 free_before=99571793920 total=102005473280
PROFILE_FV_GPU_MAPPING rank=11 local_rank=3 device=0 visible_gpus=1 hostname=gh051 name="NVIDIA GH200 480GB" pci_bus_id=0009:01:00.0 policy=local_rank strict_unique=0 cuda_visible_devices=0
PROFILE_FV_GPU_MEMORY rank=11 device=0 free_before=99569696768 total=102005473280
PROFILE_FV_GPU_MAPPING rank=14 local_rank=2 device=0 visible_gpus=1 hostname=gh052 name="NVIDIA GH200 480GB" pci_bus_id=0009:01:00.0 policy=local_rank strict_unique=0 cuda_visible_devices=0
PROFILE_FV_GPU_MEMORY rank=14 device=0 free_before=99103604736 total=102005473280
PROFILE_FV_GPU_MAPPING rank=6 local_rank=2 device=0 visible_gpus=1 hostname=gh050 name="NVIDIA GH200 480GB" pci_bus_id=0009:01:00.0 policy=local_rank strict_unique=0 cuda_visible_devices=0
PROFILE_FV_GPU_MEMORY rank=6 device=0 free_before=99438952448 total=102005473280
PROFILE_FV_GPU_MAPPING rank=7 local_rank=3 device=0 visible_gpus=1 hostname=gh050 name="NVIDIA GH200 480GB" pci_bus_id=0009:01:00.0 policy=local_rank strict_unique=0 cuda_visible_devices=0
PROFILE_FV_GPU_MEMORY rank=7 device=0 free_before=99436855296 total=102005473280
PROFILE_FV_GPU_MAPPING rank=15 local_rank=3 device=0 visible_gpus=1 hostname=gh052 name="NVIDIA GH200 480GB" pci_bus_id=0009:01:00.0 policy=local_rank strict_unique=0 cuda_visible_devices=0
PROFILE_FV_GPU_MEMORY rank=15 device=0 free_before=99101310976 total=102005473280
PROFILE_FV_GPU_MAPPING rank=13 local_rank=1 device=0 visible_gpus=1 hostname=gh052 name="NVIDIA GH200 480GB" pci_bus_id=0009:01:00.0 policy=local_rank strict_unique=0 cuda_visible_devices=0
PROFILE_FV_GPU_MEMORY rank=13 device=0 free_before=99099213824 total=102005473280
PROFILE_FV_GPU_MAPPING rank=5 local_rank=1 device=0 visible_gpus=1 hostname=gh050 name="NVIDIA GH200 480GB" pci_bus_id=0009:01:00.0 policy=local_rank strict_unique=0 cuda_visible_devices=0
PROFILE_FV_GPU_MEMORY rank=5 device=0 free_before=99434561536 total=102005473280
PROFILE_FV_GPU_MAPPING rank=4 local_rank=0 device=0 visible_gpus=1 hostname=gh050 name="NVIDIA GH200 480GB" pci_bus_id=0009:01:00.0 policy=local_rank strict_unique=0 cuda_visible_devices=0
PROFILE_FV_GPU_MEMORY rank=4 device=0 free_before=99432464384 total=102005473280
PROFILE_FV_GPU_MAPPING rank=12 local_rank=0 device=0 visible_gpus=1 hostname=gh052 name="NVIDIA GH200 480GB" pci_bus_id=0009:01:00.0 policy=local_rank strict_unique=0 cuda_visible_devices=0
PROFILE_FV_GPU_MEMORY rank=12 device=0 free_before=99097116672 total=102005473280
PROFILE_FV_GPU_MAPPING rank=3 local_rank=3 device=0 visible_gpus=1 hostname=gh019 name="NVIDIA GH200 480GB" pci_bus_id=0009:01:00.0 policy=local_rank strict_unique=0 cuda_visible_devices=0
PROFILE_FV_GPU_MEMORY rank=3 device=0 free_before=99435544576 total=102005473280
PROFILE_FV_GPU_MAPPING rank=2 local_rank=2 device=0 visible_gpus=1 hostname=gh019 name="NVIDIA GH200 480GB" pci_bus_id=0009:01:00.0 policy=local_rank strict_unique=0 cuda_visible_devices=0
PROFILE_FV_GPU_MEMORY rank=2 device=0 free_before=99433447424 total=102005473280
PROFILE_FV_GPU_MAPPING rank=0 local_rank=0 device=0 visible_gpus=1 hostname=gh019 name="NVIDIA GH200 480GB" pci_bus_id=0009:01:00.0 policy=local_rank strict_unique=0 cuda_visible_devices=0
PROFILE_FV_GPU_MEMORY rank=0 device=0 free_before=99431350272 total=102005473280
PROFILE_FV_GPU_MAPPING rank=1 local_rank=1 device=0 visible_gpus=1 hostname=gh019 name="NVIDIA GH200 480GB" pci_bus_id=0009:01:00.0 policy=local_rank strict_unique=0 cuda_visible_devices=0
PROFILE_FV_GPU_MEMORY rank=1 device=0 free_before=99429056512 total=102005473280
 Integration completed through 2000 Jan  2   0: 0: 0
 Integration completed through 2000 Jan  3   0: 0: 0
 Integration completed through 2000 Jan  4   0: 0: 0
 Integration completed through 2000 Jan  5   0: 0: 0
 Integration completed through 2000 Jan  6   0: 0: 0
 Integration completed through 2000 Jan  7   0: 0: 0
 Integration completed through 2000 Jan  8   0: 0: 0
 Integration completed through 2000 Jan  9   0: 0: 0
 Integration completed through 2000 Jan 10   0: 0: 0
 Integration completed through 2000 Jan 11   0: 0: 0
 Integration completed through 2000 Jan 12   0: 0: 0
 Integration completed through 2000 Jan 13   0: 0: 0
 Integration completed through 2000 Jan 14   0: 0: 0
 Integration completed through 2000 Jan 15   0: 0: 0
 Integration completed through 2000 Jan 16   0: 0: 0
 Integration completed through 2000 Jan 17   0: 0: 0
 Integration completed through 2000 Jan 18   0: 0: 0
 Integration completed through 2000 Jan 19   0: 0: 0
 Integration completed through 2000 Jan 20   0: 0: 0
 Integration completed through 2000 Jan 21   0: 0: 0
 Integration completed through 2000 Jan 22   0: 0: 0
 Integration completed through 2000 Jan 23   0: 0: 0
 Integration completed through 2000 Jan 24   0: 0: 0
 Integration completed through 2000 Jan 25   0: 0: 0
 Integration completed through 2000 Jan 26   0: 0: 0
 Integration completed through 2000 Jan 27   0: 0: 0
 Integration completed through 2000 Jan 28   0: 0: 0
 Integration completed through 2000 Jan 29   0: 0: 0
 Integration completed through 2000 Jan 30   0: 0: 0
 Integration completed through 2000 Feb  1   0: 0: 0
 Integration completed through 2000 Feb  2   0: 0: 0
 Integration completed through 2000 Feb  3   0: 0: 0
 Integration completed through 2000 Feb  4   0: 0: 0
 Integration completed through 2000 Feb  5   0: 0: 0
 Integration completed through 2000 Feb  6   0: 0: 0
 Integration completed through 2000 Feb  7   0: 0: 0
 Integration completed through 2000 Feb  8   0: 0: 0
 Integration completed through 2000 Feb  9   0: 0: 0
 Integration completed through 2000 Feb 10   0: 0: 0
 Integration completed through 2000 Feb 11   0: 0: 0
 Integration completed through 2000 Feb 12   0: 0: 0
 Integration completed through 2000 Feb 13   0: 0: 0
 Integration completed through 2000 Feb 14   0: 0: 0
 Integration completed through 2000 Feb 15   0: 0: 0
 Integration completed through 2000 Feb 16   0: 0: 0
 Integration completed through 2000 Feb 17   0: 0: 0
 Integration completed through 2000 Feb 18   0: 0: 0
 Integration completed through 2000 Feb 19   0: 0: 0
 Integration completed through 2000 Feb 20   0: 0: 0
 Integration completed through 2000 Feb 21   0: 0: 0
 Integration completed through 2000 Feb 22   0: 0: 0
 Integration completed through 2000 Feb 23   0: 0: 0
 Integration completed through 2000 Feb 24   0: 0: 0
 Integration completed through 2000 Feb 25   0: 0: 0
 Integration completed through 2000 Feb 26   0: 0: 0
 Integration completed through 2000 Feb 27   0: 0: 0
 Integration completed through 2000 Feb 28   0: 0: 0
 Integration completed through 2000 Feb 29   0: 0: 0
 Integration completed through 2000 Feb 30   0: 0: 0
 Integration completed through 2000 Mar  1   0: 0: 0
 Integration completed through 2000 Mar  2   0: 0: 0
 Integration completed through 2000 Mar  3   0: 0: 0
 Integration completed through 2000 Mar  4   0: 0: 0
 Integration completed through 2000 Mar  5   0: 0: 0
 Integration completed through 2000 Mar  6   0: 0: 0
 Integration completed through 2000 Mar  7   0: 0: 0
 Integration completed through 2000 Mar  8   0: 0: 0
 Integration completed through 2000 Mar  9   0: 0: 0
 Integration completed through 2000 Mar 10   0: 0: 0
 Integration completed through 2000 Mar 11   0: 0: 0
 Integration completed through 2000 Mar 12   0: 0: 0
 Integration completed through 2000 Mar 13   0: 0: 0
 Integration completed through 2000 Mar 14   0: 0: 0
 Integration completed through 2000 Mar 15   0: 0: 0
 Integration completed through 2000 Mar 16   0: 0: 0
 Integration completed through 2000 Mar 17   0: 0: 0
 Integration completed through 2000 Mar 18   0: 0: 0
 Integration completed through 2000 Mar 19   0: 0: 0
 Integration completed through 2000 Mar 20   0: 0: 0
 Integration completed through 2000 Mar 21   0: 0: 0
 Integration completed through 2000 Mar 22   0: 0: 0
 Integration completed through 2000 Mar 23   0: 0: 0
 Integration completed through 2000 Mar 24   0: 0: 0
 Integration completed through 2000 Mar 25   0: 0: 0
 Integration completed through 2000 Mar 26   0: 0: 0
 Integration completed through 2000 Mar 27   0: 0: 0
 Integration completed through 2000 Mar 28   0: 0: 0
 Integration completed through 2000 Mar 29   0: 0: 0
 Integration completed through 2000 Mar 30   0: 0: 0
 Integration completed through 2000 Apr  1   0: 0: 0
 Integration completed through 2000 Apr  2   0: 0: 0
 Integration completed through 2000 Apr  3   0: 0: 0
 Integration completed through 2000 Apr  4   0: 0: 0
 Integration completed through 2000 Apr  5   0: 0: 0
 Integration completed through 2000 Apr  6   0: 0: 0
 Integration completed through 2000 Apr  7   0: 0: 0
 Integration completed through 2000 Apr  8   0: 0: 0
 Integration completed through 2000 Apr  9   0: 0: 0
 Integration completed through 2000 Apr 10   0: 0: 0
 Integration completed through 2000 Apr 11   0: 0: 0
 Integration completed through 2000 Apr 12   0: 0: 0
 Integration completed through 2000 Apr 13   0: 0: 0
 Integration completed through 2000 Apr 14   0: 0: 0
 Integration completed through 2000 Apr 15   0: 0: 0
 Integration completed through 2000 Apr 16   0: 0: 0
 Integration completed through 2000 Apr 17   0: 0: 0
 Integration completed through 2000 Apr 18   0: 0: 0
 Integration completed through 2000 Apr 19   0: 0: 0
 Integration completed through 2000 Apr 20   0: 0: 0
 Integration completed through 2000 Apr 21   0: 0: 0
 Integration completed through 2000 Apr 22   0: 0: 0
 Integration completed through 2000 Apr 23   0: 0: 0
 Integration completed through 2000 Apr 24   0: 0: 0
 Integration completed through 2000 Apr 25   0: 0: 0
 Integration completed through 2000 Apr 26   0: 0: 0
 Integration completed through 2000 Apr 27   0: 0: 0
 Integration completed through 2000 Apr 28   0: 0: 0
 Integration completed through 2000 Apr 29   0: 0: 0
 Integration completed through 2000 Apr 30   0: 0: 0
 Integration completed through 2000 May  1   0: 0: 0
NOTE from PE    0: MPP_IO_SET_STACK_SIZE: stack size set to     204800.
 MPP_DOMAINS_STACK high water mark=       25600

Tabulating mpp_clock statistics across     16 PEs...

                                          tmin          tmax          tavg          tstd  tfrac grain pemin pemax
Total runtime                       327.697013    327.697249    327.697135      0.000060  1.000     0     0    15
 MPP_STACK high water mark=           0
PROFILE_FV_ADVECTION_KERNEL backend=cuda_resident rank=unknown name=resident_advection_begin calls=17280 time=7.171699833 avg=4.150289255e-04
PROFILE_FV_ADVECTION_KERNEL backend=cuda_resident rank=unknown name=resident_advection_finish calls=17280 time=5.238978161 avg=3.031816065e-04
PROFILE_FV_ADVECTION_CUDA backend=cuda_resident rank=unknown calls=34560 allocation=0.000125120 h2d=1.802748087 kernel=9.195489246 sync=8.923819797 d2h=0.350916571 free=0.000000000 total=12.386764129
PROFILE_FV_ADVECTION_KERNEL backend=cuda_resident rank=unknown name=resident_advection_begin calls=17280 time=5.755942528 avg=3.330985259e-04
PROFILE_FV_ADVECTION_KERNEL backend=cuda_resident rank=unknown name=resident_advection_finish calls=17280 time=7.239227164 avg=4.189367572e-04
PROFILE_FV_ADVECTION_CUDA backend=cuda_resident rank=unknown calls=34560 allocation=0.000118432 h2d=1.847662340 kernel=9.751694339 sync=9.489562380 d2h=0.350678605 free=0.000000000 total=12.971075210
PROFILE_FV_ADVECTION_KERNEL backend=cuda_resident rank=unknown name=resident_advection_begin calls=17280 time=8.557455264 avg=4.952231056e-04
PROFILE_FV_ADVECTION_KERNEL backend=cuda_resident rank=unknown name=resident_advection_finish calls=17280 time=6.929498067 avg=4.010126196e-04
PROFILE_FV_ADVECTION_CUDA backend=cuda_resident rank=unknown calls=34560 allocation=0.000118688 h2d=1.919506820 kernel=12.152846527 sync=11.859407451 d2h=0.346066360 free=0.000000000 total=15.463014100
PROFILE_FV_ADVECTION_KERNEL backend=cuda_resident rank=unknown name=resident_advection_begin calls=17280 time=6.657698128 avg=3.852834565e-04
PROFILE_FV_ADVECTION_KERNEL backend=cuda_resident rank=unknown name=resident_advection_finish calls=17280 time=6.297374038 avg=3.644313679e-04
PROFILE_FV_ADVECTION_CUDA backend=cuda_resident rank=unknown calls=34560 allocation=0.000452353 h2d=1.823037889 kernel=9.735370435 sync=9.469314085 d2h=0.342271081 free=0.000000000 total=12.932130457
PROFILE_FV_ADVECTION_KERNEL backend=cuda_resident rank=unknown name=resident_advection_begin calls=17280 time=5.418033571 avg=3.135436094e-04
PROFILE_FV_ADVECTION_KERNEL backend=cuda_resident rank=unknown name=resident_advection_finish calls=17280 time=4.798525355 avg=2.776924395e-04
PROFILE_FV_ADVECTION_CUDA backend=cuda_resident rank=unknown calls=34560 allocation=0.000439682 h2d=1.821638573 kernel=6.982647297 sync=6.735211021 d2h=0.354369163 free=0.000000000 total=10.194666704
PROFILE_FV_ADVECTION_KERNEL backend=cuda_resident rank=unknown name=resident_advection_begin calls=17280 time=7.855479977 avg=4.545995357e-04
PROFILE_FV_ADVECTION_KERNEL backend=cuda_resident rank=unknown name=resident_advection_finish calls=17280 time=5.528441348 avg=3.199329484e-04
PROFILE_FV_ADVECTION_CUDA backend=cuda_resident rank=unknown calls=34560 allocation=0.000433185 h2d=1.893644196 kernel=9.976676832 sync=9.810277387 d2h=0.350154648 free=0.000000000 total=13.359452070
PROFILE_FV_ADVECTION_KERNEL backend=cuda_resident rank=unknown name=resident_advection_begin calls=17280 time=9.500754270 avg=5.498121684e-04
PROFILE_FV_ADVECTION_KERNEL backend=cuda_resident rank=unknown name=resident_advection_finish calls=17280 time=7.160736507 avg=4.143944738e-04
PROFILE_FV_ADVECTION_CUDA backend=cuda_resident rank=unknown calls=34560 allocation=0.000127681 h2d=1.967296254 kernel=13.294249152 sync=12.999896248 d2h=0.353100097 free=0.000000000 total=16.639992153
PROFILE_FV_ADVECTION_KERNEL backend=cuda_resident rank=unknown name=resident_advection_begin calls=17280 time=6.930605024 avg=4.010766796e-04
PROFILE_FV_ADVECTION_KERNEL backend=cuda_resident rank=unknown name=resident_advection_finish calls=17280 time=6.451421756 avg=3.733461664e-04
PROFILE_FV_ADVECTION_CUDA backend=cuda_resident rank=unknown calls=34560 allocation=0.000122944 h2d=2.001113818 kernel=9.957333378 sync=9.678978880 d2h=0.346271873 free=0.000000000 total=13.358930541
PROFILE_FV_ADVECTION_KERNEL backend=cuda_resident rank=unknown name=resident_advection_begin calls=17280 time=7.247975362 avg=4.194430186e-04
PROFILE_FV_ADVECTION_KERNEL backend=cuda_resident rank=unknown name=resident_advection_finish calls=17280 time=5.392117601 avg=3.120438427e-04
PROFILE_FV_ADVECTION_CUDA backend=cuda_resident rank=unknown calls=34560 allocation=0.000117248 h2d=1.870961764 kernel=9.393808480 sync=9.133533512 d2h=0.342468539 free=0.000000000 total=12.616077797
PROFILE_FV_ADVECTION_KERNEL backend=cuda_resident rank=unknown name=resident_advection_begin calls=17280 time=8.689866694 avg=5.028858041e-04
PROFILE_FV_ADVECTION_KERNEL backend=cuda_resident rank=unknown name=resident_advection_finish calls=17280 time=6.050589923 avg=3.501498798e-04
PROFILE_FV_ADVECTION_CUDA backend=cuda_resident rank=unknown calls=34560 allocation=0.000125504 h2d=1.970034033 kernel=11.377513280 sync=11.086269752 d2h=0.348224627 free=0.000000000 total=14.715882718
PROFILE_FV_ADVECTION_KERNEL backend=cuda_resident rank=unknown name=resident_advection_begin calls=17280 time=7.059701543 avg=4.085475430e-04
PROFILE_FV_ADVECTION_KERNEL backend=cuda_resident rank=unknown name=resident_advection_finish calls=17280 time=5.808465459 avg=3.361380474e-04
PROFILE_FV_ADVECTION_CUDA backend=cuda_resident rank=unknown calls=34560 allocation=0.000121088 h2d=1.910216876 kernel=9.562746401 sync=9.276870965 d2h=0.354662451 free=0.000000000 total=12.845453299
PROFILE_FV_ADVECTION_KERNEL backend=cuda_resident rank=unknown name=resident_advection_begin calls=17280 time=4.663707544 avg=2.698904829e-04
PROFILE_FV_ADVECTION_KERNEL backend=cuda_resident rank=unknown name=resident_advection_finish calls=17280 time=5.243459145 avg=3.034409227e-04
PROFILE_FV_ADVECTION_CUDA backend=cuda_resident rank=unknown calls=34560 allocation=0.000118368 h2d=1.791505550 kernel=6.740347616 sync=6.483458223 d2h=0.339640682 free=0.000000000 total=9.884065275
PROFILE_FV_ADVECTION_KERNEL backend=cuda_resident rank=unknown name=resident_advection_begin calls=17280 time=6.469756707 avg=3.744072168e-04
PROFILE_FV_ADVECTION_KERNEL backend=cuda_resident rank=unknown name=resident_advection_finish calls=17280 time=5.126949794 avg=2.966984834e-04
PROFILE_FV_ADVECTION_CUDA backend=cuda_resident rank=unknown calls=34560 allocation=0.000186400 h2d=1.891865879 kernel=8.309564833 sync=8.038279893 d2h=0.341399189 free=0.000000000 total=11.575951965
PROFILE_FV_ADVECTION_KERNEL backend=cuda_resident rank=unknown name=resident_advection_begin calls=17280 time=7.920635269 avg=4.583700966e-04
PROFILE_FV_ADVECTION_KERNEL backend=cuda_resident rank=unknown name=resident_advection_finish calls=17280 time=6.152566100 avg=3.560512789e-04
PROFILE_FV_ADVECTION_CUDA backend=cuda_resident rank=unknown calls=34560 allocation=0.000122176 h2d=1.825748535 kernel=10.845767328 sync=10.600822716 d2h=0.335453746 free=0.000000000 total=14.051612079
PROFILE_FV_ADVECTION_KERNEL backend=cuda_resident rank=unknown name=resident_advection_begin calls=17280 time=4.418768747 avg=2.557157840e-04
PROFILE_FV_ADVECTION_KERNEL backend=cuda_resident rank=unknown name=resident_advection_finish calls=17280 time=7.002452217 avg=4.052345033e-04
PROFILE_FV_ADVECTION_CUDA backend=cuda_resident rank=unknown calls=34560 allocation=0.000158848 h2d=1.772129405 kernel=8.249978082 sync=8.015343709 d2h=0.338162640 free=0.000000000 total=11.400557689
PROFILE_FV_ADVECTION_KERNEL backend=cuda_resident rank=unknown name=resident_advection_begin calls=17280 time=7.542208445 avg=4.364703961e-04
PROFILE_FV_ADVECTION_KERNEL backend=cuda_resident rank=unknown name=resident_advection_finish calls=17280 time=6.337347954 avg=3.667446733e-04
PROFILE_FV_ADVECTION_CUDA backend=cuda_resident rank=unknown calls=34560 allocation=0.000115072 h2d=1.861718315 kernel=10.571878591 sync=10.330268929 d2h=0.342844660 free=0.000000000 total=13.856824811
end_timestamp=2026-07-24T17:35:27-04:00
output=/explore/nobackup/people/jli30/SystemTesting/Isca/isca_data/held_suarez_fv_cuda_a_grid_4gpu_T42L25_120day/run0001/atmos_monthly.nc
log=/explore/nobackup/people/jli30/workspace/GFDL_atmos_cubed_sphere/logs/matrix_T42L25_fv_cuda_a_grid_4gpu_120day.log
