=== Run Held-Suarez matrix case ===
start_timestamp=2026-07-24T17:35:27-04:00
config=fv_cuda_a_grid_4gpu
resolution=T85
levels=25
days=120
num_ranks=16
ntasks_per_node=4
container=/lscratch/jli30/isca-sandbox
GFDL_BASE=/explore/nobackup/people/jli30/workspace/GFDL_atmos_cubed_sphere
GFDL_WORK=/explore/nobackup/people/jli30/SystemTesting/Isca/isca_work
GFDL_DATA=/explore/nobackup/people/jli30/SystemTesting/Isca/isca_data
experiment=held_suarez_fv_cuda_a_grid_4gpu_T85L25_120day
run_dir=/explore/nobackup/people/jli30/SystemTesting/Isca/isca_work/experiment/held_suarez_fv_cuda_a_grid_4gpu_T85L25_120day/run
executable=/explore/nobackup/people/jli30/SystemTesting/Isca/isca_work/experiment/held_suarez_fv_cuda_a_grid_4gpu_T85L25_120day/run/held_suarez_fv_kernels_cuda.x
log=/explore/nobackup/people/jli30/workspace/GFDL_atmos_cubed_sphere/logs/matrix_T85L25_fv_cuda_a_grid_4gpu_120day.log
INFO:    Environment variable SINGULARITY_TMPDIR is set, but APPTAINER_TMPDIR is preferred
INFO:    Environment variable SINGULARITY_TMPDIR is set, but APPTAINER_TMPDIR is preferred
INFO:    Environment variable SINGULARITY_TMPDIR is set, but APPTAINER_TMPDIR is preferred
INFO:    Environment variable SINGULARITY_TMPDIR is set, but APPTAINER_TMPDIR is preferred
INFO:    Environment variable SINGULARITY_TMPDIR is set, but APPTAINER_TMPDIR is preferred
INFO:    Environment variable SINGULARITY_TMPDIR is set, but APPTAINER_TMPDIR is preferred
INFO:    Environment variable SINGULARITY_TMPDIR is set, but APPTAINER_TMPDIR is preferred
INFO:    Environment variable SINGULARITY_TMPDIR is set, but APPTAINER_TMPDIR is preferred
INFO:    Environment variable SINGULARITY_TMPDIR is set, but APPTAINER_TMPDIR is preferred
INFO:    Environment variable SINGULARITY_TMPDIR is set, but APPTAINER_TMPDIR is preferred
INFO:    Environment variable SINGULARITY_TMPDIR is set, but APPTAINER_TMPDIR is preferred
INFO:    Environment variable SINGULARITY_TMPDIR is set, but APPTAINER_TMPDIR is preferred
INFO:    Environment variable SINGULARITY_TMPDIR is set, but APPTAINER_TMPDIR is preferred
INFO:    Environment variable SINGULARITY_TMPDIR is set, but APPTAINER_TMPDIR is preferred
INFO:    Environment variable SINGULARITY_TMPDIR is set, but APPTAINER_TMPDIR is preferred
INFO:    Environment variable SINGULARITY_TMPDIR is set, but APPTAINER_TMPDIR is preferred
Loading hybrid ubuntu-conda environment
Loading hybrid ubuntu-conda environment
Loading basic ubuntu-conda environment
Loading basic ubuntu-conda environment
Loading hybrid ubuntu-conda environment
Loading basic ubuntu-conda environment
Loading hybrid ubuntu-conda environment
Loading basic ubuntu-conda environment
Loading hybrid ubuntu-conda environment
Loading basic ubuntu-conda environment
Loading hybrid ubuntu-conda environment
Loading basic ubuntu-conda environment
Loading hybrid ubuntu-conda environment
Loading basic ubuntu-conda environment
Loading hybrid ubuntu-conda environment
Loading basic ubuntu-conda environment
hostname=gh019
CUDA_VISIBLE_DEVICES=0
hostname=gh019
CUDA_VISIBLE_DEVICES=0
hostname=gh019
CUDA_VISIBLE_DEVICES=0
hostname=gh019
CUDA_VISIBLE_DEVICES=0
Loading hybrid ubuntu-conda environment
Loading hybrid ubuntu-conda environment
Loading hybrid ubuntu-conda environment
Loading hybrid ubuntu-conda environment
Loading basic ubuntu-conda environment
Loading basic ubuntu-conda environment
Loading basic ubuntu-conda environment
Loading basic ubuntu-conda environment
hostname=gh052
hostname=gh050
CUDA_VISIBLE_DEVICES=0
CUDA_VISIBLE_DEVICES=0
hostname=gh052
CUDA_VISIBLE_DEVICES=0
hostname=gh050
CUDA_VISIBLE_DEVICES=0
hostname=gh052
CUDA_VISIBLE_DEVICES=0
hostname=gh050
CUDA_VISIBLE_DEVICES=0
hostname=gh050
hostname=gh052
CUDA_VISIBLE_DEVICES=0
CUDA_VISIBLE_DEVICES=0
GPU 0: NVIDIA GH200 480GB (UUID: GPU-1becded5-f9e1-174c-e441-467353cc5f23)
GPU 0: NVIDIA GH200 480GB (UUID: GPU-1becded5-f9e1-174c-e441-467353cc5f23)
GPU 0: NVIDIA GH200 480GB (UUID: GPU-1becded5-f9e1-174c-e441-467353cc5f23)
GPU 0: NVIDIA GH200 480GB (UUID: GPU-1becded5-f9e1-174c-e441-467353cc5f23)
GPU 0: NVIDIA GH200 480GB (UUID: GPU-1b57a391-41e8-ad58-f99f-f3a7faa49ed0)
GPU 0: NVIDIA GH200 480GB (UUID: GPU-2e99f1ce-9481-f870-5bb9-0236f92c1612)
GPU 0: NVIDIA GH200 480GB (UUID: GPU-2e99f1ce-9481-f870-5bb9-0236f92c1612)
Loading hybrid ubuntu-conda environment
Loading hybrid ubuntu-conda environment
Loading basic ubuntu-conda environment
Loading basic ubuntu-conda environment
Loading hybrid ubuntu-conda environment
Loading hybrid ubuntu-conda environment
GPU 0: NVIDIA GH200 480GB (UUID: GPU-1b57a391-41e8-ad58-f99f-f3a7faa49ed0)
Loading basic ubuntu-conda environment
Loading basic ubuntu-conda environment
GPU 0: NVIDIA GH200 480GB (UUID: GPU-2e99f1ce-9481-f870-5bb9-0236f92c1612)
GPU 0: NVIDIA GH200 480GB (UUID: GPU-2e99f1ce-9481-f870-5bb9-0236f92c1612)
GPU 0: NVIDIA GH200 480GB (UUID: GPU-1b57a391-41e8-ad58-f99f-f3a7faa49ed0)
GPU 0: NVIDIA GH200 480GB (UUID: GPU-1b57a391-41e8-ad58-f99f-f3a7faa49ed0)
hostname=gh051
CUDA_VISIBLE_DEVICES=0
hostname=gh051
CUDA_VISIBLE_DEVICES=0
hostname=gh051
CUDA_VISIBLE_DEVICES=0
hostname=gh051
CUDA_VISIBLE_DEVICES=0
--------------------------------------------------------------------------
A requested component was not found, or was unable to be opened.  This
means that this component is either not installed or is unable to be
used on your system (e.g., sometimes this means that shared libraries
that the component requires are unable to be found/loaded).  Note that
PMIx stopped checking at the first component that it did not find.

Host:      gh019
Framework: psec
Component: munge
--------------------------------------------------------------------------

--------------------------------------------------------------------------
A requested component was not found, or was unable to be opened.  This
means that this component is either not installed or is unable to be
used on your system (e.g., sometimes this means that shared libraries
that the component requires are unable to be found/loaded).  Note that
PMIx stopped checking at the first component that it did not find.

Host:      gh019
Framework: psec
Component: munge
--------------------------------------------------------------------------

[gh019:528646] PMIX ERROR: ERROR in file ../../../../../../src/mca/gds/ds12/gds_ds12_lock_pthread.c at line 169
GPU 0: NVIDIA GH200 480GB (UUID: GPU-90e9ce8f-7662-1391-b60e-7187729aa429)
GPU 0: NVIDIA GH200 480GB (UUID: GPU-90e9ce8f-7662-1391-b60e-7187729aa429)
GPU 0: NVIDIA GH200 480GB (UUID: GPU-90e9ce8f-7662-1391-b60e-7187729aa429)
GPU 0: NVIDIA GH200 480GB (UUID: GPU-90e9ce8f-7662-1391-b60e-7187729aa429)
--------------------------------------------------------------------------
A requested component was not found, or was unable to be opened.  This
means that this component is either not installed or is unable to be
used on your system (e.g., sometimes this means that shared libraries
that the component requires are unable to be found/loaded).  Note that
PMIx stopped checking at the first component that it did not find.

Host:      gh019
Framework: psec
Component: munge
--------------------------------------------------------------------------

--------------------------------------------------------------------------
A requested component was not found, or was unable to be opened.  This
means that this component is either not installed or is unable to be
used on your system (e.g., sometimes this means that shared libraries
that the component requires are unable to be found/loaded).  Note that
PMIx stopped checking at the first component that it did not find.

Host:      gh019
Framework: psec
Component: munge
--------------------------------------------------------------------------

[gh019:528645] PMIX ERROR: ERROR in file ../../../../../../src/mca/gds/ds12/gds_ds12_lock_pthread.c at line 169
--------------------------------------------------------------------------
A requested component was not found, or was unable to be opened.  This
means that this component is either not installed or is unable to be
used on your system (e.g., sometimes this means that shared libraries
that the component requires are unable to be found/loaded).  Note that
PMIx stopped checking at the first component that it did not find.

Host:      gh019
Framework: psec
Component: munge
--------------------------------------------------------------------------

--------------------------------------------------------------------------
A requested component was not found, or was unable to be opened.  This
means that this component is either not installed or is unable to be
used on your system (e.g., sometimes this means that shared libraries
that the component requires are unable to be found/loaded).  Note that
PMIx stopped checking at the first component that it did not find.

Host:      gh019
Framework: psec
Component: munge
--------------------------------------------------------------------------

[gh019:528647] PMIX ERROR: ERROR in file ../../../../../../src/mca/gds/ds12/gds_ds12_lock_pthread.c at line 169
--------------------------------------------------------------------------
A requested component was not found, or was unable to be opened.  This
means that this component is either not installed or is unable to be
used on your system (e.g., sometimes this means that shared libraries
that the component requires are unable to be found/loaded).  Note that
PMIx stopped checking at the first component that it did not find.

Host:      gh019
Framework: psec
Component: munge
--------------------------------------------------------------------------

--------------------------------------------------------------------------
A requested component was not found, or was unable to be opened.  This
means that this component is either not installed or is unable to be
used on your system (e.g., sometimes this means that shared libraries
that the component requires are unable to be found/loaded).  Note that
PMIx stopped checking at the first component that it did not find.

Host:      gh019
Framework: psec
Component: munge
--------------------------------------------------------------------------

[gh019:528648] PMIX ERROR: ERROR in file ../../../../../../src/mca/gds/ds12/gds_ds12_lock_pthread.c at line 169
--------------------------------------------------------------------------
A requested component was not found, or was unable to be opened.  This
means that this component is either not installed or is unable to be
used on your system (e.g., sometimes this means that shared libraries
that the component requires are unable to be found/loaded).  Note that
PMIx stopped checking at the first component that it did not find.

Host:      gh050
Framework: psec
Component: munge
--------------------------------------------------------------------------

--------------------------------------------------------------------------
A requested component was not found, or was unable to be opened.  This
means that this component is either not installed or is unable to be
used on your system (e.g., sometimes this means that shared libraries
that the component requires are unable to be found/loaded).  Note that
PMIx stopped checking at the first component that it did not find.

Host:      gh050
Framework: psec
Component: munge
--------------------------------------------------------------------------

[gh050:792621] PMIX ERROR: ERROR in file ../../../../../../src/mca/gds/ds12/gds_ds12_lock_pthread.c at line 169
--------------------------------------------------------------------------
A requested component was not found, or was unable to be opened.  This
means that this component is either not installed or is unable to be
used on your system (e.g., sometimes this means that shared libraries
that the component requires are unable to be found/loaded).  Note that
PMIx stopped checking at the first component that it did not find.

Host:      gh050
Framework: psec
Component: munge
--------------------------------------------------------------------------

--------------------------------------------------------------------------
A requested component was not found, or was unable to be opened.  This
means that this component is either not installed or is unable to be
used on your system (e.g., sometimes this means that shared libraries
that the component requires are unable to be found/loaded).  Note that
PMIx stopped checking at the first component that it did not find.

Host:      gh050
Framework: psec
Component: munge
--------------------------------------------------------------------------

--------------------------------------------------------------------------
A requested component was not found, or was unable to be opened.  This
means that this component is either not installed or is unable to be
used on your system (e.g., sometimes this means that shared libraries
that the component requires are unable to be found/loaded).  Note that
PMIx stopped checking at the first component that it did not find.

Host:      gh050
Framework: psec
Component: munge
--------------------------------------------------------------------------

--------------------------------------------------------------------------
A requested component was not found, or was unable to be opened.  This
means that this component is either not installed or is unable to be
used on your system (e.g., sometimes this means that shared libraries
that the component requires are unable to be found/loaded).  Note that
PMIx stopped checking at the first component that it did not find.

Host:      gh050
Framework: psec
Component: munge
--------------------------------------------------------------------------

[gh050:792618] PMIX ERROR: ERROR in file ../../../../../../src/mca/gds/ds12/gds_ds12_lock_pthread.c at line 169
[gh050:792619] PMIX ERROR: ERROR in file ../../../../../../src/mca/gds/ds12/gds_ds12_lock_pthread.c at line 169
--------------------------------------------------------------------------
A requested component was not found, or was unable to be opened.  This
means that this component is either not installed or is unable to be
used on your system (e.g., sometimes this means that shared libraries
that the component requires are unable to be found/loaded).  Note that
PMIx stopped checking at the first component that it did not find.

Host:      gh052
Framework: psec
Component: munge
--------------------------------------------------------------------------

--------------------------------------------------------------------------
A requested component was not found, or was unable to be opened.  This
means that this component is either not installed or is unable to be
used on your system (e.g., sometimes this means that shared libraries
that the component requires are unable to be found/loaded).  Note that
PMIx stopped checking at the first component that it did not find.

Host:      gh052
Framework: psec
Component: munge
--------------------------------------------------------------------------

--------------------------------------------------------------------------
A requested component was not found, or was unable to be opened.  This
means that this component is either not installed or is unable to be
used on your system (e.g., sometimes this means that shared libraries
that the component requires are unable to be found/loaded).  Note that
PMIx stopped checking at the first component that it did not find.

Host:      gh052
Framework: psec
Component: munge
--------------------------------------------------------------------------

--------------------------------------------------------------------------
A requested component was not found, or was unable to be opened.  This
means that this component is either not installed or is unable to be
used on your system (e.g., sometimes this means that shared libraries
that the component requires are unable to be found/loaded).  Note that
PMIx stopped checking at the first component that it did not find.

Host:      gh052
Framework: psec
Component: munge
--------------------------------------------------------------------------

[gh052:791028] PMIX ERROR: ERROR in file ../../../../../../src/mca/gds/ds12/gds_ds12_lock_pthread.c at line 169
[gh052:791026] PMIX ERROR: ERROR in file ../../../../../../src/mca/gds/ds12/gds_ds12_lock_pthread.c at line 169
--------------------------------------------------------------------------
A requested component was not found, or was unable to be opened.  This
means that this component is either not installed or is unable to be
used on your system (e.g., sometimes this means that shared libraries
that the component requires are unable to be found/loaded).  Note that
PMIx stopped checking at the first component that it did not find.

Host:      gh052
Framework: psec
Component: munge
--------------------------------------------------------------------------

--------------------------------------------------------------------------
A requested component was not found, or was unable to be opened.  This
means that this component is either not installed or is unable to be
used on your system (e.g., sometimes this means that shared libraries
that the component requires are unable to be found/loaded).  Note that
PMIx stopped checking at the first component that it did not find.

Host:      gh052
Framework: psec
Component: munge
--------------------------------------------------------------------------

--------------------------------------------------------------------------
A requested component was not found, or was unable to be opened.  This
means that this component is either not installed or is unable to be
used on your system (e.g., sometimes this means that shared libraries
that the component requires are unable to be found/loaded).  Note that
PMIx stopped checking at the first component that it did not find.

Host:      gh052
Framework: psec
Component: munge
--------------------------------------------------------------------------

[gh052:791025] PMIX ERROR: ERROR in file ../../../../../../src/mca/gds/ds12/gds_ds12_lock_pthread.c at line 169
--------------------------------------------------------------------------
A requested component was not found, or was unable to be opened.  This
means that this component is either not installed or is unable to be
used on your system (e.g., sometimes this means that shared libraries
that the component requires are unable to be found/loaded).  Note that
PMIx stopped checking at the first component that it did not find.

Host:      gh052
Framework: psec
Component: munge
--------------------------------------------------------------------------

[gh052:791027] PMIX ERROR: ERROR in file ../../../../../../src/mca/gds/ds12/gds_ds12_lock_pthread.c at line 169
--------------------------------------------------------------------------
A requested component was not found, or was unable to be opened.  This
means that this component is either not installed or is unable to be
used on your system (e.g., sometimes this means that shared libraries
that the component requires are unable to be found/loaded).  Note that
PMIx stopped checking at the first component that it did not find.

Host:      gh050
Framework: psec
Component: munge
--------------------------------------------------------------------------

--------------------------------------------------------------------------
A requested component was not found, or was unable to be opened.  This
means that this component is either not installed or is unable to be
used on your system (e.g., sometimes this means that shared libraries
that the component requires are unable to be found/loaded).  Note that
PMIx stopped checking at the first component that it did not find.

Host:      gh050
Framework: psec
Component: munge
--------------------------------------------------------------------------

[gh050:792620] PMIX ERROR: ERROR in file ../../../../../../src/mca/gds/ds12/gds_ds12_lock_pthread.c at line 169
--------------------------------------------------------------------------
A requested component was not found, or was unable to be opened.  This
means that this component is either not installed or is unable to be
used on your system (e.g., sometimes this means that shared libraries
that the component requires are unable to be found/loaded).  Note that
PMIx stopped checking at the first component that it did not find.

Host:      gh051
Framework: psec
Component: munge
--------------------------------------------------------------------------

--------------------------------------------------------------------------
A requested component was not found, or was unable to be opened.  This
means that this component is either not installed or is unable to be
used on your system (e.g., sometimes this means that shared libraries
that the component requires are unable to be found/loaded).  Note that
PMIx stopped checking at the first component that it did not find.

Host:      gh051
Framework: psec
Component: munge
--------------------------------------------------------------------------

--------------------------------------------------------------------------
A requested component was not found, or was unable to be opened.  This
means that this component is either not installed or is unable to be
used on your system (e.g., sometimes this means that shared libraries
that the component requires are unable to be found/loaded).  Note that
PMIx stopped checking at the first component that it did not find.

Host:      gh051
Framework: psec
Component: munge
--------------------------------------------------------------------------

--------------------------------------------------------------------------
A requested component was not found, or was unable to be opened.  This
means that this component is either not installed or is unable to be
used on your system (e.g., sometimes this means that shared libraries
that the component requires are unable to be found/loaded).  Note that
PMIx stopped checking at the first component that it did not find.

Host:      gh051
Framework: psec
Component: munge
--------------------------------------------------------------------------

--------------------------------------------------------------------------
A requested component was not found, or was unable to be opened.  This
means that this component is either not installed or is unable to be
used on your system (e.g., sometimes this means that shared libraries
that the component requires are unable to be found/loaded).  Note that
PMIx stopped checking at the first component that it did not find.

Host:      gh051
Framework: psec
Component: munge
--------------------------------------------------------------------------

[gh051:798354] PMIX ERROR: ERROR in file ../../../../../../src/mca/gds/ds12/gds_ds12_lock_pthread.c at line 169
--------------------------------------------------------------------------
A requested component was not found, or was unable to be opened.  This
means that this component is either not installed or is unable to be
used on your system (e.g., sometimes this means that shared libraries
that the component requires are unable to be found/loaded).  Note that
PMIx stopped checking at the first component that it did not find.

Host:      gh051
Framework: psec
Component: munge
--------------------------------------------------------------------------

[gh051:798356] PMIX ERROR: ERROR in file ../../../../../../src/mca/gds/ds12/gds_ds12_lock_pthread.c at line 169
--------------------------------------------------------------------------
A requested component was not found, or was unable to be opened.  This
means that this component is either not installed or is unable to be
used on your system (e.g., sometimes this means that shared libraries
that the component requires are unable to be found/loaded).  Note that
PMIx stopped checking at the first component that it did not find.

Host:      gh051
Framework: psec
Component: munge
--------------------------------------------------------------------------

--------------------------------------------------------------------------
A requested component was not found, or was unable to be opened.  This
means that this component is either not installed or is unable to be
used on your system (e.g., sometimes this means that shared libraries
that the component requires are unable to be found/loaded).  Note that
PMIx stopped checking at the first component that it did not find.

Host:      gh051
Framework: psec
Component: munge
--------------------------------------------------------------------------

[gh051:798353] PMIX ERROR: ERROR in file ../../../../../../src/mca/gds/ds12/gds_ds12_lock_pthread.c at line 169
[gh051:798355] PMIX ERROR: ERROR in file ../../../../../../src/mca/gds/ds12/gds_ds12_lock_pthread.c at line 169
--------------------------------------------------------------------------
WARNING: The default btl_vader_single_copy_mechanism CMA is
not available due to different user namespaces.

The vader shared memory BTL will fall back on another single-copy
mechanism if one is available. This may result in lower performance.

  Local host: gh051
--------------------------------------------------------------------------
--------------------------------------------------------------------------
WARNING: The default btl_vader_single_copy_mechanism CMA is
not available due to different user namespaces.

The vader shared memory BTL will fall back on another single-copy
mechanism if one is available. This may result in lower performance.

  Local host: gh051
--------------------------------------------------------------------------
--------------------------------------------------------------------------
WARNING: The default btl_vader_single_copy_mechanism CMA is
not available due to different user namespaces.

The vader shared memory BTL will fall back on another single-copy
mechanism if one is available. This may result in lower performance.

  Local host: gh051
--------------------------------------------------------------------------
--------------------------------------------------------------------------
WARNING: The default btl_vader_single_copy_mechanism CMA is
not available due to different user namespaces.

The vader shared memory BTL will fall back on another single-copy
mechanism if one is available. This may result in lower performance.

  Local host: gh051
--------------------------------------------------------------------------
--------------------------------------------------------------------------
WARNING: The default btl_vader_single_copy_mechanism CMA is
not available due to different user namespaces.

The vader shared memory BTL will fall back on another single-copy
mechanism if one is available. This may result in lower performance.

  Local host: gh019
--------------------------------------------------------------------------
--------------------------------------------------------------------------
WARNING: The default btl_vader_single_copy_mechanism CMA is
not available due to different user namespaces.

The vader shared memory BTL will fall back on another single-copy
mechanism if one is available. This may result in lower performance.

  Local host: gh052
--------------------------------------------------------------------------
--------------------------------------------------------------------------
WARNING: The default btl_vader_single_copy_mechanism CMA is
not available due to different user namespaces.

The vader shared memory BTL will fall back on another single-copy
mechanism if one is available. This may result in lower performance.

  Local host: gh052
--------------------------------------------------------------------------
--------------------------------------------------------------------------
WARNING: The default btl_vader_single_copy_mechanism CMA is
not available due to different user namespaces.

The vader shared memory BTL will fall back on another single-copy
mechanism if one is available. This may result in lower performance.

  Local host: gh050
--------------------------------------------------------------------------
--------------------------------------------------------------------------
WARNING: The default btl_vader_single_copy_mechanism CMA is
not available due to different user namespaces.

The vader shared memory BTL will fall back on another single-copy
mechanism if one is available. This may result in lower performance.

  Local host: gh052
--------------------------------------------------------------------------
--------------------------------------------------------------------------
WARNING: The default btl_vader_single_copy_mechanism CMA is
not available due to different user namespaces.

The vader shared memory BTL will fall back on another single-copy
mechanism if one is available. This may result in lower performance.

  Local host: gh019
--------------------------------------------------------------------------
--------------------------------------------------------------------------
WARNING: The default btl_vader_single_copy_mechanism CMA is
not available due to different user namespaces.

The vader shared memory BTL will fall back on another single-copy
mechanism if one is available. This may result in lower performance.

  Local host: gh052
--------------------------------------------------------------------------
--------------------------------------------------------------------------
WARNING: The default btl_vader_single_copy_mechanism CMA is
not available due to different user namespaces.

The vader shared memory BTL will fall back on another single-copy
mechanism if one is available. This may result in lower performance.

  Local host: gh019
--------------------------------------------------------------------------
--------------------------------------------------------------------------
WARNING: The default btl_vader_single_copy_mechanism CMA is
not available due to different user namespaces.

The vader shared memory BTL will fall back on another single-copy
mechanism if one is available. This may result in lower performance.

  Local host: gh050
--------------------------------------------------------------------------
--------------------------------------------------------------------------
WARNING: The default btl_vader_single_copy_mechanism CMA is
not available due to different user namespaces.

The vader shared memory BTL will fall back on another single-copy
mechanism if one is available. This may result in lower performance.

  Local host: gh050
--------------------------------------------------------------------------
--------------------------------------------------------------------------
WARNING: The default btl_vader_single_copy_mechanism CMA is
not available due to different user namespaces.

The vader shared memory BTL will fall back on another single-copy
mechanism if one is available. This may result in lower performance.

  Local host: gh050
--------------------------------------------------------------------------
--------------------------------------------------------------------------
WARNING: The default btl_vader_single_copy_mechanism CMA is
not available due to different user namespaces.

The vader shared memory BTL will fall back on another single-copy
mechanism if one is available. This may result in lower performance.

  Local host: gh019
--------------------------------------------------------------------------
NOTE from PE    0: MPP_DOMAINS_SET_STACK_SIZE: stack size set to    32768.
&MPP_IO_NML
 HEADER_BUFFER_VAL=16384      ,
 GLOBAL_FIELD_ON_ROOT_PE=T,
 IO_CLOCKS_ON=F,
 SHUFFLE=0          ,
 DEFLATE_LEVEL=-1         ,
 /
NOTE from PE    0: MPP_IO_SET_STACK_SIZE: stack size set to     131072.
NOTE from PE    0: MPP_DOMAINS_SET_STACK_SIZE: stack size set to   600000.
  starting            1  OpenMP threads per MPI-task
ATMOS MODEL DOMAIN DECOMPOSITION
  X-AXIS =  256
  Y-AXIS =    8   8   8   8   8   8   8   8   8   8   8   8   8   8   8   8
mean surface pressure=1000.0000 mb
PROFILE_FV_GPU_MAPPING rank=10 local_rank=2 device=0 visible_gpus=1 hostname=gh051 name="NVIDIA GH200 480GB" pci_bus_id=0009:01:00.0 policy=local_rank strict_unique=0 cuda_visible_devices=0
PROFILE_FV_GPU_MEMORY rank=10 device=0 free_before=99575660544 total=102005473280
PROFILE_FV_GPU_MAPPING rank=8 local_rank=0 device=0 visible_gpus=1 hostname=gh051 name="NVIDIA GH200 480GB" pci_bus_id=0009:01:00.0 policy=local_rank strict_unique=0 cuda_visible_devices=0
PROFILE_FV_GPU_MEMORY rank=8 device=0 free_before=99573563392 total=102005473280
PROFILE_FV_GPU_MAPPING rank=11 local_rank=3 device=0 visible_gpus=1 hostname=gh051 name="NVIDIA GH200 480GB" pci_bus_id=0009:01:00.0 policy=local_rank strict_unique=0 cuda_visible_devices=0
PROFILE_FV_GPU_MEMORY rank=11 device=0 free_before=99573563392 total=102005473280
PROFILE_FV_GPU_MAPPING rank=12 local_rank=0 device=0 visible_gpus=1 hostname=gh052 name="NVIDIA GH200 480GB" pci_bus_id=0009:01:00.0 policy=local_rank strict_unique=0 cuda_visible_devices=0
PROFILE_FV_GPU_MEMORY rank=12 device=0 free_before=99103670272 total=102005473280
PROFILE_FV_GPU_MAPPING rank=9 local_rank=1 device=0 visible_gpus=1 hostname=gh051 name="NVIDIA GH200 480GB" pci_bus_id=0009:01:00.0 policy=local_rank strict_unique=0 cuda_visible_devices=0
PROFILE_FV_GPU_MEMORY rank=9 device=0 free_before=99561897984 total=102005473280
PROFILE_FV_GPU_MAPPING rank=14 local_rank=2 device=0 visible_gpus=1 hostname=gh052 name="NVIDIA GH200 480GB" pci_bus_id=0009:01:00.0 policy=local_rank strict_unique=0 cuda_visible_devices=0
PROFILE_FV_GPU_MEMORY rank=14 device=0 free_before=99099082752 total=102005473280
PROFILE_FV_GPU_MAPPING rank=13 local_rank=1 device=0 visible_gpus=1 hostname=gh052 name="NVIDIA GH200 480GB" pci_bus_id=0009:01:00.0 policy=local_rank strict_unique=0 cuda_visible_devices=0
PROFILE_FV_GPU_MEMORY rank=13 device=0 free_before=99096985600 total=102005473280
PROFILE_FV_GPU_MAPPING rank=6 local_rank=2 device=0 visible_gpus=1 hostname=gh050 name="NVIDIA GH200 480GB" pci_bus_id=0009:01:00.0 policy=local_rank strict_unique=0 cuda_visible_devices=0
PROFILE_FV_GPU_MEMORY rank=6 device=0 free_before=99438624768 total=102005473280
PROFILE_FV_GPU_MAPPING rank=5 local_rank=1 device=0 visible_gpus=1 hostname=gh050 name="NVIDIA GH200 480GB" pci_bus_id=0009:01:00.0 policy=local_rank strict_unique=0 cuda_visible_devices=0
PROFILE_FV_GPU_MEMORY rank=5 device=0 free_before=99434037248 total=102005473280
PROFILE_FV_GPU_MAPPING rank=15 local_rank=3 device=0 visible_gpus=1 hostname=gh052 name="NVIDIA GH200 480GB" pci_bus_id=0009:01:00.0 policy=local_rank strict_unique=0 cuda_visible_devices=0
PROFILE_FV_GPU_MEMORY rank=15 device=0 free_before=99085713408 total=102005473280
PROFILE_FV_GPU_MAPPING rank=7 local_rank=3 device=0 visible_gpus=1 hostname=gh050 name="NVIDIA GH200 480GB" pci_bus_id=0009:01:00.0 policy=local_rank strict_unique=0 cuda_visible_devices=0
PROFILE_FV_GPU_MEMORY rank=7 device=0 free_before=99429449728 total=102005473280
PROFILE_FV_GPU_MAPPING rank=4 local_rank=0 device=0 visible_gpus=1 hostname=gh050 name="NVIDIA GH200 480GB" pci_bus_id=0009:01:00.0 policy=local_rank strict_unique=0 cuda_visible_devices=0
PROFILE_FV_GPU_MEMORY rank=4 device=0 free_before=99427352576 total=102005473280
PROFILE_FV_GPU_MAPPING rank=0 local_rank=0 device=0 visible_gpus=1 hostname=gh019 name="NVIDIA GH200 480GB" pci_bus_id=0009:01:00.0 policy=local_rank strict_unique=0 cuda_visible_devices=0
PROFILE_FV_GPU_MEMORY rank=0 device=0 free_before=99435544576 total=102005473280
PROFILE_FV_GPU_MAPPING rank=3 local_rank=3 device=0 visible_gpus=1 hostname=gh019 name="NVIDIA GH200 480GB" pci_bus_id=0009:01:00.0 policy=local_rank strict_unique=0 cuda_visible_devices=0
PROFILE_FV_GPU_MEMORY rank=3 device=0 free_before=99431350272 total=102005473280
PROFILE_FV_GPU_MAPPING rank=2 local_rank=2 device=0 visible_gpus=1 hostname=gh019 name="NVIDIA GH200 480GB" pci_bus_id=0009:01:00.0 policy=local_rank strict_unique=0 cuda_visible_devices=0
PROFILE_FV_GPU_MEMORY rank=2 device=0 free_before=99426566144 total=102005473280
PROFILE_FV_GPU_MAPPING rank=1 local_rank=1 device=0 visible_gpus=1 hostname=gh019 name="NVIDIA GH200 480GB" pci_bus_id=0009:01:00.0 policy=local_rank strict_unique=0 cuda_visible_devices=0
PROFILE_FV_GPU_MEMORY rank=1 device=0 free_before=99419684864 total=102005473280
 Integration completed through 2000 Jan  2   0: 0: 0
 Integration completed through 2000 Jan  3   0: 0: 0
 Integration completed through 2000 Jan  4   0: 0: 0
 Integration completed through 2000 Jan  5   0: 0: 0
 Integration completed through 2000 Jan  6   0: 0: 0
 Integration completed through 2000 Jan  7   0: 0: 0
 Integration completed through 2000 Jan  8   0: 0: 0
 Integration completed through 2000 Jan  9   0: 0: 0
 Integration completed through 2000 Jan 10   0: 0: 0
 Integration completed through 2000 Jan 11   0: 0: 0
 Integration completed through 2000 Jan 12   0: 0: 0
 Integration completed through 2000 Jan 13   0: 0: 0
 Integration completed through 2000 Jan 14   0: 0: 0
 Integration completed through 2000 Jan 15   0: 0: 0
 Integration completed through 2000 Jan 16   0: 0: 0
 Integration completed through 2000 Jan 17   0: 0: 0
 Integration completed through 2000 Jan 18   0: 0: 0
 Integration completed through 2000 Jan 19   0: 0: 0
 Integration completed through 2000 Jan 20   0: 0: 0
 Integration completed through 2000 Jan 21   0: 0: 0
 Integration completed through 2000 Jan 22   0: 0: 0
 Integration completed through 2000 Jan 23   0: 0: 0
 Integration completed through 2000 Jan 24   0: 0: 0
 Integration completed through 2000 Jan 25   0: 0: 0
 Integration completed through 2000 Jan 26   0: 0: 0
 Integration completed through 2000 Jan 27   0: 0: 0
 Integration completed through 2000 Jan 28   0: 0: 0
 Integration completed through 2000 Jan 29   0: 0: 0
 Integration completed through 2000 Jan 30   0: 0: 0
 Integration completed through 2000 Feb  1   0: 0: 0
 Integration completed through 2000 Feb  2   0: 0: 0
 Integration completed through 2000 Feb  3   0: 0: 0
 Integration completed through 2000 Feb  4   0: 0: 0
 Integration completed through 2000 Feb  5   0: 0: 0
 Integration completed through 2000 Feb  6   0: 0: 0
 Integration completed through 2000 Feb  7   0: 0: 0
 Integration completed through 2000 Feb  8   0: 0: 0
 Integration completed through 2000 Feb  9   0: 0: 0
 Integration completed through 2000 Feb 10   0: 0: 0
 Integration completed through 2000 Feb 11   0: 0: 0
 Integration completed through 2000 Feb 12   0: 0: 0
 Integration completed through 2000 Feb 13   0: 0: 0
 Integration completed through 2000 Feb 14   0: 0: 0
 Integration completed through 2000 Feb 15   0: 0: 0
 Integration completed through 2000 Feb 16   0: 0: 0
 Integration completed through 2000 Feb 17   0: 0: 0
 Integration completed through 2000 Feb 18   0: 0: 0
 Integration completed through 2000 Feb 19   0: 0: 0
 Integration completed through 2000 Feb 20   0: 0: 0
 Integration completed through 2000 Feb 21   0: 0: 0
 Integration completed through 2000 Feb 22   0: 0: 0
 Integration completed through 2000 Feb 23   0: 0: 0
 Integration completed through 2000 Feb 24   0: 0: 0
 Integration completed through 2000 Feb 25   0: 0: 0
 Integration completed through 2000 Feb 26   0: 0: 0
 Integration completed through 2000 Feb 27   0: 0: 0
 Integration completed through 2000 Feb 28   0: 0: 0
 Integration completed through 2000 Feb 29   0: 0: 0
 Integration completed through 2000 Feb 30   0: 0: 0
 Integration completed through 2000 Mar  1   0: 0: 0
 Integration completed through 2000 Mar  2   0: 0: 0
 Integration completed through 2000 Mar  3   0: 0: 0
 Integration completed through 2000 Mar  4   0: 0: 0
 Integration completed through 2000 Mar  5   0: 0: 0
 Integration completed through 2000 Mar  6   0: 0: 0
 Integration completed through 2000 Mar  7   0: 0: 0
 Integration completed through 2000 Mar  8   0: 0: 0
 Integration completed through 2000 Mar  9   0: 0: 0
 Integration completed through 2000 Mar 10   0: 0: 0
 Integration completed through 2000 Mar 11   0: 0: 0
 Integration completed through 2000 Mar 12   0: 0: 0
 Integration completed through 2000 Mar 13   0: 0: 0
 Integration completed through 2000 Mar 14   0: 0: 0
 Integration completed through 2000 Mar 15   0: 0: 0
 Integration completed through 2000 Mar 16   0: 0: 0
 Integration completed through 2000 Mar 17   0: 0: 0
 Integration completed through 2000 Mar 18   0: 0: 0
 Integration completed through 2000 Mar 19   0: 0: 0
 Integration completed through 2000 Mar 20   0: 0: 0
 Integration completed through 2000 Mar 21   0: 0: 0
 Integration completed through 2000 Mar 22   0: 0: 0
 Integration completed through 2000 Mar 23   0: 0: 0
 Integration completed through 2000 Mar 24   0: 0: 0
 Integration completed through 2000 Mar 25   0: 0: 0
 Integration completed through 2000 Mar 26   0: 0: 0
 Integration completed through 2000 Mar 27   0: 0: 0
 Integration completed through 2000 Mar 28   0: 0: 0
 Integration completed through 2000 Mar 29   0: 0: 0
 Integration completed through 2000 Mar 30   0: 0: 0
 Integration completed through 2000 Apr  1   0: 0: 0
 Integration completed through 2000 Apr  2   0: 0: 0
 Integration completed through 2000 Apr  3   0: 0: 0
 Integration completed through 2000 Apr  4   0: 0: 0
 Integration completed through 2000 Apr  5   0: 0: 0
 Integration completed through 2000 Apr  6   0: 0: 0
 Integration completed through 2000 Apr  7   0: 0: 0
 Integration completed through 2000 Apr  8   0: 0: 0
 Integration completed through 2000 Apr  9   0: 0: 0
 Integration completed through 2000 Apr 10   0: 0: 0
 Integration completed through 2000 Apr 11   0: 0: 0
 Integration completed through 2000 Apr 12   0: 0: 0
 Integration completed through 2000 Apr 13   0: 0: 0
 Integration completed through 2000 Apr 14   0: 0: 0
 Integration completed through 2000 Apr 15   0: 0: 0
 Integration completed through 2000 Apr 16   0: 0: 0
 Integration completed through 2000 Apr 17   0: 0: 0
 Integration completed through 2000 Apr 18   0: 0: 0
 Integration completed through 2000 Apr 19   0: 0: 0
 Integration completed through 2000 Apr 20   0: 0: 0
 Integration completed through 2000 Apr 21   0: 0: 0
 Integration completed through 2000 Apr 22   0: 0: 0
 Integration completed through 2000 Apr 23   0: 0: 0
 Integration completed through 2000 Apr 24   0: 0: 0
 Integration completed through 2000 Apr 25   0: 0: 0
 Integration completed through 2000 Apr 26   0: 0: 0
 Integration completed through 2000 Apr 27   0: 0: 0
 Integration completed through 2000 Apr 28   0: 0: 0
 Integration completed through 2000 Apr 29   0: 0: 0
 Integration completed through 2000 Apr 30   0: 0: 0
 Integration completed through 2000 May  1   0: 0: 0
NOTE from PE    0: MPP_IO_SET_STACK_SIZE: stack size set to     819200.
 MPP_DOMAINS_STACK high water mark=      102400

Tabulating mpp_clock statistics across     16 PEs...

                                          tmin          tmax          tavg          tstd  tfrac grain pemin pemax
Total runtime                      1146.067568   1146.067762   1146.067662      0.000053  1.000     0     0    15
 MPP_STACK high water mark=           0
PROFILE_FV_ADVECTION_KERNEL backend=cuda_resident rank=unknown name=resident_advection_begin calls=34560 time=11.850822932 avg=3.429057561e-04
PROFILE_FV_ADVECTION_KERNEL backend=cuda_resident rank=unknown name=resident_advection_finish calls=34560 time=10.440095868 avg=3.020861073e-04
PROFILE_FV_ADVECTION_CUDA backend=cuda_resident rank=unknown calls=69120 allocation=0.000343232 h2d=4.074058886 kernel=16.135003489 sync=15.622479982 d2h=0.801204720 free=0.000000000 total=22.246174622
PROFILE_FV_ADVECTION_KERNEL backend=cuda_resident rank=unknown name=resident_advection_begin calls=34560 time=11.022370524 avg=3.189343323e-04
PROFILE_FV_ADVECTION_KERNEL backend=cuda_resident rank=unknown name=resident_advection_finish calls=34560 time=9.210635285 avg=2.665114376e-04
PROFILE_FV_ADVECTION_CUDA backend=cuda_resident rank=unknown calls=69120 allocation=0.000319905 h2d=4.086158261 kernel=14.088436027 sync=13.565000988 d2h=0.792147515 free=0.000000000 total=20.182467937
PROFILE_FV_ADVECTION_KERNEL backend=cuda_resident rank=unknown name=resident_advection_begin calls=34560 time=11.606607692 avg=3.358393429e-04
PROFILE_FV_ADVECTION_KERNEL backend=cuda_resident rank=unknown name=resident_advection_finish calls=34560 time=12.094415244 avg=3.499541448e-04
PROFILE_FV_ADVECTION_CUDA backend=cuda_resident rank=unknown calls=69120 allocation=0.000716418 h2d=4.262279293 kernel=17.344424416 sync=16.768786997 d2h=0.801655631 free=0.000000000 total=23.661850379
PROFILE_FV_ADVECTION_KERNEL backend=cuda_resident rank=unknown name=resident_advection_begin calls=34560 time=11.394290422 avg=3.296959034e-04
PROFILE_FV_ADVECTION_KERNEL backend=cuda_resident rank=unknown name=resident_advection_finish calls=34560 time=11.391585414 avg=3.296176335e-04
PROFILE_FV_ADVECTION_CUDA backend=cuda_resident rank=unknown calls=69120 allocation=0.000296992 h2d=4.203188021 kernel=16.450891810 sync=15.883398726 d2h=0.823635198 free=0.000000000 total=22.735712879
PROFILE_FV_ADVECTION_KERNEL backend=cuda_resident rank=unknown name=resident_advection_begin calls=34560 time=13.779768192 avg=3.987201444e-04
PROFILE_FV_ADVECTION_KERNEL backend=cuda_resident rank=unknown name=resident_advection_finish calls=34560 time=10.956031243 avg=3.170147929e-04
PROFILE_FV_ADVECTION_CUDA backend=cuda_resident rank=unknown calls=69120 allocation=0.000331809 h2d=4.246994748 kernel=18.405145662 sync=17.881446540 d2h=0.787639148 free=0.000000000 total=24.700332441
PROFILE_FV_ADVECTION_KERNEL backend=cuda_resident rank=unknown name=resident_advection_begin calls=34560 time=11.594839375 avg=3.354988245e-04
PROFILE_FV_ADVECTION_KERNEL backend=cuda_resident rank=unknown name=resident_advection_finish calls=34560 time=10.708820098 avg=3.098616927e-04
PROFILE_FV_ADVECTION_CUDA backend=cuda_resident rank=unknown calls=69120 allocation=0.000684003 h2d=4.325097875 kernel=15.891445571 sync=15.319569287 d2h=0.784822774 free=0.000000000 total=22.266488225
PROFILE_FV_ADVECTION_KERNEL backend=cuda_resident rank=unknown name=resident_advection_begin calls=34560 time=9.450503237 avg=2.734520613e-04
PROFILE_FV_ADVECTION_KERNEL backend=cuda_resident rank=unknown name=resident_advection_finish calls=34560 time=8.498617114 avg=2.459090600e-04
PROFILE_FV_ADVECTION_CUDA backend=cuda_resident rank=unknown calls=69120 allocation=0.000271297 h2d=4.311667369 kernel=11.484623618 sync=10.859737106 d2h=0.848037340 free=0.000000000 total=17.911756778
PROFILE_FV_ADVECTION_KERNEL backend=cuda_resident rank=unknown name=resident_advection_begin calls=34560 time=11.615122397 avg=3.360857175e-04
PROFILE_FV_ADVECTION_KERNEL backend=cuda_resident rank=unknown name=resident_advection_finish calls=34560 time=9.988211714 avg=2.890107556e-04
PROFILE_FV_ADVECTION_CUDA backend=cuda_resident rank=unknown calls=69120 allocation=0.000307488 h2d=4.209070871 kernel=15.109830274 sync=14.737378574 d2h=0.808766377 free=0.000000000 total=21.562451364
PROFILE_FV_ADVECTION_KERNEL backend=cuda_resident rank=unknown name=resident_advection_begin calls=34560 time=12.826802023 avg=3.711458919e-04
PROFILE_FV_ADVECTION_KERNEL backend=cuda_resident rank=unknown name=resident_advection_finish calls=34560 time=11.489965770 avg=3.324642873e-04
PROFILE_FV_ADVECTION_CUDA backend=cuda_resident rank=unknown calls=69120 allocation=0.000358336 h2d=4.167215507 kernel=18.112241153 sync=17.531034701 d2h=0.790253092 free=0.000000000 total=24.277393528
PROFILE_FV_ADVECTION_KERNEL backend=cuda_resident rank=unknown name=resident_advection_begin calls=34560 time=9.620347649 avg=2.783665408e-04
PROFILE_FV_ADVECTION_KERNEL backend=cuda_resident rank=unknown name=resident_advection_finish calls=34560 time=8.935532748 avg=2.585512948e-04
PROFILE_FV_ADVECTION_CUDA backend=cuda_resident rank=unknown calls=69120 allocation=0.000299424 h2d=4.097793549 kernel=12.354140801 sync=11.757517318 d2h=0.834575981 free=0.000000000 total=18.514153567
PROFILE_FV_ADVECTION_KERNEL backend=cuda_resident rank=unknown name=resident_advection_begin calls=34560 time=11.644948676 avg=3.369487464e-04
PROFILE_FV_ADVECTION_KERNEL backend=cuda_resident rank=unknown name=resident_advection_finish calls=34560 time=8.748881525 avg=2.531505071e-04
PROFILE_FV_ADVECTION_CUDA backend=cuda_resident rank=unknown calls=69120 allocation=0.001234495 h2d=4.069100313 kernel=14.223846176 sync=13.697384060 d2h=0.812708574 free=0.000000000 total=20.352960272
PROFILE_FV_ADVECTION_KERNEL backend=cuda_resident rank=unknown name=resident_advection_begin calls=34560 time=12.498725966 avg=3.616529504e-04
PROFILE_FV_ADVECTION_KERNEL backend=cuda_resident rank=unknown name=resident_advection_finish calls=34560 time=10.866146843 avg=3.144139712e-04
PROFILE_FV_ADVECTION_CUDA backend=cuda_resident rank=unknown calls=69120 allocation=0.000405632 h2d=4.193501136 kernel=17.118239360 sync=16.584364426 d2h=0.792012950 free=0.000000000 total=23.325779633
PROFILE_FV_ADVECTION_KERNEL backend=cuda_resident rank=unknown name=resident_advection_begin calls=34560 time=10.481051451 avg=3.032711647e-04
PROFILE_FV_ADVECTION_KERNEL backend=cuda_resident rank=unknown name=resident_advection_finish calls=34560 time=10.647023896 avg=3.080736081e-04
PROFILE_FV_ADVECTION_CUDA backend=cuda_resident rank=unknown calls=69120 allocation=0.000375808 h2d=4.078361248 kernel=14.957236673 sync=14.414746170 d2h=0.797007987 free=0.000000000 total=21.086512480
PROFILE_FV_ADVECTION_KERNEL backend=cuda_resident rank=unknown name=resident_advection_begin calls=34560 time=11.240791043 avg=3.252543705e-04
PROFILE_FV_ADVECTION_KERNEL backend=cuda_resident rank=unknown name=resident_advection_finish calls=34560 time=11.237006460 avg=3.251448628e-04
PROFILE_FV_ADVECTION_CUDA backend=cuda_resident rank=unknown calls=69120 allocation=0.000320320 h2d=4.283313175 kernel=15.885699619 sync=15.441419592 d2h=0.806006324 free=0.000000000 total=22.436412010
PROFILE_FV_ADVECTION_KERNEL backend=cuda_resident rank=unknown name=resident_advection_begin calls=34560 time=10.547802035 avg=3.052026052e-04
PROFILE_FV_ADVECTION_KERNEL backend=cuda_resident rank=unknown name=resident_advection_finish calls=34560 time=11.231188150 avg=3.249765090e-04
PROFILE_FV_ADVECTION_KERNEL backend=cuda_resident rank=unknown name=resident_advection_begin calls=34560 time=11.540223845 avg=3.339185140e-04
PROFILE_FV_ADVECTION_KERNEL backend=cuda_resident rank=unknown name=resident_advection_finish calls=34560 time=8.894458381 avg=2.573628004e-04
PROFILE_FV_ADVECTION_CUDA backend=cuda_resident rank=unknown calls=69120 allocation=0.000435808 h2d=4.197326741 kernel=15.423780319 sync=14.826147319 d2h=0.830181702 free=0.000000000 total=21.738328210
PROFILE_FV_ADVECTION_CUDA backend=cuda_resident rank=unknown calls=69120 allocation=0.000416992 h2d=4.200610305 kernel=14.174463407 sync=13.624672819 d2h=0.790150656 free=0.000000000 total=20.397977382
end_timestamp=2026-07-24T17:54:34-04:00
output=/explore/nobackup/people/jli30/SystemTesting/Isca/isca_data/held_suarez_fv_cuda_a_grid_4gpu_T85L25_120day/run0001/atmos_monthly.nc
log=/explore/nobackup/people/jli30/workspace/GFDL_atmos_cubed_sphere/logs/matrix_T85L25_fv_cuda_a_grid_4gpu_120day.log
