=== Held-Suarez FV matrix sweep ===
ACTION=run
CONFIGS=fv_cuda_a_grid_16gpu
RESOLUTIONS=T42
DAYS_LIST=30
CONTAINER=/lscratch/jli30/isca-sandbox
DRY_RUN=0
============================================================
config=fv_cuda_a_grid_16gpu res=T42 days=30 dt=600 action=run
============================================================
=== Run Held-Suarez matrix case ===
start_timestamp=2026-07-24T21:13:12-04:00
config=fv_cuda_a_grid_16gpu
resolution=T42
levels=25
days=30
num_ranks=16
ntasks_per_node=1
container=/lscratch/jli30/isca-sandbox
GFDL_BASE=/explore/nobackup/people/jli30/workspace/GFDL_atmos_cubed_sphere
GFDL_WORK=/explore/nobackup/people/jli30/SystemTesting/Isca/isca_work
GFDL_DATA=/explore/nobackup/people/jli30/SystemTesting/Isca/isca_data
experiment=held_suarez_fv_cuda_a_grid_16gpu_T42L25_30day
run_dir=/explore/nobackup/people/jli30/SystemTesting/Isca/isca_work/experiment/held_suarez_fv_cuda_a_grid_16gpu_T42L25_30day/run
executable=/explore/nobackup/people/jli30/SystemTesting/Isca/isca_work/experiment/held_suarez_fv_cuda_a_grid_16gpu_T42L25_30day/run/held_suarez_fv_kernels_cuda.x
log=/explore/nobackup/people/jli30/workspace/GFDL_atmos_cubed_sphere/logs/matrix_T42L25_fv_cuda_a_grid_16gpu_30day.log
INFO:    Environment variable SINGULARITY_TMPDIR is set, but APPTAINER_TMPDIR is preferred
Loading hybrid ubuntu-conda environment
INFO:    Environment variable SINGULARITY_TMPDIR is set, but APPTAINER_TMPDIR is preferred
Loading basic ubuntu-conda environment
INFO:    Environment variable SINGULARITY_TMPDIR is set, but APPTAINER_TMPDIR is preferred
hostname=gh011
INFO:    Environment variable SINGULARITY_TMPDIR is set, but APPTAINER_TMPDIR is preferred
CUDA_VISIBLE_DEVICES=0
INFO:    Environment variable SINGULARITY_TMPDIR is set, but APPTAINER_TMPDIR is preferred
GPU 0: NVIDIA GH200 480GB (UUID: GPU-8416ad47-ad49-2a63-e1b1-d3de29fce302)
srun: error: gh031: task 3: Exited with exit code 255
srun: error: gh011: task 0: Exited with exit code 1
[gh011:1011616] OPAL ERROR: Unreachable in file ext3x_client.c at line 112
INFO:    Environment variable SINGULARITY_TMPDIR is set, but APPTAINER_TMPDIR is preferred
INFO:    Environment variable SINGULARITY_TMPDIR is set, but APPTAINER_TMPDIR is preferred
INFO:    Environment variable SINGULARITY_TMPDIR is set, but APPTAINER_TMPDIR is preferred
INFO:    Environment variable SINGULARITY_TMPDIR is set, but APPTAINER_TMPDIR is preferred
INFO:    Environment variable SINGULARITY_TMPDIR is set, but APPTAINER_TMPDIR is preferred
INFO:    Environment variable SINGULARITY_TMPDIR is set, but APPTAINER_TMPDIR is preferred
INFO:    Environment variable SINGULARITY_TMPDIR is set, but APPTAINER_TMPDIR is preferred
INFO:    Environment variable SINGULARITY_TMPDIR is set, but APPTAINER_TMPDIR is preferred
INFO:    Environment variable SINGULARITY_TMPDIR is set, but APPTAINER_TMPDIR is preferred
INFO:    Environment variable SINGULARITY_TMPDIR is set, but APPTAINER_TMPDIR is preferred
--------------------------------------------------------------------------
The application appears to have been direct launched using "srun",
but OMPI was not built with SLURM's PMI support and therefore cannot
execute. There are several options for building PMI support under
SLURM, depending upon the SLURM version you are using:

  version 16.05 or later: you can use SLURM's PMIx support. This
  requires that you configure and build SLURM --with-pmix.

  Versions earlier than 16.05: you must use either SLURM's PMI-1 or
  PMI-2 support. SLURM builds PMI-1 by default, or you can manually
  install PMI-2. You must then build Open MPI using --with-pmi pointing
  to the SLURM PMI library location.

Please configure as appropriate and try again.
--------------------------------------------------------------------------
FATAL:   While checking container encryption: could not open image /lscratch/jli30/isca-sandbox: failed to retrieve path for /lscratch/jli30/isca-sandbox: lstat /lscratch/jli30/isca-sandbox: no such file or directory
*** An error occurred in MPI_Init
*** on a NULL communicator
*** MPI_ERRORS_ARE_FATAL (processes in this communicator will now abort,
***    and potentially your MPI job)
[gh011:1011616] Local abort before MPI_INIT completed completed successfully, but am not able to aggregate error messages, and not able to guarantee that all other processes were killed!
INFO:    Environment variable SINGULARITY_TMPDIR is set, but APPTAINER_TMPDIR is preferred
FATAL:   While checking container encryption: could not open image /lscratch/jli30/isca-sandbox: failed to retrieve path for /lscratch/jli30/isca-sandbox: lstat /lscratch/jli30/isca-sandbox: no such file or directory
srun: error: gh035: task 7: Exited with exit code 255
Loading hybrid ubuntu-conda environment
Loading basic ubuntu-conda environment
hostname=gh030
CUDA_VISIBLE_DEVICES=0
Loading hybrid ubuntu-conda environment
Loading basic ubuntu-conda environment
hostname=gh012
CUDA_VISIBLE_DEVICES=0
Loading hybrid ubuntu-conda environment
Loading basic ubuntu-conda environment
hostname=gh036
CUDA_VISIBLE_DEVICES=0
Loading hybrid ubuntu-conda environment
Loading basic ubuntu-conda environment
hostname=gh033
CUDA_VISIBLE_DEVICES=0
GPU 0: NVIDIA GH200 480GB (UUID: GPU-1f3b54f8-183d-039e-c2dd-b702647b9939)
Loading hybrid ubuntu-conda environment
Loading basic ubuntu-conda environment
GPU 0: NVIDIA GH200 480GB (UUID: GPU-0ccd678d-b6de-62db-248a-7172ba48f25a)
hostname=gh041
CUDA_VISIBLE_DEVICES=0
GPU 0: NVIDIA GH200 480GB (UUID: GPU-ece68b11-6361-d842-563a-36ecbb8a6588)
GPU 0: NVIDIA GH200 480GB (UUID: GPU-ca9d5339-faf1-d402-5e03-80005e962d09)
Loading hybrid ubuntu-conda environment
Loading basic ubuntu-conda environment
hostname=gh039
CUDA_VISIBLE_DEVICES=0
Loading hybrid ubuntu-conda environment
Loading basic ubuntu-conda environment
GPU 0: NVIDIA GH200 480GB (UUID: GPU-f7925747-6465-e06d-101f-f03a46c0483a)
hostname=gh032
CUDA_VISIBLE_DEVICES=0
Loading hybrid ubuntu-conda environment
Loading basic ubuntu-conda environment
hostname=gh038
CUDA_VISIBLE_DEVICES=0
Loading hybrid ubuntu-conda environment
Loading basic ubuntu-conda environment
hostname=gh034
CUDA_VISIBLE_DEVICES=0
Loading hybrid ubuntu-conda environment
Loading basic ubuntu-conda environment
hostname=gh040
CUDA_VISIBLE_DEVICES=0
[gh030:1463936] OPAL ERROR: Unreachable in file ext3x_client.c at line 112
--------------------------------------------------------------------------
The application appears to have been direct launched using "srun",
but OMPI was not built with SLURM's PMI support and therefore cannot
execute. There are several options for building PMI support under
SLURM, depending upon the SLURM version you are using:

  version 16.05 or later: you can use SLURM's PMIx support. This
  requires that you configure and build SLURM --with-pmix.

  Versions earlier than 16.05: you must use either SLURM's PMI-1 or
  PMI-2 support. SLURM builds PMI-1 by default, or you can manually
  install PMI-2. You must then build Open MPI using --with-pmi pointing
  to the SLURM PMI library location.

Please configure as appropriate and try again.
--------------------------------------------------------------------------
*** An error occurred in MPI_Init
*** on a NULL communicator
*** MPI_ERRORS_ARE_FATAL (processes in this communicator will now abort,
***    and potentially your MPI job)
[gh030:1463936] Local abort before MPI_INIT completed completed successfully, but am not able to aggregate error messages, and not able to guarantee that all other processes were killed!
Loading hybrid ubuntu-conda environment
Loading basic ubuntu-conda environment
[gh012:2014127] OPAL ERROR: Unreachable in file ext3x_client.c at line 112
--------------------------------------------------------------------------
The application appears to have been direct launched using "srun",
but OMPI was not built with SLURM's PMI support and therefore cannot
execute. There are several options for building PMI support under
SLURM, depending upon the SLURM version you are using:

  version 16.05 or later: you can use SLURM's PMIx support. This
  requires that you configure and build SLURM --with-pmix.

  Versions earlier than 16.05: you must use either SLURM's PMI-1 or
  PMI-2 support. SLURM builds PMI-1 by default, or you can manually
  install PMI-2. You must then build Open MPI using --with-pmi pointing
  to the SLURM PMI library location.

Please configure as appropriate and try again.
--------------------------------------------------------------------------
*** An error occurred in MPI_Init
*** on a NULL communicator
*** MPI_ERRORS_ARE_FATAL (processes in this communicator will now abort,
***    and potentially your MPI job)
[gh012:2014127] Local abort before MPI_INIT completed completed successfully, but am not able to aggregate error messages, and not able to guarantee that all other processes were killed!
hostname=gh037
CUDA_VISIBLE_DEVICES=0
GPU 0: NVIDIA GH200 480GB (UUID: GPU-371cfe63-dd3f-3445-8de9-77afa1e6b7e5)
srun: error: gh030: task 2: Exited with exit code 1
[gh036:2447608] OPAL ERROR: Unreachable in file ext3x_client.c at line 112
--------------------------------------------------------------------------
The application appears to have been direct launched using "srun",
but OMPI was not built with SLURM's PMI support and therefore cannot
execute. There are several options for building PMI support under
SLURM, depending upon the SLURM version you are using:

  version 16.05 or later: you can use SLURM's PMIx support. This
  requires that you configure and build SLURM --with-pmix.

  Versions earlier than 16.05: you must use either SLURM's PMI-1 or
  PMI-2 support. SLURM builds PMI-1 by default, or you can manually
  install PMI-2. You must then build Open MPI using --with-pmi pointing
  to the SLURM PMI library location.

Please configure as appropriate and try again.
--------------------------------------------------------------------------
*** An error occurred in MPI_Init
*** on a NULL communicator
*** MPI_ERRORS_ARE_FATAL (processes in this communicator will now abort,
***    and potentially your MPI job)
[gh036:2447608] Local abort before MPI_INIT completed completed successfully, but am not able to aggregate error messages, and not able to guarantee that all other processes were killed!
GPU 0: NVIDIA GH200 480GB (UUID: GPU-8c6c6ea7-a446-2230-389b-5283ea3b4eab)
[gh033:715747] OPAL ERROR: Unreachable in file ext3x_client.c at line 112
--------------------------------------------------------------------------
The application appears to have been direct launched using "srun",
but OMPI was not built with SLURM's PMI support and therefore cannot
execute. There are several options for building PMI support under
SLURM, depending upon the SLURM version you are using:

  version 16.05 or later: you can use SLURM's PMIx support. This
  requires that you configure and build SLURM --with-pmix.

  Versions earlier than 16.05: you must use either SLURM's PMI-1 or
  PMI-2 support. SLURM builds PMI-1 by default, or you can manually
  install PMI-2. You must then build Open MPI using --with-pmi pointing
  to the SLURM PMI library location.

Please configure as appropriate and try again.
--------------------------------------------------------------------------
*** An error occurred in MPI_Init
*** on a NULL communicator
*** MPI_ERRORS_ARE_FATAL (processes in this communicator will now abort,
***    and potentially your MPI job)
[gh033:715747] Local abort before MPI_INIT completed completed successfully, but am not able to aggregate error messages, and not able to guarantee that all other processes were killed!
srun: error: gh012: task 1: Exited with exit code 1
GPU 0: NVIDIA GH200 480GB (UUID: GPU-6f245742-882d-8627-78e7-9f06585a356a)
Loading hybrid ubuntu-conda environment
Loading basic ubuntu-conda environment
srun: error: gh036: task 8: Exited with exit code 1
Loading hybrid ubuntu-conda environment
hostname=gh043
CUDA_VISIBLE_DEVICES=0
Loading basic ubuntu-conda environment
GPU 0: NVIDIA GH200 480GB (UUID: GPU-1f300b19-950f-247a-dbc3-781c646a5e49)
hostname=gh042
CUDA_VISIBLE_DEVICES=0
srun: error: gh033: task 5: Exited with exit code 1
GPU 0: NVIDIA GH200 480GB (UUID: GPU-6d1d759d-87dc-3731-0604-4e05fe07463d)
[gh041:3051243] OPAL ERROR: Unreachable in file ext3x_client.c at line 112
--------------------------------------------------------------------------
The application appears to have been direct launched using "srun",
but OMPI was not built with SLURM's PMI support and therefore cannot
execute. There are several options for building PMI support under
SLURM, depending upon the SLURM version you are using:

  version 16.05 or later: you can use SLURM's PMIx support. This
  requires that you configure and build SLURM --with-pmix.

  Versions earlier than 16.05: you must use either SLURM's PMI-1 or
  PMI-2 support. SLURM builds PMI-1 by default, or you can manually
  install PMI-2. You must then build Open MPI using --with-pmi pointing
  to the SLURM PMI library location.

Please configure as appropriate and try again.
--------------------------------------------------------------------------
*** An error occurred in MPI_Init
*** on a NULL communicator
*** MPI_ERRORS_ARE_FATAL (processes in this communicator will now abort,
***    and potentially your MPI job)
[gh041:3051243] Local abort before MPI_INIT completed completed successfully, but am not able to aggregate error messages, and not able to guarantee that all other processes were killed!
GPU 0: NVIDIA GH200 480GB (UUID: GPU-a77aeba3-a28e-6ac6-349b-ec5fd0d110c9)
srun: error: gh041: task 13: Exited with exit code 1
GPU 0: NVIDIA GH200 480GB (UUID: GPU-8b42cef9-2236-84f4-c572-4ef83fc77834)
GPU 0: NVIDIA GH200 480GB (UUID: GPU-3716d3e9-099e-43f1-e6fe-8f0a33684315)
[gh039:1457171] OPAL ERROR: Unreachable in file ext3x_client.c at line 112
--------------------------------------------------------------------------
The application appears to have been direct launched using "srun",
but OMPI was not built with SLURM's PMI support and therefore cannot
execute. There are several options for building PMI support under
SLURM, depending upon the SLURM version you are using:

  version 16.05 or later: you can use SLURM's PMIx support. This
  requires that you configure and build SLURM --with-pmix.

  Versions earlier than 16.05: you must use either SLURM's PMI-1 or
  PMI-2 support. SLURM builds PMI-1 by default, or you can manually
  install PMI-2. You must then build Open MPI using --with-pmi pointing
  to the SLURM PMI library location.

Please configure as appropriate and try again.
--------------------------------------------------------------------------
*** An error occurred in MPI_Init
*** on a NULL communicator
*** MPI_ERRORS_ARE_FATAL (processes in this communicator will now abort,
***    and potentially your MPI job)
[gh039:1457171] Local abort before MPI_INIT completed completed successfully, but am not able to aggregate error messages, and not able to guarantee that all other processes were killed!
[gh032:2225903] OPAL ERROR: Unreachable in file ext3x_client.c at line 112
--------------------------------------------------------------------------
The application appears to have been direct launched using "srun",
but OMPI was not built with SLURM's PMI support and therefore cannot
execute. There are several options for building PMI support under
SLURM, depending upon the SLURM version you are using:

  version 16.05 or later: you can use SLURM's PMIx support. This
  requires that you configure and build SLURM --with-pmix.

  Versions earlier than 16.05: you must use either SLURM's PMI-1 or
  PMI-2 support. SLURM builds PMI-1 by default, or you can manually
  install PMI-2. You must then build Open MPI using --with-pmi pointing
  to the SLURM PMI library location.

Please configure as appropriate and try again.
--------------------------------------------------------------------------
*** An error occurred in MPI_Init
*** on a NULL communicator
*** MPI_ERRORS_ARE_FATAL (processes in this communicator will now abort,
***    and potentially your MPI job)
[gh032:2225903] Local abort before MPI_INIT completed completed successfully, but am not able to aggregate error messages, and not able to guarantee that all other processes were killed!
[gh038:1906152] OPAL ERROR: Unreachable in file ext3x_client.c at line 112
--------------------------------------------------------------------------
The application appears to have been direct launched using "srun",
but OMPI was not built with SLURM's PMI support and therefore cannot
execute. There are several options for building PMI support under
SLURM, depending upon the SLURM version you are using:

  version 16.05 or later: you can use SLURM's PMIx support. This
  requires that you configure and build SLURM --with-pmix.

  Versions earlier than 16.05: you must use either SLURM's PMI-1 or
  PMI-2 support. SLURM builds PMI-1 by default, or you can manually
  install PMI-2. You must then build Open MPI using --with-pmi pointing
  to the SLURM PMI library location.

Please configure as appropriate and try again.
--------------------------------------------------------------------------
*** An error occurred in MPI_Init
*** on a NULL communicator
*** MPI_ERRORS_ARE_FATAL (processes in this communicator will now abort,
***    and potentially your MPI job)
[gh038:1906152] Local abort before MPI_INIT completed completed successfully, but am not able to aggregate error messages, and not able to guarantee that all other processes were killed!
srun: error: gh039: task 11: Exited with exit code 1
srun: error: gh032: task 4: Exited with exit code 1
[gh034:1077095] OPAL ERROR: Unreachable in file ext3x_client.c at line 112
--------------------------------------------------------------------------
The application appears to have been direct launched using "srun",
but OMPI was not built with SLURM's PMI support and therefore cannot
execute. There are several options for building PMI support under
SLURM, depending upon the SLURM version you are using:

  version 16.05 or later: you can use SLURM's PMIx support. This
  requires that you configure and build SLURM --with-pmix.

  Versions earlier than 16.05: you must use either SLURM's PMI-1 or
  PMI-2 support. SLURM builds PMI-1 by default, or you can manually
  install PMI-2. You must then build Open MPI using --with-pmi pointing
  to the SLURM PMI library location.

Please configure as appropriate and try again.
--------------------------------------------------------------------------
*** An error occurred in MPI_Init
*** on a NULL communicator
*** MPI_ERRORS_ARE_FATAL (processes in this communicator will now abort,
***    and potentially your MPI job)
[gh034:1077095] Local abort before MPI_INIT completed completed successfully, but am not able to aggregate error messages, and not able to guarantee that all other processes were killed!
srun: error: gh038: task 10: Exited with exit code 1
[gh040:1382580] OPAL ERROR: Unreachable in file ext3x_client.c at line 112
--------------------------------------------------------------------------
The application appears to have been direct launched using "srun",
but OMPI was not built with SLURM's PMI support and therefore cannot
execute. There are several options for building PMI support under
SLURM, depending upon the SLURM version you are using:

  version 16.05 or later: you can use SLURM's PMIx support. This
  requires that you configure and build SLURM --with-pmix.

  Versions earlier than 16.05: you must use either SLURM's PMI-1 or
  PMI-2 support. SLURM builds PMI-1 by default, or you can manually
  install PMI-2. You must then build Open MPI using --with-pmi pointing
  to the SLURM PMI library location.

Please configure as appropriate and try again.
--------------------------------------------------------------------------
*** An error occurred in MPI_Init
*** on a NULL communicator
*** MPI_ERRORS_ARE_FATAL (processes in this communicator will now abort,
***    and potentially your MPI job)
[gh040:1382580] Local abort before MPI_INIT completed completed successfully, but am not able to aggregate error messages, and not able to guarantee that all other processes were killed!
srun: error: gh034: task 6: Exited with exit code 1
srun: error: gh040: task 12: Exited with exit code 1
[gh037:2255621] OPAL ERROR: Unreachable in file ext3x_client.c at line 112
--------------------------------------------------------------------------
The application appears to have been direct launched using "srun",
but OMPI was not built with SLURM's PMI support and therefore cannot
execute. There are several options for building PMI support under
SLURM, depending upon the SLURM version you are using:

  version 16.05 or later: you can use SLURM's PMIx support. This
  requires that you configure and build SLURM --with-pmix.

  Versions earlier than 16.05: you must use either SLURM's PMI-1 or
  PMI-2 support. SLURM builds PMI-1 by default, or you can manually
  install PMI-2. You must then build Open MPI using --with-pmi pointing
  to the SLURM PMI library location.

Please configure as appropriate and try again.
--------------------------------------------------------------------------
*** An error occurred in MPI_Init
*** on a NULL communicator
*** MPI_ERRORS_ARE_FATAL (processes in this communicator will now abort,
***    and potentially your MPI job)
[gh037:2255621] Local abort before MPI_INIT completed completed successfully, but am not able to aggregate error messages, and not able to guarantee that all other processes were killed!
srun: error: gh037: task 9: Exited with exit code 1
[gh042:861270] OPAL ERROR: Unreachable in file ext3x_client.c at line 112
--------------------------------------------------------------------------
The application appears to have been direct launched using "srun",
but OMPI was not built with SLURM's PMI support and therefore cannot
execute. There are several options for building PMI support under
SLURM, depending upon the SLURM version you are using:

  version 16.05 or later: you can use SLURM's PMIx support. This
  requires that you configure and build SLURM --with-pmix.

  Versions earlier than 16.05: you must use either SLURM's PMI-1 or
  PMI-2 support. SLURM builds PMI-1 by default, or you can manually
  install PMI-2. You must then build Open MPI using --with-pmi pointing
  to the SLURM PMI library location.

Please configure as appropriate and try again.
--------------------------------------------------------------------------
*** An error occurred in MPI_Init
*** on a NULL communicator
*** MPI_ERRORS_ARE_FATAL (processes in this communicator will now abort,
***    and potentially your MPI job)
[gh042:861270] Local abort before MPI_INIT completed completed successfully, but am not able to aggregate error messages, and not able to guarantee that all other processes were killed!
[gh043:1226778] OPAL ERROR: Unreachable in file ext3x_client.c at line 112
--------------------------------------------------------------------------
The application appears to have been direct launched using "srun",
but OMPI was not built with SLURM's PMI support and therefore cannot
execute. There are several options for building PMI support under
SLURM, depending upon the SLURM version you are using:

  version 16.05 or later: you can use SLURM's PMIx support. This
  requires that you configure and build SLURM --with-pmix.

  Versions earlier than 16.05: you must use either SLURM's PMI-1 or
  PMI-2 support. SLURM builds PMI-1 by default, or you can manually
  install PMI-2. You must then build Open MPI using --with-pmi pointing
  to the SLURM PMI library location.

Please configure as appropriate and try again.
--------------------------------------------------------------------------
*** An error occurred in MPI_Init
*** on a NULL communicator
*** MPI_ERRORS_ARE_FATAL (processes in this communicator will now abort,
***    and potentially your MPI job)
[gh043:1226778] Local abort before MPI_INIT completed completed successfully, but am not able to aggregate error messages, and not able to guarantee that all other processes were killed!
srun: error: gh042: task 14: Exited with exit code 1
srun: error: gh043: task 15: Exited with exit code 1
