=== Run Held-Suarez matrix case ===
start_timestamp=2026-07-24T16:52:21-04:00
config=fv_cuda_a_grid_4gpu
resolution=T42
levels=25
days=60
num_ranks=16
ntasks_per_node=4
container=/lscratch/jli30/isca-sandbox
GFDL_BASE=/explore/nobackup/people/jli30/workspace/GFDL_atmos_cubed_sphere
GFDL_WORK=/explore/nobackup/people/jli30/SystemTesting/Isca/isca_work
GFDL_DATA=/explore/nobackup/people/jli30/SystemTesting/Isca/isca_data
experiment=held_suarez_fv_cuda_a_grid_4gpu_T42L25_60day
run_dir=/explore/nobackup/people/jli30/SystemTesting/Isca/isca_work/experiment/held_suarez_fv_cuda_a_grid_4gpu_T42L25_60day/run
executable=/explore/nobackup/people/jli30/SystemTesting/Isca/isca_work/experiment/held_suarez_fv_cuda_a_grid_4gpu_T42L25_60day/run/held_suarez_fv_kernels_cuda.x
log=/explore/nobackup/people/jli30/workspace/GFDL_atmos_cubed_sphere/logs/matrix_T42L25_fv_cuda_a_grid_4gpu_60day.log
INFO:    Environment variable SINGULARITY_TMPDIR is set, but APPTAINER_TMPDIR is preferred
INFO:    Environment variable SINGULARITY_TMPDIR is set, but APPTAINER_TMPDIR is preferred
INFO:    Environment variable SINGULARITY_TMPDIR is set, but APPTAINER_TMPDIR is preferred
INFO:    Environment variable SINGULARITY_TMPDIR is set, but APPTAINER_TMPDIR is preferred
INFO:    Environment variable SINGULARITY_TMPDIR is set, but APPTAINER_TMPDIR is preferred
INFO:    Environment variable SINGULARITY_TMPDIR is set, but APPTAINER_TMPDIR is preferred
INFO:    Environment variable SINGULARITY_TMPDIR is set, but APPTAINER_TMPDIR is preferred
INFO:    Environment variable SINGULARITY_TMPDIR is set, but APPTAINER_TMPDIR is preferred
INFO:    Environment variable SINGULARITY_TMPDIR is set, but APPTAINER_TMPDIR is preferred
INFO:    Environment variable SINGULARITY_TMPDIR is set, but APPTAINER_TMPDIR is preferred
INFO:    Environment variable SINGULARITY_TMPDIR is set, but APPTAINER_TMPDIR is preferred
INFO:    Environment variable SINGULARITY_TMPDIR is set, but APPTAINER_TMPDIR is preferred
Loading hybrid ubuntu-conda environment
Loading basic ubuntu-conda environment
Loading hybrid ubuntu-conda environment
Loading basic ubuntu-conda environment
Loading hybrid ubuntu-conda environment
Loading basic ubuntu-conda environment
Loading hybrid ubuntu-conda environment
Loading basic ubuntu-conda environment
hostname=gh052
CUDA_VISIBLE_DEVICES=0
hostname=gh052
CUDA_VISIBLE_DEVICES=0
hostname=gh052
CUDA_VISIBLE_DEVICES=0
hostname=gh052
CUDA_VISIBLE_DEVICES=0
INFO:    Environment variable SINGULARITY_TMPDIR is set, but APPTAINER_TMPDIR is preferred
INFO:    Environment variable SINGULARITY_TMPDIR is set, but APPTAINER_TMPDIR is preferred
INFO:    Environment variable SINGULARITY_TMPDIR is set, but APPTAINER_TMPDIR is preferred
INFO:    Environment variable SINGULARITY_TMPDIR is set, but APPTAINER_TMPDIR is preferred
GPU 0: NVIDIA GH200 480GB (UUID: GPU-2e99f1ce-9481-f870-5bb9-0236f92c1612)
GPU 0: NVIDIA GH200 480GB (UUID: GPU-2e99f1ce-9481-f870-5bb9-0236f92c1612)
GPU 0: NVIDIA GH200 480GB (UUID: GPU-2e99f1ce-9481-f870-5bb9-0236f92c1612)
GPU 0: NVIDIA GH200 480GB (UUID: GPU-2e99f1ce-9481-f870-5bb9-0236f92c1612)
Loading hybrid ubuntu-conda environment
Loading basic ubuntu-conda environment
hostname=gh019
CUDA_VISIBLE_DEVICES=0
Loading hybrid ubuntu-conda environment
Loading basic ubuntu-conda environment
Loading hybrid ubuntu-conda environment
Loading basic ubuntu-conda environment
Loading hybrid ubuntu-conda environment
Loading basic ubuntu-conda environment
hostname=gh019
CUDA_VISIBLE_DEVICES=0
hostname=gh019
CUDA_VISIBLE_DEVICES=0
hostname=gh019
CUDA_VISIBLE_DEVICES=0
GPU 0: NVIDIA GH200 480GB (UUID: GPU-1becded5-f9e1-174c-e441-467353cc5f23)
GPU 0: NVIDIA GH200 480GB (UUID: GPU-1becded5-f9e1-174c-e441-467353cc5f23)
GPU 0: NVIDIA GH200 480GB (UUID: GPU-1becded5-f9e1-174c-e441-467353cc5f23)
GPU 0: NVIDIA GH200 480GB (UUID: GPU-1becded5-f9e1-174c-e441-467353cc5f23)
Loading hybrid ubuntu-conda environment
Loading hybrid ubuntu-conda environment
Loading hybrid ubuntu-conda environment
Loading basic ubuntu-conda environment
Loading basic ubuntu-conda environment
Loading basic ubuntu-conda environment
Loading hybrid ubuntu-conda environment
Loading basic ubuntu-conda environment
hostname=gh050
CUDA_VISIBLE_DEVICES=0
hostname=gh050
CUDA_VISIBLE_DEVICES=0
hostname=gh050
CUDA_VISIBLE_DEVICES=0
hostname=gh050
CUDA_VISIBLE_DEVICES=0
--------------------------------------------------------------------------
A requested component was not found, or was unable to be opened.  This
means that this component is either not installed or is unable to be
used on your system (e.g., sometimes this means that shared libraries
that the component requires are unable to be found/loaded).  Note that
PMIx stopped checking at the first component that it did not find.

Host:      gh052
Framework: psec
Component: munge
--------------------------------------------------------------------------

--------------------------------------------------------------------------
A requested component was not found, or was unable to be opened.  This
means that this component is either not installed or is unable to be
used on your system (e.g., sometimes this means that shared libraries
that the component requires are unable to be found/loaded).  Note that
PMIx stopped checking at the first component that it did not find.

Host:      gh052
Framework: psec
Component: munge
--------------------------------------------------------------------------

--------------------------------------------------------------------------
A requested component was not found, or was unable to be opened.  This
means that this component is either not installed or is unable to be
used on your system (e.g., sometimes this means that shared libraries
that the component requires are unable to be found/loaded).  Note that
PMIx stopped checking at the first component that it did not find.

Host:      gh052
Framework: psec
Component: munge
--------------------------------------------------------------------------

--------------------------------------------------------------------------
A requested component was not found, or was unable to be opened.  This
means that this component is either not installed or is unable to be
used on your system (e.g., sometimes this means that shared libraries
that the component requires are unable to be found/loaded).  Note that
PMIx stopped checking at the first component that it did not find.

Host:      gh052
Framework: psec
Component: munge
--------------------------------------------------------------------------

[gh052:772866] PMIX ERROR: ERROR in file ../../../../../../src/mca/gds/ds12/gds_ds12_lock_pthread.c at line 169
[gh052:772867] PMIX ERROR: ERROR in file ../../../../../../src/mca/gds/ds12/gds_ds12_lock_pthread.c at line 169
--------------------------------------------------------------------------
A requested component was not found, or was unable to be opened.  This
means that this component is either not installed or is unable to be
used on your system (e.g., sometimes this means that shared libraries
that the component requires are unable to be found/loaded).  Note that
PMIx stopped checking at the first component that it did not find.

Host:      gh052
Framework: psec
Component: munge
--------------------------------------------------------------------------

--------------------------------------------------------------------------
A requested component was not found, or was unable to be opened.  This
means that this component is either not installed or is unable to be
used on your system (e.g., sometimes this means that shared libraries
that the component requires are unable to be found/loaded).  Note that
PMIx stopped checking at the first component that it did not find.

Host:      gh052
Framework: psec
Component: munge
--------------------------------------------------------------------------

--------------------------------------------------------------------------
A requested component was not found, or was unable to be opened.  This
means that this component is either not installed or is unable to be
used on your system (e.g., sometimes this means that shared libraries
that the component requires are unable to be found/loaded).  Note that
PMIx stopped checking at the first component that it did not find.

Host:      gh052
Framework: psec
Component: munge
--------------------------------------------------------------------------

--------------------------------------------------------------------------
A requested component was not found, or was unable to be opened.  This
means that this component is either not installed or is unable to be
used on your system (e.g., sometimes this means that shared libraries
that the component requires are unable to be found/loaded).  Note that
PMIx stopped checking at the first component that it did not find.

Host:      gh052
Framework: psec
Component: munge
--------------------------------------------------------------------------

[gh052:772865] PMIX ERROR: ERROR in file ../../../../../../src/mca/gds/ds12/gds_ds12_lock_pthread.c at line 169
[gh052:772864] PMIX ERROR: ERROR in file ../../../../../../src/mca/gds/ds12/gds_ds12_lock_pthread.c at line 169
GPU 0: NVIDIA GH200 480GB (UUID: GPU-1b57a391-41e8-ad58-f99f-f3a7faa49ed0)
--------------------------------------------------------------------------
A requested component was not found, or was unable to be opened.  This
means that this component is either not installed or is unable to be
used on your system (e.g., sometimes this means that shared libraries
that the component requires are unable to be found/loaded).  Note that
PMIx stopped checking at the first component that it did not find.

Host:      gh019
Framework: psec
Component: munge
--------------------------------------------------------------------------

--------------------------------------------------------------------------
A requested component was not found, or was unable to be opened.  This
means that this component is either not installed or is unable to be
used on your system (e.g., sometimes this means that shared libraries
that the component requires are unable to be found/loaded).  Note that
PMIx stopped checking at the first component that it did not find.

Host:      gh019
Framework: psec
Component: munge
--------------------------------------------------------------------------

--------------------------------------------------------------------------
A requested component was not found, or was unable to be opened.  This
means that this component is either not installed or is unable to be
used on your system (e.g., sometimes this means that shared libraries
that the component requires are unable to be found/loaded).  Note that
PMIx stopped checking at the first component that it did not find.

Host:      gh019
Framework: psec
Component: munge
--------------------------------------------------------------------------

--------------------------------------------------------------------------
A requested component was not found, or was unable to be opened.  This
means that this component is either not installed or is unable to be
used on your system (e.g., sometimes this means that shared libraries
that the component requires are unable to be found/loaded).  Note that
PMIx stopped checking at the first component that it did not find.

Host:      gh019
Framework: psec
Component: munge
--------------------------------------------------------------------------

[gh019:509318] PMIX ERROR: ERROR in file ../../../../../../src/mca/gds/ds12/gds_ds12_lock_pthread.c at line 169
[gh019:509320] PMIX ERROR: ERROR in file ../../../../../../src/mca/gds/ds12/gds_ds12_lock_pthread.c at line 169
--------------------------------------------------------------------------
A requested component was not found, or was unable to be opened.  This
means that this component is either not installed or is unable to be
used on your system (e.g., sometimes this means that shared libraries
that the component requires are unable to be found/loaded).  Note that
PMIx stopped checking at the first component that it did not find.

Host:      gh019
Framework: psec
Component: munge
--------------------------------------------------------------------------

--------------------------------------------------------------------------
A requested component was not found, or was unable to be opened.  This
means that this component is either not installed or is unable to be
used on your system (e.g., sometimes this means that shared libraries
that the component requires are unable to be found/loaded).  Note that
PMIx stopped checking at the first component that it did not find.

Host:      gh019
Framework: psec
Component: munge
--------------------------------------------------------------------------

[gh019:509321] PMIX ERROR: ERROR in file ../../../../../../src/mca/gds/ds12/gds_ds12_lock_pthread.c at line 169
GPU 0: NVIDIA GH200 480GB (UUID: GPU-1b57a391-41e8-ad58-f99f-f3a7faa49ed0)
GPU 0: NVIDIA GH200 480GB (UUID: GPU-1b57a391-41e8-ad58-f99f-f3a7faa49ed0)
GPU 0: NVIDIA GH200 480GB (UUID: GPU-1b57a391-41e8-ad58-f99f-f3a7faa49ed0)
--------------------------------------------------------------------------
A requested component was not found, or was unable to be opened.  This
means that this component is either not installed or is unable to be
used on your system (e.g., sometimes this means that shared libraries
that the component requires are unable to be found/loaded).  Note that
PMIx stopped checking at the first component that it did not find.

Host:      gh019
Framework: psec
Component: munge
--------------------------------------------------------------------------

--------------------------------------------------------------------------
A requested component was not found, or was unable to be opened.  This
means that this component is either not installed or is unable to be
used on your system (e.g., sometimes this means that shared libraries
that the component requires are unable to be found/loaded).  Note that
PMIx stopped checking at the first component that it did not find.

Host:      gh019
Framework: psec
Component: munge
--------------------------------------------------------------------------

[gh019:509319] PMIX ERROR: ERROR in file ../../../../../../src/mca/gds/ds12/gds_ds12_lock_pthread.c at line 169
Loading hybrid ubuntu-conda environment
Loading basic ubuntu-conda environment
Loading hybrid ubuntu-conda environment
Loading hybrid ubuntu-conda environment
Loading hybrid ubuntu-conda environment
Loading basic ubuntu-conda environment
Loading basic ubuntu-conda environment
Loading basic ubuntu-conda environment
hostname=gh051
CUDA_VISIBLE_DEVICES=0
hostname=gh051
CUDA_VISIBLE_DEVICES=0
hostname=gh051
CUDA_VISIBLE_DEVICES=0
hostname=gh051
CUDA_VISIBLE_DEVICES=0
--------------------------------------------------------------------------
A requested component was not found, or was unable to be opened.  This
means that this component is either not installed or is unable to be
used on your system (e.g., sometimes this means that shared libraries
that the component requires are unable to be found/loaded).  Note that
PMIx stopped checking at the first component that it did not find.

Host:      gh050
Framework: psec
Component: munge
--------------------------------------------------------------------------

--------------------------------------------------------------------------
A requested component was not found, or was unable to be opened.  This
means that this component is either not installed or is unable to be
used on your system (e.g., sometimes this means that shared libraries
that the component requires are unable to be found/loaded).  Note that
PMIx stopped checking at the first component that it did not find.

Host:      gh050
Framework: psec
Component: munge
--------------------------------------------------------------------------

--------------------------------------------------------------------------
A requested component was not found, or was unable to be opened.  This
means that this component is either not installed or is unable to be
used on your system (e.g., sometimes this means that shared libraries
that the component requires are unable to be found/loaded).  Note that
PMIx stopped checking at the first component that it did not find.

Host:      gh050
Framework: psec
Component: munge
--------------------------------------------------------------------------

--------------------------------------------------------------------------
A requested component was not found, or was unable to be opened.  This
means that this component is either not installed or is unable to be
used on your system (e.g., sometimes this means that shared libraries
that the component requires are unable to be found/loaded).  Note that
PMIx stopped checking at the first component that it did not find.

Host:      gh050
Framework: psec
Component: munge
--------------------------------------------------------------------------

[gh050:774242] PMIX ERROR: ERROR in file ../../../../../../src/mca/gds/ds12/gds_ds12_lock_pthread.c at line 169
[gh050:774243] PMIX ERROR: ERROR in file ../../../../../../src/mca/gds/ds12/gds_ds12_lock_pthread.c at line 169
--------------------------------------------------------------------------
A requested component was not found, or was unable to be opened.  This
means that this component is either not installed or is unable to be
used on your system (e.g., sometimes this means that shared libraries
that the component requires are unable to be found/loaded).  Note that
PMIx stopped checking at the first component that it did not find.

Host:      gh050
Framework: psec
Component: munge
--------------------------------------------------------------------------

--------------------------------------------------------------------------
A requested component was not found, or was unable to be opened.  This
means that this component is either not installed or is unable to be
used on your system (e.g., sometimes this means that shared libraries
that the component requires are unable to be found/loaded).  Note that
PMIx stopped checking at the first component that it did not find.

Host:      gh050
Framework: psec
Component: munge
--------------------------------------------------------------------------

--------------------------------------------------------------------------
A requested component was not found, or was unable to be opened.  This
means that this component is either not installed or is unable to be
used on your system (e.g., sometimes this means that shared libraries
that the component requires are unable to be found/loaded).  Note that
PMIx stopped checking at the first component that it did not find.

Host:      gh050
Framework: psec
Component: munge
--------------------------------------------------------------------------

[gh050:774244] PMIX ERROR: ERROR in file ../../../../../../src/mca/gds/ds12/gds_ds12_lock_pthread.c at line 169
--------------------------------------------------------------------------
A requested component was not found, or was unable to be opened.  This
means that this component is either not installed or is unable to be
used on your system (e.g., sometimes this means that shared libraries
that the component requires are unable to be found/loaded).  Note that
PMIx stopped checking at the first component that it did not find.

Host:      gh050
Framework: psec
Component: munge
--------------------------------------------------------------------------

[gh050:774241] PMIX ERROR: ERROR in file ../../../../../../src/mca/gds/ds12/gds_ds12_lock_pthread.c at line 169
GPU 0: NVIDIA GH200 480GB (UUID: GPU-90e9ce8f-7662-1391-b60e-7187729aa429)
GPU 0: NVIDIA GH200 480GB (UUID: GPU-90e9ce8f-7662-1391-b60e-7187729aa429)
GPU 0: NVIDIA GH200 480GB (UUID: GPU-90e9ce8f-7662-1391-b60e-7187729aa429)
GPU 0: NVIDIA GH200 480GB (UUID: GPU-90e9ce8f-7662-1391-b60e-7187729aa429)
--------------------------------------------------------------------------
A requested component was not found, or was unable to be opened.  This
means that this component is either not installed or is unable to be
used on your system (e.g., sometimes this means that shared libraries
that the component requires are unable to be found/loaded).  Note that
PMIx stopped checking at the first component that it did not find.

Host:      gh051
Framework: psec
Component: munge
--------------------------------------------------------------------------

--------------------------------------------------------------------------
A requested component was not found, or was unable to be opened.  This
means that this component is either not installed or is unable to be
used on your system (e.g., sometimes this means that shared libraries
that the component requires are unable to be found/loaded).  Note that
PMIx stopped checking at the first component that it did not find.

Host:      gh051
Framework: psec
Component: munge
--------------------------------------------------------------------------

--------------------------------------------------------------------------
A requested component was not found, or was unable to be opened.  This
means that this component is either not installed or is unable to be
used on your system (e.g., sometimes this means that shared libraries
that the component requires are unable to be found/loaded).  Note that
PMIx stopped checking at the first component that it did not find.

Host:      gh051
Framework: psec
Component: munge
--------------------------------------------------------------------------

--------------------------------------------------------------------------
A requested component was not found, or was unable to be opened.  This
means that this component is either not installed or is unable to be
used on your system (e.g., sometimes this means that shared libraries
that the component requires are unable to be found/loaded).  Note that
PMIx stopped checking at the first component that it did not find.

Host:      gh051
Framework: psec
Component: munge
--------------------------------------------------------------------------

--------------------------------------------------------------------------
A requested component was not found, or was unable to be opened.  This
means that this component is either not installed or is unable to be
used on your system (e.g., sometimes this means that shared libraries
that the component requires are unable to be found/loaded).  Note that
PMIx stopped checking at the first component that it did not find.

Host:      gh051
Framework: psec
Component: munge
--------------------------------------------------------------------------

--------------------------------------------------------------------------
A requested component was not found, or was unable to be opened.  This
means that this component is either not installed or is unable to be
used on your system (e.g., sometimes this means that shared libraries
that the component requires are unable to be found/loaded).  Note that
PMIx stopped checking at the first component that it did not find.

Host:      gh051
Framework: psec
Component: munge
--------------------------------------------------------------------------

--------------------------------------------------------------------------
A requested component was not found, or was unable to be opened.  This
means that this component is either not installed or is unable to be
used on your system (e.g., sometimes this means that shared libraries
that the component requires are unable to be found/loaded).  Note that
PMIx stopped checking at the first component that it did not find.

Host:      gh051
Framework: psec
Component: munge
--------------------------------------------------------------------------

--------------------------------------------------------------------------
A requested component was not found, or was unable to be opened.  This
means that this component is either not installed or is unable to be
used on your system (e.g., sometimes this means that shared libraries
that the component requires are unable to be found/loaded).  Note that
PMIx stopped checking at the first component that it did not find.

Host:      gh051
Framework: psec
Component: munge
--------------------------------------------------------------------------

[gh051:780147] PMIX ERROR: ERROR in file ../../../../../../src/mca/gds/ds12/gds_ds12_lock_pthread.c at line 169
[gh051:780148] PMIX ERROR: ERROR in file ../../../../../../src/mca/gds/ds12/gds_ds12_lock_pthread.c at line 169
[gh051:780145] PMIX ERROR: ERROR in file ../../../../../../src/mca/gds/ds12/gds_ds12_lock_pthread.c at line 169
[gh051:780146] PMIX ERROR: ERROR in file ../../../../../../src/mca/gds/ds12/gds_ds12_lock_pthread.c at line 169
--------------------------------------------------------------------------
WARNING: The default btl_vader_single_copy_mechanism CMA is
not available due to different user namespaces.

The vader shared memory BTL will fall back on another single-copy
mechanism if one is available. This may result in lower performance.

  Local host: gh019
--------------------------------------------------------------------------
--------------------------------------------------------------------------
WARNING: The default btl_vader_single_copy_mechanism CMA is
not available due to different user namespaces.

The vader shared memory BTL will fall back on another single-copy
mechanism if one is available. This may result in lower performance.

  Local host: gh051
--------------------------------------------------------------------------
--------------------------------------------------------------------------
WARNING: The default btl_vader_single_copy_mechanism CMA is
not available due to different user namespaces.

The vader shared memory BTL will fall back on another single-copy
mechanism if one is available. This may result in lower performance.

  Local host: gh019
--------------------------------------------------------------------------
--------------------------------------------------------------------------
WARNING: The default btl_vader_single_copy_mechanism CMA is
not available due to different user namespaces.

The vader shared memory BTL will fall back on another single-copy
mechanism if one is available. This may result in lower performance.

  Local host: gh019
--------------------------------------------------------------------------
--------------------------------------------------------------------------
WARNING: The default btl_vader_single_copy_mechanism CMA is
not available due to different user namespaces.

The vader shared memory BTL will fall back on another single-copy
mechanism if one is available. This may result in lower performance.

  Local host: gh050
--------------------------------------------------------------------------
--------------------------------------------------------------------------
WARNING: The default btl_vader_single_copy_mechanism CMA is
not available due to different user namespaces.

The vader shared memory BTL will fall back on another single-copy
mechanism if one is available. This may result in lower performance.

  Local host: gh051
--------------------------------------------------------------------------
--------------------------------------------------------------------------
WARNING: The default btl_vader_single_copy_mechanism CMA is
not available due to different user namespaces.

The vader shared memory BTL will fall back on another single-copy
mechanism if one is available. This may result in lower performance.

  Local host: gh051
--------------------------------------------------------------------------
--------------------------------------------------------------------------
WARNING: The default btl_vader_single_copy_mechanism CMA is
not available due to different user namespaces.

The vader shared memory BTL will fall back on another single-copy
mechanism if one is available. This may result in lower performance.

  Local host: gh051
--------------------------------------------------------------------------
--------------------------------------------------------------------------
WARNING: The default btl_vader_single_copy_mechanism CMA is
not available due to different user namespaces.

The vader shared memory BTL will fall back on another single-copy
mechanism if one is available. This may result in lower performance.

  Local host: gh050
--------------------------------------------------------------------------
--------------------------------------------------------------------------
WARNING: The default btl_vader_single_copy_mechanism CMA is
not available due to different user namespaces.

The vader shared memory BTL will fall back on another single-copy
mechanism if one is available. This may result in lower performance.

  Local host: gh052
--------------------------------------------------------------------------
--------------------------------------------------------------------------
WARNING: The default btl_vader_single_copy_mechanism CMA is
not available due to different user namespaces.

The vader shared memory BTL will fall back on another single-copy
mechanism if one is available. This may result in lower performance.

  Local host: gh050
--------------------------------------------------------------------------
--------------------------------------------------------------------------
WARNING: The default btl_vader_single_copy_mechanism CMA is
not available due to different user namespaces.

The vader shared memory BTL will fall back on another single-copy
mechanism if one is available. This may result in lower performance.

  Local host: gh052
--------------------------------------------------------------------------
--------------------------------------------------------------------------
WARNING: The default btl_vader_single_copy_mechanism CMA is
not available due to different user namespaces.

The vader shared memory BTL will fall back on another single-copy
mechanism if one is available. This may result in lower performance.

  Local host: gh050
--------------------------------------------------------------------------
--------------------------------------------------------------------------
WARNING: The default btl_vader_single_copy_mechanism CMA is
not available due to different user namespaces.

The vader shared memory BTL will fall back on another single-copy
mechanism if one is available. This may result in lower performance.

  Local host: gh052
--------------------------------------------------------------------------
--------------------------------------------------------------------------
WARNING: The default btl_vader_single_copy_mechanism CMA is
not available due to different user namespaces.

The vader shared memory BTL will fall back on another single-copy
mechanism if one is available. This may result in lower performance.

  Local host: gh019
--------------------------------------------------------------------------
--------------------------------------------------------------------------
WARNING: The default btl_vader_single_copy_mechanism CMA is
not available due to different user namespaces.

The vader shared memory BTL will fall back on another single-copy
mechanism if one is available. This may result in lower performance.

  Local host: gh052
--------------------------------------------------------------------------
NOTE from PE    0: MPP_DOMAINS_SET_STACK_SIZE: stack size set to    32768.
&MPP_IO_NML
 HEADER_BUFFER_VAL=16384      ,
 GLOBAL_FIELD_ON_ROOT_PE=T,
 IO_CLOCKS_ON=F,
 SHUFFLE=0          ,
 DEFLATE_LEVEL=-1         ,
 /
NOTE from PE    0: MPP_IO_SET_STACK_SIZE: stack size set to     131072.
NOTE from PE    0: MPP_DOMAINS_SET_STACK_SIZE: stack size set to   600000.
  starting            1  OpenMP threads per MPI-task
ATMOS MODEL DOMAIN DECOMPOSITION
  X-AXIS =  128
  Y-AXIS =    4   4   4   4   4   4   4   4   4   4   4   4   4   4   4   4
mean surface pressure=1000.0000 mb
PROFILE_FV_GPU_MAPPING rank=5 local_rank=1 device=0 visible_gpus=1 hostname=gh050 name="NVIDIA GH200 480GB" pci_bus_id=0009:01:00.0 policy=local_rank strict_unique=0 cuda_visible_devices=0
PROFILE_FV_GPU_MEMORY rank=5 device=0 free_before=99439017984 total=102005473280
PROFILE_FV_GPU_MAPPING rank=6 local_rank=2 device=0 visible_gpus=1 hostname=gh050 name="NVIDIA GH200 480GB" pci_bus_id=0009:01:00.0 policy=local_rank strict_unique=0 cuda_visible_devices=0
PROFILE_FV_GPU_MEMORY rank=6 device=0 free_before=99436920832 total=102005473280
PROFILE_FV_GPU_MAPPING rank=12 local_rank=0 device=0 visible_gpus=1 hostname=gh052 name="NVIDIA GH200 480GB" pci_bus_id=0009:01:00.0 policy=local_rank strict_unique=0 cuda_visible_devices=0
PROFILE_FV_GPU_MEMORY rank=12 device=0 free_before=99103604736 total=102005473280
PROFILE_FV_GPU_MAPPING rank=8 local_rank=0 device=0 visible_gpus=1 hostname=gh051 name="NVIDIA GH200 480GB" pci_bus_id=0009:01:00.0 policy=local_rank strict_unique=0 cuda_visible_devices=0
PROFILE_FV_GPU_MEMORY rank=8 device=0 free_before=99575398400 total=102005473280
PROFILE_FV_GPU_MAPPING rank=2 local_rank=2 device=0 visible_gpus=1 hostname=gh019 name="NVIDIA GH200 480GB" pci_bus_id=0009:01:00.0 policy=local_rank strict_unique=0 cuda_visible_devices=0
PROFILE_FV_GPU_MEMORY rank=2 device=0 free_before=99435347968 total=102005473280
PROFILE_FV_GPU_MAPPING rank=15 local_rank=3 device=0 visible_gpus=1 hostname=gh052 name="NVIDIA GH200 480GB" pci_bus_id=0009:01:00.0 policy=local_rank strict_unique=0 cuda_visible_devices=0
PROFILE_FV_GPU_MEMORY rank=15 device=0 free_before=99101507584 total=102005473280
PROFILE_FV_GPU_MAPPING rank=14 local_rank=2 device=0 visible_gpus=1 hostname=gh052 name="NVIDIA GH200 480GB" pci_bus_id=0009:01:00.0 policy=local_rank strict_unique=0 cuda_visible_devices=0
PROFILE_FV_GPU_MEMORY rank=14 device=0 free_before=99099410432 total=102005473280
PROFILE_FV_GPU_MAPPING rank=7 local_rank=3 device=0 visible_gpus=1 hostname=gh050 name="NVIDIA GH200 480GB" pci_bus_id=0009:01:00.0 policy=local_rank strict_unique=0 cuda_visible_devices=0
PROFILE_FV_GPU_MEMORY rank=7 device=0 free_before=99434627072 total=102005473280
PROFILE_FV_GPU_MAPPING rank=4 local_rank=0 device=0 visible_gpus=1 hostname=gh050 name="NVIDIA GH200 480GB" pci_bus_id=0009:01:00.0 policy=local_rank strict_unique=0 cuda_visible_devices=0
PROFILE_FV_GPU_MEMORY rank=4 device=0 free_before=99432529920 total=102005473280
PROFILE_FV_GPU_MAPPING rank=9 local_rank=1 device=0 visible_gpus=1 hostname=gh051 name="NVIDIA GH200 480GB" pci_bus_id=0009:01:00.0 policy=local_rank strict_unique=0 cuda_visible_devices=0
PROFILE_FV_GPU_MEMORY rank=9 device=0 free_before=99573104640 total=102005473280
PROFILE_FV_GPU_MAPPING rank=11 local_rank=3 device=0 visible_gpus=1 hostname=gh051 name="NVIDIA GH200 480GB" pci_bus_id=0009:01:00.0 policy=local_rank strict_unique=0 cuda_visible_devices=0
PROFILE_FV_GPU_MEMORY rank=11 device=0 free_before=99571007488 total=102005473280
PROFILE_FV_GPU_MAPPING rank=1 local_rank=1 device=0 visible_gpus=1 hostname=gh019 name="NVIDIA GH200 480GB" pci_bus_id=0009:01:00.0 policy=local_rank strict_unique=0 cuda_visible_devices=0
PROFILE_FV_GPU_MEMORY rank=1 device=0 free_before=99433250816 total=102005473280
PROFILE_FV_GPU_MAPPING rank=0 local_rank=0 device=0 visible_gpus=1 hostname=gh019 name="NVIDIA GH200 480GB" pci_bus_id=0009:01:00.0 policy=local_rank strict_unique=0 cuda_visible_devices=0
PROFILE_FV_GPU_MEMORY rank=0 device=0 free_before=99431153664 total=102005473280
PROFILE_FV_GPU_MAPPING rank=3 local_rank=3 device=0 visible_gpus=1 hostname=gh019 name="NVIDIA GH200 480GB" pci_bus_id=0009:01:00.0 policy=local_rank strict_unique=0 cuda_visible_devices=0
PROFILE_FV_GPU_MEMORY rank=3 device=0 free_before=99431153664 total=102005473280
PROFILE_FV_GPU_MAPPING rank=13 local_rank=1 device=0 visible_gpus=1 hostname=gh052 name="NVIDIA GH200 480GB" pci_bus_id=0009:01:00.0 policy=local_rank strict_unique=0 cuda_visible_devices=0
PROFILE_FV_GPU_MEMORY rank=13 device=0 free_before=99097313280 total=102005473280
PROFILE_FV_GPU_MAPPING rank=10 local_rank=2 device=0 visible_gpus=1 hostname=gh051 name="NVIDIA GH200 480GB" pci_bus_id=0009:01:00.0 policy=local_rank strict_unique=0 cuda_visible_devices=0
PROFILE_FV_GPU_MEMORY rank=10 device=0 free_before=99568910336 total=102005473280
 Integration completed through 2000 Jan  2   0: 0: 0
 Integration completed through 2000 Jan  3   0: 0: 0
 Integration completed through 2000 Jan  4   0: 0: 0
 Integration completed through 2000 Jan  5   0: 0: 0
 Integration completed through 2000 Jan  6   0: 0: 0
 Integration completed through 2000 Jan  7   0: 0: 0
 Integration completed through 2000 Jan  8   0: 0: 0
 Integration completed through 2000 Jan  9   0: 0: 0
 Integration completed through 2000 Jan 10   0: 0: 0
 Integration completed through 2000 Jan 11   0: 0: 0
 Integration completed through 2000 Jan 12   0: 0: 0
 Integration completed through 2000 Jan 13   0: 0: 0
 Integration completed through 2000 Jan 14   0: 0: 0
 Integration completed through 2000 Jan 15   0: 0: 0
 Integration completed through 2000 Jan 16   0: 0: 0
 Integration completed through 2000 Jan 17   0: 0: 0
 Integration completed through 2000 Jan 18   0: 0: 0
 Integration completed through 2000 Jan 19   0: 0: 0
 Integration completed through 2000 Jan 20   0: 0: 0
 Integration completed through 2000 Jan 21   0: 0: 0
 Integration completed through 2000 Jan 22   0: 0: 0
 Integration completed through 2000 Jan 23   0: 0: 0
 Integration completed through 2000 Jan 24   0: 0: 0
 Integration completed through 2000 Jan 25   0: 0: 0
 Integration completed through 2000 Jan 26   0: 0: 0
 Integration completed through 2000 Jan 27   0: 0: 0
 Integration completed through 2000 Jan 28   0: 0: 0
 Integration completed through 2000 Jan 29   0: 0: 0
 Integration completed through 2000 Jan 30   0: 0: 0
 Integration completed through 2000 Feb  1   0: 0: 0
 Integration completed through 2000 Feb  2   0: 0: 0
 Integration completed through 2000 Feb  3   0: 0: 0
 Integration completed through 2000 Feb  4   0: 0: 0
 Integration completed through 2000 Feb  5   0: 0: 0
 Integration completed through 2000 Feb  6   0: 0: 0
 Integration completed through 2000 Feb  7   0: 0: 0
 Integration completed through 2000 Feb  8   0: 0: 0
 Integration completed through 2000 Feb  9   0: 0: 0
 Integration completed through 2000 Feb 10   0: 0: 0
 Integration completed through 2000 Feb 11   0: 0: 0
 Integration completed through 2000 Feb 12   0: 0: 0
 Integration completed through 2000 Feb 13   0: 0: 0
 Integration completed through 2000 Feb 14   0: 0: 0
 Integration completed through 2000 Feb 15   0: 0: 0
 Integration completed through 2000 Feb 16   0: 0: 0
 Integration completed through 2000 Feb 17   0: 0: 0
 Integration completed through 2000 Feb 18   0: 0: 0
 Integration completed through 2000 Feb 19   0: 0: 0
 Integration completed through 2000 Feb 20   0: 0: 0
 Integration completed through 2000 Feb 21   0: 0: 0
 Integration completed through 2000 Feb 22   0: 0: 0
 Integration completed through 2000 Feb 23   0: 0: 0
 Integration completed through 2000 Feb 24   0: 0: 0
 Integration completed through 2000 Feb 25   0: 0: 0
 Integration completed through 2000 Feb 26   0: 0: 0
 Integration completed through 2000 Feb 27   0: 0: 0
 Integration completed through 2000 Feb 28   0: 0: 0
 Integration completed through 2000 Feb 29   0: 0: 0
 Integration completed through 2000 Feb 30   0: 0: 0
 Integration completed through 2000 Mar  1   0: 0: 0
NOTE from PE    0: MPP_IO_SET_STACK_SIZE: stack size set to     204800.
 MPP_DOMAINS_STACK high water mark=       25600

Tabulating mpp_clock statistics across     16 PEs...

                                          tmin          tmax          tavg          tstd  tfrac grain pemin pemax
Total runtime                       167.116114    167.116474    167.116265      0.000107  1.000     0     0    15
 MPP_STACK high water mark=           0
PROFILE_FV_ADVECTION_KERNEL backend=cuda_resident rank=unknown name=resident_advection_begin calls=8640 time=4.746007503 avg=5.493064240e-04
PROFILE_FV_ADVECTION_KERNEL backend=cuda_resident rank=unknown name=resident_advection_finish calls=8640 time=3.302876340 avg=3.822773542e-04
PROFILE_FV_ADVECTION_CUDA backend=cuda_resident rank=unknown calls=17280 allocation=0.000134977 h2d=0.960466680 kernel=6.188995234 sync=6.040104500 d2h=0.174918966 free=0.000000000 total=8.037390755
PROFILE_FV_ADVECTION_KERNEL backend=cuda_resident rank=unknown name=resident_advection_begin calls=8640 time=2.741728819 avg=3.173297244e-04
PROFILE_FV_ADVECTION_KERNEL backend=cuda_resident rank=unknown name=resident_advection_finish calls=8640 time=3.162209731 avg=3.659964966e-04
PROFILE_FV_ADVECTION_CUDA backend=cuda_resident rank=unknown calls=17280 allocation=0.000448257 h2d=0.892646741 kernel=4.111697377 sync=3.982559406 d2h=0.173720648 free=0.000000000 total=5.893083554
PROFILE_FV_ADVECTION_KERNEL backend=cuda_resident rank=unknown name=resident_advection_begin calls=8640 time=3.398561270 avg=3.933519988e-04
PROFILE_FV_ADVECTION_KERNEL backend=cuda_resident rank=unknown name=resident_advection_finish calls=8640 time=3.335697298 avg=3.860760762e-04
PROFILE_FV_ADVECTION_CUDA backend=cuda_resident rank=unknown calls=17280 allocation=0.000131489 h2d=0.912117322 kernel=4.919003810 sync=4.777277799 d2h=0.175434925 free=0.000000000 total=6.722686568
PROFILE_FV_ADVECTION_KERNEL backend=cuda_resident rank=unknown name=resident_advection_begin calls=8640 time=4.112026858 avg=4.759290345e-04
PROFILE_FV_ADVECTION_KERNEL backend=cuda_resident rank=unknown name=resident_advection_finish calls=8640 time=2.874145299 avg=3.326557059e-04
PROFILE_FV_ADVECTION_CUDA backend=cuda_resident rank=unknown calls=17280 allocation=0.000118976 h2d=0.910672402 kernel=5.158596063 sync=5.021135910 d2h=0.178672119 free=0.000000000 total=6.974434107
PROFILE_FV_ADVECTION_KERNEL backend=cuda_resident rank=unknown name=resident_advection_begin calls=8640 time=4.531457160 avg=5.244742083e-04
PROFILE_FV_ADVECTION_KERNEL backend=cuda_resident rank=unknown name=resident_advection_finish calls=8640 time=3.110590168 avg=3.600220102e-04
PROFILE_FV_ADVECTION_CUDA backend=cuda_resident rank=unknown calls=17280 allocation=0.000446657 h2d=1.008089712 kernel=5.723650624 sync=5.574447787 d2h=0.173867201 free=0.000000000 total=7.630442816
PROFILE_FV_ADVECTION_KERNEL backend=cuda_resident rank=unknown name=resident_advection_begin calls=8640 time=4.029859958 avg=4.664189766e-04
PROFILE_FV_ADVECTION_KERNEL backend=cuda_resident rank=unknown name=resident_advection_finish calls=8640 time=3.739194813 avg=4.327771774e-04
PROFILE_FV_ADVECTION_CUDA backend=cuda_resident rank=unknown calls=17280 allocation=0.000125249 h2d=0.967486653 kernel=5.828019488 sync=5.754800137 d2h=0.184631436 free=0.000000000 total=7.757703599
PROFILE_FV_ADVECTION_KERNEL backend=cuda_resident rank=unknown name=resident_advection_begin calls=8640 time=3.601887075 avg=4.168850781e-04
PROFILE_FV_ADVECTION_KERNEL backend=cuda_resident rank=unknown name=resident_advection_finish calls=8640 time=2.673008026 avg=3.093759289e-04
PROFILE_FV_ADVECTION_CUDA backend=cuda_resident rank=unknown calls=17280 allocation=0.000130880 h2d=0.990281464 kernel=4.372428416 sync=4.232582967 d2h=0.176388943 free=0.000000000 total=6.263951364
PROFILE_FV_ADVECTION_KERNEL backend=cuda_resident rank=unknown name=resident_advection_begin calls=8640 time=2.636814137 avg=3.051868214e-04
PROFILE_FV_ADVECTION_KERNEL backend=cuda_resident rank=unknown name=resident_advection_finish calls=8640 time=2.922067989 avg=3.382023135e-04
PROFILE_FV_ADVECTION_CUDA backend=cuda_resident rank=unknown calls=17280 allocation=0.000649762 h2d=0.932481919 kernel=3.716120769 sync=3.591749022 d2h=0.179484717 free=0.000000000 total=5.547415634
PROFILE_FV_ADVECTION_KERNEL backend=cuda_resident rank=unknown name=resident_advection_begin calls=8640 time=4.102290694 avg=4.748021637e-04
PROFILE_FV_ADVECTION_KERNEL backend=cuda_resident rank=unknown name=resident_advection_finish calls=8640 time=2.609395429 avg=3.020133598e-04
PROFILE_FV_ADVECTION_CUDA backend=cuda_resident rank=unknown calls=17280 allocation=0.000120288 h2d=0.939617157 kernel=4.840745536 sync=4.713138970 d2h=0.175539677 free=0.000000000 total=6.699541516
PROFILE_FV_ADVECTION_KERNEL backend=cuda_resident rank=unknown name=resident_advection_begin calls=8640 time=2.840987353 avg=3.288179807e-04
PROFILE_FV_ADVECTION_KERNEL backend=cuda_resident rank=unknown name=resident_advection_finish calls=8640 time=2.316540667 avg=2.681181328e-04
PROFILE_FV_ADVECTION_CUDA backend=cuda_resident rank=unknown calls=17280 allocation=0.000676480 h2d=0.904600644 kernel=3.340923650 sync=3.211667049 d2h=0.179525755 free=0.000000000 total=5.146382516
PROFILE_FV_ADVECTION_KERNEL backend=cuda_resident rank=unknown name=resident_advection_begin calls=8640 time=4.924864976 avg=5.700075204e-04
PROFILE_FV_ADVECTION_KERNEL backend=cuda_resident rank=unknown name=resident_advection_finish calls=8640 time=3.384687683 avg=3.917462596e-04
PROFILE_FV_ADVECTION_CUDA backend=cuda_resident rank=unknown calls=17280 allocation=0.000124928 h2d=0.961501224 kernel=6.437022209 sync=6.294507424 d2h=0.176658328 free=0.000000000 total=8.297833267
PROFILE_FV_ADVECTION_KERNEL backend=cuda_resident rank=unknown name=resident_advection_begin calls=8640 time=3.666123540 avg=4.243198542e-04
PROFILE_FV_ADVECTION_KERNEL backend=cuda_resident rank=unknown name=resident_advection_finish calls=8640 time=2.986454859 avg=3.456544976e-04
PROFILE_FV_ADVECTION_CUDA backend=cuda_resident rank=unknown calls=17280 allocation=0.000131104 h2d=0.976439650 kernel=4.767668512 sync=4.620963568 d2h=0.177544954 free=0.000000000 total=6.640033631
PROFILE_FV_ADVECTION_KERNEL backend=cuda_resident rank=unknown name=resident_advection_begin calls=8640 time=3.927092264 avg=4.545245676e-04
PROFILE_FV_ADVECTION_KERNEL backend=cuda_resident rank=unknown name=resident_advection_finish calls=8640 time=3.607314638 avg=4.175132683e-04
PROFILE_FV_ADVECTION_CUDA backend=cuda_resident rank=unknown calls=17280 allocation=0.000221760 h2d=0.920527393 kernel=5.711695297 sync=5.583701326 d2h=0.175302728 free=0.000000000 total=7.522718113
PROFILE_FV_ADVECTION_KERNEL backend=cuda_resident rank=unknown name=resident_advection_begin calls=8640 time=3.221469793 avg=3.728553001e-04
PROFILE_FV_ADVECTION_KERNEL backend=cuda_resident rank=unknown name=resident_advection_finish calls=8640 time=2.608732761 avg=3.019366622e-04
PROFILE_FV_ADVECTION_CUDA backend=cuda_resident rank=unknown calls=17280 allocation=0.001436130 h2d=0.926351569 kernel=3.956029376 sync=3.871392792 d2h=0.175471695 free=0.000000000 total=5.818833857
PROFILE_FV_ADVECTION_KERNEL backend=cuda_resident rank=unknown name=resident_advection_begin calls=8640 time=4.332794917 avg=5.014808932e-04
PROFILE_FV_ADVECTION_KERNEL backend=cuda_resident rank=unknown name=resident_advection_finish calls=8640 time=2.838094330 avg=3.284831400e-04
PROFILE_FV_ADVECTION_CUDA backend=cuda_resident rank=unknown calls=17280 allocation=0.000246593 h2d=0.934631838 kernel=5.336589503 sync=5.199814239 d2h=0.175360283 free=0.000000000 total=7.159990124
PROFILE_FV_ADVECTION_KERNEL backend=cuda_resident rank=unknown name=resident_advection_begin calls=8640 time=3.825348298 avg=4.427486456e-04
PROFILE_FV_ADVECTION_KERNEL backend=cuda_resident rank=unknown name=resident_advection_finish calls=8640 time=2.863432025 avg=3.314157436e-04
PROFILE_FV_ADVECTION_CUDA backend=cuda_resident rank=unknown calls=17280 allocation=0.000244737 h2d=0.883584203 kernel=4.902344191 sync=4.785274616 d2h=0.171928320 free=0.000000000 total=6.677696558
end_timestamp=2026-07-24T16:55:09-04:00
output=/explore/nobackup/people/jli30/SystemTesting/Isca/isca_data/held_suarez_fv_cuda_a_grid_4gpu_T42L25_60day/run0001/atmos_monthly.nc
log=/explore/nobackup/people/jli30/workspace/GFDL_atmos_cubed_sphere/logs/matrix_T42L25_fv_cuda_a_grid_4gpu_60day.log
