=== Prepare Held-Suarez matrix case ===
config=fv_cuda_a_grid_4gpu
resolution=T170
levels=25
days=60
dt_atmos=150
num_cores=16
container=/lscratch/jli30/isca-sandbox
GFDL_BASE=/explore/nobackup/people/jli30/workspace/GFDL_atmos_cubed_sphere
GFDL_WORK=/explore/nobackup/people/jli30/SystemTesting/Isca/isca_work
GFDL_DATA=/explore/nobackup/people/jli30/SystemTesting/Isca/isca_data
experiment=held_suarez_fv_cuda_a_grid_4gpu_T170L25_60day
executable=held_suarez_fv_kernels_cuda.x
INFO:    Environment variable SINGULARITY_TMPDIR is set, but APPTAINER_TMPDIR is preferred
2026-07-25 17:38:15,071 - isca - WARNING - Environment variable GFDL_SOC not set, but this is only required if using SocratesCodebase. Setting to None
2026-07-25 17:38:15,198 - isca - INFO - RRTM compilation disabled.
2026-07-25 17:38:15,198 - isca - INFO - SOCRATES compilation disabled.
2026-07-25 17:38:15,202 - isca - INFO - RRTM compilation disabled.
2026-07-25 17:38:15,202 - isca - INFO - SOCRATES compilation disabled.
2026-07-25 17:38:15,213 - isca - DEBUG - Making directory '/explore/nobackup/people/jli30/SystemTesting/Isca/isca_work/experiment/held_suarez_fv_cuda_a_grid_4gpu_T170L25_60day'
2026-07-25 17:38:15,241 - isca - WARNING - Tried to remove run directory but it doesnt exist
2026-07-25 17:38:15,245 - isca - INFO - Emptied run directory '/explore/nobackup/people/jli30/SystemTesting/Isca/isca_work/experiment/held_suarez_fv_cuda_a_grid_4gpu_T170L25_60day/run'
2026-07-25 17:38:15,980 - isca - INFO - Writing namelist to '/explore/nobackup/people/jli30/SystemTesting/Isca/isca_work/experiment/held_suarez_fv_cuda_a_grid_4gpu_T170L25_60day/run/input.nml'
2026-07-25 17:38:15,984 - isca - INFO - Writing field_table to '/explore/nobackup/people/jli30/SystemTesting/Isca/isca_work/experiment/held_suarez_fv_cuda_a_grid_4gpu_T170L25_60day/run/field_table'
2026-07-25 17:38:15,991 - isca - INFO - Writing diag_table to '/explore/nobackup/people/jli30/SystemTesting/Isca/isca_work/experiment/held_suarez_fv_cuda_a_grid_4gpu_T170L25_60day/run/diag_table'
Experiment = held_suarez_fv_cuda_a_grid_4gpu_T170L25_60day
Backend = fv_cuda_a_grid_4gpu
Executable = /explore/nobackup/people/jli30/SystemTesting/Isca/isca_work/codebase/_explore_nobackup_people_jli30_workspace_GFDL_atmos_cubed_sphere/build/held_suarez_fv_kernels_cuda/held_suarez_fv_kernels_cuda.x
Resolution = T170
Levels = 25
Days = 60
dt_atmos = 150
num_cores = 16
production_diag = True
overwrite = True
GFDL_BASE = /explore/nobackup/people/jli30/workspace/GFDL_atmos_cubed_sphere
Codebase dir = /explore/nobackup/people/jli30/workspace/GFDL_atmos_cubed_sphere
GFDL_WORK = /explore/nobackup/people/jli30/SystemTesting/Isca/isca_work
GFDL_DATA = /explore/nobackup/people/jli30/SystemTesting/Isca/isca_data
GFDL_ENV = hybrid
HS_FORCE_BACKEND = 
HS_PROFILE = 
Data dir = /explore/nobackup/people/jli30/SystemTesting/Isca/isca_data/held_suarez_fv_cuda_a_grid_4gpu_T170L25_60day
Run dir = /explore/nobackup/people/jli30/SystemTesting/Isca/isca_work/experiment/held_suarez_fv_cuda_a_grid_4gpu_T170L25_60day/run
Prepared run directory = /explore/nobackup/people/jli30/SystemTesting/Isca/isca_work/experiment/held_suarez_fv_cuda_a_grid_4gpu_T170L25_60day/run
prepared_run_dir=/explore/nobackup/people/jli30/SystemTesting/Isca/isca_work/experiment/held_suarez_fv_cuda_a_grid_4gpu_T170L25_60day/run
log=/explore/nobackup/people/jli30/workspace/GFDL_atmos_cubed_sphere/logs/prepare_matrix_T170L25_fv_cuda_a_grid_4gpu_60day.log
