=== Prepare Held-Suarez matrix case ===
config=fortran_16cpu
resolution=T42
levels=25
days=120
dt_atmos=600
num_cores=16
container=/lscratch/jli30/isca-sandbox
GFDL_BASE=/explore/nobackup/people/jli30/workspace/GFDL_atmos_cubed_sphere
GFDL_WORK=/explore/nobackup/people/jli30/SystemTesting/Isca/isca_work
GFDL_DATA=/explore/nobackup/people/jli30/SystemTesting/Isca/isca_data
experiment=held_suarez_fortran_16cpu_T42L25_120day
executable=held_suarez.x
INFO:    Environment variable SINGULARITY_TMPDIR is set, but APPTAINER_TMPDIR is preferred
2026-07-24 10:51:37,994 - isca - WARNING - Environment variable GFDL_SOC not set, but this is only required if using SocratesCodebase. Setting to None
2026-07-24 10:51:38,042 - isca - INFO - RRTM compilation disabled.
2026-07-24 10:51:38,042 - isca - INFO - SOCRATES compilation disabled.
2026-07-24 10:51:38,046 - isca - INFO - RRTM compilation disabled.
2026-07-24 10:51:38,046 - isca - INFO - SOCRATES compilation disabled.
2026-07-24 10:51:38,046 - isca - DEBUG - Making directory '/explore/nobackup/people/jli30/SystemTesting/Isca/isca_work/experiment/held_suarez_fortran_16cpu_T42L25_120day'
2026-07-24 10:51:38,055 - isca - WARNING - Tried to remove run directory but it doesnt exist
2026-07-24 10:51:38,072 - isca - INFO - Emptied run directory '/explore/nobackup/people/jli30/SystemTesting/Isca/isca_work/experiment/held_suarez_fortran_16cpu_T42L25_120day/run'
2026-07-24 10:51:38,267 - isca - INFO - Writing namelist to '/explore/nobackup/people/jli30/SystemTesting/Isca/isca_work/experiment/held_suarez_fortran_16cpu_T42L25_120day/run/input.nml'
2026-07-24 10:51:38,272 - isca - INFO - Writing field_table to '/explore/nobackup/people/jli30/SystemTesting/Isca/isca_work/experiment/held_suarez_fortran_16cpu_T42L25_120day/run/field_table'
2026-07-24 10:51:38,278 - isca - INFO - Writing diag_table to '/explore/nobackup/people/jli30/SystemTesting/Isca/isca_work/experiment/held_suarez_fortran_16cpu_T42L25_120day/run/diag_table'
Experiment = held_suarez_fortran_16cpu_T42L25_120day
Backend = fortran_16cpu
Executable = /explore/nobackup/people/jli30/SystemTesting/Isca/isca_work/codebase/_isca/build/held_suarez/held_suarez.x
Resolution = T42
Levels = 25
Days = 120
dt_atmos = 600
num_cores = 16
production_diag = True
overwrite = True
GFDL_BASE = /explore/nobackup/people/jli30/workspace/GFDL_atmos_cubed_sphere
Codebase dir = /isca
GFDL_WORK = /explore/nobackup/people/jli30/SystemTesting/Isca/isca_work
GFDL_DATA = /explore/nobackup/people/jli30/SystemTesting/Isca/isca_data
GFDL_ENV = ubuntu_conda
HS_FORCE_BACKEND = 
HS_PROFILE = 
Data dir = /explore/nobackup/people/jli30/SystemTesting/Isca/isca_data/held_suarez_fortran_16cpu_T42L25_120day
Run dir = /explore/nobackup/people/jli30/SystemTesting/Isca/isca_work/experiment/held_suarez_fortran_16cpu_T42L25_120day/run
Prepared run directory = /explore/nobackup/people/jli30/SystemTesting/Isca/isca_work/experiment/held_suarez_fortran_16cpu_T42L25_120day/run
prepared_run_dir=/explore/nobackup/people/jli30/SystemTesting/Isca/isca_work/experiment/held_suarez_fortran_16cpu_T42L25_120day/run
log=/explore/nobackup/people/jli30/workspace/GFDL_atmos_cubed_sphere/logs/prepare_matrix_T42L25_fortran_16cpu_120day.log
