=== T85L25 CUDA hybrid forcing 30-day run ===
start_timestamp=2026-06-17T21:39:41-04:00
CONTAINER=/lscratch/jli30/isca-sandbox
GFDL_BASE=/explore/nobackup/people/jli30/workspace/GFDL_atmos_cubed_sphere
GFDL_WORK=/explore/nobackup/people/jli30/SystemTesting/Isca/isca_work
GFDL_DATA=/explore/nobackup/people/jli30/SystemTesting/Isca/isca_data
T85_OVERWRITE=0
INFO:    Environment variable SINGULARITY_TMPDIR is set, but APPTAINER_TMPDIR is preferred
nvidia-smi -L output:
GPU 0: NVIDIA GH200 480GB (UUID: GPU-4a9e6333-85bd-3a4f-c581-78da482fb16c)
2026-06-17 21:39:42,104 - isca - WARNING - Environment variable GFDL_SOC not set, but this is only required if using SocratesCodebase. Setting to None
2026-06-17 21:39:42,152 - isca - INFO - RRTM compilation disabled.
2026-06-17 21:39:42,152 - isca - INFO - SOCRATES compilation disabled.
2026-06-17 21:39:42,155 - isca - INFO - RRTM compilation disabled.
2026-06-17 21:39:42,155 - isca - INFO - SOCRATES compilation disabled.
2026-06-17 21:39:42,156 - isca - DEBUG - Making directory '/explore/nobackup/people/jli30/SystemTesting/Isca/isca_work/experiment/held_suarez_hybrid_cuda_T85L25'
2026-06-17 21:39:42,164 - isca - WARNING - Tried to remove run directory but it doesnt exist
2026-06-17 21:39:42,179 - isca - INFO - Emptied run directory '/explore/nobackup/people/jli30/SystemTesting/Isca/isca_work/experiment/held_suarez_hybrid_cuda_T85L25/run'
2026-06-17 21:39:42,225 - isca - INFO - Writing namelist to '/explore/nobackup/people/jli30/SystemTesting/Isca/isca_work/experiment/held_suarez_hybrid_cuda_T85L25/run/input.nml'
2026-06-17 21:39:42,243 - isca - INFO - Writing field_table to '/explore/nobackup/people/jli30/SystemTesting/Isca/isca_work/experiment/held_suarez_hybrid_cuda_T85L25/run/field_table'
2026-06-17 21:39:42,249 - isca - INFO - Writing diag_table to '/explore/nobackup/people/jli30/SystemTesting/Isca/isca_work/experiment/held_suarez_hybrid_cuda_T85L25/run/diag_table'
2026-06-17 21:39:42,253 - isca - INFO - Running without restart file
2026-06-17 21:39:42,257 - isca - INFO - Beginning run 1
2026-06-17 21:39:42,259 - isca - INFO - process running as 287670
2026-06-17 21:39:42,260 - isca - DEBUG - Loading hybrid ubuntu-conda environment
2026-06-17 21:39:42,260 - isca - DEBUG - Loading basic ubuntu-conda environment
2026-06-17 21:39:42,983 - isca - DEBUG - NOTE from PE    0: MPP_DOMAINS_SET_STACK_SIZE: stack size set to    32768.
2026-06-17 21:39:42,983 - isca - DEBUG - &MPP_IO_NML
2026-06-17 21:39:42,983 - isca - DEBUG - HEADER_BUFFER_VAL=16384      ,
2026-06-17 21:39:42,983 - isca - DEBUG - GLOBAL_FIELD_ON_ROOT_PE=T,
2026-06-17 21:39:42,983 - isca - DEBUG - IO_CLOCKS_ON=F,
2026-06-17 21:39:42,983 - isca - DEBUG - SHUFFLE=0          ,
2026-06-17 21:39:42,983 - isca - DEBUG - DEFLATE_LEVEL=-1         ,
2026-06-17 21:39:42,983 - isca - DEBUG - /
2026-06-17 21:39:42,983 - isca - DEBUG - NOTE from PE    0: MPP_IO_SET_STACK_SIZE: stack size set to     131072.
2026-06-17 21:39:42,993 - isca - DEBUG - NOTE from PE    0: MPP_DOMAINS_SET_STACK_SIZE: stack size set to   600000.
2026-06-17 21:39:43,000 - isca - DEBUG - starting            1  OpenMP threads per MPI-task
2026-06-17 21:39:43,000 - isca - DEBUG - ATMOS MODEL DOMAIN DECOMPOSITION
2026-06-17 21:39:43,001 - isca - DEBUG - X-AXIS =  256
2026-06-17 21:39:43,001 - isca - DEBUG - Y-AXIS =    8   8   8   8   8   8   8   8   8   8   8   8   8   8   8   8
2026-06-17 21:39:43,014 - isca - DEBUG - mean surface pressure=1000.0000 mb
2026-06-17 21:39:55,359 - isca - DEBUG - Integration completed through 2000 Jan  2   0: 0: 0
2026-06-17 21:40:05,850 - isca - DEBUG - Integration completed through 2000 Jan  3   0: 0: 0
2026-06-17 21:40:16,425 - isca - DEBUG - Integration completed through 2000 Jan  4   0: 0: 0
2026-06-17 21:40:27,047 - isca - DEBUG - Integration completed through 2000 Jan  5   0: 0: 0
2026-06-17 21:40:37,613 - isca - DEBUG - Integration completed through 2000 Jan  6   0: 0: 0
2026-06-17 21:40:48,063 - isca - DEBUG - Integration completed through 2000 Jan  7   0: 0: 0
2026-06-17 21:40:58,662 - isca - DEBUG - Integration completed through 2000 Jan  8   0: 0: 0
2026-06-17 21:41:09,215 - isca - DEBUG - Integration completed through 2000 Jan  9   0: 0: 0
2026-06-17 21:41:19,929 - isca - DEBUG - Integration completed through 2000 Jan 10   0: 0: 0
2026-06-17 21:41:30,453 - isca - DEBUG - Integration completed through 2000 Jan 11   0: 0: 0
2026-06-17 21:41:41,019 - isca - DEBUG - Integration completed through 2000 Jan 12   0: 0: 0
2026-06-17 21:41:51,690 - isca - DEBUG - Integration completed through 2000 Jan 13   0: 0: 0
2026-06-17 21:42:02,450 - isca - DEBUG - Integration completed through 2000 Jan 14   0: 0: 0
2026-06-17 21:42:13,250 - isca - DEBUG - Integration completed through 2000 Jan 15   0: 0: 0
2026-06-17 21:42:23,967 - isca - DEBUG - Integration completed through 2000 Jan 16   0: 0: 0
2026-06-17 21:42:34,569 - isca - DEBUG - Integration completed through 2000 Jan 17   0: 0: 0
2026-06-17 21:42:45,173 - isca - DEBUG - Integration completed through 2000 Jan 18   0: 0: 0
2026-06-17 21:42:55,809 - isca - DEBUG - Integration completed through 2000 Jan 19   0: 0: 0
2026-06-17 21:43:06,488 - isca - DEBUG - Integration completed through 2000 Jan 20   0: 0: 0
2026-06-17 21:43:17,034 - isca - DEBUG - Integration completed through 2000 Jan 21   0: 0: 0
2026-06-17 21:43:27,677 - isca - DEBUG - Integration completed through 2000 Jan 22   0: 0: 0
2026-06-17 21:43:38,476 - isca - DEBUG - Integration completed through 2000 Jan 23   0: 0: 0
2026-06-17 21:43:49,250 - isca - DEBUG - Integration completed through 2000 Jan 24   0: 0: 0
2026-06-17 21:43:59,878 - isca - DEBUG - Integration completed through 2000 Jan 25   0: 0: 0
2026-06-17 21:44:10,485 - isca - DEBUG - Integration completed through 2000 Jan 26   0: 0: 0
2026-06-17 21:44:21,055 - isca - DEBUG - Integration completed through 2000 Jan 27   0: 0: 0
2026-06-17 21:44:31,675 - isca - DEBUG - Integration completed through 2000 Jan 28   0: 0: 0
2026-06-17 21:44:42,326 - isca - DEBUG - Integration completed through 2000 Jan 29   0: 0: 0
2026-06-17 21:44:52,925 - isca - DEBUG - Integration completed through 2000 Jan 30   0: 0: 0
2026-06-17 21:45:03,614 - isca - DEBUG - Integration completed through 2000 Feb  1   0: 0: 0
2026-06-17 21:45:03,614 - isca - DEBUG - HS_PROFILE Fortran wrapper profile summary
2026-06-17 21:45:03,614 - isca - DEBUG - region,calls,total_seconds,avg_seconds
2026-06-17 21:45:03,614 - isca - DEBUG - fortran_iso_c_wrapper,8640,  8.36900000E+01,  9.68634259E-03
2026-06-17 21:45:03,614 - isca - DEBUG - HS_PROFILE end Fortran wrapper profile summary
2026-06-17 21:45:03,614 - isca - DEBUG - HS_PROFILE Fortran wrapper profile summary
2026-06-17 21:45:03,614 - isca - DEBUG - region,calls,total_seconds,avg_seconds
2026-06-17 21:45:03,614 - isca - DEBUG - fortran_iso_c_wrapper,8640,  8.10590000E+01,  9.38182870E-03
2026-06-17 21:45:03,614 - isca - DEBUG - HS_PROFILE end Fortran wrapper profile summary
2026-06-17 21:45:03,614 - isca - DEBUG - HS_PROFILE Fortran wrapper profile summary
2026-06-17 21:45:03,614 - isca - DEBUG - region,calls,total_seconds,avg_seconds
2026-06-17 21:45:03,614 - isca - DEBUG - fortran_iso_c_wrapper,8640,  8.32490000E+01,  9.63530093E-03
2026-06-17 21:45:03,614 - isca - DEBUG - HS_PROFILE end Fortran wrapper profile summary
2026-06-17 21:45:03,614 - isca - DEBUG - HS_PROFILE Fortran wrapper profile summary
2026-06-17 21:45:03,614 - isca - DEBUG - region,calls,total_seconds,avg_seconds
2026-06-17 21:45:03,614 - isca - DEBUG - fortran_iso_c_wrapper,8640,  8.07250000E+01,  9.34317130E-03
2026-06-17 21:45:03,614 - isca - DEBUG - HS_PROFILE end Fortran wrapper profile summary
2026-06-17 21:45:03,614 - isca - DEBUG - HS_PROFILE Fortran wrapper profile summary
2026-06-17 21:45:03,614 - isca - DEBUG - region,calls,total_seconds,avg_seconds
2026-06-17 21:45:03,614 - isca - DEBUG - fortran_iso_c_wrapper,8640,  8.04980000E+01,  9.31689815E-03
2026-06-17 21:45:03,614 - isca - DEBUG - HS_PROFILE end Fortran wrapper profile summary
2026-06-17 21:45:03,614 - isca - DEBUG - HS_PROFILE Fortran wrapper profile summary
2026-06-17 21:45:03,614 - isca - DEBUG - region,calls,total_seconds,avg_seconds
2026-06-17 21:45:03,614 - isca - DEBUG - fortran_iso_c_wrapper,8640,  8.12390000E+01,  9.40266204E-03
2026-06-17 21:45:03,614 - isca - DEBUG - HS_PROFILE end Fortran wrapper profile summary
2026-06-17 21:45:03,614 - isca - DEBUG - HS_PROFILE Fortran wrapper profile summary
2026-06-17 21:45:03,614 - isca - DEBUG - region,calls,total_seconds,avg_seconds
2026-06-17 21:45:03,615 - isca - DEBUG - fortran_iso_c_wrapper,8640,  8.17400000E+01,  9.46064815E-03
2026-06-17 21:45:03,615 - isca - DEBUG - HS_PROFILE end Fortran wrapper profile summary
2026-06-17 21:45:03,615 - isca - DEBUG - HS_PROFILE Fortran wrapper profile summary
2026-06-17 21:45:03,615 - isca - DEBUG - region,calls,total_seconds,avg_seconds
2026-06-17 21:45:03,615 - isca - DEBUG - fortran_iso_c_wrapper,8640,  8.09270000E+01,  9.36655093E-03
2026-06-17 21:45:03,615 - isca - DEBUG - HS_PROFILE end Fortran wrapper profile summary
2026-06-17 21:45:03,615 - isca - DEBUG - HS_PROFILE Fortran wrapper profile summary
2026-06-17 21:45:03,615 - isca - DEBUG - region,calls,total_seconds,avg_seconds
2026-06-17 21:45:03,615 - isca - DEBUG - fortran_iso_c_wrapper,8640,  8.17030000E+01,  9.45636574E-03
2026-06-17 21:45:03,615 - isca - DEBUG - HS_PROFILE end Fortran wrapper profile summary
2026-06-17 21:45:03,615 - isca - DEBUG - HS_PROFILE Fortran wrapper profile summary
2026-06-17 21:45:03,615 - isca - DEBUG - region,calls,total_seconds,avg_seconds
2026-06-17 21:45:03,615 - isca - DEBUG - fortran_iso_c_wrapper,8640,  8.17610000E+01,  9.46307870E-03
2026-06-17 21:45:03,615 - isca - DEBUG - HS_PROFILE end Fortran wrapper profile summary
2026-06-17 21:45:03,615 - isca - DEBUG - HS_PROFILE Fortran wrapper profile summary
2026-06-17 21:45:03,615 - isca - DEBUG - region,calls,total_seconds,avg_seconds
2026-06-17 21:45:03,615 - isca - DEBUG - fortran_iso_c_wrapper,8640,  8.20530000E+01,  9.49687500E-03
2026-06-17 21:45:03,615 - isca - DEBUG - HS_PROFILE end Fortran wrapper profile summary
2026-06-17 21:45:03,615 - isca - DEBUG - HS_PROFILE Fortran wrapper profile summary
2026-06-17 21:45:03,615 - isca - DEBUG - region,calls,total_seconds,avg_seconds
2026-06-17 21:45:03,615 - isca - DEBUG - fortran_iso_c_wrapper,8640,  8.11380000E+01,  9.39097222E-03
2026-06-17 21:45:03,615 - isca - DEBUG - HS_PROFILE end Fortran wrapper profile summary
2026-06-17 21:45:03,615 - isca - DEBUG - HS_PROFILE Fortran wrapper profile summary
2026-06-17 21:45:03,615 - isca - DEBUG - region,calls,total_seconds,avg_seconds
2026-06-17 21:45:03,615 - isca - DEBUG - fortran_iso_c_wrapper,8640,  8.19880000E+01,  9.48935185E-03
2026-06-17 21:45:03,615 - isca - DEBUG - HS_PROFILE end Fortran wrapper profile summary
2026-06-17 21:45:03,615 - isca - DEBUG - HS_PROFILE Fortran wrapper profile summary
2026-06-17 21:45:03,615 - isca - DEBUG - region,calls,total_seconds,avg_seconds
2026-06-17 21:45:03,615 - isca - DEBUG - fortran_iso_c_wrapper,8640,  8.24920000E+01,  9.54768519E-03
2026-06-17 21:45:03,615 - isca - DEBUG - HS_PROFILE end Fortran wrapper profile summary
2026-06-17 21:45:03,615 - isca - DEBUG - HS_PROFILE Fortran wrapper profile summary
2026-06-17 21:45:03,615 - isca - DEBUG - region,calls,total_seconds,avg_seconds
2026-06-17 21:45:03,615 - isca - DEBUG - fortran_iso_c_wrapper,8640,  8.19570000E+01,  9.48576389E-03
2026-06-17 21:45:03,615 - isca - DEBUG - HS_PROFILE end Fortran wrapper profile summary
2026-06-17 21:45:03,616 - isca - DEBUG - HS_PROFILE Fortran wrapper profile summary
2026-06-17 21:45:03,616 - isca - DEBUG - region,calls,total_seconds,avg_seconds
2026-06-17 21:45:03,616 - isca - DEBUG - fortran_iso_c_wrapper,8640,  8.14830000E+01,  9.43090278E-03
2026-06-17 21:45:03,616 - isca - DEBUG - HS_PROFILE end Fortran wrapper profile summary
2026-06-17 21:45:03,692 - isca - DEBUG - NOTE from PE    0: MPP_IO_SET_STACK_SIZE: stack size set to     819200.
2026-06-17 21:45:03,939 - isca - DEBUG - MPP_DOMAINS_STACK high water mark=      102400
2026-06-17 21:45:03,939 - isca - DEBUG - 
2026-06-17 21:45:03,939 - isca - DEBUG - Tabulating mpp_clock statistics across     16 PEs...
2026-06-17 21:45:03,939 - isca - DEBUG - 
2026-06-17 21:45:03,939 - isca - DEBUG - tmin          tmax          tavg          tstd  tfrac grain pemin pemax
2026-06-17 21:45:03,939 - isca - DEBUG - Total runtime                       320.956388    320.956389    320.956389      0.000000  1.000     0     0    15
2026-06-17 21:45:03,939 - isca - DEBUG - MPP_STACK high water mark=           0
2026-06-17 21:45:04,006 - isca - DEBUG - 
2026-06-17 21:45:04,006 - isca - DEBUG - HS_PROFILE C++ forcing profile summary
2026-06-17 21:45:04,006 - isca - DEBUG - 
2026-06-17 21:45:04,006 - isca - DEBUG - HS_PROFILE C++ forcing profile summary
2026-06-17 21:45:04,006 - isca - DEBUG - region,calls,total_seconds,avg_seconds,cells,seconds_per_cell,fraction_of_cpp_driver
2026-06-17 21:45:04,006 - isca - DEBUG - c_interface_entry,8640,8.112392925e+01,9.389343663e-03,442368000,1.833856184e-07,0.000000
2026-06-17 21:45:04,006 - isca - DEBUG - HS_PROFILE end C++ forcing profile summary
2026-06-17 21:45:04,006 - isca - DEBUG - 
2026-06-17 21:45:04,006 - isca - DEBUG - 
2026-06-17 21:45:04,006 - isca - DEBUG - HS_PROFILE C++ forcing profile summary
2026-06-17 21:45:04,006 - isca - DEBUG - region,calls,total_seconds,avg_seconds,cells,seconds_per_cell,fraction_of_cpp_driver
2026-06-17 21:45:04,006 - isca - DEBUG - c_interface_entry,8640,8.201475308e+01,9.492448273e-03,442368000,1.853993803e-07,0.000000
2026-06-17 21:45:04,006 - isca - DEBUG - HS_PROFILE end C++ forcing profile summary
2026-06-17 21:45:04,006 - isca - DEBUG - 
2026-06-17 21:45:04,006 - isca - DEBUG - 
2026-06-17 21:45:04,006 - isca - DEBUG - HS_PROFILE C++ forcing profile summary
2026-06-17 21:45:04,006 - isca - DEBUG - region,calls,total_seconds,avg_seconds,cells,seconds_per_cell,fraction_of_cpp_driver
2026-06-17 21:45:04,006 - isca - DEBUG - c_interface_entry,8640,8.375001798e+01,9.693289118e-03,442368000,1.893220531e-07,0.000000
2026-06-17 21:45:04,006 - isca - DEBUG - HS_PROFILE end C++ forcing profile summary
2026-06-17 21:45:04,006 - isca - DEBUG - 
2026-06-17 21:45:04,006 - isca - DEBUG - 
2026-06-17 21:45:04,006 - isca - DEBUG - HS_PROFILE C++ forcing profile summary
2026-06-17 21:45:04,006 - isca - DEBUG - region,calls,total_seconds,avg_seconds,cells,seconds_per_cell,fraction_of_cpp_driver
2026-06-17 21:45:04,006 - isca - DEBUG - c_interface_entry,8640,8.166935067e+01,9.452471142e-03,442368000,1.846185770e-07,0.000000
2026-06-17 21:45:04,006 - isca - DEBUG - HS_PROFILE end C++ forcing profile summary
2026-06-17 21:45:04,006 - isca - DEBUG - 
2026-06-17 21:45:04,006 - isca - DEBUG - 
2026-06-17 21:45:04,006 - isca - DEBUG - HS_PROFILE C++ forcing profile summary
2026-06-17 21:45:04,006 - isca - DEBUG - region,calls,total_seconds,avg_seconds,cells,seconds_per_cell,fraction_of_cpp_driver
2026-06-17 21:45:04,006 - isca - DEBUG - c_interface_entry,8640,8.193005598e+01,9.482645368e-03,442368000,1.852079173e-07,0.000000
2026-06-17 21:45:04,006 - isca - DEBUG - HS_PROFILE end C++ forcing profile summary
2026-06-17 21:45:04,006 - isca - DEBUG - 
2026-06-17 21:45:04,006 - isca - DEBUG - region,calls,total_seconds,avg_seconds,cells,seconds_per_cell,fraction_of_cpp_driver
2026-06-17 21:45:04,006 - isca - DEBUG - c_interface_entry,8640,8.151604044e+01,9.434726902e-03,442368000,1.842720098e-07,0.000000
2026-06-17 21:45:04,006 - isca - DEBUG - HS_PROFILE end C++ forcing profile summary
2026-06-17 21:45:04,006 - isca - DEBUG - 
2026-06-17 21:45:04,006 - isca - DEBUG - 
2026-06-17 21:45:04,006 - isca - DEBUG - HS_PROFILE C++ forcing profile summary
2026-06-17 21:45:04,006 - isca - DEBUG - region,calls,total_seconds,avg_seconds,cells,seconds_per_cell,fraction_of_cpp_driver
2026-06-17 21:45:04,006 - isca - DEBUG - c_interface_entry,8640,8.331725670e+01,9.643201007e-03,442368000,1.883437697e-07,0.000000
2026-06-17 21:45:04,006 - isca - DEBUG - 
2026-06-17 21:45:04,006 - isca - DEBUG - HS_PROFILE C++ forcing profile summary
2026-06-17 21:45:04,006 - isca - DEBUG - region,calls,total_seconds,avg_seconds,cells,seconds_per_cell,fraction_of_cpp_driver
2026-06-17 21:45:04,006 - isca - DEBUG - c_interface_entry,8640,8.094860655e+01,9.369051684e-03,442368000,1.829892907e-07,0.000000
2026-06-17 21:45:04,006 - isca - DEBUG - HS_PROFILE end C++ forcing profile summary
2026-06-17 21:45:04,006 - isca - DEBUG - 
2026-06-17 21:45:04,006 - isca - DEBUG - HS_PROFILE end C++ forcing profile summary
2026-06-17 21:45:04,006 - isca - DEBUG - 
2026-06-17 21:45:04,006 - isca - DEBUG - 
2026-06-17 21:45:04,006 - isca - DEBUG - HS_PROFILE C++ forcing profile summary
2026-06-17 21:45:04,006 - isca - DEBUG - 
2026-06-17 21:45:04,006 - isca - DEBUG - HS_PROFILE C++ forcing profile summary
2026-06-17 21:45:04,006 - isca - DEBUG - region,calls,total_seconds,avg_seconds,cells,seconds_per_cell,fraction_of_cpp_driver
2026-06-17 21:45:04,006 - isca - DEBUG - c_interface_entry,8640,8.077346397e+01,9.348780552e-03,442368000,1.825933701e-07,0.000000
2026-06-17 21:45:04,006 - isca - DEBUG - HS_PROFILE end C++ forcing profile summary
2026-06-17 21:45:04,006 - isca - DEBUG - 
2026-06-17 21:45:04,006 - isca - DEBUG - 
2026-06-17 21:45:04,006 - isca - DEBUG - HS_PROFILE C++ forcing profile summary
2026-06-17 21:45:04,006 - isca - DEBUG - region,calls,total_seconds,avg_seconds,cells,seconds_per_cell,fraction_of_cpp_driver
2026-06-17 21:45:04,007 - isca - DEBUG - c_interface_entry,8640,8.167434929e+01,9.453049686e-03,442368000,1.846298767e-07,0.000000
2026-06-17 21:45:04,007 - isca - DEBUG - HS_PROFILE end C++ forcing profile summary
2026-06-17 21:45:04,007 - isca - DEBUG - 
2026-06-17 21:45:04,007 - isca - DEBUG - 
2026-06-17 21:45:04,007 - isca - DEBUG - HS_PROFILE C++ forcing profile summary
2026-06-17 21:45:04,007 - isca - DEBUG - region,calls,total_seconds,avg_seconds,cells,seconds_per_cell,fraction_of_cpp_driver
2026-06-17 21:45:04,007 - isca - DEBUG - c_interface_entry,8640,8.175527146e+01,9.462415678e-03,442368000,1.848128062e-07,0.000000
2026-06-17 21:45:04,007 - isca - DEBUG - HS_PROFILE end C++ forcing profile summary
2026-06-17 21:45:04,007 - isca - DEBUG - 
2026-06-17 21:45:04,007 - isca - DEBUG - region,calls,total_seconds,avg_seconds,cells,seconds_per_cell,fraction_of_cpp_driver
2026-06-17 21:45:04,007 - isca - DEBUG - c_interface_entry,8640,8.201297167e+01,9.492242091e-03,442368000,1.853953533e-07,0.000000
2026-06-17 21:45:04,007 - isca - DEBUG - HS_PROFILE end C++ forcing profile summary
2026-06-17 21:45:04,007 - isca - DEBUG - 
2026-06-17 21:45:04,007 - isca - DEBUG - 
2026-06-17 21:45:04,007 - isca - DEBUG - HS_PROFILE C++ forcing profile summary
2026-06-17 21:45:04,007 - isca - DEBUG - region,calls,total_seconds,avg_seconds,cells,seconds_per_cell,fraction_of_cpp_driver
2026-06-17 21:45:04,007 - isca - DEBUG - c_interface_entry,8640,8.058419247e+01,9.326874128e-03,442368000,1.821655103e-07,0.000000
2026-06-17 21:45:04,007 - isca - DEBUG - HS_PROFILE end C++ forcing profile summary
2026-06-17 21:45:04,007 - isca - DEBUG - 
2026-06-17 21:45:04,007 - isca - DEBUG - 
2026-06-17 21:45:04,007 - isca - DEBUG - HS_PROFILE C++ forcing profile summary
2026-06-17 21:45:04,007 - isca - DEBUG - region,calls,total_seconds,avg_seconds,cells,seconds_per_cell,fraction_of_cpp_driver
2026-06-17 21:45:04,007 - isca - DEBUG - c_interface_entry,8640,8.131690152e+01,9.411678417e-03,442368000,1.838218441e-07,0.000000
2026-06-17 21:45:04,007 - isca - DEBUG - HS_PROFILE end C++ forcing profile summary
2026-06-17 21:45:04,007 - isca - DEBUG - 
2026-06-17 21:45:04,007 - isca - DEBUG - 
2026-06-17 21:45:04,007 - isca - DEBUG - HS_PROFILE C++ forcing profile summary
2026-06-17 21:45:04,007 - isca - DEBUG - region,calls,total_seconds,avg_seconds,cells,seconds_per_cell,fraction_of_cpp_driver
2026-06-17 21:45:04,007 - isca - DEBUG - c_interface_entry,8640,8.106510638e+01,9.382535461e-03,442368000,1.832526457e-07,0.000000
2026-06-17 21:45:04,007 - isca - DEBUG - HS_PROFILE end C++ forcing profile summary
2026-06-17 21:45:04,007 - isca - DEBUG - 
2026-06-17 21:45:04,013 - isca - DEBUG - 
2026-06-17 21:45:04,013 - isca - DEBUG - HS_PROFILE C++ forcing profile summary
2026-06-17 21:45:04,013 - isca - DEBUG - region,calls,total_seconds,avg_seconds,cells,seconds_per_cell,fraction_of_cpp_driver
2026-06-17 21:45:04,013 - isca - DEBUG - c_interface_entry,8640,8.245830336e+01,9.543785111e-03,442368000,1.864020530e-07,0.000000
2026-06-17 21:45:04,013 - isca - DEBUG - HS_PROFILE end C++ forcing profile summary
2026-06-17 21:45:04,013 - isca - DEBUG - 
2026-06-17 21:45:04,906 - isca - INFO - Run 1 complete
2026-06-17 21:45:04,995 - isca - DEBUG - atmos_monthly.nc combined and copied to data directory
2026-06-17 21:45:09,992 - isca - INFO - Restart archive created at /explore/nobackup/people/jli30/SystemTesting/Isca/isca_data/held_suarez_hybrid_cuda_T85L25/restarts/res0001.tar.gz
2026-06-17 21:45:09,997 - isca - INFO - Writing namelist to '/explore/nobackup/people/jli30/SystemTesting/Isca/isca_data/held_suarez_hybrid_cuda_T85L25/run0001/input.nml'
2026-06-17 21:45:10,001 - isca - INFO - Writing field_table to '/explore/nobackup/people/jli30/SystemTesting/Isca/isca_data/held_suarez_hybrid_cuda_T85L25/run0001/field_table'
2026-06-17 21:45:10,007 - isca - INFO - Writing diag_table to '/explore/nobackup/people/jli30/SystemTesting/Isca/isca_data/held_suarez_hybrid_cuda_T85L25/run0001/diag_table'
2026-06-17 21:45:10,050 - isca - INFO - Emptied run directory '/explore/nobackup/people/jli30/SystemTesting/Isca/isca_work/experiment/held_suarez_hybrid_cuda_T85L25/run'
Experiment = held_suarez_hybrid_cuda_T85L25
Backend = cuda_hybrid
Executable = /explore/nobackup/people/jli30/SystemTesting/Isca/isca_work/codebase/_explore_nobackup_people_jli30_workspace_GFDL_atmos_cubed_sphere/build/held_suarez_hybrid/held_suarez_hybrid.x
Resolution = T85
Levels = 25
Days = 30
dt_atmos = 300
num_cores = 16
production_diag = True
overwrite = False
GFDL_BASE = /explore/nobackup/people/jli30/workspace/GFDL_atmos_cubed_sphere
Codebase dir = /explore/nobackup/people/jli30/workspace/GFDL_atmos_cubed_sphere
GFDL_WORK = /explore/nobackup/people/jli30/SystemTesting/Isca/isca_work
GFDL_DATA = /explore/nobackup/people/jli30/SystemTesting/Isca/isca_data
GFDL_ENV = hybrid
HS_FORCE_BACKEND = cuda
HS_PROFILE = 1
Data dir = /explore/nobackup/people/jli30/SystemTesting/Isca/isca_data/held_suarez_hybrid_cuda_T85L25
Run dir = /explore/nobackup/people/jli30/SystemTesting/Isca/isca_work/experiment/held_suarez_hybrid_cuda_T85L25/run

real	5m28.019s
user	75m38.236s
sys	8m52.620s
end_timestamp=2026-06-17T21:45:10-04:00
Log written to /explore/nobackup/people/jli30/workspace/GFDL_atmos_cubed_sphere/logs/T85L25_hybrid_cuda_30day.log
